Log-file of program ./dymosim
(generated: Tue May  5 00:51:59 2020)

dymosim started
... "dsin.txt" loading (dymosim input file)
... "CCCVcharging.mat" creating (simulation result file)

Integration started at T = 0 using integration method DASSL
(DAE multi-step solver (dassl/dasslrt of Petzold modified by Dassault Systemes))
Integration terminated successfully at T = 1200
   CPU-time for integration                : 0.333 seconds
   CPU-time for one grid interval          : 0.0139 milliseconds
   CPU-time for initialization             : 0 seconds
   Number of result points                 : 24004
   Number of grid points                   : 24001
   Number of accepted steps                : 355
   Number of f-evaluations (dynamics)      : 740
   Number of crossing function evaluations : 24365
   Number of Jacobian-evaluations          : 71
   Number of model time events             : 0
   Number of input time events             : 0
   Number of state events                  : 1
   Number of step events                   : 0
   Minimum integration stepsize            : 3.02e-06
   Maximum integration stepsize            : 15.6
   Maximum integration order               : 5
Calling terminal section
... "dsfinal.txt" creating (final states)
