 = true
Translation of Modelica.Electrical.Batteries.Examples.CCCVcharging:
The DAE has 123 scalar unknowns and 123 scalar equations.
 
Statistics
 
Original Model
  Number of components: 28
  Variables: 235
  Constants: 6 (6 scalars)
  Parameters: 106 (391 scalars)
  Unknowns: 123 (123 scalars)
  Differentiated variables: 4 scalars
  Equations: 121
  Nontrivial: 98
Translated Model
  Constants: 48 scalars
  Free parameters: 84 scalars
  Parameter depending: 285 scalars
  Continuous time states: 4 scalars
  Time-varying variables: 30 scalars
  Alias variables: 73 scalars
  Number of mixed real/discrete systems of equations: 1
  Sizes of linear systems of equations: {5}
  Sizes after manipulation of the linear systems: {0}
  Sizes of nonlinear systems of equations: { }
  Sizes after manipulation of the nonlinear systems: { }
  Number of numerical Jacobians: 0
 
Settings
Advanced.StoreProtectedVariables = true
Selected continuous time states
Statically selected continuous time states
  battery.capacitor[1].v
  battery.capacitor[2].v
  battery.limIntegrator.y
  energy.y
 