Log-file of program ./dymosim
(generated: Mon Oct 28 23:52:49 2024)

dymosim started
... "Modelica.Blocks.Examples.DemonstrateContinuousSignalExtrema" simulating
... "dsin.txt" loading (dymosim input file)
... "result.mat" creating (simulation result file)

Integration started at T = 0 using integration method DASSL
(DAE multi-step solver (dassl/dasslrt of Petzold modified by Dassault Systemes))

Integration terminated successfully at T = 1
   CPU-time for integration                : 0.026 seconds
   CPU-time for one grid interval          : 0.0026 milliseconds
   CPU-time for initialization             : 0 seconds
   Number of result points                 : 10141
   Number of grid points                   : 10001
   Number of accepted steps                : 3978
   Number of f-evaluations (dynamics)      : 7557
   Number of crossing function evaluations : 14571
   Number of Jacobian-evaluations          : 1055
   Number of model time events             : 30
   Number of input time events             : 0
   Number of state events                  : 71
   Number of step events                   : 0
   Minimum integration stepsize            : 4.94e-13
   Maximum integration stepsize            : 0.00261
   Maximum integration order               : 5
Calling terminal section
... "dsfinal.txt" creating (final states)

SUCCESSFUL simulation of Modelica.Blocks.Examples.DemonstrateContinuousSignalExtrema
