Log-file of program ./dymosim
(generated: Tue May  5 00:48:40 2020)

dymosim started
... "dsin.txt" loading (dymosim input file)
... "LCOscillator.mat" creating (simulation result file)

Integration started at T = 0 using integration method DASSL
(DAE multi-step solver (dassl/dasslrt of Petzold modified by Dassault Systemes))
Integration terminated successfully at T = 0.01
   CPU-time for integration                : 0.045 seconds
   CPU-time for one grid interval          : 0.0225 milliseconds
   CPU-time for initialization             : 0.001 seconds
   Number of result points                 : 2002
   Number of grid points                   : 2001
   Number of accepted steps                : 438
   Number of f-evaluations (dynamics)      : 866
   Number of Jacobian-evaluations          : 14
   Number of model time events             : 0
   Number of input time events             : 0
   Number of state events                  : 0
   Number of step events                   : 0
   Minimum integration stepsize            : 7.07e-10
   Maximum integration stepsize            : 2.45e-05
   Maximum integration order               : 5
Calling terminal section
... "dsfinal.txt" creating (final states)
