 = true
Translation of Modelica.Electrical.Analog.Examples.OpAmps.LCOscillator:
The DAE has 61 scalar unknowns and 61 scalar equations.
 
Statistics
 
Original Model
  Number of components: 9
  Variables: 93
  Parameters: 32 (32 scalars)
  Unknowns: 61 (61 scalars)
  Differentiated variables: 2 scalars
  Equations: 59
  Nontrivial: 48
Translated Model
  Constants: 17 scalars
  Free parameters: 15 scalars
  Parameter depending: 14 scalars
  Continuous time states: 2 scalars
  Time-varying variables: 17 scalars
  Alias variables: 30 scalars
  Number of mixed real/discrete systems of equations: 0
  Sizes of linear systems of equations: { }
  Sizes after manipulation of the linear systems: { }
  Sizes of nonlinear systems of equations: {5}
  Sizes after manipulation of the nonlinear systems: {1}
  Number of numerical Jacobians: 0
 
Settings
Advanced.StoreProtectedVariables = true
Selected continuous time states
Statically selected continuous time states
  c.v
  l.i
 