Log-file of program ./dymosim
(generated: Tue May  5 02:08:46 2020)

dymosim started
... "dsin.txt" loading (dymosim input file)
... "GenerationOfFMUs.mat" creating (simulation result file)

Integration started at T = 0 using integration method DASSL
(DAE multi-step solver (dassl/dasslrt of Petzold modified by Dassault Systemes))
Integration terminated successfully at T = 1
   CPU-time for integration                : 0.028 seconds
   CPU-time for one grid interval          : 0.014 milliseconds
   CPU-time for initialization             : 0.001 seconds
   Number of result points                 : 2002
   Number of grid points                   : 2001
   Number of accepted steps                : 366
   Number of f-evaluations (dynamics)      : 748
   Number of Jacobian-evaluations          : 32
   Number of model time events             : 0
   Number of input time events             : 0
   Number of state events                  : 0
   Number of step events                   : 0
   Minimum integration stepsize            : 5e-07
   Maximum integration stepsize            : 0.0032
   Maximum integration order               : 5
Calling terminal section
... "dsfinal.txt" creating (final states)
