Log-file of program ./dymosim
(generated: Tue Sep 17 23:23:00 2024)

dymosim started
... "Modelica.Blocks.Examples.Noise.DrydenContinuousTurbulence" simulating
... "dsin.txt" loading (dymosim input file)
... "result.mat" creating (simulation result file)

Integration started at T = 0 using integration method DASSL
(DAE multi-step solver (dassl/dasslrt of Petzold modified by Dassault Systemes))

Integration terminated successfully at T = 100
   CPU-time for integration                : 0.287 seconds
   CPU-time for one grid interval          : 0.0574 milliseconds
   CPU-time for initialization             : 0 seconds
   Number of result points                 : 40001
   Number of grid points                   : 5001
   Number of accepted steps                : 269382
   Number of f-evaluations (dynamics)      : 282076
   Number of Jacobian-evaluations          : 239937
   Number of model time events             : 20000
   Number of input time events             : 0
   Number of state events                  : 0
   Number of step events                   : 0
   Minimum integration stepsize            : 7.77e-08
   Maximum integration stepsize            : 0.0025
   Maximum integration order               : 2
Calling terminal section
... "dsfinal.txt" creating (final states)

SUCCESSFUL simulation of Modelica.Blocks.Examples.Noise.DrydenContinuousTurbulence
