Log-file of program ./dymosim
(generated: Tue Jun  2 12:07:48 2026)

dymosim started
... "Modelica.Magnetic.FundamentalWave.Examples.BasicMachines.SynchronousMachines.SMEE_DOL" simulating
... "dsin.txt" loading (dymosim input file)
... "result.mat" creating (simulation result file)

Integration started at T = 0 using integration method DASSL
(DAE multi-step solver (dassl/dasslrt of Petzold modified by Dassault Systemes))

Integration terminated successfully at T = 3
   CPU-time for integration                : 0.165 seconds
   CPU-time for one grid interval          : 0.0055 milliseconds
   CPU-time for initialization             : 0.001 seconds
   Number of result points                 : 30004
   Number of grid points                   : 30001
   Number of accepted steps                : 9707
   Number of f-evaluations (dynamics)      : 19372
   Number of Jacobian-evaluations          : 58
   Number of model time events             : 3
   Number of input time events             : 0
   Number of state events                  : 0
   Number of step events                   : 0
   Minimum integration stepsize            : 9.35e-09
   Maximum integration stepsize            : 0.000459
   Maximum integration order               : 5
Calling terminal section
... "dsfinal.txt" creating (final states)

SUCCESSFUL simulation of Modelica.Magnetic.FundamentalWave.Examples.BasicMachines.SynchronousMachines.SMEE_DOL
