 = true
Translation of Modelica.Electrical.Analog.Examples.Resistor:
The DAE has 28 scalar unknowns and 28 scalar equations.
 
Statistics
 
Original Model
  Number of components: 7
  Variables: 45
  Parameters: 17 (17 scalars)
  Unknowns: 28 (28 scalars)
  Equations: 26
  Nontrivial: 20
Translated Model
  Constants: 5 scalars
  Free parameters: 10 scalars
  Parameter depending: 7 scalars
  Time-varying variables: 6 scalars
  Alias variables: 17 scalars
  Number of mixed real/discrete systems of equations: 0
  Sizes of linear systems of equations: { }
  Sizes after manipulation of the linear systems: { }
  Sizes of nonlinear systems of equations: {5}
  Sizes after manipulation of the nonlinear systems: {2}
  Number of numerical Jacobians: 0
 
Settings
Advanced.StoreProtectedVariables = true
Selected continuous time states