 = true
Translation of Modelica.Blocks.Examples.InverseModel:
The DAE has 15 scalar unknowns and 15 scalar equations.
 
Statistics
 
Original Model
  Number of components: 7
  Variables: 36
  Parameters: 21 (21 scalars)
  Unknowns: 15 (15 scalars)
  Differentiated variables: 3 scalars
  Equations: 16
  Nontrivial: 14
Translated Model
  Constants: 5 scalars
  Free parameters: 14 scalars
  Parameter depending: 2 scalars
  Continuous time states: 2 scalars
  Time-varying variables: 5 scalars
  Alias variables: 10 scalars
  Number of mixed real/discrete systems of equations: 0
  Sizes of linear systems of equations: { }
  Sizes after manipulation of the linear systems: { }
  Sizes of nonlinear systems of equations: { }
  Sizes after manipulation of the nonlinear systems: { }
  Number of numerical Jacobians: 0
 
Settings
Advanced.StoreProtectedVariables = true
Selected continuous time states
Statically selected continuous time states
  firstOrder1.y
  firstOrder2.y
 