 = true
Translation of Modelica.Electrical.Analog.Examples.OpAmps.NonInvertingAmplifier:
The DAE has 61 scalar unknowns and 61 scalar equations.
 
Statistics
 
Original Model
  Number of components: 9
  Variables: 104
  Parameters: 43 (43 scalars)
  Unknowns: 61 (61 scalars)
  Equations: 53
  Nontrivial: 41
Translated Model
  Constants: 25 scalars
  Free parameters: 12 scalars
  Parameter depending: 28 scalars
  Time-varying variables: 12 scalars
  Alias variables: 27 scalars
  Number of mixed real/discrete systems of equations: 0
  Sizes of linear systems of equations: { }
  Sizes after manipulation of the linear systems: { }
  Sizes of nonlinear systems of equations: {5}
  Sizes after manipulation of the nonlinear systems: {1}
  Number of numerical Jacobians: 0
 
Settings
Advanced.StoreProtectedVariables = true
Selected continuous time states