Log-file of program ./dymosim
(generated: Tue May  5 00:47:11 2020)

dymosim started
... "dsin.txt" loading (dymosim input file)
... "Integrator.mat" creating (simulation result file)

Integration started at T = 0 using integration method DASSL
(DAE multi-step solver (dassl/dasslrt of Petzold modified by Dassault Systemes))
Integration terminated successfully at T = 1
   CPU-time for integration                : 0.05 seconds
   CPU-time for one grid interval          : 0.025 milliseconds
   CPU-time for initialization             : 0 seconds
   Number of result points                 : 2067
   Number of grid points                   : 2001
   Number of accepted steps                : 1147
   Number of f-evaluations (dynamics)      : 1448
   Number of crossing function evaluations : 3214
   Number of Jacobian-evaluations          : 955
   Number of model time events             : 30
   Number of input time events             : 0
   Number of state events                  : 10
   Number of step events                   : 0
   Minimum integration stepsize            : 7.96e-11
   Maximum integration stepsize            : 0.0139
   Maximum integration order               : 3
Calling terminal section
... "dsfinal.txt" creating (final states)
