 = true
Translation of Modelica.Electrical.Spice3.Examples.Nor:
The DAE has 149 scalar unknowns and 149 scalar equations.
 
Statistics
 
Original Model
  Number of components: 41
  Variables: 1219
  Constants: 92 (92 scalars)
  Parameters: 978 (978 scalars)
  Unknowns: 149 (149 scalars)
  Differentiated variables: 16 scalars
  Equations: 113
  Nontrivial: 101
Translated Model
  Constants: 1044 scalars
  Free parameters: 24 scalars
  Parameter depending: 10 scalars
  Continuous time states: 8 scalars
  Time-varying variables: 109 scalars
  Alias variables: 32 scalars
  Number of mixed real/discrete systems of equations: 0
  Sizes of linear systems of equations: {3, 2, 3, 3, 4, 3, 3, 3, 3, 3}
  Sizes after manipulation of the linear systems: {0, 0, 0, 0, 0, 0, 0, 0, 0, 0}
  Sizes of nonlinear systems of equations: { }
  Sizes after manipulation of the nonlinear systems: { }
  Number of numerical Jacobians: 0
 
Settings
Advanced.StoreProtectedVariables = true
Selected continuous time states
Statically selected continuous time states
  mn1.Dinternal
  mn1.Sinternal
  mn2.Dinternal
  mn2.Sinternal
  mp1.Dinternal
  mp1.Sinternal
  mp2.Dinternal
  mp2.Sinternal
 