Log-file of program ./dymosim
(generated: Mon Oct 28 23:53:54 2024)

dymosim started
... "Modelica.Electrical.Analog.Examples.Lines.CompareLineTrunks" simulating
... "dsin.txt" loading (dymosim input file)
... "result.mat" creating (simulation result file)

Integration started at T = 0 using integration method DASSL
(DAE multi-step solver (dassl/dasslrt of Petzold modified by Dassault Systemes))

Integration terminated successfully at T = 0.004
   CPU-time for integration                : 0.036 seconds
   CPU-time for one grid interval          : 0.036 milliseconds
   CPU-time for initialization             : 0.003 seconds
   Number of result points                 : 1004
   Number of grid points                   : 1001
   Number of accepted steps                : 3404
   Number of f-evaluations (dynamics)      : 6783
   Number of Jacobian-evaluations          : 37
   Number of model time events             : 2
   Number of input time events             : 0
   Number of state events                  : 0
   Number of step events                   : 0
   Minimum integration stepsize            : 1.31e-10
   Maximum integration stepsize            : 0.000138
   Maximum integration order               : 5
Calling terminal section
... "dsfinal.txt" creating (final states)

SUCCESSFUL simulation of Modelica.Electrical.Analog.Examples.Lines.CompareLineTrunks
