Log-file of program ./dymosim
(generated: Tue May  5 01:05:21 2020)

dymosim started
... "dsin.txt" loading (dymosim input file)
... "DCSE_Start.mat" creating (simulation result file)

Integration started at T = 0 using integration method DASSL
(DAE multi-step solver (dassl/dasslrt of Petzold modified by Dassault Systemes))
Integration terminated successfully at T = 2
   CPU-time for integration                : 0.534 seconds
   CPU-time for one grid interval          : 0.0134 milliseconds
   CPU-time for initialization             : 0 seconds
   Number of result points                 : 40002
   Number of grid points                   : 40001
   Number of accepted steps                : 378
   Number of f-evaluations (dynamics)      : 722
   Number of crossing function evaluations : 40378
   Number of Jacobian-evaluations          : 76
   Number of model time events             : 2
   Number of input time events             : 0
   Number of state events                  : 0
   Number of step events                   : 0
   Minimum integration stepsize            : 1.73e-12
   Maximum integration stepsize            : 0.0418
   Maximum integration order               : 5
Calling terminal section
... "dsfinal.txt" creating (final states)
