 = true
Translation of Modelica.Electrical.Spice3.Examples.Graetz:
The DAE has 63 scalar unknowns and 63 scalar equations.
 
Statistics
 
Original Model
  Number of components: 45
  Variables: 419
  Constants: 109 (109 scalars)
  Parameters: 247 (247 scalars)
  Unknowns: 63 (63 scalars)
  Differentiated variables: 8 scalars
  Equations: 51
  Nontrivial: 44
Translated Model
  Constants: 330 scalars
  Free parameters: 16 scalars
  Parameter depending: 15 scalars
  Continuous time states: 2 scalars
  Time-varying variables: 38 scalars
  Alias variables: 20 scalars
  Number of mixed real/discrete systems of equations: 0
  Sizes of linear systems of equations: {3, 3}
  Sizes after manipulation of the linear systems: {0, 0}
  Sizes of nonlinear systems of equations: { }
  Sizes after manipulation of the nonlinear systems: { }
  Number of numerical Jacobians: 0
 
Settings
Advanced.StoreProtectedVariables = true
Selected continuous time states
Statically selected continuous time states
  D1.pin
  D3.n.v
 