 = true
Translation of Modelica.Electrical.PowerConverters.Examples.ACDC.RectifierCenterTap2Pulse.ThyristorCenterTap2Pulse_RLV:
The DAE has 158 scalar unknowns and 158 scalar equations.
 
Statistics
 
Original Model
  Number of components: 41
  Variables: 262
  Constants: 4 (4 scalars)
  Parameters: 101 (101 scalars)
  Unknowns: 157 (158 scalars)
  Differentiated variables: 4 scalars
  Equations: 159
  Nontrivial: 133
Translated Model
  Constants: 43 scalars
  Free parameters: 30 scalars
  Parameter depending: 49 scalars
  Continuous time states: 4 scalars
  Time-varying variables: 41 scalars
  Alias variables: 100 scalars
  Number of mixed real/discrete systems of equations: 1
  Sizes of linear systems of equations: {6}
  Sizes after manipulation of the linear systems: {2}
  Sizes of nonlinear systems of equations: { }
  Sizes after manipulation of the nonlinear systems: { }
  Number of numerical Jacobians: 0
 
Settings
Advanced.StoreProtectedVariables = true
Selected continuous time states
Statically selected continuous time states
  inductor.i
  meanCurrent.x
  meanVoltage.x
  rootMeanSquareVoltage.mean.x
 