Log-file of program ./dymosim
(generated: Thu May 28 11:08:32 2026)

dymosim started
... "Modelica.Electrical.Machines.Examples.SynchronousMachines.SMEE_DOL" simulating
... "dsin.txt" loading (dymosim input file)
... "result.mat" creating (simulation result file)

Integration started at T = 0 using integration method DASSL
(DAE multi-step solver (dassl/dasslrt of Petzold modified by Dassault Systemes))

Integration terminated successfully at T = 3
   CPU-time for integration                : 0.237 seconds
   CPU-time for one grid interval          : 0.0079 milliseconds
   CPU-time for initialization             : 0.001 seconds
   Number of result points                 : 30004
   Number of grid points                   : 30001
   Number of accepted steps                : 1769
   Number of f-evaluations (dynamics)      : 3604
   Number of Jacobian-evaluations          : 130
   Number of model time events             : 3
   Number of input time events             : 0
   Number of state events                  : 0
   Number of step events                   : 0
   Minimum integration stepsize            : 3.17e-12
   Maximum integration stepsize            : 0.018
   Maximum integration order               : 5
Calling terminal section
... "dsfinal.txt" creating (final states)

SUCCESSFUL simulation of Modelica.Electrical.Machines.Examples.SynchronousMachines.SMEE_DOL
