Log-file of program ./dymosim
(generated: Tue May  5 01:24:44 2020)

dymosim started
... "dsin.txt" loading (dymosim input file)
... "BalancingDelta.mat" creating (simulation result file)

Integration started at T = 0 using integration method DASSL
(DAE multi-step solver (dassl/dasslrt of Petzold modified by Dassault Systemes))
Integration terminated successfully at T = 1
   CPU-time for integration                : 0.04 seconds
   CPU-time for one grid interval          : 0.02 milliseconds
   CPU-time for initialization             : 0 seconds
   Number of result points                 : 2002
   Number of grid points                   : 2001
   Number of accepted steps                : 30
   Number of f-evaluations (dynamics)      : 30
   Number of Jacobian-evaluations          : 29
   Number of model time events             : 0
   Number of input time events             : 0
   Number of state events                  : 0
   Number of step events                   : 0
   Minimum integration stepsize            : 1.59e-09
   Maximum integration stepsize            : 0.427
   Maximum integration order               : 1
Calling terminal section
... "dsfinal.txt" creating (final states)
