Log-file of program ./dymosim
(generated: Tue May  5 00:35:49 2020)

dymosim started
... "dsin.txt" loading (dymosim input file)
... "UpSample1.mat" creating (simulation result file)

Integration started at T = 0 using integration method DASSL
(DAE multi-step solver (dassl/dasslrt of Petzold modified by Dassault Systemes))
Integration terminated successfully at T = 0.09
   CPU-time for integration                : 0.065 seconds
   CPU-time for one grid interval          : 0.013 milliseconds
   CPU-time for initialization             : 0.001 seconds
   Number of result points                 : 5028
   Number of grid points                   : 5001
   Number of accepted steps                : 284
   Number of f-evaluations (dynamics)      : 284
   Number of Jacobian-evaluations          : 263
   Number of model time events             : 13
   Number of input time events             : 0
   Number of state events                  : 0
   Number of step events                   : 0
   Minimum integration stepsize            : 6.67e-10
   Maximum integration stepsize            : 0.00315
   Maximum integration order               : 1
Calling terminal section
... "dsfinal.txt" creating (final states)
