Log-file of program ./dymosim
(generated: Fri Sep 27 08:41:12 2024)

dymosim started
... "Modelica.Fluid.Examples.BranchingDynamicPipes" simulating
... "dsin.txt" loading (dymosim input file)
... "result.mat" creating (simulation result file)

Integration started at T = 0 using integration method DASSL
(DAE multi-step solver (dassl/dasslrt of Petzold modified by Dassault Systemes))

Integration terminated successfully at T = 10
   CPU-time for integration                : 4.68 seconds
   CPU-time for one grid interval          : 0.936 milliseconds
   CPU-time for initialization             : 0.013 seconds
   Number of result points                 : 5015
   Number of grid points                   : 5001
   Number of accepted steps                : 1409
   Number of f-evaluations (dynamics)      : 2792
   Number of crossing function evaluations : 6464
   Number of Jacobian-evaluations          : 136
   Number of model time events             : 1
   Number of input time events             : 0
   Number of state events                  : 6
   Number of step events                   : 0
   Minimum integration stepsize            : 1.19e-08
   Maximum integration stepsize            : 0.951
   Maximum integration order               : 5
Calling terminal section
... "dsfinal.txt" creating (final states)

SUCCESSFUL simulation of Modelica.Fluid.Examples.BranchingDynamicPipes
