Log-file of program ./dymosim
(generated: Tue May  5 01:34:07 2020)

dymosim started
... "dsin.txt" loading (dymosim input file)
... "ArmatureStroke.mat" creating (simulation result file)

Integration started at T = 0 using integration method DASSL
(DAE multi-step solver (dassl/dasslrt of Petzold modified by Dassault Systemes))
Integration terminated successfully at T = 0.05
   CPU-time for integration                : 0.147 seconds
   CPU-time for one grid interval          : 0.0294 milliseconds
   CPU-time for initialization             : 0.001 seconds
   Number of result points                 : 5030
   Number of grid points                   : 5001
   Number of accepted steps                : 1709
   Number of f-evaluations (dynamics)      : 3502
   Number of crossing function evaluations : 6798
   Number of Jacobian-evaluations          : 528
   Number of model time events             : 0
   Number of input time events             : 0
   Number of state events                  : 14
   Number of step events                   : 0
   Minimum integration stepsize            : 8.37e-12
   Maximum integration stepsize            : 0.000399
   Maximum integration order               : 5
Calling terminal section
... "dsfinal.txt" creating (final states)
