 = true
Translation of Modelica.Magnetic.FluxTubes.Examples.MovingCoilActuator.ArmatureStroke:
The DAE has 245 scalar unknowns and 245 scalar equations.
 
Statistics
 
Original Model
  Number of components: 37
  Variables: 375
  Parameters: 130 (130 scalars)
  Unknowns: 245 (245 scalars)
  Differentiated variables: 22 scalars
  Equations: 218
  Nontrivial: 179
Translated Model
  Constants: 63 scalars
  Free parameters: 38 scalars
  Parameter depending: 59 scalars
  Continuous time states: 6 scalars
  Time-varying variables: 82 scalars
  Alias variables: 133 scalars
  Number of mixed real/discrete systems of equations: 0
  Sizes of linear systems of equations: {7, 4, 3, 3}
  Sizes after manipulation of the linear systems: {4, 2, 0, 0}
  Sizes of nonlinear systems of equations: { }
  Sizes after manipulation of the nonlinear systems: { }
  Number of numerical Jacobians: 0
 
Settings
Advanced.StoreProtectedVariables = true
Selected continuous time states
Statically selected continuous time states
  cActuator.armature.stopper_xMax.v_rel
  cActuator.l.i
  cActuator.x
  pmActuator.armature.stopper_xMax.v_rel
  pmActuator.x
 
Dynamically selected continuous time states
There is one set of dynamic state selection.
There is one state to be selected from:
  pmActuator.coil.i
  pmActuator.coil.Phi
  pmActuator.g_ma.port_p.Phi
  pmActuator.g_mLeak2.port_p.Phi
 