 = true
Translation of Modelica.Clocked.Examples.Elementary.IntegerSignals.SampleClocked:
The DAE has 6 scalar unknowns and 6 scalar equations.
 
Statistics
 
Original Model
  Number of components: 5
  Variables: 15
  Constants: 1 (8 scalars)
  Parameters: 8 (8 scalars)
  Unknowns: 3 (3 scalars)
  Equations: 6
  Nontrivial: 6
Translated Model
  Constants: 13 scalars
  Free parameters: 3 scalars
  Time-varying variables: 3 scalars
  Number of mixed real/discrete systems of equations: 0
  Sizes of linear systems of equations: { }
  Sizes after manipulation of the linear systems: { }
  Sizes of nonlinear systems of equations: { }
  Sizes after manipulation of the nonlinear systems: { }
  Number of numerical Jacobians: 0
 
Settings
Advanced.StoreProtectedVariables = true
Selected continuous time states