 = true
Translation of Modelica.Electrical.Analog.Examples.OpAmps.DifferentialAmplifier:
The DAE has 137 scalar unknowns and 137 scalar equations.
 
Statistics
 
Original Model
  Number of components: 24
  Variables: 220
  Parameters: 84 (84 scalars)
  Unknowns: 136 (137 scalars)
  Differentiated variables: 1 scalars
  Equations: 134
  Nontrivial: 107
Translated Model
  Constants: 27 scalars
  Free parameters: 31 scalars
  Parameter depending: 48 scalars
  Continuous time states: 1 scalars
  Time-varying variables: 39 scalars
  Alias variables: 76 scalars
  Number of mixed real/discrete systems of equations: 0
  Sizes of linear systems of equations: { }
  Sizes after manipulation of the linear systems: { }
  Sizes of nonlinear systems of equations: {14}
  Sizes after manipulation of the nonlinear systems: {3}
  Number of numerical Jacobians: 0
 
Settings
Advanced.StoreProtectedVariables = true
Selected continuous time states
Statically selected continuous time states
  rootMeanSquare.mean.x
 