Log-file of program ./dymosim
(generated: Tue May  5 02:07:07 2020)

dymosim started
... "dsin.txt" loading (dymosim input file)
... "Friction.mat" creating (simulation result file)

Integration started at T = 0 using integration method DASSL
(DAE multi-step solver (dassl/dasslrt of Petzold modified by Dassault Systemes))
Integration terminated successfully at T = 3
   CPU-time for integration                : 0.116 seconds
   CPU-time for one grid interval          : 0.0193 milliseconds
   CPU-time for initialization             : 0.001 seconds
   Number of result points                 : 6019
   Number of grid points                   : 6001
   Number of accepted steps                : 1172
   Number of f-evaluations (dynamics)      : 2272
   Number of crossing function evaluations : 7236
   Number of Jacobian-evaluations          : 157
   Number of model time events             : 1
   Number of input time events             : 0
   Number of state events                  : 8
   Number of step events                   : 0
   Minimum integration stepsize            : 1.22e-11
   Maximum integration stepsize            : 0.0107
   Maximum integration order               : 5
Calling terminal section
... "dsfinal.txt" creating (final states)
