 = true
Translation of Modelica.Magnetic.QuasiStatic.FluxTubes.Examples.FixedShapes.CylinderSections:
The DAE has 170 scalar unknowns and 170 scalar equations.
 
Statistics
 
Original Model
  Number of components: 72
  Variables: 198
  Parameters: 28 (28 scalars)
  Unknowns: 170 (170 scalars)
  Differentiated variables: 5 scalars
  Equations: 116
  Nontrivial: 96
Translated Model
  Constants: 12 scalars
  Free parameters: 24 scalars
  Parameter depending: 16 scalars
  Continuous time states: 1 scalars
  Time-varying variables: 68 scalars
  Alias variables: 78 scalars
  Number of mixed real/discrete systems of equations: 0
  Sizes of linear systems of equations: { }
  Sizes after manipulation of the linear systems: { }
  Sizes of nonlinear systems of equations: { }
  Sizes after manipulation of the nonlinear systems: { }
  Number of numerical Jacobians: 0
 
Settings
Advanced.StoreProtectedVariables = true
Selected continuous time states
Statically selected continuous time states
  hollowCylinderAxialOuter.port_p.reference.gamma
 