 = true
Translation of Modelica.Media.Examples.ReferenceAir.MoistAir:
The DAE has 40 scalar unknowns and 40 scalar equations.
 
Statistics
 
Original Model
  Number of components: 10
  Variables: 73
  Constants: 33 (33 scalars)
  Parameters: 5 (6 scalars)
  Unknowns: 35 (40 scalars)
  Differentiated variables: 4 scalars
  Equations: 35
  Nontrivial: 32
Translated Model
  Constants: 46 scalars
  Free parameters: 2 scalars
  Continuous time states: 2 scalars
  Time-varying variables: 29 scalars
  Alias variables: 2 scalars
  Number of mixed real/discrete systems of equations: 0
  Sizes of linear systems of equations: { }
  Sizes after manipulation of the linear systems: { }
  Sizes of nonlinear systems of equations: { }
  Sizes after manipulation of the nonlinear systems: { }
  Number of numerical Jacobians: 0
 
Settings
Advanced.StoreProtectedVariables = true
Selected continuous time states
Statically selected continuous time states
  medium.p
  medium.T
 