 = true
Translation of Modelica.Electrical.Machines.Examples.InductionMachines.IMC_YD:
The DAE has 658 scalar unknowns and 658 scalar equations.
 
Statistics
 
Original Model
  Number of components: 81
  Variables: 917
  Constants: 24 (24 scalars)
  Parameters: 314 (376 scalars)
  Unknowns: 579 (658 scalars)
  Differentiated variables: 24 scalars
  Equations: 369
  Nontrivial: 295
Translated Model
  Constants: 268 scalars
  Free parameters: 45 scalars
  Parameter depending: 179 scalars
  Continuous time states: 7 scalars
  Time-varying variables: 147 scalars
  Alias variables: 419 scalars
  Number of mixed real/discrete systems of equations: 0
  Sizes of linear systems of equations: {3, 27, 14, 2, 2}
  Sizes after manipulation of the linear systems: {0, 9, 4, 0, 2}
  Sizes of nonlinear systems of equations: { }
  Sizes after manipulation of the nonlinear systems: { }
  Number of numerical Jacobians: 0
  Initialization problem
    Sizes of linear systems of equations: {2}
    Sizes after manipulation of the linear systems: {2}
 
Settings
Advanced.StoreProtectedVariables = true
Selected continuous time states
Statically selected continuous time states
  aimc.i_0_s
  aimc.idq_rr[]
  aimc.idq_sr[]
  loadInertia.phi
  loadInertia.w
 