 = true
Translation of Modelica.Magnetic.QuasiStatic.FluxTubes.Examples.FixedShapes.CuboidSections:
The DAE has 188 scalar unknowns and 188 scalar equations.
 
Statistics
 
Original Model
  Number of components: 77
  Variables: 212
  Parameters: 24 (24 scalars)
  Unknowns: 188 (188 scalars)
  Differentiated variables: 7 scalars
  Equations: 131
  Nontrivial: 111
Translated Model
  Constants: 20 scalars
  Free parameters: 20 scalars
  Parameter depending: 16 scalars
  Continuous time states: 1 scalars
  Time-varying variables: 75 scalars
  Alias variables: 81 scalars
  Number of mixed real/discrete systems of equations: 0
  Sizes of linear systems of equations: {5, 5}
  Sizes after manipulation of the linear systems: {0, 0}
  Sizes of nonlinear systems of equations: { }
  Sizes after manipulation of the nonlinear systems: { }
  Number of numerical Jacobians: 0
 
Settings
Advanced.StoreProtectedVariables = true
Selected continuous time states
Statically selected continuous time states
  cuboidRight.port_p.reference.gamma
 