 = true
Translation of Modelica.Electrical.PowerConverters.Examples.ACDC.RectifierCenterTap2mPulse.ThyristorCenterTap2mPulse_RLV:
The DAE has 462 scalar unknowns and 462 scalar equations.
 
Statistics
 
Original Model
  Number of components: 89
  Variables: 647
  Constants: 12 (12 scalars)
  Parameters: 226 (270 scalars)
  Unknowns: 409 (462 scalars)
  Differentiated variables: 4 scalars
  Equations: 275
  Nontrivial: 232
Translated Model
  Constants: 143 scalars
  Free parameters: 50 scalars
  Parameter depending: 131 scalars
  Continuous time states: 4 scalars
  Time-varying variables: 105 scalars
  Alias variables: 315 scalars
  Number of mixed real/discrete systems of equations: 1
  Sizes of linear systems of equations: {18}
  Sizes after manipulation of the linear systems: {6}
  Sizes of nonlinear systems of equations: { }
  Sizes after manipulation of the nonlinear systems: { }
  Number of numerical Jacobians: 0
 
Settings
Advanced.StoreProtectedVariables = true
Selected continuous time states
Statically selected continuous time states
  inductor.i
  meanCurrent.x
  meanVoltage.x
  rootMeanSquareVoltage.mean.x
 