Log-file of program ./dymosim
(generated: Tue May  5 01:14:40 2020)

dymosim started
... "dsin.txt" loading (dymosim input file)
... "ThyristorBridge2mPulse_RL.mat" creating (simulation result file)

Integration started at T = 0 using integration method DASSL
(DAE multi-step solver (dassl/dasslrt of Petzold modified by Dassault Systemes))
Integration terminated successfully at T = 0.1
   CPU-time for integration                : 0.047 seconds
   CPU-time for one grid interval          : 0.047 milliseconds
   CPU-time for initialization             : 0 seconds
   Number of result points                 : 1178
   Number of grid points                   : 1001
   Number of accepted steps                : 3030
   Number of f-evaluations (dynamics)      : 4953
   Number of crossing function evaluations : 4538
   Number of Jacobian-evaluations          : 1487
   Number of model time events             : 30
   Number of input time events             : 0
   Number of state events                  : 85
   Number of step events                   : 0
   Minimum integration stepsize            : 8.53e-14
   Maximum integration stepsize            : 0.00164
   Maximum integration order               : 5
Calling terminal section
... "dsfinal.txt" creating (final states)
