Log-file of program ./dymosim
(generated: Tue May  5 00:47:02 2020)

dymosim started
... "dsin.txt" loading (dymosim input file)
... "Differentiator.mat" creating (simulation result file)

Integration started at T = 0 using integration method DASSL
(DAE multi-step solver (dassl/dasslrt of Petzold modified by Dassault Systemes))
Integration terminated successfully at T = 1
   CPU-time for integration                : 0.035 seconds
   CPU-time for one grid interval          : 0.0175 milliseconds
   CPU-time for initialization             : 0 seconds
   Number of result points                 : 2067
   Number of grid points                   : 2001
   Number of accepted steps                : 2811
   Number of f-evaluations (dynamics)      : 5626
   Number of crossing function evaluations : 4878
   Number of Jacobian-evaluations          : 1364
   Number of model time events             : 30
   Number of input time events             : 0
   Number of state events                  : 10
   Number of step events                   : 0
   Minimum integration stepsize            : 7.96e-11
   Maximum integration stepsize            : 0.0178
   Maximum integration order               : 5
Calling terminal section
... "dsfinal.txt" creating (final states)
