 = true
Translation of Modelica.Electrical.Analog.Examples.OpAmps.Differentiator:
The DAE has 59 scalar unknowns and 59 scalar equations.
 
Statistics
 
Original Model
  Number of components: 9
  Variables: 99
  Parameters: 40 (40 scalars)
  Unknowns: 59 (59 scalars)
  Differentiated variables: 1 scalars
  Equations: 50
  Nontrivial: 37
Translated Model
  Constants: 20 scalars
  Free parameters: 10 scalars
  Parameter depending: 27 scalars
  Continuous time states: 1 scalars
  Time-varying variables: 12 scalars
  Alias variables: 30 scalars
  Number of mixed real/discrete systems of equations: 0
  Sizes of linear systems of equations: { }
  Sizes after manipulation of the linear systems: { }
  Sizes of nonlinear systems of equations: { }
  Sizes after manipulation of the nonlinear systems: { }
  Number of numerical Jacobians: 0
 
Settings
Advanced.StoreProtectedVariables = true
Selected continuous time states
Statically selected continuous time states
  der_.c.v
 