Log-file of program ./dymosim
(generated: Tue May  5 01:25:13 2020)

dymosim started
... "dsin.txt" loading (dymosim input file)
... "Inverter.mat" creating (simulation result file)

Integration started at T = 0 using integration method DASSL
(DAE multi-step solver (dassl/dasslrt of Petzold modified by Dassault Systemes))
Integration terminated successfully at T = 1e-11
   CPU-time for integration                : 0.098 seconds
   CPU-time for one grid interval          : 0.0245 milliseconds
   CPU-time for initialization             : 0.001 seconds
   Number of result points                 : 4007
   Number of grid points                   : 4001
   Number of accepted steps                : 247
   Number of f-evaluations (dynamics)      : 247
   Number of Jacobian-evaluations          : 229
   Number of model time events             : 14
   Number of input time events             : 0
   Number of state events                  : 0
   Number of step events                   : 0
   Minimum integration stepsize            : 2.5e-18
   Maximum integration stepsize            : 1.31e-12
   Maximum integration order               : 1
Calling terminal section
... "dsfinal.txt" creating (final states)
