 = true
Translation of Modelica.Electrical.Spice3.Examples.Inverter:
The DAE has 80 scalar unknowns and 80 scalar equations.
 
Statistics
 
Original Model
  Number of components: 22
  Variables: 620
  Constants: 46 (46 scalars)
  Parameters: 494 (494 scalars)
  Unknowns: 80 (80 scalars)
  Differentiated variables: 2 scalars
  Equations: 60
  Nontrivial: 53
Translated Model
  Constants: 541 scalars
  Free parameters: 15 scalars
  Parameter depending: 7 scalars
  Time-varying variables: 38 scalars
  Alias variables: 19 scalars
  Number of mixed real/discrete systems of equations: 0
  Sizes of linear systems of equations: { }
  Sizes after manipulation of the linear systems: { }
  Sizes of nonlinear systems of equations: {21}
  Sizes after manipulation of the nonlinear systems: {1}
  Number of numerical Jacobians: 1
 
Settings
Advanced.StoreProtectedVariables = true
Selected continuous time states