Log-file of program ./dymosim
(generated: Tue May  5 00:28:04 2020)

dymosim started
... "dsin.txt" loading (dymosim input file)
... "ShowLogicalSources.mat" creating (simulation result file)

Integration started at T = 0 using integration method DASSL
(DAE multi-step solver (dassl/dasslrt of Petzold modified by Dassault Systemes))
Integration terminated successfully at T = 10
   CPU-time for integration                : 0.066 seconds
   CPU-time for one grid interval          : 0.0132 milliseconds
   CPU-time for initialization             : 0.001 seconds
   Number of result points                 : 5018
   Number of grid points                   : 5001
   Number of accepted steps                : 472
   Number of f-evaluations (dynamics)      : 472
   Number of crossing function evaluations : 5472
   Number of Jacobian-evaluations          : 445
   Number of model time events             : 27
   Number of input time events             : 0
   Number of state events                  : 0
   Number of step events                   : 0
   Minimum integration stepsize            : 2e-06
   Maximum integration stepsize            : 0.238
   Maximum integration order               : 1
Calling terminal section
... "dsfinal.txt" creating (final states)
