 = true
Translation of Modelica.Blocks.Examples.ShowLogicalSources:
The DAE has 13 scalar unknowns and 13 scalar equations.
 
Statistics
 
Original Model
  Number of components: 10
  Variables: 50
  Parameters: 37 (49 scalars)
  Unknowns: 13 (13 scalars)
  Equations: 15
  Nontrivial: 14
Translated Model
  Constants: 10 scalars
  Free parameters: 19 scalars
  Parameter depending: 20 scalars
  Time-varying variables: 10 scalars
  Alias variables: 3 scalars
  Number of mixed real/discrete systems of equations: 0
  Sizes of linear systems of equations: { }
  Sizes after manipulation of the linear systems: { }
  Sizes of nonlinear systems of equations: { }
  Sizes after manipulation of the nonlinear systems: { }
  Number of numerical Jacobians: 0
 
Settings
Advanced.StoreProtectedVariables = true
Selected continuous time states