Log-file of program ./dymosim
(generated: Tue May  5 00:44:24 2020)

dymosim started
... "dsin.txt" loading (dymosim input file)
... "AmplifierWithOpAmpDetailed.mat" creating (simulation result file)

Integration started at T = 0 using integration method DASSL
(DAE multi-step solver (dassl/dasslrt of Petzold modified by Dassault Systemes))
Integration terminated successfully at T = 0.003
   CPU-time for integration                : 0.104 seconds
   CPU-time for one grid interval          : 0.0208 milliseconds
   CPU-time for initialization             : 0 seconds
   Number of result points                 : 5002
   Number of grid points                   : 5001
   Number of accepted steps                : 3647
   Number of f-evaluations (dynamics)      : 7662
   Number of Jacobian-evaluations          : 541
   Number of model time events             : 0
   Number of input time events             : 0
   Number of state events                  : 0
   Number of step events                   : 0
   Minimum integration stepsize            : 3.66e-13
   Maximum integration stepsize            : 8.79e-06
   Maximum integration order               : 5
Calling terminal section
... "dsfinal.txt" creating (final states)
