Log-file of program ./dymosim
(generated: Tue May  5 01:40:03 2020)

dymosim started
... "dsin.txt" loading (dymosim input file)
... "IMC_Initialize.mat" creating (simulation result file)

Integration started at T = 0 using integration method DASSL
(DAE multi-step solver (dassl/dasslrt of Petzold modified by Dassault Systemes))
Integration terminated successfully at T = 1.5
   CPU-time for integration                : 1.2 seconds
   CPU-time for one grid interval          : 0.0401 milliseconds
   CPU-time for initialization             : 0 seconds
   Number of result points                 : 30005
   Number of grid points                   : 30001
   Number of accepted steps                : 8789
   Number of f-evaluations (dynamics)      : 21156
   Number of Jacobian-evaluations          : 1146
   Number of model time events             : 1
   Number of input time events             : 0
   Number of state events                  : 0
   Number of step events                   : 2
   Minimum integration stepsize            : 2.45e-10
   Maximum integration stepsize            : 0.000283
   Maximum integration order               : 5
Calling terminal section
... "dsfinal.txt" creating (final states)
