Log-file of program ./dymosim
(generated: Mon Oct 28 23:55:03 2024)

dymosim started
... "Modelica.Electrical.PowerConverters.Examples.DCDC.HBridge.HBridge_TrianglePWM_RL" simulating
... "dsin.txt" loading (dymosim input file)
... "result.mat" creating (simulation result file)

Integration started at T = 0 using integration method DASSL
(DAE multi-step solver (dassl/dasslrt of Petzold modified by Dassault Systemes))

Integration terminated successfully at T = 0.1
   CPU-time for integration                : 0.043 seconds
   CPU-time for one grid interval          : 0.086 milliseconds
   CPU-time for initialization             : 0 seconds
   Number of result points                 : 1209
   Number of grid points                   : 501
   Number of accepted steps                : 6230
   Number of f-evaluations (dynamics)      : 7633
   Number of crossing function evaluations : 8347
   Number of Jacobian-evaluations          : 5706
   Number of model time events             : 200
   Number of input time events             : 0
   Number of state events                  : 204
   Number of step events                   : 0
   Minimum integration stepsize            : 6.12e-09
   Maximum integration stepsize            : 0.000118
   Maximum integration order               : 2
Calling terminal section
... "dsfinal.txt" creating (final states)

SUCCESSFUL simulation of Modelica.Electrical.PowerConverters.Examples.DCDC.HBridge.HBridge_TrianglePWM_RL
