Translation of <a href="Modelica://Modelica.Electrical.PowerConverters.Examples.DCDC.HBridge.HBridge_TrianglePWM_RL">Modelica.Electrical.PowerConverters.Examples.DCDC.HBridge.HBridge_TrianglePWM_RL</a>
The DAE has 233 scalar unknowns and 233 scalar equations.

Statistics

Original Model
  Number of components: 45
  Variables: 383
  Constants: 16 (16 scalars)
  Parameters: 134 (134 scalars)
  Unknowns: 233 (233 scalars)
  Differentiated variables: 3 scalars
  Equations: 245
  Nontrivial: 214
Translated Model
  Constants: 70 scalars
  Free parameters: 32 scalars
  Parameter depending: 64 scalars
  Continuous time states: 3 scalars
  Time-varying variables: 85 scalars
  Alias variables: 132 scalars
  Number of mixed real/discrete systems of equations: 2
  Sizes of linear systems of equations: {11, 11}
  Sizes after manipulation of the linear systems: {4, 4}
  Sizes of nonlinear systems of equations: { }
  Sizes after manipulation of the nonlinear systems: { }
  Number of numerical Jacobians: 0

Settings
Advanced.StoreProtectedVariables = true
Selected continuous time states
Statically selected continuous time states
<a href="Modelica://Modelica.Electrical.PowerConverters.Examples.DCDC.HBridge.HBridge_TrianglePWM_RL#text$inductor:i">inductor.i</a>
<a href="Modelica://Modelica.Electrical.PowerConverters.Examples.DCDC.HBridge.HBridge_TrianglePWM_RL#text$meanCurrent:x">meanCurrent.x</a>
<a href="Modelica://Modelica.Electrical.PowerConverters.Examples.DCDC.HBridge.HBridge_TrianglePWM_RL#text$meanVoltage:x">meanVoltage.x</a>
Finished
