Log-file of program ./dymosim
(generated: Mon Oct 28 23:53:53 2024)

dymosim started
... "Modelica.Electrical.Analog.Examples.Lines.CompareLosslessLines" simulating
... "dsin.txt" loading (dymosim input file)
... "result.mat" creating (simulation result file)

Integration started at T = 0 using integration method DASSL
(DAE multi-step solver (dassl/dasslrt of Petzold modified by Dassault Systemes))

Integration terminated successfully at T = 2e-08
  WARNING: You have many time events. This is probably due to fast sampling.
  Enable logging of event in Simulation/Setup/Debug/Events during simulation
   CPU-time for integration                : 0.001 seconds
   CPU-time for one grid interval          : 0.005 milliseconds
   CPU-time for initialization             : 0.003 seconds
   Number of result points                 : 211
   Number of grid points                   : 201
   Number of accepted steps                : 49
   Number of f-evaluations (dynamics)      : 49
   Number of crossing function evaluations : 275
   Number of Jacobian-evaluations          : 43
   Number of model time events             : 5
   Number of input time events             : 0
   Number of state events                  : 2
   Number of step events                   : 0
   Minimum integration stepsize            : 1e-13
   Maximum integration stepsize            : 6.89e-09
   Maximum integration order               : 1
Calling terminal section
... "dsfinal.txt" creating (final states)

SUCCESSFUL simulation of Modelica.Electrical.Analog.Examples.Lines.CompareLosslessLines
