Log-file of program ./dymosim
(generated: Tue May  5 00:40:39 2020)

dymosim started
... "dsin.txt" loading (dymosim input file)
... "FirstExample_Variant3.mat" creating (simulation result file)

Integration started at T = 0 using integration method DASSL
(DAE multi-step solver (dassl/dasslrt of Petzold modified by Dassault Systemes))
Integration terminated successfully at T = 5.5
   CPU-time for integration                : 0.065 seconds
   CPU-time for one grid interval          : 0.013 milliseconds
   CPU-time for initialization             : 0 seconds
   Number of result points                 : 5012
   Number of grid points                   : 5001
   Number of accepted steps                : 123
   Number of f-evaluations (dynamics)      : 123
   Number of crossing function evaluations : 5140
   Number of Jacobian-evaluations          : 114
   Number of model time events             : 3
   Number of input time events             : 0
   Number of state events                  : 2
   Number of step events                   : 0
   Minimum integration stepsize            : 6e-07
   Maximum integration stepsize            : 0.839
   Maximum integration order               : 1
Calling terminal section
... "dsfinal.txt" creating (final states)
