 = true
Translation of Modelica.Magnetic.QuasiStatic.FluxTubes.Examples.Leakage.GeneralLeakage:
The DAE has 81 scalar unknowns and 81 scalar equations.
 
Statistics
 
Original Model
  Number of components: 42
  Variables: 96
  Constants: 2 (2 scalars)
  Parameters: 13 (13 scalars)
  Unknowns: 81 (81 scalars)
  Differentiated variables: 4 scalars
  Equations: 53
  Nontrivial: 43
Translated Model
  Constants: 16 scalars
  Free parameters: 8 scalars
  Parameter depending: 3 scalars
  Continuous time states: 1 scalars
  Time-varying variables: 26 scalars
  Alias variables: 43 scalars
  Number of mixed real/discrete systems of equations: 0
  Sizes of linear systems of equations: {8}
  Sizes after manipulation of the linear systems: {2}
  Sizes of nonlinear systems of equations: { }
  Sizes after manipulation of the nonlinear systems: { }
  Number of numerical Jacobians: 0
  Initialization problem
    Sizes of nonlinear systems of equations: {1}
    Sizes after manipulation of the nonlinear systems: {0}
    Number of numerical Jacobians: 0
 
Settings
Advanced.StoreProtectedVariables = true
Selected continuous time states
Statically selected continuous time states
  leakageWithCoefficient.port_p.reference.gamma
 