Log-file of program ./dymosim
(generated: Tue May  5 00:50:10 2020)

dymosim started
... "dsin.txt" loading (dymosim input file)
... "DLATREG.mat" creating (simulation result file)

Integration started at T = 0 using integration method DASSL
(DAE multi-step solver (dassl/dasslrt of Petzold modified by Dassault Systemes))
Integration terminated successfully at T = 25
   CPU-time for integration                : 0.072 seconds
   CPU-time for one grid interval          : 0.0144 milliseconds
   CPU-time for initialization             : 0.001 seconds
   Number of result points                 : 5014
   Number of grid points                   : 5001
   Number of accepted steps                : 243
   Number of f-evaluations (dynamics)      : 243
   Number of crossing function evaluations : 5243
   Number of Jacobian-evaluations          : 219
   Number of model time events             : 12
   Number of input time events             : 0
   Number of state events                  : 0
   Number of step events                   : 0
   Minimum integration stepsize            : 5e-06
   Maximum integration stepsize            : 2.62
   Maximum integration order               : 1
Calling terminal section
... "dsfinal.txt" creating (final states)
