 = true
Translation of Modelica.Thermal.FluidHeatFlow.Examples.OneMass:
The DAE has 79 scalar unknowns and 79 scalar equations.
 
Statistics
 
Original Model
  Number of components: 22
  Variables: 189
  Constants: 2 (2 scalars)
  Parameters: 108 (108 scalars)
  Unknowns: 79 (79 scalars)
  Differentiated variables: 2 scalars
  Equations: 70
  Nontrivial: 57
Translated Model
  Constants: 20 scalars
  Free parameters: 28 scalars
  Parameter depending: 65 scalars
  Outputs: 3 scalars
  Continuous time states: 2 scalars
  Time-varying variables: 32 scalars
  Alias variables: 44 scalars
  Number of mixed real/discrete systems of equations: 0
  Sizes of linear systems of equations: { }
  Sizes after manipulation of the linear systems: { }
  Sizes of nonlinear systems of equations: { }
  Sizes after manipulation of the nonlinear systems: { }
  Number of numerical Jacobians: 0
 
Settings
Advanced.StoreProtectedVariables = true
Selected continuous time states
Statically selected continuous time states
  heatCapacitor.T
  pipe.T
 