Log-file of program ./dymosim
(generated: Tue May  5 02:26:56 2020)

dymosim started
... "dsin.txt" loading (dymosim input file)
... "ControlledTemperature.mat" creating (simulation result file)

Integration started at T = 0 using integration method DASSL
(DAE multi-step solver (dassl/dasslrt of Petzold modified by Dassault Systemes))
Integration terminated successfully at T = 10
   CPU-time for integration                : 0.266 seconds
   CPU-time for one grid interval          : 0.0133 milliseconds
   CPU-time for initialization             : 0 seconds
   Number of result points                 : 20038
   Number of grid points                   : 20001
   Number of accepted steps                : 464
   Number of f-evaluations (dynamics)      : 545
   Number of crossing function evaluations : 20585
   Number of Jacobian-evaluations          : 416
   Number of model time events             : 2
   Number of input time events             : 0
   Number of state events                  : 18
   Number of step events                   : 0
   Minimum integration stepsize            : 2.66e-09
   Maximum integration stepsize            : 0.533
   Maximum integration order               : 2
Calling terminal section
... "dsfinal.txt" creating (final states)
