 = true
Translation of Modelica.Thermal.HeatTransfer.Examples.ControlledTemperature:
The DAE has 52 scalar unknowns and 52 scalar equations.
 
Statistics
 
Original Model
  Number of components: 12
  Variables: 75
  Constants: 2 (2 scalars)
  Parameters: 21 (21 scalars)
  Unknowns: 52 (52 scalars)
  Differentiated variables: 1 scalars
  Equations: 49
  Nontrivial: 37
Translated Model
  Constants: 11 scalars
  Free parameters: 15 scalars
  Parameter depending: 3 scalars
  Outputs: 1 scalars
  Continuous time states: 1 scalars
  Time-varying variables: 16 scalars
  Alias variables: 30 scalars
  Number of mixed real/discrete systems of equations: 0
  Sizes of linear systems of equations: {4}
  Sizes after manipulation of the linear systems: {0}
  Sizes of nonlinear systems of equations: { }
  Sizes after manipulation of the nonlinear systems: { }
  Number of numerical Jacobians: 0
 
Settings
Advanced.StoreProtectedVariables = true
Selected continuous time states
Statically selected continuous time states
  heatCapacitor.T
 