 = true
Translation of Modelica.Clocked.Examples.Elementary.BooleanSignals.TickBasedPulse:
The DAE has 7 scalar unknowns and 7 scalar equations.
 
Statistics
 
Original Model
  Number of components: 4
  Variables: 13
  Parameters: 6 (6 scalars)
  Unknowns: 5 (5 scalars)
  Equations: 6
  Nontrivial: 6
Translated Model
  Constants: 4 scalars
  Free parameters: 2 scalars
  Time-varying variables: 4 scalars
  Alias variables: 1 scalars
  Number of mixed real/discrete systems of equations: 0
  Sizes of linear systems of equations: { }
  Sizes after manipulation of the linear systems: { }
  Sizes of nonlinear systems of equations: { }
  Sizes after manipulation of the nonlinear systems: { }
  Number of numerical Jacobians: 0
 
Settings
Advanced.StoreProtectedVariables = true
Selected continuous time states