Log-file of program ./dymosim
(generated: Tue May  5 00:49:23 2020)

dymosim started
... "dsin.txt" loading (dymosim input file)
... "Counter3.mat" creating (simulation result file)

Integration started at T = 0 using integration method DASSL
(DAE multi-step solver (dassl/dasslrt of Petzold modified by Dassault Systemes))
Integration terminated successfully at T = 10
   CPU-time for integration                : 0.087 seconds
   CPU-time for one grid interval          : 0.0174 milliseconds
   CPU-time for initialization             : 0.001 seconds
   Number of result points                 : 5059
   Number of grid points                   : 5001
   Number of accepted steps                : 551
   Number of f-evaluations (dynamics)      : 551
   Number of crossing function evaluations : 5718
   Number of Jacobian-evaluations          : 512
   Number of model time events             : 21
   Number of input time events             : 0
   Number of state events                  : 18
   Number of step events                   : 0
   Minimum integration stepsize            : 1e-06
   Maximum integration stepsize            : 0.238
   Maximum integration order               : 1
Calling terminal section
... "dsfinal.txt" creating (final states)
