 = true
Translation of Modelica.Electrical.Digital.Examples.Counter3:
The DAE has 237 scalar unknowns and 237 scalar equations.
 
Statistics
 
Original Model
  Number of components: 46
  Variables: 246
  Constants: 9 (225 scalars)
  Parameters: 60 (60 scalars)
  Unknowns: 177 (237 scalars)
  Equations: 231
  Nontrivial: 231
Translated Model
  Constants: 252 scalars
  Free parameters: 9 scalars
  Parameter depending: 25 scalars
  Time-varying variables: 93 scalars
  Alias variables: 143 scalars
  Number of mixed real/discrete systems of equations: 0
  Sizes of linear systems of equations: { }
  Sizes after manipulation of the linear systems: { }
  Sizes of nonlinear systems of equations: { }
  Sizes after manipulation of the nonlinear systems: { }
  Number of numerical Jacobians: 0
 
Settings
Advanced.StoreProtectedVariables = true
Selected continuous time states