Log-file of program ./dymosim
(generated: Tue May  5 00:35:10 2020)

dymosim started
... "dsin.txt" loading (dymosim input file)
... "SuperSample.mat" creating (simulation result file)

Integration started at T = 0 using integration method DASSL
(DAE multi-step solver (dassl/dasslrt of Petzold modified by Dassault Systemes))
Integration terminated successfully at T = 0.08
   CPU-time for integration                : 0.06 seconds
   CPU-time for one grid interval          : 0.012 milliseconds
   CPU-time for initialization             : 0 seconds
   Number of result points                 : 5021
   Number of grid points                   : 5001
   Number of accepted steps                : 240
   Number of f-evaluations (dynamics)      : 240
   Number of Jacobian-evaluations          : 224
   Number of model time events             : 12
   Number of input time events             : 0
   Number of state events                  : 0
   Number of step events                   : 0
   Minimum integration stepsize            : 5.33e-09
   Maximum integration stepsize            : 0.0028
   Maximum integration order               : 1
Calling terminal section
... "dsfinal.txt" creating (final states)
