Log-file of program ./dymosim
(generated: Tue May  5 00:41:03 2020)

dymosim started
... "dsin.txt" loading (dymosim input file)
... "ShowExceptions.mat" creating (simulation result file)

Integration started at T = 0 using integration method DASSL
(DAE multi-step solver (dassl/dasslrt of Petzold modified by Dassault Systemes))
Integration terminated successfully at T = 20
   CPU-time for integration                : 0.078 seconds
   CPU-time for one grid interval          : 0.0156 milliseconds
   CPU-time for initialization             : 0 seconds
   Number of result points                 : 5016
   Number of grid points                   : 5001
   Number of accepted steps                : 275
   Number of f-evaluations (dynamics)      : 275
   Number of Jacobian-evaluations          : 260
   Number of model time events             : 14
   Number of input time events             : 0
   Number of state events                  : 0
   Number of step events                   : 0
   Minimum integration stepsize            : 4e-06
   Maximum integration stepsize            : 0.951
   Maximum integration order               : 1
Calling terminal section
... "dsfinal.txt" creating (final states)
