 = true
Translation of Modelica.StateGraph.Examples.ShowExceptions:
The DAE has 299 scalar unknowns and 299 scalar equations.
 
Statistics
 
Original Model
  Number of components: 41
  Variables: 344
  Parameters: 45 (45 scalars)
  Unknowns: 299 (299 scalars)
  Equations: 282
  Nontrivial: 211
Translated Model
  Constants: 86 scalars
  Free parameters: 10 scalars
  Parameter depending: 2 scalars
  Time-varying variables: 94 scalars
  Alias variables: 152 scalars
  Number of mixed real/discrete systems of equations: 0
  Sizes of linear systems of equations: { }
  Sizes after manipulation of the linear systems: { }
  Sizes of nonlinear systems of equations: { }
  Sizes after manipulation of the nonlinear systems: { }
  Number of numerical Jacobians: 0
 
Settings
Advanced.StoreProtectedVariables = true
Selected continuous time states