 = true
Translation of Modelica.Clocked.Examples.Elementary.ClockSignals.SuperSample:
The DAE has 8 scalar unknowns and 8 scalar equations.
 
Statistics
 
Original Model
  Number of components: 6
  Variables: 20
  Constants: 1 (8 scalars)
  Parameters: 11 (11 scalars)
  Unknowns: 3 (3 scalars)
  Equations: 8
  Nontrivial: 8
Translated Model
  Constants: 14 scalars
  Free parameters: 5 scalars
  Time-varying variables: 3 scalars
  Number of mixed real/discrete systems of equations: 0
  Sizes of linear systems of equations: { }
  Sizes after manipulation of the linear systems: { }
  Sizes of nonlinear systems of equations: { }
  Sizes after manipulation of the nonlinear systems: { }
  Number of numerical Jacobians: 0
 
Settings
Advanced.StoreProtectedVariables = true
Selected continuous time states