 = true
Translation of Modelica.Electrical.Analog.Examples.ShowVariableResistor:
The DAE has 67 scalar unknowns and 67 scalar equations.
 
Statistics
 
Original Model
  Number of components: 12
  Variables: 110
  Parameters: 43 (43 scalars)
  Unknowns: 67 (67 scalars)
  Equations: 66
  Nontrivial: 56
Translated Model
  Constants: 11 scalars
  Free parameters: 26 scalars
  Parameter depending: 16 scalars
  Time-varying variables: 21 scalars
  Alias variables: 36 scalars
  Number of mixed real/discrete systems of equations: 0
  Sizes of linear systems of equations: {4, 4}
  Sizes after manipulation of the linear systems: {0, 0}
  Sizes of nonlinear systems of equations: { }
  Sizes after manipulation of the nonlinear systems: { }
  Number of numerical Jacobians: 0
 
Settings
Advanced.StoreProtectedVariables = true
Selected continuous time states