 = true
Translation of Modelica.Electrical.Analog.Examples.OpAmps.Comparator:
The DAE has 61 scalar unknowns and 61 scalar equations.
 
Statistics
 
Original Model
  Number of components: 11
  Variables: 105
  Parameters: 44 (44 scalars)
  Unknowns: 61 (61 scalars)
  Equations: 51
  Nontrivial: 38
Translated Model
  Constants: 26 scalars
  Free parameters: 10 scalars
  Parameter depending: 34 scalars
  Time-varying variables: 5 scalars
  Alias variables: 30 scalars
  Number of mixed real/discrete systems of equations: 0
  Sizes of linear systems of equations: { }
  Sizes after manipulation of the linear systems: { }
  Sizes of nonlinear systems of equations: { }
  Sizes after manipulation of the nonlinear systems: { }
  Number of numerical Jacobians: 0
  Initialization problem
    Sizes of linear systems of equations: {2}
    Sizes after manipulation of the linear systems: {0}
 
Settings
Advanced.StoreProtectedVariables = true
Selected continuous time states