Log-file of program ./dymosim
(generated: Tue May  5 01:26:28 2020)

dymosim started
... "dsin.txt" loading (dymosim input file)
... "CoupledInductors.mat" creating (simulation result file)

Integration started at T = 0 using integration method DASSL
(DAE multi-step solver (dassl/dasslrt of Petzold modified by Dassault Systemes))
Integration terminated successfully at T = 0.2
   CPU-time for integration                : 0.079 seconds
   CPU-time for one grid interval          : 0.0158 milliseconds
   CPU-time for initialization             : 0 seconds
   Number of result points                 : 5002
   Number of grid points                   : 5001
   Number of accepted steps                : 2882
   Number of f-evaluations (dynamics)      : 6232
   Number of Jacobian-evaluations          : 288
   Number of model time events             : 0
   Number of input time events             : 0
   Number of state events                  : 0
   Number of step events                   : 0
   Minimum integration stepsize            : 4e-08
   Maximum integration stepsize            : 0.000141
   Maximum integration order               : 5
Calling terminal section
... "dsfinal.txt" creating (final states)
