Log-file of program ./dymosim
(generated: Tue May  5 01:35:36 2020)

dymosim started
... "dsin.txt" loading (dymosim input file)
... "EddyCurrentLosses.mat" creating (simulation result file)

Integration started at T = 0 using integration method DASSL
(DAE multi-step solver (dassl/dasslrt of Petzold modified by Dassault Systemes))
Integration terminated successfully at T = 40
   CPU-time for integration                : 0.162 seconds
   CPU-time for one grid interval          : 0.0203 milliseconds
   CPU-time for initialization             : 0 seconds
   Number of result points                 : 8002
   Number of grid points                   : 8001
   Number of accepted steps                : 1766
   Number of f-evaluations (dynamics)      : 3522
   Number of Jacobian-evaluations          : 15
   Number of model time events             : 0
   Number of input time events             : 0
   Number of state events                  : 0
   Number of step events                   : 0
   Minimum integration stepsize            : 7.78e-07
   Maximum integration stepsize            : 0.0255
   Maximum integration order               : 5
Calling terminal section
... "dsfinal.txt" creating (final states)
