Log-file of program ./dymosim
(generated: Tue May  5 01:10:02 2020)

dymosim started
... "dsin.txt" loading (dymosim input file)
... "Thyristor1Pulse_R.mat" creating (simulation result file)

Integration started at T = 0 using integration method DASSL
(DAE multi-step solver (dassl/dasslrt of Petzold modified by Dassault Systemes))
Integration terminated successfully at T = 0.1
   CPU-time for integration                : 0.019 seconds
   CPU-time for one grid interval          : 0.019 milliseconds
   CPU-time for initialization             : 0 seconds
   Number of result points                 : 1040
   Number of grid points                   : 1001
   Number of accepted steps                : 754
   Number of f-evaluations (dynamics)      : 1249
   Number of crossing function evaluations : 1947
   Number of Jacobian-evaluations          : 309
   Number of model time events             : 5
   Number of input time events             : 0
   Number of state events                  : 21
   Number of step events                   : 0
   Minimum integration stepsize            : 1.43e-11
   Maximum integration stepsize            : 0.00109
   Maximum integration order               : 5
Calling terminal section
... "dsfinal.txt" creating (final states)
