Log-file of program ./dymosim
(generated: Tue May  5 00:33:13 2020)

dymosim started
... "dsin.txt" loading (dymosim input file)
... "ControlledMixingUnit.mat" creating (simulation result file)

Integration started at T = 0 using integration method DASSL
(DAE multi-step solver (dassl/dasslrt of Petzold modified by Dassault Systemes))
Integration terminated successfully at T = 300
   CPU-time for integration                : 0.082 seconds
   CPU-time for one grid interval          : 0.0164 milliseconds
   CPU-time for initialization             : 0.001 seconds
   Number of result points                 : 5501
   Number of grid points                   : 5001
   Number of accepted steps                : 4617
   Number of f-evaluations (dynamics)      : 5003
   Number of Jacobian-evaluations          : 4117
   Number of model time events             : 300
   Number of input time events             : 0
   Number of state events                  : 0
   Number of step events                   : 0
   Minimum integration stepsize            : 2e-05
   Maximum integration stepsize            : 0.492
   Maximum integration order               : 2
Calling terminal section
... "dsfinal.txt" creating (final states)
