 = true
Translation of Modelica.Clocked.Examples.Systems.ControlledMixingUnit:
The DAE has 34 scalar unknowns and 34 scalar equations.
 
Statistics
 
Original Model
  Number of components: 13
  Variables: 105
  Parameters: 73 (73 scalars)
  Unknowns: 30 (32 scalars)
  Differentiated variables: 7 scalars
  Equations: 33
  Nontrivial: 31
Translated Model
  Constants: 4 scalars
  Free parameters: 21 scalars
  Parameter depending: 48 scalars
  Continuous time states: 5 scalars
  Time-varying variables: 20 scalars
  Alias variables: 12 scalars
  Number of mixed real/discrete systems of equations: 0
  Sizes of linear systems of equations: { }
  Sizes after manipulation of the linear systems: { }
  Sizes of nonlinear systems of equations: { }
  Sizes after manipulation of the nonlinear systems: { }
  Number of numerical Jacobians: 0
 
Settings
Advanced.StoreProtectedVariables = true
Selected continuous time states
Statically selected continuous time states
  filter.x[1]
  invMixingUnit.c
  invMixingUnit.T
  mixingUnit.c
  mixingUnit.T
 