Log-file of program ./dymosim
(generated: Tue May  5 00:33:07 2020)

dymosim started
... "dsin.txt" loading (dymosim input file)
... "AbsoluteClocks.mat" creating (simulation result file)

Integration started at T = 0 using integration method DASSL
(DAE multi-step solver (dassl/dasslrt of Petzold modified by Dassault Systemes))
Integration terminated successfully at T = 4
   CPU-time for integration                : 0.143 seconds
   CPU-time for one grid interval          : 0.0286 milliseconds
   CPU-time for initialization             : 0 seconds
   Number of result points                 : 8007
   Number of grid points                   : 5001
   Number of accepted steps                : 25345
   Number of f-evaluations (dynamics)      : 25345
   Number of Jacobian-evaluations          : 23130
   Number of model time events             : 2003
   Number of input time events             : 0
   Number of state events                  : 0
   Number of step events                   : 0
   Minimum integration stepsize            : 1.37e-07
   Maximum integration stepsize            : 0.00195
   Maximum integration order               : 2
Calling terminal section
... "dsfinal.txt" creating (final states)
