Log-file of program ./dymosim
(generated: Mon Oct 28 23:54:34 2024)

dymosim started
... "Modelica.Electrical.Machines.Examples.DCMachines.DCPM_Drive" simulating
... "dsin.txt" loading (dymosim input file)
... "result.mat" creating (simulation result file)

Integration started at T = 0 using integration method DASSL
(DAE multi-step solver (dassl/dasslrt of Petzold modified by Dassault Systemes))

Integration terminated successfully at T = 2
   CPU-time for integration                : 0.046 seconds
   CPU-time for one grid interval          : 0.0023 milliseconds
   CPU-time for initialization             : 0 seconds
   Number of result points                 : 20003
   Number of grid points                   : 20001
   Number of accepted steps                : 770
   Number of f-evaluations (dynamics)      : 1516
   Number of crossing function evaluations : 20770
   Number of Jacobian-evaluations          : 119
   Number of model time events             : 5
   Number of input time events             : 0
   Number of state events                  : 0
   Number of step events                   : 0
   Minimum integration stepsize            : 2e-11
   Maximum integration stepsize            : 0.0261
   Maximum integration order               : 5
Calling terminal section
... "dsfinal.txt" creating (final states)

SUCCESSFUL simulation of Modelica.Electrical.Machines.Examples.DCMachines.DCPM_Drive
