Log-file of program ./dymosim
(generated: Tue May  5 02:01:03 2020)

dymosim started
... "dsin.txt" loading (dymosim input file)
... "RollingWheelSetPulling.mat" creating (simulation result file)

Integration started at T = 0 using integration method DASSL
(DAE multi-step solver (dassl/dasslrt of Petzold modified by Dassault Systemes))
Integration terminated successfully at T = 3
   CPU-time for integration                : 0.133 seconds
   CPU-time for one grid interval          : 0.0266 milliseconds
   CPU-time for initialization             : 0 seconds
   Number of result points                 : 5006
   Number of grid points                   : 5001
   Number of accepted steps                : 110
   Number of f-evaluations (dynamics)      : 172
   Number of crossing function evaluations : 5112
   Number of Jacobian-evaluations          : 54
   Number of model time events             : 3
   Number of input time events             : 0
   Number of state events                  : 0
   Number of step events                   : 0
   Minimum integration stepsize            : 2e-07
   Maximum integration stepsize            : 0.41
   Maximum integration order               : 5
Calling terminal section
... "dsfinal.txt" creating (final states)
