 = true
Translation of Modelica.Media.Examples.ReferenceAir.Inverse_sh_T:
The DAE has 6 scalar unknowns and 6 scalar equations.
 
Statistics
 
Original Model
  Number of components: 1
  Variables: 14
  Constants: 1 (1 scalars)
  Parameters: 7 (7 scalars)
  Unknowns: 6 (6 scalars)
  Equations: 8
  Nontrivial: 8
Translated Model
  Constants: 1 scalars
  Free parameters: 3 scalars
  Parameter depending: 4 scalars
  Time-varying variables: 6 scalars
  Number of mixed real/discrete systems of equations: 0
  Sizes of linear systems of equations: { }
  Sizes after manipulation of the linear systems: { }
  Sizes of nonlinear systems of equations: { }
  Sizes after manipulation of the nonlinear systems: { }
  Number of numerical Jacobians: 0
 
Settings
Advanced.StoreProtectedVariables = true
Selected continuous time states