Log-file of program ./dymosim
(generated: Tue May  5 02:13:20 2020)

dymosim started
... "dsin.txt" loading (dymosim input file)
... "DrumBoiler.mat" creating (simulation result file)

Integration started at T = 0 using integration method DASSL
(DAE multi-step solver (dassl/dasslrt of Petzold modified by Dassault Systemes))
Integration terminated successfully at T = 5400
   CPU-time for integration                : 0.25 seconds
   CPU-time for one grid interval          : 0.05 milliseconds
   CPU-time for initialization             : 0.001 seconds
   Number of result points                 : 5010
   Number of grid points                   : 5001
   Number of accepted steps                : 330
   Number of f-evaluations (dynamics)      : 613
   Number of crossing function evaluations : 5347
   Number of Jacobian-evaluations          : 75
   Number of model time events             : 2
   Number of input time events             : 0
   Number of state events                  : 2
   Number of step events                   : 0
   Minimum integration stepsize            : 0.000121
   Maximum integration stepsize            : 77
   Maximum integration order               : 5
Calling terminal section
... "dsfinal.txt" creating (final states)
