 = true
Translation of Modelica.Fluid.Examples.DrumBoiler.DrumBoiler:
The DAE has 152 scalar unknowns and 152 scalar equations.
 
Statistics
 
Original Model
  Number of components: 32
  Variables: 355
  Constants: 85 (85 scalars)
  Parameters: 95 (103 scalars)
  Unknowns: 175 (156 scalars)
  Differentiated variables: 5 scalars
  Equations: 151
  Nontrivial: 122
Translated Model
  Constants: 138 scalars
  Free parameters: 52 scalars
  Parameter depending: 26 scalars
  Outputs: 4 scalars
  Continuous time states: 3 scalars
  Time-varying variables: 52 scalars
  Alias variables: 76 scalars
  Number of mixed real/discrete systems of equations: 0
  Sizes of linear systems of equations: {7}
  Sizes after manipulation of the linear systems: {2}
  Sizes of nonlinear systems of equations: { }
  Sizes after manipulation of the nonlinear systems: { }
  Number of numerical Jacobians: 0
 
Settings
Advanced.StoreProtectedVariables = true
Selected continuous time states
Statically selected continuous time states
  controller.x
  evaporator.p
  evaporator.V_l
 