Log-file of program ./dymosim
(generated: Mon Oct 28 23:53:56 2024)

dymosim started
... "Modelica.Electrical.Analog.Examples.Lines.LightningSegmentedTransmissionLine" simulating
... "dsin.txt" loading (dymosim input file)
... "result.mat" creating (simulation result file)

Integration started at T = 0 using integration method DASSL
(DAE multi-step solver (dassl/dasslrt of Petzold modified by Dassault Systemes))

Integration terminated successfully at T = 0.025
   CPU-time for integration                : 12.3 seconds
   CPU-time for one grid interval          : 0.492 milliseconds
   CPU-time for initialization             : 0.001 seconds
   Number of result points                 : 25002
   Number of grid points                   : 25001
   Number of accepted steps                : 53872
   Number of f-evaluations (dynamics)      : 109302
   Number of Jacobian-evaluations          : 989
   Number of model time events             : 1
   Number of input time events             : 0
   Number of state events                  : 0
   Number of step events                   : 0
   Minimum integration stepsize            : 1.1e-11
   Maximum integration stepsize            : 8.3e-05
   Maximum integration order               : 5
Calling terminal section
... "dsfinal.txt" creating (final states)

SUCCESSFUL simulation of Modelica.Electrical.Analog.Examples.Lines.LightningSegmentedTransmissionLine
