Translation of <a href="Modelica://Modelica.Electrical.Analog.Examples.Lines.LightningSegmentedTransmissionLine">Modelica.Electrical.Analog.Examples.Lines.LightningSegmentedTransmissionLine</a>
The DAE has 6477 scalar unknowns and 6477 scalar equations.

Statistics

Original Model
  Number of components: 813
  Variables: 8560
  Parameters: 2481 (2881 scalars)
  Unknowns: 6079 (6477 scalars)
  Differentiated variables: 402 scalars
  Equations: 4875
  Nontrivial: 4061
Translated Model
  Constants: 817 scalars
  Free parameters: 26 scalars
  Parameter depending: 2847 scalars
  Continuous time states: 401 scalars
  Time-varying variables: 1818 scalars
  Alias variables: 3850 scalars
  Number of mixed real/discrete systems of equations: 0
  Sizes of linear systems of equations: {4}
  Sizes after manipulation of the linear systems: {0}
  Sizes of nonlinear systems of equations: { }
  Sizes after manipulation of the nonlinear systems: { }
  Number of numerical Jacobians: 0
  Initialization problem
    Sizes of nonlinear systems of equations: {5}
    Sizes after manipulation of the nonlinear systems: {4}
    Number of numerical Jacobians: 0

Settings
Advanced.StoreProtectedVariables = true
Sparse solvers enabled: false
Enabled for integrator Jacobian: false
Model sparse and large enough: true.
Sparse solvers are available for dassl, lsodar, cvode, ida, radau, esdirk*, sdirk*.
Enable sparse solvers by setting Advanced.Translation.SparseActivate.
Selected continuous time states
Statically selected continuous time states
<a href="Modelica://Modelica.Electrical.Analog.Examples.Lines.LightningSegmentedTransmissionLine#text$line1.C:v">line1.C[1].v</a>
<a href="Modelica://Modelica.Electrical.Analog.Examples.Lines.LightningSegmentedTransmissionLine#text$line1.C:v">line1.C[2].v</a>
<a href="Modelica://Modelica.Electrical.Analog.Examples.Lines.LightningSegmentedTransmissionLine#text$line1.C:v">line1.C[3].v</a>
<a href="Modelica://Modelica.Electrical.Analog.Examples.Lines.LightningSegmentedTransmissionLine#text$line1.C:v">line1.C[4].v</a>
<a href="Modelica://Modelica.Electrical.Analog.Examples.Lines.LightningSegmentedTransmissionLine#text$line1.C:v">line1.C[5].v</a>
<a href="Modelica://Modelica.Electrical.Analog.Examples.Lines.LightningSegmentedTransmissionLine#text$line1.C:v">line1.C[6].v</a>
<a href="Modelica://Modelica.Electrical.Analog.Examples.Lines.LightningSegmentedTransmissionLine#text$line1.C:v">line1.C[7].v</a>
<a href="Modelica://Modelica.Electrical.Analog.Examples.Lines.LightningSegmentedTransmissionLine#text$line1.C:v">line1.C[8].v</a>
<a href="Modelica://Modelica.Electrical.Analog.Examples.Lines.LightningSegmentedTransmissionLine#text$line1.C:v">line1.C[9].v</a>
<a href="Modelica://Modelica.Electrical.Analog.Examples.Lines.LightningSegmentedTransmissionLine#text$line1.C:v">line1.C[10].v</a>
<a href="Modelica://Modelica.Electrical.Analog.Examples.Lines.LightningSegmentedTransmissionLine#text$line1.C:v">line1.C[11].v</a>
<a href="Modelica://Modelica.Electrical.Analog.Examples.Lines.LightningSegmentedTransmissionLine#text$line1.C:v">line1.C[12].v</a>
<a href="Modelica://Modelica.Electrical.Analog.Examples.Lines.LightningSegmentedTransmissionLine#text$line1.C:v">line1.C[13].v</a>
<a href="Modelica://Modelica.Electrical.Analog.Examples.Lines.LightningSegmentedTransmissionLine#text$line1.C:v">line1.C[14].v</a>
<a href="Modelica://Modelica.Electrical.Analog.Examples.Lines.LightningSegmentedTransmissionLine#text$line1.C:v">line1.C[15].v</a>
<a href="Modelica://Modelica.Electrical.Analog.Examples.Lines.LightningSegmentedTransmissionLine#text$line1.C:v">line1.C[16].v</a>
<a href="Modelica://Modelica.Electrical.Analog.Examples.Lines.LightningSegmentedTransmissionLine#text$line1.C:v">line1.C[17].v</a>
<a href="Modelica://Modelica.Electrical.Analog.Examples.Lines.LightningSegmentedTransmissionLine#text$line1.C:v">line1.C[18].v</a>
<a href="Modelica://Modelica.Electrical.Analog.Examples.Lines.LightningSegmentedTransmissionLine#text$line1.C:v">line1.C[19].v</a>
<a href="Modelica://Modelica.Electrical.Analog.Examples.Lines.LightningSegmentedTransmissionLine#text$line1.C:v">line1.C[20].v</a>
<a href="Modelica://Modelica.Electrical.Analog.Examples.Lines.LightningSegmentedTransmissionLine#text$line1.C:v">line1.C[21].v</a>
<a href="Modelica://Modelica.Electrical.Analog.Examples.Lines.LightningSegmentedTransmissionLine#text$line1.C:v">line1.C[22].v</a>
<a href="Modelica://Modelica.Electrical.Analog.Examples.Lines.LightningSegmentedTransmissionLine#text$line1.C:v">line1.C[23].v</a>
<a href="Modelica://Modelica.Electrical.Analog.Examples.Lines.LightningSegmentedTransmissionLine#text$line1.C:v">line1.C[24].v</a>
<a href="Modelica://Modelica.Electrical.Analog.Examples.Lines.LightningSegmentedTransmissionLine#text$line1.C:v">line1.C[25].v</a>
<a href="Modelica://Modelica.Electrical.Analog.Examples.Lines.LightningSegmentedTransmissionLine#text$line1.C:v">line1.C[26].v</a>
<a href="Modelica://Modelica.Electrical.Analog.Examples.Lines.LightningSegmentedTransmissionLine#text$line1.C:v">line1.C[27].v</a>
<a href="Modelica://Modelica.Electrical.Analog.Examples.Lines.LightningSegmentedTransmissionLine#text$line1.C:v">line1.C[28].v</a>
<a href="Modelica://Modelica.Electrical.Analog.Examples.Lines.LightningSegmentedTransmissionLine#text$line1.C:v">line1.C[29].v</a>
<a href="Modelica://Modelica.Electrical.Analog.Examples.Lines.LightningSegmentedTransmissionLine#text$line1.C:v">line1.C[30].v</a>
<a href="Modelica://Modelica.Electrical.Analog.Examples.Lines.LightningSegmentedTransmissionLine#text$line1.C:v">line1.C[31].v</a>
<a href="Modelica://Modelica.Electrical.Analog.Examples.Lines.LightningSegmentedTransmissionLine#text$line1.C:v">line1.C[32].v</a>
<a href="Modelica://Modelica.Electrical.Analog.Examples.Lines.LightningSegmentedTransmissionLine#text$line1.C:v">line1.C[33].v</a>
<a href="Modelica://Modelica.Electrical.Analog.Examples.Lines.LightningSegmentedTransmissionLine#text$line1.C:v">line1.C[34].v</a>
<a href="Modelica://Modelica.Electrical.Analog.Examples.Lines.LightningSegmentedTransmissionLine#text$line1.C:v">line1.C[35].v</a>
<a href="Modelica://Modelica.Electrical.Analog.Examples.Lines.LightningSegmentedTransmissionLine#text$line1.C:v">line1.C[36].v</a>
<a href="Modelica://Modelica.Electrical.Analog.Examples.Lines.LightningSegmentedTransmissionLine#text$line1.C:v">line1.C[37].v</a>
<a href="Modelica://Modelica.Electrical.Analog.Examples.Lines.LightningSegmentedTransmissionLine#text$line1.C:v">line1.C[38].v</a>
<a href="Modelica://Modelica.Electrical.Analog.Examples.Lines.LightningSegmentedTransmissionLine#text$line1.C:v">line1.C[39].v</a>
<a href="Modelica://Modelica.Electrical.Analog.Examples.Lines.LightningSegmentedTransmissionLine#text$line1.C:v">line1.C[40].v</a>
<a href="Modelica://Modelica.Electrical.Analog.Examples.Lines.LightningSegmentedTransmissionLine#text$line1.C:v">line1.C[41].v</a>
<a href="Modelica://Modelica.Electrical.Analog.Examples.Lines.LightningSegmentedTransmissionLine#text$line1.C:v">line1.C[42].v</a>
<a href="Modelica://Modelica.Electrical.Analog.Examples.Lines.LightningSegmentedTransmissionLine#text$line1.C:v">line1.C[43].v</a>
<a href="Modelica://Modelica.Electrical.Analog.Examples.Lines.LightningSegmentedTransmissionLine#text$line1.C:v">line1.C[44].v</a>
<a href="Modelica://Modelica.Electrical.Analog.Examples.Lines.LightningSegmentedTransmissionLine#text$line1.C:v">line1.C[45].v</a>
<a href="Modelica://Modelica.Electrical.Analog.Examples.Lines.LightningSegmentedTransmissionLine#text$line1.C:v">line1.C[46].v</a>
<a href="Modelica://Modelica.Electrical.Analog.Examples.Lines.LightningSegmentedTransmissionLine#text$line1.C:v">line1.C[47].v</a>
<a href="Modelica://Modelica.Electrical.Analog.Examples.Lines.LightningSegmentedTransmissionLine#text$line1.C:v">line1.C[48].v</a>
<a href="Modelica://Modelica.Electrical.Analog.Examples.Lines.LightningSegmentedTransmissionLine#text$line1.C:v">line1.C[49].v</a>
<a href="Modelica://Modelica.Electrical.Analog.Examples.Lines.LightningSegmentedTransmissionLine#text$line1.C:v">line1.C[50].v</a>
<a href="Modelica://Modelica.Electrical.Analog.Examples.Lines.LightningSegmentedTransmissionLine#text$line1.C:v">line1.C[51].v</a>
<a href="Modelica://Modelica.Electrical.Analog.Examples.Lines.LightningSegmentedTransmissionLine#text$line1.C:v">line1.C[52].v</a>
<a href="Modelica://Modelica.Electrical.Analog.Examples.Lines.LightningSegmentedTransmissionLine#text$line1.C:v">line1.C[53].v</a>
<a href="Modelica://Modelica.Electrical.Analog.Examples.Lines.LightningSegmentedTransmissionLine#text$line1.C:v">line1.C[54].v</a>
<a href="Modelica://Modelica.Electrical.Analog.Examples.Lines.LightningSegmentedTransmissionLine#text$line1.C:v">line1.C[55].v</a>
<a href="Modelica://Modelica.Electrical.Analog.Examples.Lines.LightningSegmentedTransmissionLine#text$line1.C:v">line1.C[56].v</a>
<a href="Modelica://Modelica.Electrical.Analog.Examples.Lines.LightningSegmentedTransmissionLine#text$line1.C:v">line1.C[57].v</a>
<a href="Modelica://Modelica.Electrical.Analog.Examples.Lines.LightningSegmentedTransmissionLine#text$line1.C:v">line1.C[58].v</a>
<a href="Modelica://Modelica.Electrical.Analog.Examples.Lines.LightningSegmentedTransmissionLine#text$line1.C:v">line1.C[59].v</a>
<a href="Modelica://Modelica.Electrical.Analog.Examples.Lines.LightningSegmentedTransmissionLine#text$line1.C:v">line1.C[60].v</a>
<a href="Modelica://Modelica.Electrical.Analog.Examples.Lines.LightningSegmentedTransmissionLine#text$line1.C:v">line1.C[61].v</a>
<a href="Modelica://Modelica.Electrical.Analog.Examples.Lines.LightningSegmentedTransmissionLine#text$line1.C:v">line1.C[62].v</a>
<a href="Modelica://Modelica.Electrical.Analog.Examples.Lines.LightningSegmentedTransmissionLine#text$line1.C:v">line1.C[63].v</a>
<a href="Modelica://Modelica.Electrical.Analog.Examples.Lines.LightningSegmentedTransmissionLine#text$line1.C:v">line1.C[64].v</a>
<a href="Modelica://Modelica.Electrical.Analog.Examples.Lines.LightningSegmentedTransmissionLine#text$line1.C:v">line1.C[65].v</a>
<a href="Modelica://Modelica.Electrical.Analog.Examples.Lines.LightningSegmentedTransmissionLine#text$line1.C:v">line1.C[66].v</a>
<a href="Modelica://Modelica.Electrical.Analog.Examples.Lines.LightningSegmentedTransmissionLine#text$line1.C:v">line1.C[67].v</a>
<a href="Modelica://Modelica.Electrical.Analog.Examples.Lines.LightningSegmentedTransmissionLine#text$line1.C:v">line1.C[68].v</a>
<a href="Modelica://Modelica.Electrical.Analog.Examples.Lines.LightningSegmentedTransmissionLine#text$line1.C:v">line1.C[69].v</a>
<a href="Modelica://Modelica.Electrical.Analog.Examples.Lines.LightningSegmentedTransmissionLine#text$line1.C:v">line1.C[70].v</a>
<a href="Modelica://Modelica.Electrical.Analog.Examples.Lines.LightningSegmentedTransmissionLine#text$line1.C:v">line1.C[71].v</a>
<a href="Modelica://Modelica.Electrical.Analog.Examples.Lines.LightningSegmentedTransmissionLine#text$line1.C:v">line1.C[72].v</a>
<a href="Modelica://Modelica.Electrical.Analog.Examples.Lines.LightningSegmentedTransmissionLine#text$line1.C:v">line1.C[73].v</a>
<a href="Modelica://Modelica.Electrical.Analog.Examples.Lines.LightningSegmentedTransmissionLine#text$line1.C:v">line1.C[74].v</a>
<a href="Modelica://Modelica.Electrical.Analog.Examples.Lines.LightningSegmentedTransmissionLine#text$line1.C:v">line1.C[75].v</a>
<a href="Modelica://Modelica.Electrical.Analog.Examples.Lines.LightningSegmentedTransmissionLine#text$line1.C:v">line1.C[76].v</a>
<a href="Modelica://Modelica.Electrical.Analog.Examples.Lines.LightningSegmentedTransmissionLine#text$line1.C:v">line1.C[77].v</a>
<a href="Modelica://Modelica.Electrical.Analog.Examples.Lines.LightningSegmentedTransmissionLine#text$line1.C:v">line1.C[78].v</a>
<a href="Modelica://Modelica.Electrical.Analog.Examples.Lines.LightningSegmentedTransmissionLine#text$line1.C:v">line1.C[79].v</a>
<a href="Modelica://Modelica.Electrical.Analog.Examples.Lines.LightningSegmentedTransmissionLine#text$line1.C:v">line1.C[80].v</a>
<a href="Modelica://Modelica.Electrical.Analog.Examples.Lines.LightningSegmentedTransmissionLine#text$line1.C:v">line1.C[81].v</a>
<a href="Modelica://Modelica.Electrical.Analog.Examples.Lines.LightningSegmentedTransmissionLine#text$line1.C:v">line1.C[82].v</a>
<a href="Modelica://Modelica.Electrical.Analog.Examples.Lines.LightningSegmentedTransmissionLine#text$line1.C:v">line1.C[83].v</a>
<a href="Modelica://Modelica.Electrical.Analog.Examples.Lines.LightningSegmentedTransmissionLine#text$line1.C:v">line1.C[84].v</a>
<a href="Modelica://Modelica.Electrical.Analog.Examples.Lines.LightningSegmentedTransmissionLine#text$line1.C:v">line1.C[85].v</a>
<a href="Modelica://Modelica.Electrical.Analog.Examples.Lines.LightningSegmentedTransmissionLine#text$line1.C:v">line1.C[86].v</a>
<a href="Modelica://Modelica.Electrical.Analog.Examples.Lines.LightningSegmentedTransmissionLine#text$line1.C:v">line1.C[87].v</a>
<a href="Modelica://Modelica.Electrical.Analog.Examples.Lines.LightningSegmentedTransmissionLine#text$line1.C:v">line1.C[88].v</a>
<a href="Modelica://Modelica.Electrical.Analog.Examples.Lines.LightningSegmentedTransmissionLine#text$line1.C:v">line1.C[89].v</a>
<a href="Modelica://Modelica.Electrical.Analog.Examples.Lines.LightningSegmentedTransmissionLine#text$line1.C:v">line1.C[90].v</a>
<a href="Modelica://Modelica.Electrical.Analog.Examples.Lines.LightningSegmentedTransmissionLine#text$line1.C:v">line1.C[91].v</a>
<a href="Modelica://Modelica.Electrical.Analog.Examples.Lines.LightningSegmentedTransmissionLine#text$line1.C:v">line1.C[92].v</a>
<a href="Modelica://Modelica.Electrical.Analog.Examples.Lines.LightningSegmentedTransmissionLine#text$line1.C:v">line1.C[93].v</a>
<a href="Modelica://Modelica.Electrical.Analog.Examples.Lines.LightningSegmentedTransmissionLine#text$line1.C:v">line1.C[94].v</a>
<a href="Modelica://Modelica.Electrical.Analog.Examples.Lines.LightningSegmentedTransmissionLine#text$line1.C:v">line1.C[95].v</a>
<a href="Modelica://Modelica.Electrical.Analog.Examples.Lines.LightningSegmentedTransmissionLine#text$line1.C:v">line1.C[96].v</a>
<a href="Modelica://Modelica.Electrical.Analog.Examples.Lines.LightningSegmentedTransmissionLine#text$line1.C:v">line1.C[97].v</a>
<a href="Modelica://Modelica.Electrical.Analog.Examples.Lines.LightningSegmentedTransmissionLine#text$line1.C:v">line1.C[98].v</a>
<a href="Modelica://Modelica.Electrical.Analog.Examples.Lines.LightningSegmentedTransmissionLine#text$line1.C:v">line1.C[99].v</a>
<a href="Modelica://Modelica.Electrical.Analog.Examples.Lines.LightningSegmentedTransmissionLine#text$line1.C:v">line1.C[100].v</a>
<a href="Modelica://Modelica.Electrical.Analog.Examples.Lines.LightningSegmentedTransmissionLine#text$line1.L:i">line1.L[1].i</a>
<a href="Modelica://Modelica.Electrical.Analog.Examples.Lines.LightningSegmentedTransmissionLine#text$line1.L:i">line1.L[2].i</a>
<a href="Modelica://Modelica.Electrical.Analog.Examples.Lines.LightningSegmentedTransmissionLine#text$line1.L:i">line1.L[3].i</a>
<a href="Modelica://Modelica.Electrical.Analog.Examples.Lines.LightningSegmentedTransmissionLine#text$line1.L:i">line1.L[4].i</a>
<a href="Modelica://Modelica.Electrical.Analog.Examples.Lines.LightningSegmentedTransmissionLine#text$line1.L:i">line1.L[5].i</a>
<a href="Modelica://Modelica.Electrical.Analog.Examples.Lines.LightningSegmentedTransmissionLine#text$line1.L:i">line1.L[6].i</a>
<a href="Modelica://Modelica.Electrical.Analog.Examples.Lines.LightningSegmentedTransmissionLine#text$line1.L:i">line1.L[7].i</a>
<a href="Modelica://Modelica.Electrical.Analog.Examples.Lines.LightningSegmentedTransmissionLine#text$line1.L:i">line1.L[8].i</a>
<a href="Modelica://Modelica.Electrical.Analog.Examples.Lines.LightningSegmentedTransmissionLine#text$line1.L:i">line1.L[9].i</a>
<a href="Modelica://Modelica.Electrical.Analog.Examples.Lines.LightningSegmentedTransmissionLine#text$line1.L:i">line1.L[10].i</a>
<a href="Modelica://Modelica.Electrical.Analog.Examples.Lines.LightningSegmentedTransmissionLine#text$line1.L:i">line1.L[11].i</a>
<a href="Modelica://Modelica.Electrical.Analog.Examples.Lines.LightningSegmentedTransmissionLine#text$line1.L:i">line1.L[12].i</a>
<a href="Modelica://Modelica.Electrical.Analog.Examples.Lines.LightningSegmentedTransmissionLine#text$line1.L:i">line1.L[13].i</a>
<a href="Modelica://Modelica.Electrical.Analog.Examples.Lines.LightningSegmentedTransmissionLine#text$line1.L:i">line1.L[14].i</a>
<a href="Modelica://Modelica.Electrical.Analog.Examples.Lines.LightningSegmentedTransmissionLine#text$line1.L:i">line1.L[15].i</a>
<a href="Modelica://Modelica.Electrical.Analog.Examples.Lines.LightningSegmentedTransmissionLine#text$line1.L:i">line1.L[16].i</a>
<a href="Modelica://Modelica.Electrical.Analog.Examples.Lines.LightningSegmentedTransmissionLine#text$line1.L:i">line1.L[17].i</a>
<a href="Modelica://Modelica.Electrical.Analog.Examples.Lines.LightningSegmentedTransmissionLine#text$line1.L:i">line1.L[18].i</a>
<a href="Modelica://Modelica.Electrical.Analog.Examples.Lines.LightningSegmentedTransmissionLine#text$line1.L:i">line1.L[19].i</a>
<a href="Modelica://Modelica.Electrical.Analog.Examples.Lines.LightningSegmentedTransmissionLine#text$line1.L:i">line1.L[20].i</a>
<a href="Modelica://Modelica.Electrical.Analog.Examples.Lines.LightningSegmentedTransmissionLine#text$line1.L:i">line1.L[21].i</a>
<a href="Modelica://Modelica.Electrical.Analog.Examples.Lines.LightningSegmentedTransmissionLine#text$line1.L:i">line1.L[22].i</a>
<a href="Modelica://Modelica.Electrical.Analog.Examples.Lines.LightningSegmentedTransmissionLine#text$line1.L:i">line1.L[23].i</a>
<a href="Modelica://Modelica.Electrical.Analog.Examples.Lines.LightningSegmentedTransmissionLine#text$line1.L:i">line1.L[24].i</a>
<a href="Modelica://Modelica.Electrical.Analog.Examples.Lines.LightningSegmentedTransmissionLine#text$line1.L:i">line1.L[25].i</a>
<a href="Modelica://Modelica.Electrical.Analog.Examples.Lines.LightningSegmentedTransmissionLine#text$line1.L:i">line1.L[26].i</a>
<a href="Modelica://Modelica.Electrical.Analog.Examples.Lines.LightningSegmentedTransmissionLine#text$line1.L:i">line1.L[27].i</a>
<a href="Modelica://Modelica.Electrical.Analog.Examples.Lines.LightningSegmentedTransmissionLine#text$line1.L:i">line1.L[28].i</a>
<a href="Modelica://Modelica.Electrical.Analog.Examples.Lines.LightningSegmentedTransmissionLine#text$line1.L:i">line1.L[29].i</a>
<a href="Modelica://Modelica.Electrical.Analog.Examples.Lines.LightningSegmentedTransmissionLine#text$line1.L:i">line1.L[30].i</a>
<a href="Modelica://Modelica.Electrical.Analog.Examples.Lines.LightningSegmentedTransmissionLine#text$line1.L:i">line1.L[31].i</a>
<a href="Modelica://Modelica.Electrical.Analog.Examples.Lines.LightningSegmentedTransmissionLine#text$line1.L:i">line1.L[32].i</a>
<a href="Modelica://Modelica.Electrical.Analog.Examples.Lines.LightningSegmentedTransmissionLine#text$line1.L:i">line1.L[33].i</a>
<a href="Modelica://Modelica.Electrical.Analog.Examples.Lines.LightningSegmentedTransmissionLine#text$line1.L:i">line1.L[34].i</a>
<a href="Modelica://Modelica.Electrical.Analog.Examples.Lines.LightningSegmentedTransmissionLine#text$line1.L:i">line1.L[35].i</a>
<a href="Modelica://Modelica.Electrical.Analog.Examples.Lines.LightningSegmentedTransmissionLine#text$line1.L:i">line1.L[36].i</a>
<a href="Modelica://Modelica.Electrical.Analog.Examples.Lines.LightningSegmentedTransmissionLine#text$line1.L:i">line1.L[37].i</a>
<a href="Modelica://Modelica.Electrical.Analog.Examples.Lines.LightningSegmentedTransmissionLine#text$line1.L:i">line1.L[38].i</a>
<a href="Modelica://Modelica.Electrical.Analog.Examples.Lines.LightningSegmentedTransmissionLine#text$line1.L:i">line1.L[39].i</a>
<a href="Modelica://Modelica.Electrical.Analog.Examples.Lines.LightningSegmentedTransmissionLine#text$line1.L:i">line1.L[40].i</a>
<a href="Modelica://Modelica.Electrical.Analog.Examples.Lines.LightningSegmentedTransmissionLine#text$line1.L:i">line1.L[41].i</a>
<a href="Modelica://Modelica.Electrical.Analog.Examples.Lines.LightningSegmentedTransmissionLine#text$line1.L:i">line1.L[42].i</a>
<a href="Modelica://Modelica.Electrical.Analog.Examples.Lines.LightningSegmentedTransmissionLine#text$line1.L:i">line1.L[43].i</a>
<a href="Modelica://Modelica.Electrical.Analog.Examples.Lines.LightningSegmentedTransmissionLine#text$line1.L:i">line1.L[44].i</a>
<a href="Modelica://Modelica.Electrical.Analog.Examples.Lines.LightningSegmentedTransmissionLine#text$line1.L:i">line1.L[45].i</a>
<a href="Modelica://Modelica.Electrical.Analog.Examples.Lines.LightningSegmentedTransmissionLine#text$line1.L:i">line1.L[46].i</a>
<a href="Modelica://Modelica.Electrical.Analog.Examples.Lines.LightningSegmentedTransmissionLine#text$line1.L:i">line1.L[47].i</a>
<a href="Modelica://Modelica.Electrical.Analog.Examples.Lines.LightningSegmentedTransmissionLine#text$line1.L:i">line1.L[48].i</a>
<a href="Modelica://Modelica.Electrical.Analog.Examples.Lines.LightningSegmentedTransmissionLine#text$line1.L:i">line1.L[49].i</a>
<a href="Modelica://Modelica.Electrical.Analog.Examples.Lines.LightningSegmentedTransmissionLine#text$line1.L:i">line1.L[50].i</a>
<a href="Modelica://Modelica.Electrical.Analog.Examples.Lines.LightningSegmentedTransmissionLine#text$line1.L:i">line1.L[51].i</a>
<a href="Modelica://Modelica.Electrical.Analog.Examples.Lines.LightningSegmentedTransmissionLine#text$line1.L:i">line1.L[52].i</a>
<a href="Modelica://Modelica.Electrical.Analog.Examples.Lines.LightningSegmentedTransmissionLine#text$line1.L:i">line1.L[53].i</a>
<a href="Modelica://Modelica.Electrical.Analog.Examples.Lines.LightningSegmentedTransmissionLine#text$line1.L:i">line1.L[54].i</a>
<a href="Modelica://Modelica.Electrical.Analog.Examples.Lines.LightningSegmentedTransmissionLine#text$line1.L:i">line1.L[55].i</a>
<a href="Modelica://Modelica.Electrical.Analog.Examples.Lines.LightningSegmentedTransmissionLine#text$line1.L:i">line1.L[56].i</a>
<a href="Modelica://Modelica.Electrical.Analog.Examples.Lines.LightningSegmentedTransmissionLine#text$line1.L:i">line1.L[57].i</a>
<a href="Modelica://Modelica.Electrical.Analog.Examples.Lines.LightningSegmentedTransmissionLine#text$line1.L:i">line1.L[58].i</a>
<a href="Modelica://Modelica.Electrical.Analog.Examples.Lines.LightningSegmentedTransmissionLine#text$line1.L:i">line1.L[59].i</a>
<a href="Modelica://Modelica.Electrical.Analog.Examples.Lines.LightningSegmentedTransmissionLine#text$line1.L:i">line1.L[60].i</a>
<a href="Modelica://Modelica.Electrical.Analog.Examples.Lines.LightningSegmentedTransmissionLine#text$line1.L:i">line1.L[61].i</a>
<a href="Modelica://Modelica.Electrical.Analog.Examples.Lines.LightningSegmentedTransmissionLine#text$line1.L:i">line1.L[62].i</a>
<a href="Modelica://Modelica.Electrical.Analog.Examples.Lines.LightningSegmentedTransmissionLine#text$line1.L:i">line1.L[63].i</a>
<a href="Modelica://Modelica.Electrical.Analog.Examples.Lines.LightningSegmentedTransmissionLine#text$line1.L:i">line1.L[64].i</a>
<a href="Modelica://Modelica.Electrical.Analog.Examples.Lines.LightningSegmentedTransmissionLine#text$line1.L:i">line1.L[65].i</a>
<a href="Modelica://Modelica.Electrical.Analog.Examples.Lines.LightningSegmentedTransmissionLine#text$line1.L:i">line1.L[66].i</a>
<a href="Modelica://Modelica.Electrical.Analog.Examples.Lines.LightningSegmentedTransmissionLine#text$line1.L:i">line1.L[67].i</a>
<a href="Modelica://Modelica.Electrical.Analog.Examples.Lines.LightningSegmentedTransmissionLine#text$line1.L:i">line1.L[68].i</a>
<a href="Modelica://Modelica.Electrical.Analog.Examples.Lines.LightningSegmentedTransmissionLine#text$line1.L:i">line1.L[69].i</a>
<a href="Modelica://Modelica.Electrical.Analog.Examples.Lines.LightningSegmentedTransmissionLine#text$line1.L:i">line1.L[70].i</a>
<a href="Modelica://Modelica.Electrical.Analog.Examples.Lines.LightningSegmentedTransmissionLine#text$line1.L:i">line1.L[71].i</a>
<a href="Modelica://Modelica.Electrical.Analog.Examples.Lines.LightningSegmentedTransmissionLine#text$line1.L:i">line1.L[72].i</a>
<a href="Modelica://Modelica.Electrical.Analog.Examples.Lines.LightningSegmentedTransmissionLine#text$line1.L:i">line1.L[73].i</a>
<a href="Modelica://Modelica.Electrical.Analog.Examples.Lines.LightningSegmentedTransmissionLine#text$line1.L:i">line1.L[74].i</a>
<a href="Modelica://Modelica.Electrical.Analog.Examples.Lines.LightningSegmentedTransmissionLine#text$line1.L:i">line1.L[75].i</a>
<a href="Modelica://Modelica.Electrical.Analog.Examples.Lines.LightningSegmentedTransmissionLine#text$line1.L:i">line1.L[76].i</a>
<a href="Modelica://Modelica.Electrical.Analog.Examples.Lines.LightningSegmentedTransmissionLine#text$line1.L:i">line1.L[77].i</a>
<a href="Modelica://Modelica.Electrical.Analog.Examples.Lines.LightningSegmentedTransmissionLine#text$line1.L:i">line1.L[78].i</a>
<a href="Modelica://Modelica.Electrical.Analog.Examples.Lines.LightningSegmentedTransmissionLine#text$line1.L:i">line1.L[79].i</a>
<a href="Modelica://Modelica.Electrical.Analog.Examples.Lines.LightningSegmentedTransmissionLine#text$line1.L:i">line1.L[80].i</a>
<a href="Modelica://Modelica.Electrical.Analog.Examples.Lines.LightningSegmentedTransmissionLine#text$line1.L:i">line1.L[81].i</a>
<a href="Modelica://Modelica.Electrical.Analog.Examples.Lines.LightningSegmentedTransmissionLine#text$line1.L:i">line1.L[82].i</a>
<a href="Modelica://Modelica.Electrical.Analog.Examples.Lines.LightningSegmentedTransmissionLine#text$line1.L:i">line1.L[83].i</a>
<a href="Modelica://Modelica.Electrical.Analog.Examples.Lines.LightningSegmentedTransmissionLine#text$line1.L:i">line1.L[84].i</a>
<a href="Modelica://Modelica.Electrical.Analog.Examples.Lines.LightningSegmentedTransmissionLine#text$line1.L:i">line1.L[85].i</a>
<a href="Modelica://Modelica.Electrical.Analog.Examples.Lines.LightningSegmentedTransmissionLine#text$line1.L:i">line1.L[86].i</a>
<a href="Modelica://Modelica.Electrical.Analog.Examples.Lines.LightningSegmentedTransmissionLine#text$line1.L:i">line1.L[87].i</a>
<a href="Modelica://Modelica.Electrical.Analog.Examples.Lines.LightningSegmentedTransmissionLine#text$line1.L:i">line1.L[88].i</a>
<a href="Modelica://Modelica.Electrical.Analog.Examples.Lines.LightningSegmentedTransmissionLine#text$line1.L:i">line1.L[89].i</a>
<a href="Modelica://Modelica.Electrical.Analog.Examples.Lines.LightningSegmentedTransmissionLine#text$line1.L:i">line1.L[90].i</a>
<a href="Modelica://Modelica.Electrical.Analog.Examples.Lines.LightningSegmentedTransmissionLine#text$line1.L:i">line1.L[91].i</a>
<a href="Modelica://Modelica.Electrical.Analog.Examples.Lines.LightningSegmentedTransmissionLine#text$line1.L:i">line1.L[92].i</a>
<a href="Modelica://Modelica.Electrical.Analog.Examples.Lines.LightningSegmentedTransmissionLine#text$line1.L:i">line1.L[93].i</a>
<a href="Modelica://Modelica.Electrical.Analog.Examples.Lines.LightningSegmentedTransmissionLine#text$line1.L:i">line1.L[94].i</a>
<a href="Modelica://Modelica.Electrical.Analog.Examples.Lines.LightningSegmentedTransmissionLine#text$line1.L:i">line1.L[95].i</a>
<a href="Modelica://Modelica.Electrical.Analog.Examples.Lines.LightningSegmentedTransmissionLine#text$line1.L:i">line1.L[96].i</a>
<a href="Modelica://Modelica.Electrical.Analog.Examples.Lines.LightningSegmentedTransmissionLine#text$line1.L:i">line1.L[97].i</a>
<a href="Modelica://Modelica.Electrical.Analog.Examples.Lines.LightningSegmentedTransmissionLine#text$line1.L:i">line1.L[98].i</a>
<a href="Modelica://Modelica.Electrical.Analog.Examples.Lines.LightningSegmentedTransmissionLine#text$line1.L:i">line1.L[99].i</a>
<a href="Modelica://Modelica.Electrical.Analog.Examples.Lines.LightningSegmentedTransmissionLine#text$line1.L:i">line1.L[100].i</a>
<a href="Modelica://Modelica.Electrical.Analog.Examples.Lines.LightningSegmentedTransmissionLine#text$line1.L:i">line1.L[101].i</a>
<a href="Modelica://Modelica.Electrical.Analog.Examples.Lines.LightningSegmentedTransmissionLine#text$line2.C:v">line2.C[1].v</a>
<a href="Modelica://Modelica.Electrical.Analog.Examples.Lines.LightningSegmentedTransmissionLine#text$line2.C:v">line2.C[2].v</a>
<a href="Modelica://Modelica.Electrical.Analog.Examples.Lines.LightningSegmentedTransmissionLine#text$line2.C:v">line2.C[3].v</a>
<a href="Modelica://Modelica.Electrical.Analog.Examples.Lines.LightningSegmentedTransmissionLine#text$line2.C:v">line2.C[4].v</a>
<a href="Modelica://Modelica.Electrical.Analog.Examples.Lines.LightningSegmentedTransmissionLine#text$line2.C:v">line2.C[5].v</a>
<a href="Modelica://Modelica.Electrical.Analog.Examples.Lines.LightningSegmentedTransmissionLine#text$line2.C:v">line2.C[6].v</a>
<a href="Modelica://Modelica.Electrical.Analog.Examples.Lines.LightningSegmentedTransmissionLine#text$line2.C:v">line2.C[7].v</a>
<a href="Modelica://Modelica.Electrical.Analog.Examples.Lines.LightningSegmentedTransmissionLine#text$line2.C:v">line2.C[8].v</a>
<a href="Modelica://Modelica.Electrical.Analog.Examples.Lines.LightningSegmentedTransmissionLine#text$line2.C:v">line2.C[9].v</a>
<a href="Modelica://Modelica.Electrical.Analog.Examples.Lines.LightningSegmentedTransmissionLine#text$line2.C:v">line2.C[10].v</a>
<a href="Modelica://Modelica.Electrical.Analog.Examples.Lines.LightningSegmentedTransmissionLine#text$line2.C:v">line2.C[11].v</a>
<a href="Modelica://Modelica.Electrical.Analog.Examples.Lines.LightningSegmentedTransmissionLine#text$line2.C:v">line2.C[12].v</a>
<a href="Modelica://Modelica.Electrical.Analog.Examples.Lines.LightningSegmentedTransmissionLine#text$line2.C:v">line2.C[13].v</a>
<a href="Modelica://Modelica.Electrical.Analog.Examples.Lines.LightningSegmentedTransmissionLine#text$line2.C:v">line2.C[14].v</a>
<a href="Modelica://Modelica.Electrical.Analog.Examples.Lines.LightningSegmentedTransmissionLine#text$line2.C:v">line2.C[15].v</a>
<a href="Modelica://Modelica.Electrical.Analog.Examples.Lines.LightningSegmentedTransmissionLine#text$line2.C:v">line2.C[16].v</a>
<a href="Modelica://Modelica.Electrical.Analog.Examples.Lines.LightningSegmentedTransmissionLine#text$line2.C:v">line2.C[17].v</a>
<a href="Modelica://Modelica.Electrical.Analog.Examples.Lines.LightningSegmentedTransmissionLine#text$line2.C:v">line2.C[18].v</a>
<a href="Modelica://Modelica.Electrical.Analog.Examples.Lines.LightningSegmentedTransmissionLine#text$line2.C:v">line2.C[19].v</a>
<a href="Modelica://Modelica.Electrical.Analog.Examples.Lines.LightningSegmentedTransmissionLine#text$line2.C:v">line2.C[20].v</a>
<a href="Modelica://Modelica.Electrical.Analog.Examples.Lines.LightningSegmentedTransmissionLine#text$line2.C:v">line2.C[21].v</a>
<a href="Modelica://Modelica.Electrical.Analog.Examples.Lines.LightningSegmentedTransmissionLine#text$line2.C:v">line2.C[22].v</a>
<a href="Modelica://Modelica.Electrical.Analog.Examples.Lines.LightningSegmentedTransmissionLine#text$line2.C:v">line2.C[23].v</a>
<a href="Modelica://Modelica.Electrical.Analog.Examples.Lines.LightningSegmentedTransmissionLine#text$line2.C:v">line2.C[24].v</a>
<a href="Modelica://Modelica.Electrical.Analog.Examples.Lines.LightningSegmentedTransmissionLine#text$line2.C:v">line2.C[25].v</a>
<a href="Modelica://Modelica.Electrical.Analog.Examples.Lines.LightningSegmentedTransmissionLine#text$line2.C:v">line2.C[26].v</a>
<a href="Modelica://Modelica.Electrical.Analog.Examples.Lines.LightningSegmentedTransmissionLine#text$line2.C:v">line2.C[27].v</a>
<a href="Modelica://Modelica.Electrical.Analog.Examples.Lines.LightningSegmentedTransmissionLine#text$line2.C:v">line2.C[28].v</a>
<a href="Modelica://Modelica.Electrical.Analog.Examples.Lines.LightningSegmentedTransmissionLine#text$line2.C:v">line2.C[29].v</a>
<a href="Modelica://Modelica.Electrical.Analog.Examples.Lines.LightningSegmentedTransmissionLine#text$line2.C:v">line2.C[30].v</a>
<a href="Modelica://Modelica.Electrical.Analog.Examples.Lines.LightningSegmentedTransmissionLine#text$line2.C:v">line2.C[31].v</a>
<a href="Modelica://Modelica.Electrical.Analog.Examples.Lines.LightningSegmentedTransmissionLine#text$line2.C:v">line2.C[32].v</a>
<a href="Modelica://Modelica.Electrical.Analog.Examples.Lines.LightningSegmentedTransmissionLine#text$line2.C:v">line2.C[33].v</a>
<a href="Modelica://Modelica.Electrical.Analog.Examples.Lines.LightningSegmentedTransmissionLine#text$line2.C:v">line2.C[34].v</a>
<a href="Modelica://Modelica.Electrical.Analog.Examples.Lines.LightningSegmentedTransmissionLine#text$line2.C:v">line2.C[35].v</a>
<a href="Modelica://Modelica.Electrical.Analog.Examples.Lines.LightningSegmentedTransmissionLine#text$line2.C:v">line2.C[36].v</a>
<a href="Modelica://Modelica.Electrical.Analog.Examples.Lines.LightningSegmentedTransmissionLine#text$line2.C:v">line2.C[37].v</a>
<a href="Modelica://Modelica.Electrical.Analog.Examples.Lines.LightningSegmentedTransmissionLine#text$line2.C:v">line2.C[38].v</a>
<a href="Modelica://Modelica.Electrical.Analog.Examples.Lines.LightningSegmentedTransmissionLine#text$line2.C:v">line2.C[39].v</a>
<a href="Modelica://Modelica.Electrical.Analog.Examples.Lines.LightningSegmentedTransmissionLine#text$line2.C:v">line2.C[40].v</a>
<a href="Modelica://Modelica.Electrical.Analog.Examples.Lines.LightningSegmentedTransmissionLine#text$line2.C:v">line2.C[41].v</a>
<a href="Modelica://Modelica.Electrical.Analog.Examples.Lines.LightningSegmentedTransmissionLine#text$line2.C:v">line2.C[42].v</a>
<a href="Modelica://Modelica.Electrical.Analog.Examples.Lines.LightningSegmentedTransmissionLine#text$line2.C:v">line2.C[43].v</a>
<a href="Modelica://Modelica.Electrical.Analog.Examples.Lines.LightningSegmentedTransmissionLine#text$line2.C:v">line2.C[44].v</a>
<a href="Modelica://Modelica.Electrical.Analog.Examples.Lines.LightningSegmentedTransmissionLine#text$line2.C:v">line2.C[45].v</a>
<a href="Modelica://Modelica.Electrical.Analog.Examples.Lines.LightningSegmentedTransmissionLine#text$line2.C:v">line2.C[46].v</a>
<a href="Modelica://Modelica.Electrical.Analog.Examples.Lines.LightningSegmentedTransmissionLine#text$line2.C:v">line2.C[47].v</a>
<a href="Modelica://Modelica.Electrical.Analog.Examples.Lines.LightningSegmentedTransmissionLine#text$line2.C:v">line2.C[48].v</a>
<a href="Modelica://Modelica.Electrical.Analog.Examples.Lines.LightningSegmentedTransmissionLine#text$line2.C:v">line2.C[49].v</a>
<a href="Modelica://Modelica.Electrical.Analog.Examples.Lines.LightningSegmentedTransmissionLine#text$line2.C:v">line2.C[50].v</a>
<a href="Modelica://Modelica.Electrical.Analog.Examples.Lines.LightningSegmentedTransmissionLine#text$line2.C:v">line2.C[51].v</a>
<a href="Modelica://Modelica.Electrical.Analog.Examples.Lines.LightningSegmentedTransmissionLine#text$line2.C:v">line2.C[52].v</a>
<a href="Modelica://Modelica.Electrical.Analog.Examples.Lines.LightningSegmentedTransmissionLine#text$line2.C:v">line2.C[53].v</a>
<a href="Modelica://Modelica.Electrical.Analog.Examples.Lines.LightningSegmentedTransmissionLine#text$line2.C:v">line2.C[54].v</a>
<a href="Modelica://Modelica.Electrical.Analog.Examples.Lines.LightningSegmentedTransmissionLine#text$line2.C:v">line2.C[55].v</a>
<a href="Modelica://Modelica.Electrical.Analog.Examples.Lines.LightningSegmentedTransmissionLine#text$line2.C:v">line2.C[56].v</a>
<a href="Modelica://Modelica.Electrical.Analog.Examples.Lines.LightningSegmentedTransmissionLine#text$line2.C:v">line2.C[57].v</a>
<a href="Modelica://Modelica.Electrical.Analog.Examples.Lines.LightningSegmentedTransmissionLine#text$line2.C:v">line2.C[58].v</a>
<a href="Modelica://Modelica.Electrical.Analog.Examples.Lines.LightningSegmentedTransmissionLine#text$line2.C:v">line2.C[59].v</a>
<a href="Modelica://Modelica.Electrical.Analog.Examples.Lines.LightningSegmentedTransmissionLine#text$line2.C:v">line2.C[60].v</a>
<a href="Modelica://Modelica.Electrical.Analog.Examples.Lines.LightningSegmentedTransmissionLine#text$line2.C:v">line2.C[61].v</a>
<a href="Modelica://Modelica.Electrical.Analog.Examples.Lines.LightningSegmentedTransmissionLine#text$line2.C:v">line2.C[62].v</a>
<a href="Modelica://Modelica.Electrical.Analog.Examples.Lines.LightningSegmentedTransmissionLine#text$line2.C:v">line2.C[63].v</a>
<a href="Modelica://Modelica.Electrical.Analog.Examples.Lines.LightningSegmentedTransmissionLine#text$line2.C:v">line2.C[64].v</a>
<a href="Modelica://Modelica.Electrical.Analog.Examples.Lines.LightningSegmentedTransmissionLine#text$line2.C:v">line2.C[65].v</a>
<a href="Modelica://Modelica.Electrical.Analog.Examples.Lines.LightningSegmentedTransmissionLine#text$line2.C:v">line2.C[66].v</a>
<a href="Modelica://Modelica.Electrical.Analog.Examples.Lines.LightningSegmentedTransmissionLine#text$line2.C:v">line2.C[67].v</a>
<a href="Modelica://Modelica.Electrical.Analog.Examples.Lines.LightningSegmentedTransmissionLine#text$line2.C:v">line2.C[68].v</a>
<a href="Modelica://Modelica.Electrical.Analog.Examples.Lines.LightningSegmentedTransmissionLine#text$line2.C:v">line2.C[69].v</a>
<a href="Modelica://Modelica.Electrical.Analog.Examples.Lines.LightningSegmentedTransmissionLine#text$line2.C:v">line2.C[70].v</a>
<a href="Modelica://Modelica.Electrical.Analog.Examples.Lines.LightningSegmentedTransmissionLine#text$line2.C:v">line2.C[71].v</a>
<a href="Modelica://Modelica.Electrical.Analog.Examples.Lines.LightningSegmentedTransmissionLine#text$line2.C:v">line2.C[72].v</a>
<a href="Modelica://Modelica.Electrical.Analog.Examples.Lines.LightningSegmentedTransmissionLine#text$line2.C:v">line2.C[73].v</a>
<a href="Modelica://Modelica.Electrical.Analog.Examples.Lines.LightningSegmentedTransmissionLine#text$line2.C:v">line2.C[74].v</a>
<a href="Modelica://Modelica.Electrical.Analog.Examples.Lines.LightningSegmentedTransmissionLine#text$line2.C:v">line2.C[75].v</a>
<a href="Modelica://Modelica.Electrical.Analog.Examples.Lines.LightningSegmentedTransmissionLine#text$line2.C:v">line2.C[76].v</a>
<a href="Modelica://Modelica.Electrical.Analog.Examples.Lines.LightningSegmentedTransmissionLine#text$line2.C:v">line2.C[77].v</a>
<a href="Modelica://Modelica.Electrical.Analog.Examples.Lines.LightningSegmentedTransmissionLine#text$line2.C:v">line2.C[78].v</a>
<a href="Modelica://Modelica.Electrical.Analog.Examples.Lines.LightningSegmentedTransmissionLine#text$line2.C:v">line2.C[79].v</a>
<a href="Modelica://Modelica.Electrical.Analog.Examples.Lines.LightningSegmentedTransmissionLine#text$line2.C:v">line2.C[80].v</a>
<a href="Modelica://Modelica.Electrical.Analog.Examples.Lines.LightningSegmentedTransmissionLine#text$line2.C:v">line2.C[81].v</a>
<a href="Modelica://Modelica.Electrical.Analog.Examples.Lines.LightningSegmentedTransmissionLine#text$line2.C:v">line2.C[82].v</a>
<a href="Modelica://Modelica.Electrical.Analog.Examples.Lines.LightningSegmentedTransmissionLine#text$line2.C:v">line2.C[83].v</a>
<a href="Modelica://Modelica.Electrical.Analog.Examples.Lines.LightningSegmentedTransmissionLine#text$line2.C:v">line2.C[84].v</a>
<a href="Modelica://Modelica.Electrical.Analog.Examples.Lines.LightningSegmentedTransmissionLine#text$line2.C:v">line2.C[85].v</a>
<a href="Modelica://Modelica.Electrical.Analog.Examples.Lines.LightningSegmentedTransmissionLine#text$line2.C:v">line2.C[86].v</a>
<a href="Modelica://Modelica.Electrical.Analog.Examples.Lines.LightningSegmentedTransmissionLine#text$line2.C:v">line2.C[87].v</a>
<a href="Modelica://Modelica.Electrical.Analog.Examples.Lines.LightningSegmentedTransmissionLine#text$line2.C:v">line2.C[88].v</a>
<a href="Modelica://Modelica.Electrical.Analog.Examples.Lines.LightningSegmentedTransmissionLine#text$line2.C:v">line2.C[89].v</a>
<a href="Modelica://Modelica.Electrical.Analog.Examples.Lines.LightningSegmentedTransmissionLine#text$line2.C:v">line2.C[90].v</a>
<a href="Modelica://Modelica.Electrical.Analog.Examples.Lines.LightningSegmentedTransmissionLine#text$line2.C:v">line2.C[91].v</a>
<a href="Modelica://Modelica.Electrical.Analog.Examples.Lines.LightningSegmentedTransmissionLine#text$line2.C:v">line2.C[92].v</a>
<a href="Modelica://Modelica.Electrical.Analog.Examples.Lines.LightningSegmentedTransmissionLine#text$line2.C:v">line2.C[93].v</a>
<a href="Modelica://Modelica.Electrical.Analog.Examples.Lines.LightningSegmentedTransmissionLine#text$line2.C:v">line2.C[94].v</a>
<a href="Modelica://Modelica.Electrical.Analog.Examples.Lines.LightningSegmentedTransmissionLine#text$line2.C:v">line2.C[95].v</a>
<a href="Modelica://Modelica.Electrical.Analog.Examples.Lines.LightningSegmentedTransmissionLine#text$line2.C:v">line2.C[96].v</a>
<a href="Modelica://Modelica.Electrical.Analog.Examples.Lines.LightningSegmentedTransmissionLine#text$line2.C:v">line2.C[97].v</a>
<a href="Modelica://Modelica.Electrical.Analog.Examples.Lines.LightningSegmentedTransmissionLine#text$line2.C:v">line2.C[98].v</a>
<a href="Modelica://Modelica.Electrical.Analog.Examples.Lines.LightningSegmentedTransmissionLine#text$line2.C:v">line2.C[99].v</a>
<a href="Modelica://Modelica.Electrical.Analog.Examples.Lines.LightningSegmentedTransmissionLine#text$line2.C:v">line2.C[100].v</a>
<a href="Modelica://Modelica.Electrical.Analog.Examples.Lines.LightningSegmentedTransmissionLine#text$line2.L:i">line2.L[2].i</a>
<a href="Modelica://Modelica.Electrical.Analog.Examples.Lines.LightningSegmentedTransmissionLine#text$line2.L:i">line2.L[3].i</a>
<a href="Modelica://Modelica.Electrical.Analog.Examples.Lines.LightningSegmentedTransmissionLine#text$line2.L:i">line2.L[4].i</a>
<a href="Modelica://Modelica.Electrical.Analog.Examples.Lines.LightningSegmentedTransmissionLine#text$line2.L:i">line2.L[5].i</a>
<a href="Modelica://Modelica.Electrical.Analog.Examples.Lines.LightningSegmentedTransmissionLine#text$line2.L:i">line2.L[6].i</a>
<a href="Modelica://Modelica.Electrical.Analog.Examples.Lines.LightningSegmentedTransmissionLine#text$line2.L:i">line2.L[7].i</a>
<a href="Modelica://Modelica.Electrical.Analog.Examples.Lines.LightningSegmentedTransmissionLine#text$line2.L:i">line2.L[8].i</a>
<a href="Modelica://Modelica.Electrical.Analog.Examples.Lines.LightningSegmentedTransmissionLine#text$line2.L:i">line2.L[9].i</a>
<a href="Modelica://Modelica.Electrical.Analog.Examples.Lines.LightningSegmentedTransmissionLine#text$line2.L:i">line2.L[10].i</a>
<a href="Modelica://Modelica.Electrical.Analog.Examples.Lines.LightningSegmentedTransmissionLine#text$line2.L:i">line2.L[11].i</a>
<a href="Modelica://Modelica.Electrical.Analog.Examples.Lines.LightningSegmentedTransmissionLine#text$line2.L:i">line2.L[12].i</a>
<a href="Modelica://Modelica.Electrical.Analog.Examples.Lines.LightningSegmentedTransmissionLine#text$line2.L:i">line2.L[13].i</a>
<a href="Modelica://Modelica.Electrical.Analog.Examples.Lines.LightningSegmentedTransmissionLine#text$line2.L:i">line2.L[14].i</a>
<a href="Modelica://Modelica.Electrical.Analog.Examples.Lines.LightningSegmentedTransmissionLine#text$line2.L:i">line2.L[15].i</a>
<a href="Modelica://Modelica.Electrical.Analog.Examples.Lines.LightningSegmentedTransmissionLine#text$line2.L:i">line2.L[16].i</a>
<a href="Modelica://Modelica.Electrical.Analog.Examples.Lines.LightningSegmentedTransmissionLine#text$line2.L:i">line2.L[17].i</a>
<a href="Modelica://Modelica.Electrical.Analog.Examples.Lines.LightningSegmentedTransmissionLine#text$line2.L:i">line2.L[18].i</a>
<a href="Modelica://Modelica.Electrical.Analog.Examples.Lines.LightningSegmentedTransmissionLine#text$line2.L:i">line2.L[19].i</a>
<a href="Modelica://Modelica.Electrical.Analog.Examples.Lines.LightningSegmentedTransmissionLine#text$line2.L:i">line2.L[20].i</a>
<a href="Modelica://Modelica.Electrical.Analog.Examples.Lines.LightningSegmentedTransmissionLine#text$line2.L:i">line2.L[21].i</a>
<a href="Modelica://Modelica.Electrical.Analog.Examples.Lines.LightningSegmentedTransmissionLine#text$line2.L:i">line2.L[22].i</a>
<a href="Modelica://Modelica.Electrical.Analog.Examples.Lines.LightningSegmentedTransmissionLine#text$line2.L:i">line2.L[23].i</a>
<a href="Modelica://Modelica.Electrical.Analog.Examples.Lines.LightningSegmentedTransmissionLine#text$line2.L:i">line2.L[24].i</a>
<a href="Modelica://Modelica.Electrical.Analog.Examples.Lines.LightningSegmentedTransmissionLine#text$line2.L:i">line2.L[25].i</a>
<a href="Modelica://Modelica.Electrical.Analog.Examples.Lines.LightningSegmentedTransmissionLine#text$line2.L:i">line2.L[26].i</a>
<a href="Modelica://Modelica.Electrical.Analog.Examples.Lines.LightningSegmentedTransmissionLine#text$line2.L:i">line2.L[27].i</a>
<a href="Modelica://Modelica.Electrical.Analog.Examples.Lines.LightningSegmentedTransmissionLine#text$line2.L:i">line2.L[28].i</a>
<a href="Modelica://Modelica.Electrical.Analog.Examples.Lines.LightningSegmentedTransmissionLine#text$line2.L:i">line2.L[29].i</a>
<a href="Modelica://Modelica.Electrical.Analog.Examples.Lines.LightningSegmentedTransmissionLine#text$line2.L:i">line2.L[30].i</a>
<a href="Modelica://Modelica.Electrical.Analog.Examples.Lines.LightningSegmentedTransmissionLine#text$line2.L:i">line2.L[31].i</a>
<a href="Modelica://Modelica.Electrical.Analog.Examples.Lines.LightningSegmentedTransmissionLine#text$line2.L:i">line2.L[32].i</a>
<a href="Modelica://Modelica.Electrical.Analog.Examples.Lines.LightningSegmentedTransmissionLine#text$line2.L:i">line2.L[33].i</a>
<a href="Modelica://Modelica.Electrical.Analog.Examples.Lines.LightningSegmentedTransmissionLine#text$line2.L:i">line2.L[34].i</a>
<a href="Modelica://Modelica.Electrical.Analog.Examples.Lines.LightningSegmentedTransmissionLine#text$line2.L:i">line2.L[35].i</a>
<a href="Modelica://Modelica.Electrical.Analog.Examples.Lines.LightningSegmentedTransmissionLine#text$line2.L:i">line2.L[36].i</a>
<a href="Modelica://Modelica.Electrical.Analog.Examples.Lines.LightningSegmentedTransmissionLine#text$line2.L:i">line2.L[37].i</a>
<a href="Modelica://Modelica.Electrical.Analog.Examples.Lines.LightningSegmentedTransmissionLine#text$line2.L:i">line2.L[38].i</a>
<a href="Modelica://Modelica.Electrical.Analog.Examples.Lines.LightningSegmentedTransmissionLine#text$line2.L:i">line2.L[39].i</a>
<a href="Modelica://Modelica.Electrical.Analog.Examples.Lines.LightningSegmentedTransmissionLine#text$line2.L:i">line2.L[40].i</a>
<a href="Modelica://Modelica.Electrical.Analog.Examples.Lines.LightningSegmentedTransmissionLine#text$line2.L:i">line2.L[41].i</a>
<a href="Modelica://Modelica.Electrical.Analog.Examples.Lines.LightningSegmentedTransmissionLine#text$line2.L:i">line2.L[42].i</a>
<a href="Modelica://Modelica.Electrical.Analog.Examples.Lines.LightningSegmentedTransmissionLine#text$line2.L:i">line2.L[43].i</a>
<a href="Modelica://Modelica.Electrical.Analog.Examples.Lines.LightningSegmentedTransmissionLine#text$line2.L:i">line2.L[44].i</a>
<a href="Modelica://Modelica.Electrical.Analog.Examples.Lines.LightningSegmentedTransmissionLine#text$line2.L:i">line2.L[45].i</a>
<a href="Modelica://Modelica.Electrical.Analog.Examples.Lines.LightningSegmentedTransmissionLine#text$line2.L:i">line2.L[46].i</a>
<a href="Modelica://Modelica.Electrical.Analog.Examples.Lines.LightningSegmentedTransmissionLine#text$line2.L:i">line2.L[47].i</a>
<a href="Modelica://Modelica.Electrical.Analog.Examples.Lines.LightningSegmentedTransmissionLine#text$line2.L:i">line2.L[48].i</a>
<a href="Modelica://Modelica.Electrical.Analog.Examples.Lines.LightningSegmentedTransmissionLine#text$line2.L:i">line2.L[49].i</a>
<a href="Modelica://Modelica.Electrical.Analog.Examples.Lines.LightningSegmentedTransmissionLine#text$line2.L:i">line2.L[50].i</a>
<a href="Modelica://Modelica.Electrical.Analog.Examples.Lines.LightningSegmentedTransmissionLine#text$line2.L:i">line2.L[51].i</a>
<a href="Modelica://Modelica.Electrical.Analog.Examples.Lines.LightningSegmentedTransmissionLine#text$line2.L:i">line2.L[52].i</a>
<a href="Modelica://Modelica.Electrical.Analog.Examples.Lines.LightningSegmentedTransmissionLine#text$line2.L:i">line2.L[53].i</a>
<a href="Modelica://Modelica.Electrical.Analog.Examples.Lines.LightningSegmentedTransmissionLine#text$line2.L:i">line2.L[54].i</a>
<a href="Modelica://Modelica.Electrical.Analog.Examples.Lines.LightningSegmentedTransmissionLine#text$line2.L:i">line2.L[55].i</a>
<a href="Modelica://Modelica.Electrical.Analog.Examples.Lines.LightningSegmentedTransmissionLine#text$line2.L:i">line2.L[56].i</a>
<a href="Modelica://Modelica.Electrical.Analog.Examples.Lines.LightningSegmentedTransmissionLine#text$line2.L:i">line2.L[57].i</a>
<a href="Modelica://Modelica.Electrical.Analog.Examples.Lines.LightningSegmentedTransmissionLine#text$line2.L:i">line2.L[58].i</a>
<a href="Modelica://Modelica.Electrical.Analog.Examples.Lines.LightningSegmentedTransmissionLine#text$line2.L:i">line2.L[59].i</a>
<a href="Modelica://Modelica.Electrical.Analog.Examples.Lines.LightningSegmentedTransmissionLine#text$line2.L:i">line2.L[60].i</a>
<a href="Modelica://Modelica.Electrical.Analog.Examples.Lines.LightningSegmentedTransmissionLine#text$line2.L:i">line2.L[61].i</a>
<a href="Modelica://Modelica.Electrical.Analog.Examples.Lines.LightningSegmentedTransmissionLine#text$line2.L:i">line2.L[62].i</a>
<a href="Modelica://Modelica.Electrical.Analog.Examples.Lines.LightningSegmentedTransmissionLine#text$line2.L:i">line2.L[63].i</a>
<a href="Modelica://Modelica.Electrical.Analog.Examples.Lines.LightningSegmentedTransmissionLine#text$line2.L:i">line2.L[64].i</a>
<a href="Modelica://Modelica.Electrical.Analog.Examples.Lines.LightningSegmentedTransmissionLine#text$line2.L:i">line2.L[65].i</a>
<a href="Modelica://Modelica.Electrical.Analog.Examples.Lines.LightningSegmentedTransmissionLine#text$line2.L:i">line2.L[66].i</a>
<a href="Modelica://Modelica.Electrical.Analog.Examples.Lines.LightningSegmentedTransmissionLine#text$line2.L:i">line2.L[67].i</a>
<a href="Modelica://Modelica.Electrical.Analog.Examples.Lines.LightningSegmentedTransmissionLine#text$line2.L:i">line2.L[68].i</a>
<a href="Modelica://Modelica.Electrical.Analog.Examples.Lines.LightningSegmentedTransmissionLine#text$line2.L:i">line2.L[69].i</a>
<a href="Modelica://Modelica.Electrical.Analog.Examples.Lines.LightningSegmentedTransmissionLine#text$line2.L:i">line2.L[70].i</a>
<a href="Modelica://Modelica.Electrical.Analog.Examples.Lines.LightningSegmentedTransmissionLine#text$line2.L:i">line2.L[71].i</a>
<a href="Modelica://Modelica.Electrical.Analog.Examples.Lines.LightningSegmentedTransmissionLine#text$line2.L:i">line2.L[72].i</a>
<a href="Modelica://Modelica.Electrical.Analog.Examples.Lines.LightningSegmentedTransmissionLine#text$line2.L:i">line2.L[73].i</a>
<a href="Modelica://Modelica.Electrical.Analog.Examples.Lines.LightningSegmentedTransmissionLine#text$line2.L:i">line2.L[74].i</a>
<a href="Modelica://Modelica.Electrical.Analog.Examples.Lines.LightningSegmentedTransmissionLine#text$line2.L:i">line2.L[75].i</a>
<a href="Modelica://Modelica.Electrical.Analog.Examples.Lines.LightningSegmentedTransmissionLine#text$line2.L:i">line2.L[76].i</a>
<a href="Modelica://Modelica.Electrical.Analog.Examples.Lines.LightningSegmentedTransmissionLine#text$line2.L:i">line2.L[77].i</a>
<a href="Modelica://Modelica.Electrical.Analog.Examples.Lines.LightningSegmentedTransmissionLine#text$line2.L:i">line2.L[78].i</a>
<a href="Modelica://Modelica.Electrical.Analog.Examples.Lines.LightningSegmentedTransmissionLine#text$line2.L:i">line2.L[79].i</a>
<a href="Modelica://Modelica.Electrical.Analog.Examples.Lines.LightningSegmentedTransmissionLine#text$line2.L:i">line2.L[80].i</a>
<a href="Modelica://Modelica.Electrical.Analog.Examples.Lines.LightningSegmentedTransmissionLine#text$line2.L:i">line2.L[81].i</a>
<a href="Modelica://Modelica.Electrical.Analog.Examples.Lines.LightningSegmentedTransmissionLine#text$line2.L:i">line2.L[82].i</a>
<a href="Modelica://Modelica.Electrical.Analog.Examples.Lines.LightningSegmentedTransmissionLine#text$line2.L:i">line2.L[83].i</a>
<a href="Modelica://Modelica.Electrical.Analog.Examples.Lines.LightningSegmentedTransmissionLine#text$line2.L:i">line2.L[84].i</a>
<a href="Modelica://Modelica.Electrical.Analog.Examples.Lines.LightningSegmentedTransmissionLine#text$line2.L:i">line2.L[85].i</a>
<a href="Modelica://Modelica.Electrical.Analog.Examples.Lines.LightningSegmentedTransmissionLine#text$line2.L:i">line2.L[86].i</a>
<a href="Modelica://Modelica.Electrical.Analog.Examples.Lines.LightningSegmentedTransmissionLine#text$line2.L:i">line2.L[87].i</a>
<a href="Modelica://Modelica.Electrical.Analog.Examples.Lines.LightningSegmentedTransmissionLine#text$line2.L:i">line2.L[88].i</a>
<a href="Modelica://Modelica.Electrical.Analog.Examples.Lines.LightningSegmentedTransmissionLine#text$line2.L:i">line2.L[89].i</a>
<a href="Modelica://Modelica.Electrical.Analog.Examples.Lines.LightningSegmentedTransmissionLine#text$line2.L:i">line2.L[90].i</a>
<a href="Modelica://Modelica.Electrical.Analog.Examples.Lines.LightningSegmentedTransmissionLine#text$line2.L:i">line2.L[91].i</a>
<a href="Modelica://Modelica.Electrical.Analog.Examples.Lines.LightningSegmentedTransmissionLine#text$line2.L:i">line2.L[92].i</a>
<a href="Modelica://Modelica.Electrical.Analog.Examples.Lines.LightningSegmentedTransmissionLine#text$line2.L:i">line2.L[93].i</a>
<a href="Modelica://Modelica.Electrical.Analog.Examples.Lines.LightningSegmentedTransmissionLine#text$line2.L:i">line2.L[94].i</a>
<a href="Modelica://Modelica.Electrical.Analog.Examples.Lines.LightningSegmentedTransmissionLine#text$line2.L:i">line2.L[95].i</a>
<a href="Modelica://Modelica.Electrical.Analog.Examples.Lines.LightningSegmentedTransmissionLine#text$line2.L:i">line2.L[96].i</a>
<a href="Modelica://Modelica.Electrical.Analog.Examples.Lines.LightningSegmentedTransmissionLine#text$line2.L:i">line2.L[97].i</a>
<a href="Modelica://Modelica.Electrical.Analog.Examples.Lines.LightningSegmentedTransmissionLine#text$line2.L:i">line2.L[98].i</a>
<a href="Modelica://Modelica.Electrical.Analog.Examples.Lines.LightningSegmentedTransmissionLine#text$line2.L:i">line2.L[99].i</a>
<a href="Modelica://Modelica.Electrical.Analog.Examples.Lines.LightningSegmentedTransmissionLine#text$line2.L:i">line2.L[100].i</a>
<a href="Modelica://Modelica.Electrical.Analog.Examples.Lines.LightningSegmentedTransmissionLine#text$line2.L:i">line2.L[101].i</a>
Finished
