Log-file of program ./dymosim
(generated: Tue May  5 00:39:19 2020)

dymosim started
... "dsin.txt" loading (dymosim input file)
... "SuperSample.mat" creating (simulation result file)

Integration started at T = 0 using integration method DASSL
(DAE multi-step solver (dassl/dasslrt of Petzold modified by Dassault Systemes))
Integration terminated successfully at T = 0.2
   CPU-time for integration                : 0.074 seconds
   CPU-time for one grid interval          : 0.0148 milliseconds
   CPU-time for initialization             : 0.001 seconds
   Number of result points                 : 5053
   Number of grid points                   : 5001
   Number of accepted steps                : 582
   Number of f-evaluations (dynamics)      : 582
   Number of crossing function evaluations : 5602
   Number of Jacobian-evaluations          : 550
   Number of model time events             : 32
   Number of input time events             : 0
   Number of state events                  : 0
   Number of step events                   : 0
   Minimum integration stepsize            : 1.33e-08
   Maximum integration stepsize            : 0.00317
   Maximum integration order               : 1
Calling terminal section
... "dsfinal.txt" creating (final states)
