Log-file of program ./dymosim
(generated: Tue May  5 00:32:35 2020)

dymosim started
... "dsin.txt" loading (dymosim input file)
... "ClockedWith_AD_DA_Effects.mat" creating (simulation result file)

Integration started at T = 0 using integration method DASSL
(DAE multi-step solver (dassl/dasslrt of Petzold modified by Dassault Systemes))
Integration terminated successfully at T = 5
   CPU-time for integration                : 0.086 seconds
   CPU-time for one grid interval          : 0.0172 milliseconds
   CPU-time for initialization             : 0 seconds
   Number of result points                 : 5101
   Number of grid points                   : 5001
   Number of accepted steps                : 1600
   Number of f-evaluations (dynamics)      : 1600
   Number of Jacobian-evaluations          : 1494
   Number of model time events             : 100
   Number of input time events             : 0
   Number of state events                  : 0
   Number of step events                   : 0
   Minimum integration stepsize            : 7.5e-07
   Maximum integration stepsize            : 0.0328
   Maximum integration order               : 2
Calling terminal section
... "dsfinal.txt" creating (final states)
