 = true
Translation of Modelica.Mechanics.MultiBody.Examples.Elementary.ForceAndTorque:
The DAE has 2161 scalar unknowns and 2161 scalar equations.
 
Statistics
 
Original Model
  Number of components: 110
  Variables: 999
  Constants: 2 (2 scalars)
  Parameters: 234 (391 scalars)
  Unknowns: 763 (2161 scalars)
  Differentiated variables: 21 scalars
  Equations: 684
  Nontrivial: 441
Translated Model
  Constants: 1451 scalars
  Free parameters: 77 scalars
  Parameter depending: 259 scalars
  Continuous time states: 4 scalars
  Time-varying variables: 122 scalars
  Alias variables: 645 scalars
  Number of mixed real/discrete systems of equations: 0
  Sizes of linear systems of equations: {11}
  Sizes after manipulation of the linear systems: {2}
  Sizes of nonlinear systems of equations: { }
  Sizes after manipulation of the nonlinear systems: { }
  Number of numerical Jacobians: 0
 
Settings
Advanced.StoreProtectedVariables = true
Selected continuous time states
Statically selected continuous time states
  revolute1.phi
  revolute1.w
  revolute2.phi
  revolute2.w
 