Log-file of program ./dymosim
(generated: Tue May  5 00:27:31 2020)

dymosim started
... "dsin.txt" loading (dymosim input file)
... "Filter.mat" creating (simulation result file)

Integration started at T = 0 using integration method DASSL
(DAE multi-step solver (dassl/dasslrt of Petzold modified by Dassault Systemes))
Integration terminated successfully at T = 0.9
   CPU-time for integration                : 0.075 seconds
   CPU-time for one grid interval          : 0.015 milliseconds
   CPU-time for initialization             : 0.001 seconds
   Number of result points                 : 5004
   Number of grid points                   : 5001
   Number of accepted steps                : 138
   Number of f-evaluations (dynamics)      : 245
   Number of Jacobian-evaluations          : 35
   Number of model time events             : 1
   Number of input time events             : 0
   Number of state events                  : 0
   Number of step events                   : 0
   Minimum integration stepsize            : 5.77e-08
   Maximum integration stepsize            : 0.0472
   Maximum integration order               : 5
Calling terminal section
... "dsfinal.txt" creating (final states)
