 = true
Translation of Modelica.Blocks.Examples.Filter:
The DAE has 34 scalar unknowns and 34 scalar equations.
 
Statistics
 
Original Model
  Number of components: 6
  Variables: 129
  Parameters: 112 (111 scalars)
  Unknowns: 17 (34 scalars)
  Differentiated variables: 12 scalars
  Equations: 41
  Nontrivial: 41
Translated Model
  Constants: 39 scalars
  Free parameters: 33 scalars
  Parameter depending: 39 scalars
  Continuous time states: 12 scalars
  Time-varying variables: 21 scalars
  Alias variables: 13 scalars
  Number of mixed real/discrete systems of equations: 0
  Sizes of linear systems of equations: { }
  Sizes after manipulation of the linear systems: { }
  Sizes of nonlinear systems of equations: { }
  Sizes after manipulation of the nonlinear systems: { }
  Number of numerical Jacobians: 0
  Initialization problem
    Sizes of linear systems of equations: {2, 2, 2}
    Sizes after manipulation of the linear systems: {2, 2, 2}
 
Settings
Advanced.StoreProtectedVariables = true
Selected continuous time states
Statically selected continuous time states
  Bessel.x[]
  Butterworth.x[]
  ChebyshevI.x[]
  CriticalDamping.x[]
 