 = true
Translation of Modelica.Mechanics.MultiBody.Examples.Elementary.SpringMassSystem:
The DAE has 2069 scalar unknowns and 2069 scalar equations.
 
Statistics
 
Original Model
  Number of components: 87
  Variables: 989
  Parameters: 211 (315 scalars)
  Unknowns: 778 (2069 scalars)
  Differentiated variables: 22 scalars
  Equations: 712
  Nontrivial: 466
Translated Model
  Constants: 1769 scalars
  Free parameters: 65 scalars
  Parameter depending: 167 scalars
  Continuous time states: 4 scalars
  Time-varying variables: 38 scalars
  Alias variables: 345 scalars
  Number of mixed real/discrete systems of equations: 0
  Sizes of linear systems of equations: { }
  Sizes after manipulation of the linear systems: { }
  Sizes of nonlinear systems of equations: { }
  Sizes after manipulation of the nonlinear systems: { }
  Number of numerical Jacobians: 0
 
Settings
Advanced.StoreProtectedVariables = true
Selected continuous time states
Statically selected continuous time states
  p1.s
  p1.v
  p2.s
  p2.v
 