Log-file of program ./dymosim
(generated: Tue Sep 17 23:24:41 2024)

dymosim started
... "Modelica.Electrical.Machines.Examples.ControlledDCDrives.CurrentControlledDCPM" simulating
... "dsin.txt" loading (dymosim input file)
... "result.mat" creating (simulation result file)

Integration started at T = 0 using integration method DASSL
(DAE multi-step solver (dassl/dasslrt of Petzold modified by Dassault Systemes))

Integration terminated successfully at T = 2
   CPU-time for integration                : 0.068 seconds
   CPU-time for one grid interval          : 0.0017 milliseconds
   CPU-time for initialization             : 0 seconds
   Number of result points                 : 40003
   Number of grid points                   : 40001
   Number of accepted steps                : 315
   Number of f-evaluations (dynamics)      : 593
   Number of crossing function evaluations : 40315
   Number of Jacobian-evaluations          : 55
   Number of model time events             : 1
   Number of input time events             : 0
   Number of state events                  : 0
   Number of step events                   : 0
   Minimum integration stepsize            : 6.59e-12
   Maximum integration stepsize            : 0.108
   Maximum integration order               : 5
Calling terminal section
... "dsfinal.txt" creating (final states)

SUCCESSFUL simulation of Modelica.Electrical.Machines.Examples.ControlledDCDrives.CurrentControlledDCPM
