Log-file of program ./dymosim
(generated: Tue May  5 00:42:04 2020)

dymosim started
... "dsin.txt" loading (dymosim input file)
... "CharacteristicThyristors.mat" creating (simulation result file)

Integration started at T = 0 using integration method DASSL
(DAE multi-step solver (dassl/dasslrt of Petzold modified by Dassault Systemes))
Integration terminated successfully at T = 6
   CPU-time for integration                : 0.073 seconds
   CPU-time for one grid interval          : 0.0146 milliseconds
   CPU-time for initialization             : 0 seconds
   Number of result points                 : 5052
   Number of grid points                   : 5001
   Number of accepted steps                : 570
   Number of f-evaluations (dynamics)      : 570
   Number of crossing function evaluations : 5657
   Number of Jacobian-evaluations          : 534
   Number of model time events             : 18
   Number of input time events             : 0
   Number of state events                  : 12
   Number of step events                   : 0
   Minimum integration stepsize            : 5.79e-08
   Maximum integration stepsize            : 0.307
   Maximum integration order               : 1
Calling terminal section
... "dsfinal.txt" creating (final states)
