 = true
Translation of Modelica.Electrical.Machines.Examples.SynchronousMachines.SMPM_Inverter:
The DAE has 581 scalar unknowns and 581 scalar equations.
 
Statistics
 
Original Model
  Number of components: 78
  Variables: 789
  Constants: 7 (7 scalars)
  Parameters: 280 (328 scalars)
  Unknowns: 502 (581 scalars)
  Differentiated variables: 27 scalars
  Equations: 324
  Nontrivial: 250
Translated Model
  Constants: 287 scalars
  Free parameters: 36 scalars
  Parameter depending: 147 scalars
  Continuous time states: 7 scalars
  Time-varying variables: 99 scalars
  Alias variables: 347 scalars
  Number of mixed real/discrete systems of equations: 0
  Sizes of linear systems of equations: {3, 14, 2}
  Sizes after manipulation of the linear systems: {2, 4, 0}
  Sizes of nonlinear systems of equations: { }
  Sizes after manipulation of the nonlinear systems: { }
  Number of numerical Jacobians: 0
  Initialization problem
    Sizes of linear systems of equations: {2}
    Sizes after manipulation of the linear systems: {2}
 
Settings
Advanced.StoreProtectedVariables = true
Selected continuous time states
Statically selected continuous time states
  loadInertia.phi
  loadInertia.w
  smpm.idq_dr[1]
  smpm.idq_rr[2]
  smpm.idq_sr[]
  vfController.x
 