Log-file of program ./dymosim
(generated: Wed May 20 10:17:52 2026)

dymosim started
... "Modelica.Magnetic.QuasiStatic.FundamentalWave.Examples.BasicMachines.InductionMachines.IMC_Conveyor" simulating
... "dsin.txt" loading (dymosim input file)
... "result.mat" creating (simulation result file)

Integration started at T = 0 using integration method DASSL
(DAE multi-step solver (dassl/dasslrt of Petzold modified by Dassault Systemes))

Integration terminated successfully at T = 20
   CPU-time for integration                : 5.02 seconds
   CPU-time for one grid interval          : 0.0251 milliseconds
   CPU-time for initialization             : 0 seconds
   Number of result points                 : 200013
   Number of grid points                   : 200001
   Number of accepted steps                : 23487
   Number of f-evaluations (dynamics)      : 47005
   Number of crossing function evaluations : 223498
   Number of Jacobian-evaluations          : 210
   Number of model time events             : 8
   Number of input time events             : 0
   Number of state events                  : 2
   Number of step events                   : 0
   Minimum integration stepsize            : 1.21e-08
   Maximum integration stepsize            : 0.229
   Maximum integration order               : 5
Calling terminal section
... "dsfinal.txt" creating (final states)

SUCCESSFUL simulation of Modelica.Magnetic.QuasiStatic.FundamentalWave.Examples.BasicMachines.InductionMachines.IMC_Conveyor
