Log-file of program ./dymosim
(generated: Tue May  5 01:26:20 2020)

dymosim started
... "dsin.txt" loading (dymosim input file)
... "Oscillator.mat" creating (simulation result file)

Integration started at T = 0 using integration method DASSL
(DAE multi-step solver (dassl/dasslrt of Petzold modified by Dassault Systemes))
Integration terminated successfully at T = 0.025
   CPU-time for integration                : 0.152 seconds
   CPU-time for one grid interval          : 0.0304 milliseconds
   CPU-time for initialization             : 0 seconds
   Number of result points                 : 5002
   Number of grid points                   : 5001
   Number of accepted steps                : 4590
   Number of f-evaluations (dynamics)      : 10864
   Number of Jacobian-evaluations          : 685
   Number of model time events             : 2
   Number of input time events             : 0
   Number of state events                  : 0
   Number of step events                   : 0
   Minimum integration stepsize            : 5.31e-10
   Maximum integration stepsize            : 0.000172
   Maximum integration order               : 5
Calling terminal section
... "dsfinal.txt" creating (final states)
