 = true
Translation of Modelica.Clocked.Examples.Elementary.RealSignals.TickBasedSine:
The DAE has 9 scalar unknowns and 9 scalar equations.
 
Statistics
 
Original Model
  Number of components: 5
  Variables: 23
  Constants: 1 (1 scalars)
  Parameters: 13 (13 scalars)
  Unknowns: 7 (7 scalars)
  Equations: 8
  Nontrivial: 8
Translated Model
  Constants: 4 scalars
  Free parameters: 10 scalars
  Time-varying variables: 6 scalars
  Alias variables: 1 scalars
  Number of mixed real/discrete systems of equations: 0
  Sizes of linear systems of equations: { }
  Sizes after manipulation of the linear systems: { }
  Sizes of nonlinear systems of equations: { }
  Sizes after manipulation of the nonlinear systems: { }
  Number of numerical Jacobians: 0
 
Settings
Advanced.StoreProtectedVariables = true
Selected continuous time states