Log-file of program ./dymosim
(generated: Tue May  5 02:10:28 2020)

dymosim started
... "dsin.txt" loading (dymosim input file)
... "ElastoGap.mat" creating (simulation result file)

Integration started at T = 0 using integration method DASSL
(DAE multi-step solver (dassl/dasslrt of Petzold modified by Dassault Systemes))
Integration terminated successfully at T = 5
   CPU-time for integration                : 0.016 seconds
   CPU-time for one grid interval          : 0.016 milliseconds
   CPU-time for initialization             : 0 seconds
   Number of result points                 : 1014
   Number of grid points                   : 1001
   Number of accepted steps                : 461
   Number of f-evaluations (dynamics)      : 902
   Number of crossing function evaluations : 1507
   Number of Jacobian-evaluations          : 167
   Number of model time events             : 0
   Number of input time events             : 0
   Number of state events                  : 6
   Number of step events                   : 0
   Minimum integration stepsize            : 2.34e-08
   Maximum integration stepsize            : 0.0561
   Maximum integration order               : 5
Calling terminal section
... "dsfinal.txt" creating (final states)
