Log-file of program ./dymosim
(generated: Tue May  5 01:11:04 2020)

dymosim started
... "dsin.txt" loading (dymosim input file)
... "ThyristorBridge2Pulse_RLV.mat" creating (simulation result file)

Integration started at T = 0 using integration method DASSL
(DAE multi-step solver (dassl/dasslrt of Petzold modified by Dassault Systemes))
Integration terminated successfully at T = 0.1
   CPU-time for integration                : 0.027 seconds
   CPU-time for one grid interval          : 0.027 milliseconds
   CPU-time for initialization             : 0 seconds
   Number of result points                 : 1042
   Number of grid points                   : 1001
   Number of accepted steps                : 1421
   Number of f-evaluations (dynamics)      : 2639
   Number of crossing function evaluations : 2612
   Number of Jacobian-evaluations          : 332
   Number of model time events             : 10
   Number of input time events             : 0
   Number of state events                  : 22
   Number of step events                   : 0
   Minimum integration stepsize            : 3.61e-13
   Maximum integration stepsize            : 0.00113
   Maximum integration order               : 5
Calling terminal section
... "dsfinal.txt" creating (final states)
