 = true
Translation of Modelica.Electrical.PowerConverters.Examples.ACDC.RectifierBridge2Pulse.ThyristorBridge2Pulse_RLV:
The DAE has 175 scalar unknowns and 175 scalar equations.
 
Statistics
 
Original Model
  Number of components: 41
  Variables: 285
  Constants: 8 (8 scalars)
  Parameters: 103 (103 scalars)
  Unknowns: 174 (175 scalars)
  Differentiated variables: 4 scalars
  Equations: 177
  Nontrivial: 152
Translated Model
  Constants: 49 scalars
  Free parameters: 31 scalars
  Parameter depending: 48 scalars
  Continuous time states: 4 scalars
  Time-varying variables: 52 scalars
  Alias variables: 106 scalars
  Number of mixed real/discrete systems of equations: 2
  Sizes of linear systems of equations: {6, 6}
  Sizes after manipulation of the linear systems: {2, 2}
  Sizes of nonlinear systems of equations: { }
  Sizes after manipulation of the nonlinear systems: { }
  Number of numerical Jacobians: 0
 
Settings
Advanced.StoreProtectedVariables = true
Selected continuous time states
Statically selected continuous time states
  inductor.i
  meanCurrent.x
  meanVoltage.x
  rootMeanSquareVoltage.mean.x
 