Log-file of program ./dymosim
(generated: Tue May  5 00:44:06 2020)

dymosim started
... "dsin.txt" loading (dymosim input file)
... "SwitchWithArc.mat" creating (simulation result file)

Integration started at T = 0 using integration method DASSL
(DAE multi-step solver (dassl/dasslrt of Petzold modified by Dassault Systemes))
Integration terminated successfully at T = 2
   CPU-time for integration                : 0.215 seconds
   CPU-time for one grid interval          : 0.0134 milliseconds
   CPU-time for initialization             : 0 seconds
   Number of result points                 : 16009
   Number of grid points                   : 16001
   Number of accepted steps                : 888
   Number of f-evaluations (dynamics)      : 1730
   Number of crossing function evaluations : 16899
   Number of Jacobian-evaluations          : 248
   Number of model time events             : 4
   Number of input time events             : 0
   Number of state events                  : 2
   Number of step events                   : 0
   Minimum integration stepsize            : 7.21e-14
   Maximum integration stepsize            : 0.11
   Maximum integration order               : 5
Calling terminal section
... "dsfinal.txt" creating (final states)
