Log-file of program ./dymosim
(generated: Tue May  5 02:07:16 2020)

dymosim started
... "dsin.txt" loading (dymosim input file)
... "CoupledClutches.mat" creating (simulation result file)

Integration started at T = 0 using integration method DASSL
(DAE multi-step solver (dassl/dasslrt of Petzold modified by Dassault Systemes))
Integration terminated successfully at T = 1.5
   CPU-time for integration                : 0.061 seconds
   CPU-time for one grid interval          : 0.0203 milliseconds
   CPU-time for initialization             : 0.001 seconds
   Number of result points                 : 3021
   Number of grid points                   : 3001
   Number of accepted steps                : 515
   Number of f-evaluations (dynamics)      : 921
   Number of crossing function evaluations : 3577
   Number of Jacobian-evaluations          : 165
   Number of model time events             : 2
   Number of input time events             : 0
   Number of state events                  : 9
   Number of step events                   : 0
   Minimum integration stepsize            : 1.41e-11
   Maximum integration stepsize            : 0.00806
   Maximum integration order               : 5
Calling terminal section
... "dsfinal.txt" creating (final states)
