Log-file of program ./dymosim
(generated: Tue May  5 00:40:47 2020)

dymosim started
... "dsin.txt" loading (dymosim input file)
... "ExecutionPaths.mat" creating (simulation result file)

Integration started at T = 0 using integration method DASSL
(DAE multi-step solver (dassl/dasslrt of Petzold modified by Dassault Systemes))
Integration terminated successfully at T = 15.5
   CPU-time for integration                : 0.084 seconds
   CPU-time for one grid interval          : 0.0168 milliseconds
   CPU-time for initialization             : 0 seconds
   Number of result points                 : 5028
   Number of grid points                   : 5001
   Number of accepted steps                : 282
   Number of f-evaluations (dynamics)      : 282
   Number of Jacobian-evaluations          : 259
   Number of model time events             : 13
   Number of input time events             : 0
   Number of state events                  : 0
   Number of step events                   : 0
   Minimum integration stepsize            : 1e-07
   Maximum integration stepsize            : 1.1
   Maximum integration order               : 1
Calling terminal section
... "dsfinal.txt" creating (final states)
