 = true
Translation of Modelica.Mechanics.Translational.Examples.Brake:
The DAE has 69 scalar unknowns and 69 scalar equations.
 
Statistics
 
Original Model
  Number of components: 7
  Variables: 107
  Constants: 14 (14 scalars)
  Parameters: 24 (26 scalars)
  Unknowns: 69 (69 scalars)
  Differentiated variables: 8 scalars
  Equations: 63
  Nontrivial: 53
Translated Model
  Constants: 25 scalars
  Free parameters: 20 scalars
  Parameter depending: 2 scalars
  Continuous time states: 4 scalars
  Time-varying variables: 33 scalars
  Alias variables: 29 scalars
  Number of mixed real/discrete systems of equations: 2
  Sizes of linear systems of equations: {3, 3}
  Sizes after manipulation of the linear systems: {0, 0}
  Sizes of nonlinear systems of equations: { }
  Sizes after manipulation of the nonlinear systems: { }
  Number of numerical Jacobians: 0
 
Settings
Advanced.StoreProtectedVariables = true
Selected continuous time states
Statically selected continuous time states
  mass1.s
  mass1.v
  mass2.s
  mass2.v
 