Log-file of program ./dymosim
(generated: Wed May 20 10:17:35 2026)

dymosim started
... "Modelica.Magnetic.QuasiStatic.FundamentalWave.Examples.BasicMachines.InductionMachines.IMC_YD" simulating
... "dsin.txt" loading (dymosim input file)
... "result.mat" creating (simulation result file)

Integration started at T = 0 using integration method DASSL
(DAE multi-step solver (dassl/dasslrt of Petzold modified by Dassault Systemes))

Integration terminated successfully at T = 2.5
   CPU-time for integration                : 2.02 seconds
   CPU-time for one grid interval          : 0.0808 milliseconds
   CPU-time for initialization             : 0.001 seconds
   Number of result points                 : 25004
   Number of grid points                   : 25001
   Number of accepted steps                : 7199
   Number of f-evaluations (dynamics)      : 14364
   Number of crossing function evaluations : 32199
   Number of Jacobian-evaluations          : 47
   Number of model time events             : 2
   Number of input time events             : 0
   Number of state events                  : 0
   Number of step events                   : 0
   Minimum integration stepsize            : 1.21e-08
   Maximum integration stepsize            : 0.00643
   Maximum integration order               : 5
Calling terminal section
... "dsfinal.txt" creating (final states)

SUCCESSFUL simulation of Modelica.Magnetic.QuasiStatic.FundamentalWave.Examples.BasicMachines.InductionMachines.IMC_YD
