Log-file of program ./dymosim
(generated: Tue May  5 01:25:43 2020)

dymosim started
... "dsin.txt" loading (dymosim input file)
... "FourInverters.mat" creating (simulation result file)

Integration started at T = 0 using integration method DASSL
(DAE multi-step solver (dassl/dasslrt of Petzold modified by Dassault Systemes))
Integration terminated successfully at T = 5
   CPU-time for integration                : 0.128 seconds
   CPU-time for one grid interval          : 0.0256 milliseconds
   CPU-time for initialization             : 0.001 seconds
   Number of result points                 : 5002
   Number of grid points                   : 5001
   Number of accepted steps                : 383
   Number of f-evaluations (dynamics)      : 746
   Number of Jacobian-evaluations          : 87
   Number of model time events             : 3
   Number of input time events             : 0
   Number of state events                  : 0
   Number of step events                   : 0
   Minimum integration stepsize            : 2.14e-07
   Maximum integration stepsize            : 0.108
   Maximum integration order               : 5
Calling terminal section
... "dsfinal.txt" creating (final states)
