 = true
Translation of Modelica.Electrical.Spice3.Examples.FourInverters:
The DAE has 288 scalar unknowns and 288 scalar equations.
 
Statistics
 
Original Model
  Number of components: 82
  Variables: 2462
  Constants: 186 (186 scalars)
  Parameters: 1988 (1988 scalars)
  Unknowns: 288 (288 scalars)
  Differentiated variables: 12 scalars
  Equations: 229
  Nontrivial: 206
Translated Model
  Constants: 2216 scalars
  Free parameters: 28 scalars
  Parameter depending: 8 scalars
  Continuous time states: 4 scalars
  Time-varying variables: 130 scalars
  Alias variables: 80 scalars
  Number of mixed real/discrete systems of equations: 0
  Sizes of linear systems of equations: { }
  Sizes after manipulation of the linear systems: { }
  Sizes of nonlinear systems of equations: { }
  Sizes after manipulation of the nonlinear systems: { }
  Number of numerical Jacobians: 0
 
Settings
Advanced.StoreProtectedVariables = true
Selected continuous time states
Statically selected continuous time states
  c1.vinternal
  c2.vinternal
  c3.vinternal
  c4.vinternal
 