Log-file of program ./dymosim
(generated: Tue May  5 00:48:54 2020)

dymosim started
... "dsin.txt" loading (dymosim input file)
... "FlipFlop.mat" creating (simulation result file)

Integration started at T = 0 using integration method DASSL
(DAE multi-step solver (dassl/dasslrt of Petzold modified by Dassault Systemes))
Integration terminated successfully at T = 250
   CPU-time for integration                : 0.075 seconds
   CPU-time for one grid interval          : 0.015 milliseconds
   CPU-time for initialization             : 0.001 seconds
   Number of result points                 : 5094
   Number of grid points                   : 5001
   Number of accepted steps                : 975
   Number of f-evaluations (dynamics)      : 975
   Number of crossing function evaluations : 6160
   Number of Jacobian-evaluations          : 854
   Number of model time events             : 52
   Number of input time events             : 0
   Number of state events                  : 20
   Number of step events                   : 0
   Minimum integration stepsize            : 1e-06
   Maximum integration stepsize            : 1.79
   Maximum integration order               : 1
Calling terminal section
... "dsfinal.txt" creating (final states)
