Log-file of program ./dymosim
(generated: Tue May  5 00:30:09 2020)

dymosim started
... "dsin.txt" loading (dymosim input file)
... "SinCosEncoder.mat" creating (simulation result file)

Integration started at T = 0 using integration method DASSL
(DAE multi-step solver (dassl/dasslrt of Petzold modified by Dassault Systemes))
Integration terminated successfully at T = 1
   CPU-time for integration                : 0.528 seconds
   CPU-time for one grid interval          : 0.0132 milliseconds
   CPU-time for initialization             : 0 seconds
   Number of result points                 : 40002
   Number of grid points                   : 40001
   Number of accepted steps                : 26
   Number of f-evaluations (dynamics)      : 26
   Number of Jacobian-evaluations          : 25
   Number of model time events             : 1
   Number of input time events             : 0
   Number of state events                  : 0
   Number of step events                   : 0
   Minimum integration stepsize            : 2.5e-08
   Maximum integration stepsize            : 0.419
   Maximum integration order               : 2
Calling terminal section
... "dsfinal.txt" creating (final states)
