 = true
Translation of Modelica.Blocks.Examples.SinCosEncoder:
The DAE has 53 scalar unknowns and 53 scalar equations.
 
Statistics
 
Original Model
  Number of components: 17
  Variables: 83
  Constants: 1 (1 scalars)
  Parameters: 36 (36 scalars)
  Unknowns: 46 (53 scalars)
  Differentiated variables: 6 scalars
  Equations: 56
  Nontrivial: 52
Translated Model
  Constants: 16 scalars
  Free parameters: 19 scalars
  Parameter depending: 4 scalars
  Continuous time states: 5 scalars
  Time-varying variables: 22 scalars
  Alias variables: 29 scalars
  Number of mixed real/discrete systems of equations: 0
  Sizes of linear systems of equations: { }
  Sizes after manipulation of the linear systems: { }
  Sizes of nonlinear systems of equations: { }
  Sizes after manipulation of the nonlinear systems: { }
  Number of numerical Jacobians: 0
 
Settings
Advanced.StoreProtectedVariables = true
Selected continuous time states
Statically selected continuous time states
  cosB.phi
  cosBminus.phi
  integrator.y
  sinA.phi
  sinAminus.phi
 