Log-file of program ./dymosim
(generated: Tue May  5 02:18:31 2020)

dymosim started
... "dsin.txt" loading (dymosim input file)
... "HeatExchangerSimulation.mat" creating (simulation result file)

Integration started at T = 0 using integration method DASSL
(DAE multi-step solver (dassl/dasslrt of Petzold modified by Dassault Systemes))
Integration terminated successfully at T = 200
   CPU-time for integration                : 1.46 seconds
   CPU-time for one grid interval          : 0.292 milliseconds
   CPU-time for initialization             : 0.09 seconds
   Number of result points                 : 5004
   Number of grid points                   : 5001
   Number of accepted steps                : 218
   Number of f-evaluations (dynamics)      : 444
   Number of crossing function evaluations : 5218
   Number of Jacobian-evaluations          : 64
   Number of model time events             : 2
   Number of input time events             : 0
   Number of state events                  : 0
   Number of step events                   : 0
   Minimum integration stepsize            : 4e-05
   Maximum integration stepsize            : 21
   Maximum integration order               : 5
Calling terminal section
... "dsfinal.txt" creating (final states)
