 = true
Translation of Modelica.Clocked.Examples.Elementary.RealSignals.Hold:
The DAE has 10 scalar unknowns and 10 scalar equations.
 
Statistics
 
Original Model
  Number of components: 7
  Variables: 24
  Constants: 1 (8 scalars)
  Parameters: 13 (13 scalars)
  Unknowns: 7 (7 scalars)
  Equations: 10
  Nontrivial: 10
Translated Model
  Constants: 15 scalars
  Free parameters: 6 scalars
  Time-varying variables: 7 scalars
  Number of mixed real/discrete systems of equations: 0
  Sizes of linear systems of equations: { }
  Sizes after manipulation of the linear systems: { }
  Sizes of nonlinear systems of equations: { }
  Sizes after manipulation of the nonlinear systems: { }
  Number of numerical Jacobians: 0
 
Settings
Advanced.StoreProtectedVariables = true
Selected continuous time states