 = true
Translation of Modelica.Blocks.Examples.SlewRateLimiter:
The DAE has 19 scalar unknowns and 19 scalar equations.
 
Statistics
 
Original Model
  Number of components: 7
  Variables: 41
  Parameters: 22 (22 scalars)
  Unknowns: 19 (19 scalars)
  Differentiated variables: 5 scalars
  Equations: 18
  Nontrivial: 14
Translated Model
  Constants: 9 scalars
  Free parameters: 10 scalars
  Parameter depending: 5 scalars
  Continuous time states: 3 scalars
  Time-varying variables: 6 scalars
  Alias variables: 11 scalars
  Number of mixed real/discrete systems of equations: 0
  Sizes of linear systems of equations: { }
  Sizes after manipulation of the linear systems: { }
  Sizes of nonlinear systems of equations: { }
  Sizes after manipulation of the nonlinear systems: { }
  Number of numerical Jacobians: 0
 
Settings
Advanced.StoreProtectedVariables = true
Selected continuous time states
Statically selected continuous time states
  limit_a.y
  limit_v.y
  positionSmoothed.y
 