Translation of <a href="Modelica://Modelica.Blocks.Examples.DemonstrateSignalExtrema">Modelica.Blocks.Examples.DemonstrateSignalExtrema</a>
The DAE has 18 scalar unknowns and 18 scalar equations.

Statistics

Original Model
  Number of components: 6
  Variables: 39
  Parameters: 21 (21 scalars)
  Unknowns: 18 (18 scalars)
  Differentiated variables: 1 scalars
  Equations: 14
  Nontrivial: 14
Translated Model
  Constants: 4 scalars
  Free parameters: 15 scalars
  Parameter depending: 2 scalars
  Continuous time states: 1 scalars
  Time-varying variables: 12 scalars
  Alias variables: 6 scalars
  Number of mixed real/discrete systems of equations: 0
  Sizes of linear systems of equations: { }
  Sizes after manipulation of the linear systems: { }
  Sizes of nonlinear systems of equations: { }
  Sizes after manipulation of the nonlinear systems: { }
  Number of numerical Jacobians: 0

Settings
Advanced.StoreProtectedVariables = true
Selected continuous time states
Statically selected continuous time states
<a href="Modelica://Modelica.Blocks.Examples.DemonstrateSignalExtrema#text$sine:phi">sine.phi</a>
Finished
