 = true
Translation of Modelica.Media.Examples.R134a.R134a2:
The DAE has 116 scalar unknowns and 116 scalar equations.
 
Statistics
 
Original Model
  Number of components: 19
  Variables: 198
  Parameters: 44 (44 scalars)
  Unknowns: 154 (116 scalars)
  Differentiated variables: 9 scalars
  Equations: 123
  Nontrivial: 77
Translated Model
  Constants: 35 scalars
  Free parameters: 14 scalars
  Parameter depending: 28 scalars
  Continuous time states: 4 scalars
  Time-varying variables: 42 scalars
  Alias variables: 41 scalars
  Number of mixed real/discrete systems of equations: 0
  Sizes of linear systems of equations: {2, 2}
  Sizes after manipulation of the linear systems: {0, 0}
  Sizes of nonlinear systems of equations: { }
  Sizes after manipulation of the nonlinear systems: { }
  Number of numerical Jacobians: 0
  Initialization problem
    Sizes of nonlinear systems of equations: {1}
    Sizes after manipulation of the nonlinear systems: {1}
    Number of numerical Jacobians: 0
 
Settings
Advanced.StoreProtectedVariables = true
Selected continuous time states
Statically selected continuous time states
  volume.medium.h
  volume.medium.p
  volume1.medium.h
  volume1.medium.p
 