Log-file of program ./dymosim
(generated: Tue May  5 01:04:54 2020)

dymosim started
... "dsin.txt" loading (dymosim input file)
... "DCPM_CurrentControlled.mat" creating (simulation result file)

Integration started at T = 0 using integration method DASSL
(DAE multi-step solver (dassl/dasslrt of Petzold modified by Dassault Systemes))
Integration terminated successfully at T = 2
   CPU-time for integration                : 0.54 seconds
   CPU-time for one grid interval          : 0.0135 milliseconds
   CPU-time for initialization             : 0.001 seconds
   Number of result points                 : 40003
   Number of grid points                   : 40001
   Number of accepted steps                : 326
   Number of f-evaluations (dynamics)      : 614
   Number of crossing function evaluations : 40326
   Number of Jacobian-evaluations          : 55
   Number of model time events             : 1
   Number of input time events             : 0
   Number of state events                  : 0
   Number of step events                   : 0
   Minimum integration stepsize            : 1.49e-12
   Maximum integration stepsize            : 0.049
   Maximum integration order               : 5
Calling terminal section
... "dsfinal.txt" creating (final states)
