Log-file of program ./dymosim
(generated: Tue May  5 02:20:12 2020)

dymosim started
... "dsin.txt" loading (dymosim input file)
... "MeasuringTemperature.mat" creating (simulation result file)

Integration started at T = 0 using integration method DASSL
(DAE multi-step solver (dassl/dasslrt of Petzold modified by Dassault Systemes))
Integration terminated successfully at T = 1.1
   CPU-time for integration                : 2.1 seconds
   CPU-time for one grid interval          : 0.42 milliseconds
   CPU-time for initialization             : 0.002 seconds
   Number of result points                 : 5004
   Number of grid points                   : 5001
   Number of accepted steps                : 56
   Number of f-evaluations (dynamics)      : 79
   Number of crossing function evaluations : 5065
   Number of Jacobian-evaluations          : 40
   Number of model time events             : 0
   Number of input time events             : 0
   Number of state events                  : 1
   Number of step events                   : 0
   Minimum integration stepsize            : 4.46e-08
   Maximum integration stepsize            : 0.0936
   Maximum integration order               : 3
Calling terminal section
... "dsfinal.txt" creating (final states)
