Log-file of program ./dymosim
(generated: Thu Dec 12 23:26:37 2024)

dymosim started
... "Modelica.Magnetic.FundamentalWave.Examples.BasicMachines.InductionMachines.ComparisonPolyphase.IMC_DOL_CommonLeakage" simulating
... "dsin.txt" loading (dymosim input file)
... "result.mat" creating (simulation result file)

Integration started at T = 0 using integration method DASSL
(DAE multi-step solver (dassl/dasslrt of Petzold modified by Dassault Systemes))

Integration terminated successfully at T = 1.5
   CPU-time for integration                : 1.86 seconds
   CPU-time for one grid interval          : 0.124 milliseconds
   CPU-time for initialization             : 0.001 seconds
   Number of result points                 : 15004
   Number of grid points                   : 15001
   Number of accepted steps                : 6287
   Number of f-evaluations (dynamics)      : 12536
   Number of crossing function evaluations : 21287
   Number of Jacobian-evaluations          : 70
   Number of model time events             : 1
   Number of input time events             : 0
   Number of state events                  : 0
   Number of step events                   : 2
   Minimum integration stepsize            : 7.87e-12
   Maximum integration stepsize            : 0.000951
   Maximum integration order               : 5
Calling terminal section
... "dsfinal.txt" creating (final states)

SUCCESSFUL simulation of Modelica.Magnetic.FundamentalWave.Examples.BasicMachines.InductionMachines.ComparisonPolyphase.IMC_DOL_CommonLeakage
