Log-file of program ./dymosim
(generated: Tue May  5 02:16:55 2020)

dymosim started
... "dsin.txt" loading (dymosim input file)
... "IncompressibleFluidNetwork.mat" creating (simulation result file)

Integration started at T = 0 using integration method DASSL
(DAE multi-step solver (dassl/dasslrt of Petzold modified by Dassault Systemes))
Integration terminated successfully at T = 200
   CPU-time for integration                : 26 seconds
   CPU-time for one grid interval          : 5.19 milliseconds
   CPU-time for initialization             : 0.024 seconds
   Number of result points                 : 5005
   Number of grid points                   : 5001
   Number of accepted steps                : 252
   Number of f-evaluations (dynamics)      : 465
   Number of crossing function evaluations : 5252
   Number of Jacobian-evaluations          : 63
   Number of model time events             : 3
   Number of input time events             : 0
   Number of state events                  : 0
   Number of step events                   : 0
   Minimum integration stepsize            : 4e-05
   Maximum integration stepsize            : 4.72
   Maximum integration order               : 5
Calling terminal section
... "dsfinal.txt" creating (final states)
