 = true
Translation of Modelica.Electrical.PowerConverters.Examples.ACDC.RectifierCenterTapmPulse.DiodeCenterTapmPulse:
The DAE has 166 scalar unknowns and 166 scalar equations.
 
Statistics
 
Original Model
  Number of components: 25
  Variables: 255
  Constants: 6 (6 scalars)
  Parameters: 98 (116 scalars)
  Unknowns: 151 (166 scalars)
  Differentiated variables: 3 scalars
  Equations: 107
  Nontrivial: 87
Translated Model
  Constants: 61 scalars
  Free parameters: 21 scalars
  Parameter depending: 59 scalars
  Continuous time states: 3 scalars
  Time-varying variables: 37 scalars
  Alias variables: 110 scalars
  Number of mixed real/discrete systems of equations: 1
  Sizes of linear systems of equations: {11}
  Sizes after manipulation of the linear systems: {3}
  Sizes of nonlinear systems of equations: { }
  Sizes after manipulation of the nonlinear systems: { }
  Number of numerical Jacobians: 0
 
Settings
Advanced.StoreProtectedVariables = true
Selected continuous time states
Statically selected continuous time states
  meanCurrent.x
  meanVoltage.x
  rootMeanSquareVoltage.mean.x
 