Log-file of program ./dymosim
(generated: Tue May  5 01:45:57 2020)

dymosim started
... "dsin.txt" loading (dymosim input file)
... "NonLinearInductor.mat" creating (simulation result file)

Integration started at T = 0 using integration method DASSL
(DAE multi-step solver (dassl/dasslrt of Petzold modified by Dassault Systemes))
Integration terminated successfully at T = 0.2
   CPU-time for integration                : 0.301 seconds
   CPU-time for one grid interval          : 0.0602 milliseconds
   CPU-time for initialization             : 0.001 seconds
   Number of result points                 : 5011
   Number of grid points                   : 5001
   Number of accepted steps                : 6798
   Number of f-evaluations (dynamics)      : 14025
   Number of Jacobian-evaluations          : 634
   Number of model time events             : 10
   Number of input time events             : 0
   Number of state events                  : 0
   Number of step events                   : 0
   Minimum integration stepsize            : 3.41e-11
   Maximum integration stepsize            : 8.55e-05
   Maximum integration order               : 5
Calling terminal section
... "dsfinal.txt" creating (final states)
