Log-file of program ./dymosim
(generated: Fri Sep 27 08:38:35 2024)

dymosim started
... "Modelica.Electrical.PowerConverters.Examples.DCDC.HBridge.HBridge_R" simulating
... "dsin.txt" loading (dymosim input file)
... "result.mat" creating (simulation result file)

Integration started at T = 0 using integration method DASSL
(DAE multi-step solver (dassl/dasslrt of Petzold modified by Dassault Systemes))

Integration terminated successfully at T = 0.1
   CPU-time for integration                : 0.025 seconds
   CPU-time for one grid interval          : 0.025 milliseconds
   CPU-time for initialization             : 0.001 seconds
   Number of result points                 : 1251
   Number of grid points                   : 1001
   Number of accepted steps                : 4000
   Number of f-evaluations (dynamics)      : 4000
   Number of crossing function evaluations : 6145
   Number of Jacobian-evaluations          : 3800
   Number of model time events             : 100
   Number of input time events             : 0
   Number of state events                  : 100
   Number of step events                   : 0
   Minimum integration stepsize            : 7.07e-10
   Maximum integration stepsize            : 0.000393
   Maximum integration order               : 1
Calling terminal section
... "dsfinal.txt" creating (final states)

SUCCESSFUL simulation of Modelica.Electrical.PowerConverters.Examples.DCDC.HBridge.HBridge_R
