 = true
Translation of Modelica.Mechanics.Rotational.Examples.FirstGrounded:
The DAE has 50 scalar unknowns and 50 scalar equations.
 
Statistics
 
Original Model
  Number of components: 10
  Variables: 77
  Parameters: 27 (27 scalars)
  Unknowns: 50 (50 scalars)
  Differentiated variables: 8 scalars
  Equations: 43
  Nontrivial: 34
Translated Model
  Constants: 11 scalars
  Free parameters: 13 scalars
  Parameter depending: 6 scalars
  Continuous time states: 4 scalars
  Time-varying variables: 16 scalars
  Alias variables: 31 scalars
  Number of mixed real/discrete systems of equations: 0
  Sizes of linear systems of equations: {4}
  Sizes after manipulation of the linear systems: {0}
  Sizes of nonlinear systems of equations: { }
  Sizes after manipulation of the nonlinear systems: { }
  Number of numerical Jacobians: 0
 
Settings
Advanced.StoreProtectedVariables = true
Selected continuous time states
Statically selected continuous time states
  damper.phi_rel
  damper.w_rel
  inertia3.phi
  inertia3.w
 