Log-file of program ./dymosim
(generated: Tue May  5 01:57:41 2020)

dymosim started
... "dsin.txt" loading (dymosim input file)
... "SMR_CurrentSource.mat" creating (simulation result file)

Integration started at T = 0 using integration method DASSL
(DAE multi-step solver (dassl/dasslrt of Petzold modified by Dassault Systemes))
Integration terminated successfully at T = 2
   CPU-time for integration                : 2.09 seconds
   CPU-time for one grid interval          : 0.0522 milliseconds
   CPU-time for initialization             : 0.001 seconds
   Number of result points                 : 40002
   Number of grid points                   : 40001
   Number of accepted steps                : 129
   Number of f-evaluations (dynamics)      : 239
   Number of crossing function evaluations : 40129
   Number of Jacobian-evaluations          : 26
   Number of model time events             : 0
   Number of input time events             : 0
   Number of state events                  : 0
   Number of step events                   : 0
   Minimum integration stepsize            : 2.37e-10
   Maximum integration stepsize            : 0.0386
   Maximum integration order               : 5
Calling terminal section
... "dsfinal.txt" creating (final states)
