Log-file of program ./dymosim
(generated: Wed May 20 10:36:04 2026)

dymosim started
... "Modelica.Electrical.PowerConverters.Examples.ACAC.SoftStarter" simulating
... "dsin.txt" loading (dymosim input file)
... "result.mat" creating (simulation result file)

Integration started at T = 0 using integration method DASSL
(DAE multi-step solver (dassl/dasslrt of Petzold modified by Dassault Systemes))

... Warning message from dymosim
At time T = 2.243483e+00 in current integration interval
T_interval = 2.243400e+00 ... 2.243600e+00
a large amount of work has been expended
(about 500 steps) in the integrator. Probably the communication
interval is too large or the system is stiff.


Integration terminated successfully at T = 10
   CPU-time for integration                : 8.79 seconds
   CPU-time for one grid interval          : 0.176 milliseconds
   CPU-time for initialization             : 0 seconds
   Number of result points                 : 66639
   Number of grid points                   : 50001
   Number of accepted steps                : 553528
   Number of f-evaluations (dynamics)      : 1219180
   Number of crossing function evaluations : 666080
   Number of Jacobian-evaluations          : 540721
   Number of model time events             : 500
   Number of input time events             : 0
   Number of state events                  : 9227
   Number of step events                   : 0
   Minimum integration stepsize            : 3.63e-13
   Maximum integration stepsize            : 0.000819
   Maximum integration order               : 5
Calling terminal section
... "dsfinal.txt" creating (final states)

SUCCESSFUL simulation of Modelica.Electrical.PowerConverters.Examples.ACAC.SoftStarter
