Translation of <a href="Modelica://Modelica.Electrical.PowerConverters.Examples.ACAC.SoftStarter">Modelica.Electrical.PowerConverters.Examples.ACAC.SoftStarter</a>
The DAE has 1192 scalar unknowns and 1192 scalar equations.

Statistics

Original Model
  Number of components: 260
  Variables: 1689
  Constants: 19 (216 scalars)
  Parameters: 556 (693 scalars)
  Unknowns: 1114 (1192 scalars)
  Differentiated variables: 27 scalars
  Equations: 699
  Nontrivial: 596
Translated Model
  Constants: 748 scalars
  Free parameters: 97 scalars
  Parameter depending: 253 scalars
  Continuous time states: 13 scalars
  Time-varying variables: 264 scalars
  Alias variables: 739 scalars
  Number of mixed real/discrete systems of equations: 3
  Sizes of linear systems of equations: {14, 12, 2, 8, 5, 5, 5, 5}
  Sizes after manipulation of the linear systems: {2, 3, 0, 0, 2, 2, 2, 0}
  Sizes of nonlinear systems of equations: { }
  Sizes after manipulation of the nonlinear systems: { }
  Number of numerical Jacobians: 0
  Initialization problem
    Number of mixed real/discrete systems of equations: 3
    Sizes of linear systems of equations: {2, 4, 4, 4}
    Sizes after manipulation of the linear systems: {2, 2, 2, 2}

Settings
Advanced.StoreProtectedVariables = true
Selected continuous time states
Statically selected continuous time states
<a href="Modelica://Modelica.Electrical.PowerConverters.Examples.ACAC.SoftStarter#diagram$:filter.x[1]">filter.x[1]</a>
<a href="Modelica://Modelica.Electrical.PowerConverters.Examples.ACAC.SoftStarter#diagram$:filter.x[2]">filter.x[2]</a>
<a href="Modelica://Modelica.Electrical.PowerConverters.Examples.ACAC.SoftStarter#text$harmonic.mean1:x">harmonic.mean1.x</a>
<a href="Modelica://Modelica.Electrical.PowerConverters.Examples.ACAC.SoftStarter#text$harmonic.mean2:x">harmonic.mean2.x</a>
<a href="Modelica://Modelica.Electrical.PowerConverters.Examples.ACAC.SoftStarter#text$imc.rotorCage.electroMagneticConverter.singlePhaseElectroMagneticConverter.Phi:re">imc.rotorCage.electroMagneticConverter.singlePhaseElectroMagneticConverter[1].Phi.re</a>
<a href="Modelica://Modelica.Electrical.PowerConverters.Examples.ACAC.SoftStarter#text$imc.rotorCage.electroMagneticConverter.singlePhaseElectroMagneticConverter.Phi:im">imc.rotorCage.electroMagneticConverter.singlePhaseElectroMagneticConverter[2].Phi.im</a>
<a href="Modelica://Modelica.Electrical.PowerConverters.Examples.ACAC.SoftStarter#text$imc.stator.electroMagneticConverter.singlePhaseElectroMagneticConverter.Phi:re">imc.stator.electroMagneticConverter.singlePhaseElectroMagneticConverter[1].Phi.re</a>
<a href="Modelica://Modelica.Electrical.PowerConverters.Examples.ACAC.SoftStarter#text$imc.stator.electroMagneticConverter.singlePhaseElectroMagneticConverter.Phi:im">imc.stator.electroMagneticConverter.singlePhaseElectroMagneticConverter[2].Phi.im</a>
<a href="Modelica://Modelica.Electrical.PowerConverters.Examples.ACAC.SoftStarter#text$imc.stator.zeroInductor:i0">imc.stator.zeroInductor.i0</a>
<a href="Modelica://Modelica.Electrical.PowerConverters.Examples.ACAC.SoftStarter#text$loadInertia:phi">loadInertia.phi</a>
<a href="Modelica://Modelica.Electrical.PowerConverters.Examples.ACAC.SoftStarter#text$loadInertia:w">loadInertia.w</a>
<a href="Modelica://Modelica.Electrical.PowerConverters.Examples.ACAC.SoftStarter#text$rootMeanSquare.mean:x">rootMeanSquare.mean.x</a>
<a href="Modelica://Modelica.Electrical.PowerConverters.Examples.ACAC.SoftStarter#diagram$:softStartControl.vRef">softStartControl.vRef</a>
Finished
