 = true
Translation of Modelica.Clocked.Examples.Elementary.RealSignals.SubSample:
The DAE has 8 scalar unknowns and 8 scalar equations.
 
Statistics
 
Original Model
  Number of components: 6
  Variables: 21
  Constants: 1 (8 scalars)
  Parameters: 12 (12 scalars)
  Unknowns: 5 (5 scalars)
  Equations: 8
  Nontrivial: 8
Translated Model
  Constants: 15 scalars
  Free parameters: 5 scalars
  Time-varying variables: 5 scalars
  Number of mixed real/discrete systems of equations: 0
  Sizes of linear systems of equations: { }
  Sizes after manipulation of the linear systems: { }
  Sizes of nonlinear systems of equations: { }
  Sizes after manipulation of the nonlinear systems: { }
  Number of numerical Jacobians: 0
 
Settings
Advanced.StoreProtectedVariables = true
Selected continuous time states