Log-file of program ./dymosim
(generated: Mon Oct 14 23:26:49 2024)

dymosim started
... "Modelica.Mechanics.MultiBody.Examples.Rotational3DEffects.BevelGear1D" simulating
... "dsin.txt" loading (dymosim input file)
... "result.mat" creating (simulation result file)

Integration started at T = 0 using integration method DASSL
(DAE multi-step solver (dassl/dasslrt of Petzold modified by Dassault Systemes))

Integration terminated successfully at T = 1
   CPU-time for integration                : 0.072 seconds
   CPU-time for one grid interval          : 0.0144 milliseconds
   CPU-time for initialization             : 0 seconds
   Number of result points                 : 5002
   Number of grid points                   : 5001
   Number of accepted steps                : 12102
   Number of f-evaluations (dynamics)      : 25114
   Number of crossing function evaluations : 17102
   Number of Jacobian-evaluations          : 575
   Number of model time events             : 0
   Number of input time events             : 0
   Number of state events                  : 0
   Number of step events                   : 0
   Minimum integration stepsize            : 1.46e-08
   Maximum integration stepsize            : 0.000394
   Maximum integration order               : 5
Calling terminal section
... "dsfinal.txt" creating (final states)

SUCCESSFUL simulation of Modelica.Mechanics.MultiBody.Examples.Rotational3DEffects.BevelGear1D
