 = true
Translation of Modelica.Clocked.Examples.Elementary.RealSignals.UniformNoise:
The DAE has 12 scalar unknowns and 12 scalar equations.
 
Statistics
 
Original Model
  Number of components: 6
  Variables: 20
  Constants: 1 (8 scalars)
  Parameters: 9 (11 scalars)
  Unknowns: 7 (9 scalars)
  Equations: 9
  Nontrivial: 8
Translated Model
  Constants: 13 scalars
  Free parameters: 5 scalars
  Parameter depending: 2 scalars
  Time-varying variables: 6 scalars
  Alias variables: 2 scalars
  Number of mixed real/discrete systems of equations: 0
  Sizes of linear systems of equations: { }
  Sizes after manipulation of the linear systems: { }
  Sizes of nonlinear systems of equations: { }
  Sizes after manipulation of the nonlinear systems: { }
  Number of numerical Jacobians: 0
 
Settings
Advanced.StoreProtectedVariables = true
Selected continuous time states