Log-file of program ./dymosim
(generated: Tue May  5 00:28:23 2020)

dymosim started
... "dsin.txt" loading (dymosim input file)
... "IntegerNetwork1.mat" creating (simulation result file)

Integration started at T = 0 using integration method DASSL
(DAE multi-step solver (dassl/dasslrt of Petzold modified by Dassault Systemes))
Integration terminated successfully at T = 10
   CPU-time for integration                : 0.068 seconds
   CPU-time for one grid interval          : 0.0136 milliseconds
   CPU-time for initialization             : 0 seconds
   Number of result points                 : 5052
   Number of grid points                   : 5001
   Number of accepted steps                : 655
   Number of f-evaluations (dynamics)      : 655
   Number of crossing function evaluations : 5757
   Number of Jacobian-evaluations          : 608
   Number of model time events             : 25
   Number of input time events             : 0
   Number of state events                  : 14
   Number of step events                   : 0
   Minimum integration stepsize            : 1.47e-07
   Maximum integration stepsize            : 0.238
   Maximum integration order               : 1
Calling terminal section
... "dsfinal.txt" creating (final states)
