 = true
Translation of Modelica.Blocks.Examples.IntegerNetwork1:
The DAE has 38 scalar unknowns and 38 scalar equations.
 
Statistics
 
Original Model
  Number of components: 15
  Variables: 63
  Parameters: 30 (32 scalars)
  Unknowns: 33 (38 scalars)
  Equations: 36
  Nontrivial: 31
Translated Model
  Constants: 16 scalars
  Free parameters: 21 scalars
  Parameter depending: 2 scalars
  Time-varying variables: 12 scalars
  Alias variables: 19 scalars
  Number of mixed real/discrete systems of equations: 0
  Sizes of linear systems of equations: { }
  Sizes after manipulation of the linear systems: { }
  Sizes of nonlinear systems of equations: { }
  Sizes after manipulation of the nonlinear systems: { }
  Number of numerical Jacobians: 0
 
Settings
Advanced.StoreProtectedVariables = true
Selected continuous time states