 = true
Translation of Modelica.Clocked.Examples.Elementary.RealSignals.SampleWithADeffects:
The DAE has 24 scalar unknowns and 24 scalar equations.
 
Statistics
 
Original Model
  Number of components: 10
  Variables: 49
  Constants: 1 (8 scalars)
  Parameters: 26 (28 scalars)
  Unknowns: 19 (21 scalars)
  Equations: 28
  Nontrivial: 28
Translated Model
  Constants: 17 scalars
  Free parameters: 11 scalars
  Parameter depending: 8 scalars
  Time-varying variables: 11 scalars
  Alias variables: 10 scalars
  Number of mixed real/discrete systems of equations: 0
  Sizes of linear systems of equations: { }
  Sizes after manipulation of the linear systems: { }
  Sizes of nonlinear systems of equations: { }
  Sizes after manipulation of the nonlinear systems: { }
  Number of numerical Jacobians: 0
 
Settings
Advanced.StoreProtectedVariables = true
Selected continuous time states