 = true
Translation of Modelica.Media.Examples.ReferenceAir.MoistAir2:
The DAE has 154 scalar unknowns and 154 scalar equations.
 
Statistics
 
Original Model
  Number of components: 19
  Variables: 238
  Constants: 32 (32 scalars)
  Parameters: 44 (49 scalars)
  Unknowns: 162 (154 scalars)
  Differentiated variables: 12 scalars
  Equations: 135
  Nontrivial: 113
Translated Model
  Constants: 47 scalars
  Free parameters: 15 scalars
  Parameter depending: 49 scalars
  Continuous time states: 6 scalars
  Time-varying variables: 74 scalars
  Alias variables: 50 scalars
  Number of mixed real/discrete systems of equations: 0
  Sizes of linear systems of equations: {2, 2}
  Sizes after manipulation of the linear systems: {2, 2}
  Sizes of nonlinear systems of equations: { }
  Sizes after manipulation of the nonlinear systems: { }
  Number of numerical Jacobians: 0
 
Settings
Advanced.StoreProtectedVariables = true
Selected continuous time states
Statically selected continuous time states
  volume.medium.p
  volume.medium.T
  volume.medium.Xi[]
  volume1.medium.p
  volume1.medium.T
  volume1.medium.Xi[]
 