Log-file of program ./dymosim
(generated: Tue May  5 01:56:08 2020)

dymosim started
... "dsin.txt" loading (dymosim input file)
... "SMPM_Mains.mat" creating (simulation result file)

Integration started at T = 0 using integration method DASSL
(DAE multi-step solver (dassl/dasslrt of Petzold modified by Dassault Systemes))
Integration terminated successfully at T = 1
   CPU-time for integration                : 1.29 seconds
   CPU-time for one grid interval          : 0.0646 milliseconds
   CPU-time for initialization             : 0.001 seconds
   Number of result points                 : 20003
   Number of grid points                   : 20001
   Number of accepted steps                : 3788
   Number of f-evaluations (dynamics)      : 7549
   Number of Jacobian-evaluations          : 36
   Number of model time events             : 1
   Number of input time events             : 0
   Number of state events                  : 0
   Number of step events                   : 0
   Minimum integration stepsize            : 7.58e-10
   Maximum integration stepsize            : 0.000358
   Maximum integration order               : 5
Calling terminal section
... "dsfinal.txt" creating (final states)
