 = true
Translation of Modelica.Mechanics.Translational.Examples.Sensors:
The DAE has 38 scalar unknowns and 38 scalar equations.
 
Statistics
 
Original Model
  Number of components: 10
  Variables: 47
  Parameters: 9 (9 scalars)
  Unknowns: 38 (38 scalars)
  Differentiated variables: 6 scalars
  Equations: 34
  Nontrivial: 24
Translated Model
  Constants: 8 scalars
  Free parameters: 7 scalars
  Continuous time states: 2 scalars
  Time-varying variables: 6 scalars
  Alias variables: 26 scalars
  Number of mixed real/discrete systems of equations: 0
  Sizes of linear systems of equations: { }
  Sizes after manipulation of the linear systems: { }
  Sizes of nonlinear systems of equations: { }
  Sizes after manipulation of the nonlinear systems: { }
  Number of numerical Jacobians: 0
 
Settings
Advanced.StoreProtectedVariables = true
Selected continuous time states
Statically selected continuous time states
  mass.s
  mass.v
 