Log-file of program ./dymosim
(generated: Tue May  5 00:43:30 2020)

dymosim started
... "dsin.txt" loading (dymosim input file)
... "OvervoltageProtection.mat" creating (simulation result file)

Integration started at T = 0 using integration method DASSL
(DAE multi-step solver (dassl/dasslrt of Petzold modified by Dassault Systemes))
Integration terminated successfully at T = 0.4
   CPU-time for integration                : 0.109 seconds
   CPU-time for one grid interval          : 0.0218 milliseconds
   CPU-time for initialization             : 0.001 seconds
   Number of result points                 : 5002
   Number of grid points                   : 5001
   Number of accepted steps                : 801
   Number of f-evaluations (dynamics)      : 2024
   Number of crossing function evaluations : 5801
   Number of Jacobian-evaluations          : 173
   Number of model time events             : 0
   Number of input time events             : 0
   Number of state events                  : 0
   Number of step events                   : 0
   Minimum integration stepsize            : 8e-08
   Maximum integration stepsize            : 0.00338
   Maximum integration order               : 5
Calling terminal section
... "dsfinal.txt" creating (final states)
