 = true
Translation of Modelica.Electrical.Analog.Examples.OvervoltageProtection:
The DAE has 49 scalar unknowns and 49 scalar equations.
 
Statistics
 
Original Model
  Number of components: 9
  Variables: 88
  Parameters: 39 (39 scalars)
  Unknowns: 49 (49 scalars)
  Differentiated variables: 1 scalars
  Equations: 47
  Nontrivial: 39
Translated Model
  Constants: 9 scalars
  Free parameters: 28 scalars
  Parameter depending: 9 scalars
  Continuous time states: 1 scalars
  Time-varying variables: 14 scalars
  Alias variables: 28 scalars
  Number of mixed real/discrete systems of equations: 0
  Sizes of linear systems of equations: { }
  Sizes after manipulation of the linear systems: { }
  Sizes of nonlinear systems of equations: {3}
  Sizes after manipulation of the nonlinear systems: {1}
  Number of numerical Jacobians: 0
 
Settings
Advanced.StoreProtectedVariables = true
Selected continuous time states
Statically selected continuous time states
  CL.v
 