Log-file of program ./dymosim
(generated: Tue May  5 01:47:25 2020)

dymosim started
... "dsin.txt" loading (dymosim input file)
... "EddyCurrentLosses.mat" creating (simulation result file)

Integration started at T = 0 using integration method DASSL
(DAE multi-step solver (dassl/dasslrt of Petzold modified by Dassault Systemes))
Integration terminated successfully at T = 40
   CPU-time for integration                : 0.396 seconds
   CPU-time for one grid interval          : 0.0495 milliseconds
   CPU-time for initialization             : 0.001 seconds
   Number of result points                 : 8002
   Number of grid points                   : 8001
   Number of accepted steps                : 29
   Number of f-evaluations (dynamics)      : 29
   Number of Jacobian-evaluations          : 28
   Number of model time events             : 0
   Number of input time events             : 0
   Number of state events                  : 0
   Number of step events                   : 0
   Minimum integration stepsize            : 7.96e-08
   Maximum integration stepsize            : 18.6
   Maximum integration order               : 1
Calling terminal section
... "dsfinal.txt" creating (final states)
