 = true
Translation of Modelica.Mechanics.Translational.Examples.Vehicle:
The DAE has 249 scalar unknowns and 249 scalar equations.
 
Statistics
 
Original Model
  Number of components: 56
  Variables: 418
  Constants: 3 (3 scalars)
  Parameters: 167 (210 scalars)
  Unknowns: 248 (249 scalars)
  Differentiated variables: 25 scalars
  Equations: 240
  Nontrivial: 190
Translated Model
  Constants: 80 scalars
  Free parameters: 83 scalars
  Parameter depending: 64 scalars
  Continuous time states: 10 scalars
  Time-varying variables: 63 scalars
  Alias variables: 172 scalars
  Number of mixed real/discrete systems of equations: 0
  Sizes of linear systems of equations: {7, 3, 9, 4}
  Sizes after manipulation of the linear systems: {3, 2, 4, 0}
  Sizes of nonlinear systems of equations: { }
  Sizes after manipulation of the nonlinear systems: { }
  Number of numerical Jacobians: 0
 
Settings
Advanced.StoreProtectedVariables = true
Selected continuous time states
Statically selected continuous time states
  trailer.windSpeed.s
  trailer.windSpeed.v
  vehicle.inertia.phi
  vehicle.inertia.w
  vehicle.windSpeed.s
  vehicle.windSpeed.v
  vehicle1.windSpeed.s
  vehicle1.windSpeed.v
 
Dynamically selected continuous time states
There are 2 sets of dynamic state selection.
From set 1 there is 1 state to be selected from:
  trailer.inertia.phi
  vehicle1.inertia.phi
  vehicle1.mass.s
 
From set 2 there is 1 state to be selected from:
  trailer.inertia.w
  vehicle1.inertia.w
 