Log-file of program ./dymosim
(generated: Tue May  5 01:05:46 2020)

dymosim started
... "dsin.txt" loading (dymosim input file)
... "DCPM_Temperature.mat" creating (simulation result file)

Integration started at T = 0 using integration method DASSL
(DAE multi-step solver (dassl/dasslrt of Petzold modified by Dassault Systemes))
Integration terminated successfully at T = 3
   CPU-time for integration                : 0.771 seconds
   CPU-time for one grid interval          : 0.0129 milliseconds
   CPU-time for initialization             : 0 seconds
   Number of result points                 : 60003
   Number of grid points                   : 60001
   Number of accepted steps                : 258
   Number of f-evaluations (dynamics)      : 487
   Number of crossing function evaluations : 60258
   Number of Jacobian-evaluations          : 51
   Number of model time events             : 1
   Number of input time events             : 0
   Number of state events                  : 0
   Number of step events                   : 0
   Minimum integration stepsize            : 5.51e-10
   Maximum integration stepsize            : 0.116
   Maximum integration order               : 5
Calling terminal section
... "dsfinal.txt" creating (final states)
