 = true
Translation of Modelica.Electrical.Machines.Examples.DCMachines.DCPM_Temperature:
The DAE has 214 scalar unknowns and 214 scalar equations.
 
Statistics
 
Original Model
  Number of components: 41
  Variables: 356
  Constants: 5 (5 scalars)
  Parameters: 137 (137 scalars)
  Unknowns: 214 (214 scalars)
  Differentiated variables: 13 scalars
  Equations: 169
  Nontrivial: 122
Translated Model
  Constants: 141 scalars
  Free parameters: 29 scalars
  Parameter depending: 74 scalars
  Continuous time states: 3 scalars
  Time-varying variables: 22 scalars
  Alias variables: 90 scalars
  Number of mixed real/discrete systems of equations: 0
  Sizes of linear systems of equations: {2}
  Sizes after manipulation of the linear systems: {0}
  Sizes of nonlinear systems of equations: { }
  Sizes after manipulation of the nonlinear systems: { }
  Number of numerical Jacobians: 0
 
Settings
Advanced.StoreProtectedVariables = true
Selected continuous time states
Statically selected continuous time states
  dcpm.la.i
  loadInertia.phi
  loadInertia.w
 