Log-file of program ./dymosim
(generated: Wed May 20 10:17:22 2026)

dymosim started
... "Modelica.Magnetic.QuasiStatic.FundamentalWave.Examples.BasicMachines.InductionMachines.IMC_Initialize" simulating
... "dsin.txt" loading (dymosim input file)
... "result.mat" creating (simulation result file)

Integration started at T = 0 using integration method DASSL
(DAE multi-step solver (dassl/dasslrt of Petzold modified by Dassault Systemes))

Integration terminated successfully at T = 1.5
   CPU-time for integration                : 0.785 seconds
   CPU-time for one grid interval          : 0.0523 milliseconds
   CPU-time for initialization             : 0 seconds
   Number of result points                 : 15004
   Number of grid points                   : 15001
   Number of accepted steps                : 5808
   Number of f-evaluations (dynamics)      : 16118
   Number of Jacobian-evaluations          : 1390
   Number of model time events             : 1
   Number of input time events             : 0
   Number of state events                  : 0
   Number of step events                   : 1
   Minimum integration stepsize            : 1.62e-10
   Maximum integration stepsize            : 0.000471
   Maximum integration order               : 5
Calling terminal section
... "dsfinal.txt" creating (final states)

SUCCESSFUL simulation of Modelica.Magnetic.QuasiStatic.FundamentalWave.Examples.BasicMachines.InductionMachines.IMC_Initialize
