 = true
Translation of Modelica.Clocked.Examples.Elementary.RealSignals.SuperSampleInterpolated:
The DAE has 15 scalar unknowns and 15 scalar equations.
 
Statistics
 
Original Model
  Number of components: 6
  Variables: 28
  Constants: 1 (8 scalars)
  Parameters: 12 (12 scalars)
  Unknowns: 12 (12 scalars)
  Equations: 10
  Nontrivial: 10
Translated Model
  Constants: 16 scalars
  Free parameters: 5 scalars
  Time-varying variables: 11 scalars
  Number of mixed real/discrete systems of equations: 0
  Sizes of linear systems of equations: { }
  Sizes after manipulation of the linear systems: { }
  Sizes of nonlinear systems of equations: { }
  Sizes after manipulation of the nonlinear systems: { }
  Number of numerical Jacobians: 0
 
Settings
Advanced.StoreProtectedVariables = true
Selected continuous time states