 = true
Translation of Modelica.Electrical.Batteries.Examples.ShowImpedance:
The DAE has 4 scalar unknowns and 4 scalar equations.
 
Statistics
 
Original Model
  Number of components: 9
  Variables: 60
  Constants: 6 (6 scalars)
  Parameters: 50 (278 scalars)
  Unknowns: 4 (4 scalars)
  Equations: 3
  Nontrivial: 3
Translated Model
  Constants: 12 scalars
  Free parameters: 75 scalars
  Parameter depending: 197 scalars
  Time-varying variables: 3 scalars
  Alias variables: 1 scalars
  Number of mixed real/discrete systems of equations: 0
  Sizes of linear systems of equations: { }
  Sizes after manipulation of the linear systems: { }
  Sizes of nonlinear systems of equations: { }
  Sizes after manipulation of the nonlinear systems: { }
  Number of numerical Jacobians: 0
 
Settings
Advanced.StoreProtectedVariables = true
Selected continuous time states