Log-file of program ./dymosim
(generated: Tue May  5 00:45:00 2020)

dymosim started
... "dsin.txt" loading (dymosim input file)
... "SimpleTriacCircuit.mat" creating (simulation result file)

Integration started at T = 0 using integration method DASSL
(DAE multi-step solver (dassl/dasslrt of Petzold modified by Dassault Systemes))
Integration terminated successfully at T = 0.001
   CPU-time for integration                : 1.91 seconds
   CPU-time for one grid interval          : 0.478 milliseconds
   CPU-time for initialization             : 0.001 seconds
   Number of result points                 : 4491
   Number of grid points                   : 4001
   Number of accepted steps                : 79263
   Number of f-evaluations (dynamics)      : 120151
   Number of crossing function evaluations : 84773
   Number of Jacobian-evaluations          : 9429
   Number of model time events             : 61
   Number of input time events             : 0
   Number of state events                  : 197
   Number of step events                   : 0
   Minimum integration stepsize            : 4.53e-20
   Maximum integration stepsize            : 7.85e-07
   Maximum integration order               : 5
Calling terminal section
... "dsfinal.txt" creating (final states)
