 = true
Translation of Modelica.Clocked.Examples.Elementary.IntegerSignals.Hold:
The DAE has 16 scalar unknowns and 16 scalar equations.
 
Statistics
 
Original Model
  Number of components: 10
  Variables: 51
  Constants: 1 (8 scalars)
  Parameters: 34 (52 scalars)
  Unknowns: 13 (13 scalars)
  Equations: 19
  Nontrivial: 19
Translated Model
  Constants: 25 scalars
  Free parameters: 16 scalars
  Parameter depending: 19 scalars
  Time-varying variables: 11 scalars
  Alias variables: 2 scalars
  Number of mixed real/discrete systems of equations: 0
  Sizes of linear systems of equations: { }
  Sizes after manipulation of the linear systems: { }
  Sizes of nonlinear systems of equations: { }
  Sizes after manipulation of the nonlinear systems: { }
  Number of numerical Jacobians: 0
 
Settings
Advanced.StoreProtectedVariables = true
Selected continuous time states