Log-file of program ./dymosim
(generated: Mon Oct 28 23:56:09 2024)

dymosim started
... "Modelica.Magnetic.QuasiStatic.FundamentalWave.Examples.BasicMachines.SynchronousMachines.SMPM_FieldWeakening" simulating
... "dsin.txt" loading (dymosim input file)
Error: The following error was detected at time: 0

Model error - division by zero: (1.0) / (sqrt(voltageQuasiRMSSensorQS.quasiRMS.u[3].re^2+voltageQuasiRMSSensorQS.quasiRMS.u[3].im^2)
Modelica.Electrical.QuasiStatic.Polyphase.Functions.quasiRMS(
{Complex(
re = voltageQuasiRMSSensorQS.quasiRMS.u[1].re, 
im = voltageQuasiRMSSensorQS.quasiRMS.u[1].im
), Complex(
re = voltageQuasiRMSSensorQS.quasiRMS.u[2].re, 
im = voltageQuasiRMSSensorQS.quasiRMS.u[2].im
), Complex(
re = voltageQuasiRMSS...) = (1) / (0)

First evaluation failed for non-linear solver.

Error: The following error was detected at time: 0

Model error - division by zero: (1.0) / (sqrt(voltageQuasiRMSSensorQS.quasiRMS.u[3].re^2+voltageQuasiRMSSensorQS.quasiRMS.u[3].im^2)
Modelica.Electrical.QuasiStatic.Polyphase.Functions.quasiRMS(
{Complex(
re = voltageQuasiRMSSensorQS.quasiRMS.u[1].re, 
im = voltageQuasiRMSSensorQS.quasiRMS.u[1].im
), Complex(
re = voltageQuasiRMSSensorQS.quasiRMS.u[2].re, 
im = voltageQuasiRMSSensorQS.quasiRMS.u[2].im
), Complex(
re = voltageQuasiRMSS...) = (1) / (0)

Non-linear solver will silently attempt to handle this problem.
Non-linear solver recovered after failed attempt number: 1

Error: The following error was detected at time: 0

Model error - division by zero: (1.0) / (sqrt(voltageQuasiRMSSensorQS.quasiRMS.u[3].re^2+voltageQuasiRMSSensorQS.quasiRMS.u[3].im^2)
Modelica.Electrical.QuasiStatic.Polyphase.Functions.quasiRMS(
{Complex(
re = voltageQuasiRMSSensorQS.quasiRMS.u[1].re, 
im = voltageQuasiRMSSensorQS.quasiRMS.u[1].im
), Complex(
re = voltageQuasiRMSSensorQS.quasiRMS.u[2].re, 
im = voltageQuasiRMSSensorQS.quasiRMS.u[2].im
), Complex(
re = voltageQuasiRMSS...) = (1) / (0)

First evaluation failed for non-linear solver.

Error: The following error was detected at time: 0

Model error - division by zero: (1.0) / (sqrt(voltageQuasiRMSSensorQS.quasiRMS.u[3].re^2+voltageQuasiRMSSensorQS.quasiRMS.u[3].im^2)
Modelica.Electrical.QuasiStatic.Polyphase.Functions.quasiRMS(
{Complex(
re = voltageQuasiRMSSensorQS.quasiRMS.u[1].re, 
im = voltageQuasiRMSSensorQS.quasiRMS.u[1].im
), Complex(
re = voltageQuasiRMSSensorQS.quasiRMS.u[2].re, 
im = voltageQuasiRMSSensorQS.quasiRMS.u[2].im
), Complex(
re = voltageQuasiRMSS...) = (1) / (0)

Non-linear solver will silently attempt to handle this problem.
Non-linear solver recovered after failed attempt number: 1

Error: The following error was detected at time: 0

Model error - division by zero: (1.0) / (sqrt(voltageQuasiRMSSensorQS.quasiRMS.u[3].re^2+voltageQuasiRMSSensorQS.quasiRMS.u[3].im^2)
Modelica.Electrical.QuasiStatic.Polyphase.Functions.quasiRMS(
{Complex(
re = voltageQuasiRMSSensorQS.quasiRMS.u[1].re, 
im = voltageQuasiRMSSensorQS.quasiRMS.u[1].im
), Complex(
re = voltageQuasiRMSSensorQS.quasiRMS.u[2].re, 
im = voltageQuasiRMSSensorQS.quasiRMS.u[2].im
), Complex(
re = voltageQuasiRMSS...) = (1) / (0)

First evaluation failed for non-linear solver.

Error: The following error was detected at time: 0

Model error - division by zero: (1.0) / (sqrt(voltageQuasiRMSSensorQS.quasiRMS.u[3].re^2+voltageQuasiRMSSensorQS.quasiRMS.u[3].im^2)
Modelica.Electrical.QuasiStatic.Polyphase.Functions.quasiRMS(
{Complex(
re = voltageQuasiRMSSensorQS.quasiRMS.u[1].re, 
im = voltageQuasiRMSSensorQS.quasiRMS.u[1].im
), Complex(
re = voltageQuasiRMSSensorQS.quasiRMS.u[2].re, 
im = voltageQuasiRMSSensorQS.quasiRMS.u[2].im
), Complex(
re = voltageQuasiRMSS...) = (1) / (0)

Non-linear solver will silently attempt to handle this problem.
Non-linear solver recovered after failed attempt number: 1

Error: The following error was detected at time: 0

Model error - division by zero: (1.0) / (sqrt(voltageQuasiRMSSensorQS.quasiRMS.u[3].re^2+voltageQuasiRMSSensorQS.quasiRMS.u[3].im^2)
Modelica.Electrical.QuasiStatic.Polyphase.Functions.quasiRMS(
{Complex(
re = voltageQuasiRMSSensorQS.quasiRMS.u[1].re, 
im = voltageQuasiRMSSensorQS.quasiRMS.u[1].im
), Complex(
re = voltageQuasiRMSSensorQS.quasiRMS.u[2].re, 
im = voltageQuasiRMSSensorQS.quasiRMS.u[2].im
), Complex(
re = voltageQuasiRMSS...) = (1) / (0)

First evaluation failed for non-linear solver.

Error: The following error was detected at time: 0

Model error - division by zero: (1.0) / (sqrt(voltageQuasiRMSSensorQS.quasiRMS.u[3].re^2+voltageQuasiRMSSensorQS.quasiRMS.u[3].im^2)
Modelica.Electrical.QuasiStatic.Polyphase.Functions.quasiRMS(
{Complex(
re = voltageQuasiRMSSensorQS.quasiRMS.u[1].re, 
im = voltageQuasiRMSSensorQS.quasiRMS.u[1].im
), Complex(
re = voltageQuasiRMSSensorQS.quasiRMS.u[2].re, 
im = voltageQuasiRMSSensorQS.quasiRMS.u[2].im
), Complex(
re = voltageQuasiRMSS...) = (1) / (0)

Non-linear solver will silently attempt to handle this problem.
Non-linear solver recovered after failed attempt number: 1

... "result.mat" creating (simulation result file)

Integration started at T = 0 using integration method DASSL
(DAE multi-step solver (dassl/dasslrt of Petzold modified by Dassault Systemes))
Error: The following error was detected at time: 0

Model error - division by zero: (1.0) / (sqrt(voltageQuasiRMSSensorQS.quasiRMS.u[3].re^2+voltageQuasiRMSSensorQS.quasiRMS.u[3].im^2)
Modelica.Electrical.QuasiStatic.Polyphase.Functions.quasiRMS(
{Complex(
re = voltageQuasiRMSSensorQS.quasiRMS.u[1].re, 
im = voltageQuasiRMSSensorQS.quasiRMS.u[1].im
), Complex(
re = voltageQuasiRMSSensorQS.quasiRMS.u[2].re, 
im = voltageQuasiRMSSensorQS.quasiRMS.u[2].im
), Complex(
re = voltageQuasiRMSS...) = (1) / (0)

First evaluation failed for non-linear solver.

Error: The following error was detected at time: 0

Model error - division by zero: (1.0) / (sqrt(voltageQuasiRMSSensorQS.quasiRMS.u[3].re^2+voltageQuasiRMSSensorQS.quasiRMS.u[3].im^2)
Modelica.Electrical.QuasiStatic.Polyphase.Functions.quasiRMS(
{Complex(
re = voltageQuasiRMSSensorQS.quasiRMS.u[1].re, 
im = voltageQuasiRMSSensorQS.quasiRMS.u[1].im
), Complex(
re = voltageQuasiRMSSensorQS.quasiRMS.u[2].re, 
im = voltageQuasiRMSSensorQS.quasiRMS.u[2].im
), Complex(
re = voltageQuasiRMSS...) = (1) / (0)

Non-linear solver will silently attempt to handle this problem.
Non-linear solver recovered after failed attempt number: 1

Error: The following error was detected at time: 0

Model error - division by zero: (1.0) / (sqrt(voltageQuasiRMSSensorQS.quasiRMS.u[3].re^2+voltageQuasiRMSSensorQS.quasiRMS.u[3].im^2)
Modelica.Electrical.QuasiStatic.Polyphase.Functions.quasiRMS(
{Complex(
re = voltageQuasiRMSSensorQS.quasiRMS.u[1].re, 
im = voltageQuasiRMSSensorQS.quasiRMS.u[1].im
), Complex(
re = voltageQuasiRMSSensorQS.quasiRMS.u[2].re, 
im = voltageQuasiRMSSensorQS.quasiRMS.u[2].im
), Complex(
re = voltageQuasiRMSS...) = (1) / (0)

First evaluation failed for non-linear solver.

Error: The following error was detected at time: 0

Model error - division by zero: (1.0) / (sqrt(voltageQuasiRMSSensorQS.quasiRMS.u[3].re^2+voltageQuasiRMSSensorQS.quasiRMS.u[3].im^2)
Modelica.Electrical.QuasiStatic.Polyphase.Functions.quasiRMS(
{Complex(
re = voltageQuasiRMSSensorQS.quasiRMS.u[1].re, 
im = voltageQuasiRMSSensorQS.quasiRMS.u[1].im
), Complex(
re = voltageQuasiRMSSensorQS.quasiRMS.u[2].re, 
im = voltageQuasiRMSSensorQS.quasiRMS.u[2].im
), Complex(
re = voltageQuasiRMSS...) = (1) / (0)

Non-linear solver will silently attempt to handle this problem.
Non-linear solver recovered after failed attempt number: 1

Error: The following error was detected at time: 6.363961030678924E-14

Model error - division by zero: (1.0) / (sqrt(voltageQuasiRMSSensorQS.quasiRMS.u[3].re^2+voltageQuasiRMSSensorQS.quasiRMS.u[3].im^2)
Modelica.Electrical.QuasiStatic.Polyphase.Functions.quasiRMS(
{Complex(
re = voltageQuasiRMSSensorQS.quasiRMS.u[1].re, 
im = voltageQuasiRMSSensorQS.quasiRMS.u[1].im
), Complex(
re = voltageQuasiRMSSensorQS.quasiRMS.u[2].re, 
im = voltageQuasiRMSSensorQS.quasiRMS.u[2].im
), Complex(
re = voltageQuasiRMSS...) = (1) / (0)

First evaluation failed for non-linear solver.

Error: The following error was detected at time: 6.363961030678924E-14

Model error - division by zero: (1.0) / (sqrt(voltageQuasiRMSSensorQS.quasiRMS.u[3].re^2+voltageQuasiRMSSensorQS.quasiRMS.u[3].im^2)
Modelica.Electrical.QuasiStatic.Polyphase.Functions.quasiRMS(
{Complex(
re = voltageQuasiRMSSensorQS.quasiRMS.u[1].re, 
im = voltageQuasiRMSSensorQS.quasiRMS.u[1].im
), Complex(
re = voltageQuasiRMSSensorQS.quasiRMS.u[2].re, 
im = voltageQuasiRMSSensorQS.quasiRMS.u[2].im
), Complex(
re = voltageQuasiRMSS...) = (1) / (0)

Non-linear solver will silently attempt to handle this problem.
Non-linear solver recovered after failed attempt number: 1


Integration terminated successfully at T = 2.5
   CPU-time for integration                : 0.389 seconds
   CPU-time for one grid interval          : 0.0156 milliseconds
   CPU-time for initialization             : 0.003 seconds
   Number of result points                 : 25005
   Number of grid points                   : 25001
   Number of accepted steps                : 324
   Number of f-evaluations (dynamics)      : 646
   Number of crossing function evaluations : 25328
   Number of Jacobian-evaluations          : 81
   Number of model time events             : 2
   Number of input time events             : 0
   Number of state events                  : 1
   Number of step events                   : 0
   Minimum integration stepsize            : 6.36e-14
   Maximum integration stepsize            : 0.185
   Maximum integration order               : 5
Calling terminal section
... "dsfinal.txt" creating (final states)

SUCCESSFUL simulation of Modelica.Magnetic.QuasiStatic.FundamentalWave.Examples.BasicMachines.SynchronousMachines.SMPM_FieldWeakening
