Log-file of program ./dymosim
(generated: Tue May  5 00:32:11 2020)

dymosim started
... "dsin.txt" loading (dymosim input file)
... "ClockedWithDiscreteController.mat" creating (simulation result file)

Integration started at T = 0 using integration method DASSL
(DAE multi-step solver (dassl/dasslrt of Petzold modified by Dassault Systemes))
Integration terminated successfully at T = 3
   CPU-time for integration                : 0.069 seconds
   CPU-time for one grid interval          : 0.0138 milliseconds
   CPU-time for initialization             : 0 seconds
   Number of result points                 : 5051
   Number of grid points                   : 5001
   Number of accepted steps                : 550
   Number of f-evaluations (dynamics)      : 550
   Number of Jacobian-evaluations          : 520
   Number of model time events             : 30
   Number of input time events             : 0
   Number of state events                  : 0
   Number of step events                   : 0
   Minimum integration stepsize            : 2e-07
   Maximum integration stepsize            : 0.0476
   Maximum integration order               : 2
Calling terminal section
... "dsfinal.txt" creating (final states)
