 = true
Translation of Modelica.Clocked.Examples.SimpleControlledDrive.ClockedWithDiscreteController:
The DAE has 30 scalar unknowns and 30 scalar equations.
 
Statistics
 
Original Model
  Number of components: 11
  Variables: 43
  Parameters: 13 (13 scalars)
  Unknowns: 28 (28 scalars)
  Differentiated variables: 3 scalars
  Equations: 27
  Nontrivial: 24
Translated Model
  Constants: 8 scalars
  Free parameters: 8 scalars
  Continuous time states: 2 scalars
  Time-varying variables: 13 scalars
  Alias variables: 12 scalars
  Number of mixed real/discrete systems of equations: 0
  Sizes of linear systems of equations: { }
  Sizes after manipulation of the linear systems: { }
  Sizes of nonlinear systems of equations: { }
  Sizes after manipulation of the nonlinear systems: { }
  Number of numerical Jacobians: 0
 
Settings
Advanced.StoreProtectedVariables = true
Selected continuous time states
Statically selected continuous time states
  load.phi
  load.w
 