Log-file of program ./dymosim
(generated: Tue May  5 00:49:30 2020)

dymosim started
... "dsin.txt" loading (dymosim input file)
... "Counter.mat" creating (simulation result file)

Integration started at T = 0 using integration method DASSL
(DAE multi-step solver (dassl/dasslrt of Petzold modified by Dassault Systemes))
Integration terminated successfully at T = 100
   CPU-time for integration                : 0.137 seconds
   CPU-time for one grid interval          : 0.0274 milliseconds
   CPU-time for initialization             : 0.002 seconds
   Number of result points                 : 5599
   Number of grid points                   : 5001
   Number of accepted steps                : 4198
   Number of f-evaluations (dynamics)      : 4198
   Number of crossing function evaluations : 11028
   Number of Jacobian-evaluations          : 3599
   Number of model time events             : 201
   Number of input time events             : 0
   Number of state events                  : 198
   Number of step events                   : 0
   Minimum integration stepsize            : 1e-06
   Maximum integration stepsize            : 0.188
   Maximum integration order               : 1
Calling terminal section
... "dsfinal.txt" creating (final states)
