 = true
Translation of Modelica.Electrical.Digital.Examples.Counter:
The DAE has 322 scalar unknowns and 322 scalar equations.
 
Statistics
 
Original Model
  Number of components: 64
  Variables: 371
  Constants: 11 (243 scalars)
  Parameters: 121 (121 scalars)
  Unknowns: 239 (322 scalars)
  Equations: 303
  Nontrivial: 303
Translated Model
  Constants: 281 scalars
  Free parameters: 43 scalars
  Parameter depending: 41 scalars
  Time-varying variables: 127 scalars
  Alias variables: 194 scalars
  Number of mixed real/discrete systems of equations: 0
  Sizes of linear systems of equations: { }
  Sizes after manipulation of the linear systems: { }
  Sizes of nonlinear systems of equations: { }
  Sizes after manipulation of the nonlinear systems: { }
  Number of numerical Jacobians: 0
 
Settings
Advanced.StoreProtectedVariables = true
Selected continuous time states