Log-file of program ./dymosim
(generated: Tue May  5 01:08:35 2020)

dymosim started
... "dsin.txt" loading (dymosim input file)
... "Rectifier6pulse.mat" creating (simulation result file)

Integration started at T = 0 using integration method DASSL
(DAE multi-step solver (dassl/dasslrt of Petzold modified by Dassault Systemes))
Integration terminated successfully at T = 0.1
   CPU-time for integration                : 0.116 seconds
   CPU-time for one grid interval          : 0.058 milliseconds
   CPU-time for initialization             : 0 seconds
   Number of result points                 : 2122
   Number of grid points                   : 2001
   Number of accepted steps                : 4840
   Number of f-evaluations (dynamics)      : 9238
   Number of crossing function evaluations : 7347
   Number of Jacobian-evaluations          : 1198
   Number of model time events             : 0
   Number of input time events             : 0
   Number of state events                  : 60
   Number of step events                   : 0
   Minimum integration stepsize            : 5.69e-14
   Maximum integration stepsize            : 8.54e-05
   Maximum integration order               : 5
Calling terminal section
... "dsfinal.txt" creating (final states)
