 = true
Translation of Modelica.Electrical.Machines.Examples.Transformers.Rectifier6pulse:
The DAE has 579 scalar unknowns and 579 scalar equations.
 
Statistics
 
Original Model
  Number of components: 59
  Variables: 776
  Constants: 17 (17 scalars)
  Parameters: 232 (278 scalars)
  Unknowns: 527 (579 scalars)
  Differentiated variables: 8 scalars
  Equations: 292
  Nontrivial: 242
Translated Model
  Constants: 144 scalars
  Free parameters: 48 scalars
  Parameter depending: 143 scalars
  Continuous time states: 4 scalars
  Time-varying variables: 125 scalars
  Alias variables: 414 scalars
  Number of mixed real/discrete systems of equations: 3
  Sizes of linear systems of equations: {6, 6, 6, 21}
  Sizes after manipulation of the linear systems: {2, 2, 2, 6}
  Sizes of nonlinear systems of equations: { }
  Sizes after manipulation of the nonlinear systems: { }
  Number of numerical Jacobians: 0
 
Settings
Advanced.StoreProtectedVariables = true
Selected continuous time states
Statically selected continuous time states
  cDC1.v
  cDC2.v
  transformer1.l2sigma.inductor[1].i
  transformer1.l2sigma.inductor[3].i
 