Log-file of program ./dymosim
(generated: Tue May  5 01:16:50 2020)

dymosim started
... "dsin.txt" loading (dymosim input file)
... "DiodeCenterTap2mPulse.mat" creating (simulation result file)

Integration started at T = 0 using integration method DASSL
(DAE multi-step solver (dassl/dasslrt of Petzold modified by Dassault Systemes))
Integration terminated successfully at T = 0.1
   CPU-time for integration                : 0.035 seconds
   CPU-time for one grid interval          : 0.035 milliseconds
   CPU-time for initialization             : 0 seconds
   Number of result points                 : 1175
   Number of grid points                   : 1001
   Number of accepted steps                : 2404
   Number of f-evaluations (dynamics)      : 3694
   Number of crossing function evaluations : 3798
   Number of Jacobian-evaluations          : 1294
   Number of model time events             : 30
   Number of input time events             : 0
   Number of state events                  : 64
   Number of step events                   : 0
   Minimum integration stepsize            : 1.38e-12
   Maximum integration stepsize            : 0.000259
   Maximum integration order               : 5
Calling terminal section
... "dsfinal.txt" creating (final states)
