Log-file of program ./dymosim
(generated: Tue May  5 00:50:44 2020)

dymosim started
... "dsin.txt" loading (dymosim input file)
... "NRXFER.mat" creating (simulation result file)

Integration started at T = 0 using integration method DASSL
(DAE multi-step solver (dassl/dasslrt of Petzold modified by Dassault Systemes))
Integration terminated successfully at T = 12
   CPU-time for integration                : 0.071 seconds
   CPU-time for one grid interval          : 0.0142 milliseconds
   CPU-time for initialization             : 0 seconds
   Number of result points                 : 5014
   Number of grid points                   : 5001
   Number of accepted steps                : 163
   Number of f-evaluations (dynamics)      : 163
   Number of crossing function evaluations : 5168
   Number of Jacobian-evaluations          : 152
   Number of model time events             : 7
   Number of input time events             : 0
   Number of state events                  : 0
   Number of step events                   : 0
   Minimum integration stepsize            : 8e-07
   Maximum integration stepsize            : 1.68
   Maximum integration order               : 1
Calling terminal section
... "dsfinal.txt" creating (final states)
