Log-file of program ./dymosim
(generated: Tue May  5 01:09:30 2020)

dymosim started
... "dsin.txt" loading (dymosim input file)
... "Rectifier.mat" creating (simulation result file)

Integration started at T = 0 using integration method DASSL
(DAE multi-step solver (dassl/dasslrt of Petzold modified by Dassault Systemes))
Integration terminated successfully at T = 0.1
   CPU-time for integration                : 0.428 seconds
   CPU-time for one grid interval          : 0.0214 milliseconds
   CPU-time for initialization             : 0 seconds
   Number of result points                 : 20122
   Number of grid points                   : 20001
   Number of accepted steps                : 3534
   Number of f-evaluations (dynamics)      : 6709
   Number of crossing function evaluations : 23984
   Number of Jacobian-evaluations          : 1119
   Number of model time events             : 0
   Number of input time events             : 0
   Number of state events                  : 60
   Number of step events                   : 0
   Minimum integration stepsize            : 2.73e-12
   Maximum integration stepsize            : 0.000162
   Maximum integration order               : 5
Calling terminal section
... "dsfinal.txt" creating (final states)
