Log-file of program ./dymosim
(generated: Tue May  5 00:52:53 2020)

dymosim started
... "dsin.txt" loading (dymosim input file)
... "CCCV_StackRC.mat" creating (simulation result file)

Integration started at T = 0 using integration method DASSL
(DAE multi-step solver (dassl/dasslrt of Petzold modified by Dassault Systemes))
Integration terminated successfully at T = 1200
   CPU-time for integration                : 0.612 seconds
   CPU-time for one grid interval          : 0.0255 milliseconds
   CPU-time for initialization             : 0 seconds
   Number of result points                 : 24020
   Number of grid points                   : 24001
   Number of accepted steps                : 547
   Number of f-evaluations (dynamics)      : 1038
   Number of crossing function evaluations : 24623
   Number of Jacobian-evaluations          : 197
   Number of model time events             : 0
   Number of input time events             : 0
   Number of state events                  : 10
   Number of step events                   : 0
   Minimum integration stepsize            : 3.81e-06
   Maximum integration stepsize            : 23.5
   Maximum integration order               : 5
Calling terminal section
... "dsfinal.txt" creating (final states)
