 = true
Translation of Modelica.Electrical.Digital.Examples.MUX2x1:
The DAE has 16 scalar unknowns and 16 scalar equations.
 
Statistics
 
Original Model
  Number of components: 6
  Variables: 37
  Constants: 4 (244 scalars)
  Parameters: 17 (37 scalars)
  Unknowns: 16 (16 scalars)
  Equations: 10
  Nontrivial: 10
Translated Model
  Constants: 246 scalars
  Free parameters: 33 scalars
  Parameter depending: 2 scalars
  Time-varying variables: 15 scalars
  Alias variables: 1 scalars
  Number of mixed real/discrete systems of equations: 0
  Sizes of linear systems of equations: { }
  Sizes after manipulation of the linear systems: { }
  Sizes of nonlinear systems of equations: { }
  Sizes after manipulation of the nonlinear systems: { }
  Number of numerical Jacobians: 0
 
Settings
Advanced.StoreProtectedVariables = true
Selected continuous time states