Log-file of program ./dymosim
(generated: Wed May 20 10:17:35 2026)

dymosim started
... "Modelica.Magnetic.QuasiStatic.FundamentalWave.Examples.BasicMachines.SynchronousMachines.SMEE_Generator" simulating
... "dsin.txt" loading (dymosim input file)
... "result.mat" creating (simulation result file)

Integration started at T = 0 using integration method DASSL
(DAE multi-step solver (dassl/dasslrt of Petzold modified by Dassault Systemes))

Integration terminated successfully at T = 30
   CPU-time for integration                : 1.7 seconds
   CPU-time for one grid interval          : 0.0566 milliseconds
   CPU-time for initialization             : 0.001 seconds
   Number of result points                 : 30003
   Number of grid points                   : 30001
   Number of accepted steps                : 105360
   Number of f-evaluations (dynamics)      : 210696
   Number of Jacobian-evaluations          : 31
   Number of model time events             : 1
   Number of input time events             : 0
   Number of state events                  : 0
   Number of step events                   : 0
   Minimum integration stepsize            : 6.91e-09
   Maximum integration stepsize            : 0.000453
   Maximum integration order               : 5
Calling terminal section
... "dsfinal.txt" creating (final states)

SUCCESSFUL simulation of Modelica.Magnetic.QuasiStatic.FundamentalWave.Examples.BasicMachines.SynchronousMachines.SMEE_Generator
