Log-file of program ./dymosim
(generated: Tue May  5 01:18:51 2020)

dymosim started
... "dsin.txt" loading (dymosim input file)
... "ChopperStepDown_R.mat" creating (simulation result file)

Integration started at T = 0 using integration method DASSL
(DAE multi-step solver (dassl/dasslrt of Petzold modified by Dassault Systemes))
Integration terminated successfully at T = 0.1
   CPU-time for integration                : 0.346 seconds
   CPU-time for one grid interval          : 0.0173 milliseconds
   CPU-time for initialization             : 0 seconds
   Number of result points                 : 20230
   Number of grid points                   : 20001
   Number of accepted steps                : 8225
   Number of f-evaluations (dynamics)      : 14349
   Number of crossing function evaluations : 28856
   Number of Jacobian-evaluations          : 2936
   Number of model time events             : 100
   Number of input time events             : 0
   Number of state events                  : 74
   Number of step events                   : 0
   Minimum integration stepsize            : 2.14e-11
   Maximum integration stepsize            : 0.000345
   Maximum integration order               : 5
Calling terminal section
... "dsfinal.txt" creating (final states)
