Log-file of program ./dymosim
(generated: Tue May  5 02:08:07 2020)

dymosim started
... "dsin.txt" loading (dymosim input file)
... "RollingWheel.mat" creating (simulation result file)

Integration started at T = 0 using integration method DASSL
(DAE multi-step solver (dassl/dasslrt of Petzold modified by Dassault Systemes))
Integration terminated successfully at T = 5
   CPU-time for integration                : 0.144 seconds
   CPU-time for one grid interval          : 0.0144 milliseconds
   CPU-time for initialization             : 0.001 seconds
   Number of result points                 : 10003
   Number of grid points                   : 10001
   Number of accepted steps                : 104
   Number of f-evaluations (dynamics)      : 177
   Number of crossing function evaluations : 10104
   Number of Jacobian-evaluations          : 35
   Number of model time events             : 1
   Number of input time events             : 0
   Number of state events                  : 0
   Number of step events                   : 0
   Minimum integration stepsize            : 1.41e-07
   Maximum integration stepsize            : 0.202
   Maximum integration order               : 5
Calling terminal section
... "dsfinal.txt" creating (final states)
