 = true
Translation of Modelica.Mechanics.MultiBody.Examples.Elementary.Pendulum:
The DAE has 1384 scalar unknowns and 1384 scalar equations.
 
Statistics
 
Original Model
  Number of components: 55
  Variables: 643
  Parameters: 123 (168 scalars)
  Unknowns: 520 (1384 scalars)
  Differentiated variables: 13 scalars
  Equations: 485
  Nontrivial: 327
Translated Model
  Constants: 1145 scalars
  Free parameters: 34 scalars
  Parameter depending: 101 scalars
  Continuous time states: 2 scalars
  Time-varying variables: 29 scalars
  Alias variables: 243 scalars
  Number of mixed real/discrete systems of equations: 0
  Sizes of linear systems of equations: {3}
  Sizes after manipulation of the linear systems: {0}
  Sizes of nonlinear systems of equations: { }
  Sizes after manipulation of the nonlinear systems: { }
  Number of numerical Jacobians: 0
 
Settings
Advanced.StoreProtectedVariables = true
Selected continuous time states
Statically selected continuous time states
  rev.phi
  rev.w
 