 = true
Translation of Modelica.Magnetic.QuasiStatic.FluxTubes.Examples.LinearInductor:
The DAE has 282 scalar unknowns and 282 scalar equations.
 
Statistics
 
Original Model
  Number of components: 103
  Variables: 343
  Constants: 2 (2 scalars)
  Parameters: 60 (60 scalars)
  Unknowns: 281 (282 scalars)
  Differentiated variables: 12 scalars
  Equations: 216
  Nontrivial: 176
Translated Model
  Constants: 36 scalars
  Free parameters: 44 scalars
  Parameter depending: 24 scalars
  Outputs: 1 scalars
  Continuous time states: 3 scalars
  Time-varying variables: 101 scalars
  Alias variables: 139 scalars
  Number of mixed real/discrete systems of equations: 0
  Sizes of linear systems of equations: {18, 7, 5, 16}
  Sizes after manipulation of the linear systems: {6, 3, 0, 6}
  Sizes of nonlinear systems of equations: { }
  Sizes after manipulation of the nonlinear systems: { }
  Number of numerical Jacobians: 0
  Initialization problem
    Sizes of linear systems of equations: {3}
    Sizes after manipulation of the linear systems: {0}
 
Settings
Advanced.StoreProtectedVariables = true
Selected continuous time states
Statically selected continuous time states
  rootMeanSquare.mean.x
  sourceQS.pin_p.reference.gamma
 
Dynamically selected continuous time states
There is one set of dynamic state selection.
There is one state to be selected from:
  coil.i
  coil.Phi
  r_mLeak.port_p.Phi
 