Log-file of program ./dymosim
(generated: Tue May  5 00:48:47 2020)

dymosim started
... "dsin.txt" loading (dymosim input file)
... "Multiplexer.mat" creating (simulation result file)

Integration started at T = 0 using integration method DASSL
(DAE multi-step solver (dassl/dasslrt of Petzold modified by Dassault Systemes))
Integration terminated successfully at T = 250
   CPU-time for integration                : 0.08 seconds
   CPU-time for one grid interval          : 0.016 milliseconds
   CPU-time for initialization             : 0.001 seconds
   Number of result points                 : 5078
   Number of grid points                   : 5001
   Number of accepted steps                : 612
   Number of f-evaluations (dynamics)      : 612
   Number of crossing function evaluations : 5835
   Number of Jacobian-evaluations          : 535
   Number of model time events             : 28
   Number of input time events             : 0
   Number of state events                  : 24
   Number of step events                   : 0
   Minimum integration stepsize            : 1e-06
   Maximum integration stepsize            : 3.58
   Maximum integration order               : 1
Calling terminal section
... "dsfinal.txt" creating (final states)
