 = true
Translation of Modelica.Electrical.Analog.Examples.OpAmps.Adder:
The DAE has 78 scalar unknowns and 78 scalar equations.
 
Statistics
 
Original Model
  Number of components: 11
  Variables: 120
  Parameters: 42 (42 scalars)
  Unknowns: 78 (78 scalars)
  Equations: 70
  Nontrivial: 54
Translated Model
  Constants: 23 scalars
  Free parameters: 17 scalars
  Parameter depending: 22 scalars
  Time-varying variables: 15 scalars
  Alias variables: 43 scalars
  Number of mixed real/discrete systems of equations: 0
  Sizes of linear systems of equations: { }
  Sizes after manipulation of the linear systems: { }
  Sizes of nonlinear systems of equations: {8}
  Sizes after manipulation of the nonlinear systems: {2}
  Number of numerical Jacobians: 0
 
Settings
Advanced.StoreProtectedVariables = true
Selected continuous time states