 = true
Translation of Modelica.Magnetic.QuasiStatic.FluxTubes.Examples.Leakage.CylinderLeakage:
The DAE has 249 scalar unknowns and 249 scalar equations.
 
Statistics
 
Original Model
  Number of components: 106
  Variables: 275
  Parameters: 26 (26 scalars)
  Unknowns: 249 (249 scalars)
  Differentiated variables: 12 scalars
  Equations: 169
  Nontrivial: 142
Translated Model
  Constants: 32 scalars
  Free parameters: 24 scalars
  Parameter depending: 108 scalars
  Continuous time states: 1 scalars
  Time-varying variables: 9 scalars
  Alias variables: 102 scalars
  Number of mixed real/discrete systems of equations: 0
  Sizes of linear systems of equations: { }
  Sizes after manipulation of the linear systems: { }
  Sizes of nonlinear systems of equations: { }
  Sizes after manipulation of the nonlinear systems: { }
  Number of numerical Jacobians: 0
  Initialization problem
    Sizes of linear systems of equations: {11, 11}
    Sizes after manipulation of the linear systems: {2, 2}
 
Settings
Advanced.StoreProtectedVariables = true
Selected continuous time states
Statically selected continuous time states
  quarterCylinder1.port_p.reference.gamma
 