Log-file of program ./dymosim
(generated: Tue May  5 00:38:21 2020)

dymosim started
... "dsin.txt" loading (dymosim input file)
... "UpSample.mat" creating (simulation result file)

Integration started at T = 0 using integration method DASSL
(DAE multi-step solver (dassl/dasslrt of Petzold modified by Dassault Systemes))
Integration terminated successfully at T = 0.09
   CPU-time for integration                : 0.069 seconds
   CPU-time for one grid interval          : 0.0138 milliseconds
   CPU-time for initialization             : 0.001 seconds
   Number of result points                 : 5034
   Number of grid points                   : 5001
   Number of accepted steps                : 341
   Number of f-evaluations (dynamics)      : 341
   Number of crossing function evaluations : 5357
   Number of Jacobian-evaluations          : 315
   Number of model time events             : 16
   Number of input time events             : 0
   Number of state events                  : 0
   Number of step events                   : 0
   Minimum integration stepsize            : 6.67e-10
   Maximum integration stepsize            : 0.00315
   Maximum integration order               : 1
Calling terminal section
... "dsfinal.txt" creating (final states)
