Log-file of program ./dymosim
(generated: Tue May  5 02:05:59 2020)

dymosim started
... "dsin.txt" loading (dymosim input file)
... "SphericalConstraint.mat" creating (simulation result file)

Integration started at T = 0 using integration method DASSL
(DAE multi-step solver (dassl/dasslrt of Petzold modified by Dassault Systemes))
Integration terminated successfully at T = 10
   CPU-time for integration                : 0.203 seconds
   CPU-time for one grid interval          : 0.0406 milliseconds
   CPU-time for initialization             : 0.001 seconds
   Number of result points                 : 5017
   Number of grid points                   : 5001
   Number of accepted steps                : 744
   Number of f-evaluations (dynamics)      : 1360
   Number of Jacobian-evaluations          : 218
   Number of model time events             : 0
   Number of input time events             : 0
   Number of state events                  : 0
   Number of step events                   : 16
   Minimum integration stepsize            : 2.71e-07
   Maximum integration stepsize            : 0.0448
   Maximum integration order               : 5
Calling terminal section
... "dsfinal.txt" creating (final states)
