Log-file of program ./dymosim
(generated: Fri Sep 27 08:38:30 2024)

dymosim started
... "Modelica.Electrical.PowerConverters.Examples.DCAC.SinglePhaseTwoLevel.SinglePhaseTwoLevel_R" simulating
... "dsin.txt" loading (dymosim input file)
... "result.mat" creating (simulation result file)

Integration started at T = 0 using integration method DASSL
(DAE multi-step solver (dassl/dasslrt of Petzold modified by Dassault Systemes))

Integration terminated successfully at T = 0.1
   CPU-time for integration                : 0.037 seconds
   CPU-time for one grid interval          : 0.037 milliseconds
   CPU-time for initialization             : 0 seconds
   Number of result points                 : 1284
   Number of grid points                   : 1001
   Number of accepted steps                : 8895
   Number of f-evaluations (dynamics)      : 15865
   Number of crossing function evaluations : 10680
   Number of Jacobian-evaluations          : 2293
   Number of model time events             : 100
   Number of input time events             : 0
   Number of state events                  : 98
   Number of step events                   : 0
   Minimum integration stepsize            : 1.41e-09
   Maximum integration stepsize            : 2.12e-05
   Maximum integration order               : 5
Calling terminal section
... "dsfinal.txt" creating (final states)

SUCCESSFUL simulation of Modelica.Electrical.PowerConverters.Examples.DCAC.SinglePhaseTwoLevel.SinglePhaseTwoLevel_R
