 = true
Translation of Modelica.Electrical.PowerConverters.Examples.ACDC.RectifierCenterTapmPulse.ThyristorCenterTapmPulse_RLV:
The DAE has 346 scalar unknowns and 346 scalar equations.
 
Statistics
 
Original Model
  Number of components: 71
  Variables: 471
  Constants: 6 (6 scalars)
  Parameters: 158 (182 scalars)
  Unknowns: 307 (346 scalars)
  Differentiated variables: 4 scalars
  Equations: 213
  Nontrivial: 179
Translated Model
  Constants: 109 scalars
  Free parameters: 38 scalars
  Parameter depending: 83 scalars
  Continuous time states: 4 scalars
  Time-varying variables: 76 scalars
  Alias variables: 228 scalars
  Number of mixed real/discrete systems of equations: 1
  Sizes of linear systems of equations: {9}
  Sizes after manipulation of the linear systems: {3}
  Sizes of nonlinear systems of equations: { }
  Sizes after manipulation of the nonlinear systems: { }
  Number of numerical Jacobians: 0
 
Settings
Advanced.StoreProtectedVariables = true
Selected continuous time states
Statically selected continuous time states
  inductor.i
  meanCurrent.x
  meanVoltage.x
  rootMeanSquareVoltage.mean.x
 