Log-file of program ./dymosim
(generated: Tue May  5 01:37:12 2020)

dymosim started
... "dsin.txt" loading (dymosim input file)
... "IMC_YD.mat" creating (simulation result file)

Integration started at T = 0 using integration method DASSL
(DAE multi-step solver (dassl/dasslrt of Petzold modified by Dassault Systemes))
Integration terminated successfully at T = 2.5
   CPU-time for integration                : 1.4 seconds
   CPU-time for one grid interval          : 0.028 milliseconds
   CPU-time for initialization             : 0 seconds
   Number of result points                 : 50004
   Number of grid points                   : 50001
   Number of accepted steps                : 8879
   Number of f-evaluations (dynamics)      : 17764
   Number of crossing function evaluations : 58879
   Number of Jacobian-evaluations          : 67
   Number of model time events             : 2
   Number of input time events             : 0
   Number of state events                  : 0
   Number of step events                   : 0
   Minimum integration stepsize            : 1.01e-09
   Maximum integration stepsize            : 0.00306
   Maximum integration order               : 5
Calling terminal section
... "dsfinal.txt" creating (final states)
