Log-file of program ./dymosim
(generated: Tue May  5 02:02:11 2020)

dymosim started
... "dsin.txt" loading (dymosim input file)
... "Engine1b.mat" creating (simulation result file)

Integration started at T = 0 using integration method DASSL
(DAE multi-step solver (dassl/dasslrt of Petzold modified by Dassault Systemes))
Integration terminated successfully at T = 0.5
   CPU-time for integration                : 0.139 seconds
   CPU-time for one grid interval          : 0.0278 milliseconds
   CPU-time for initialization             : 0.001 seconds
   Number of result points                 : 5028
   Number of grid points                   : 5001
   Number of accepted steps                : 894
   Number of f-evaluations (dynamics)      : 1661
   Number of crossing function evaluations : 5998
   Number of Jacobian-evaluations          : 241
   Number of model time events             : 0
   Number of input time events             : 0
   Number of state events                  : 13
   Number of step events                   : 0
   Minimum integration stepsize            : 2.78e-10
   Maximum integration stepsize            : 0.00177
   Maximum integration order               : 5
Calling terminal section
... "dsfinal.txt" creating (final states)
