 = true
Translation of Modelica.Mechanics.MultiBody.Examples.Elementary.FreeBody:
The DAE has 1805 scalar unknowns and 1805 scalar equations.
 
Statistics
 
Original Model
  Number of components: 73
  Variables: 867
  Parameters: 206 (283 scalars)
  Unknowns: 661 (1805 scalars)
  Differentiated variables: 19 scalars
  Equations: 591
  Nontrivial: 391
Translated Model
  Constants: 1334 scalars
  Free parameters: 47 scalars
  Parameter depending: 129 scalars
  Continuous time states: 12 scalars
  Time-varying variables: 131 scalars
  Alias variables: 447 scalars
  Number of mixed real/discrete systems of equations: 0
  Sizes of linear systems of equations: {4, 3, 3}
  Sizes after manipulation of the linear systems: {4, 3, 3}
  Sizes of nonlinear systems of equations: {4}
  Sizes after manipulation of the nonlinear systems: {4}
  Number of numerical Jacobians: 0
  Initialization problem
    Sizes of nonlinear systems of equations: {4}
    Sizes after manipulation of the nonlinear systems: {4}
    Number of numerical Jacobians: 0
 
Settings
Advanced.StoreProtectedVariables = true
Selected continuous time states
Statically selected continuous time states
  body.body.frame_a.r_0[]
  body.body.w_a[]
  body.v_0[]
 
Dynamically selected continuous time states
There is one set of dynamic state selection.
There are 3 states to be selected from:
  body.body.Q[]
 