Log-file of program ./dymosim
(generated: Wed May 20 10:35:23 2026)

dymosim started
... "Modelica.Electrical.PowerConverters.Examples.ACDC.Rectifier1Pulse.Thyristor1Pulse_R_Characteristic" simulating
... "dsin.txt" loading (dymosim input file)
... "result.mat" creating (simulation result file)

Integration started at T = 0 using integration method DASSL
(DAE multi-step solver (dassl/dasslrt of Petzold modified by Dassault Systemes))

Integration terminated successfully at T = 10
   CPU-time for integration                : 0.197 seconds
   CPU-time for one grid interval          : 0.00394 milliseconds
   CPU-time for initialization             : 0 seconds
   Number of result points                 : 53344
   Number of grid points                   : 50001
   Number of accepted steps                : 54952
   Number of f-evaluations (dynamics)      : 86637
   Number of crossing function evaluations : 122468
   Number of Jacobian-evaluations          : 29138
   Number of model time events             : 500
   Number of input time events             : 0
   Number of state events                  : 1999
   Number of step events                   : 0
   Minimum integration stepsize            : 3.58e-11
   Maximum integration stepsize            : 0.00323
   Maximum integration order               : 5
Calling terminal section
... "dsfinal.txt" creating (final states)

SUCCESSFUL simulation of Modelica.Electrical.PowerConverters.Examples.ACDC.Rectifier1Pulse.Thyristor1Pulse_R_Characteristic
