 = true
Translation of Modelica.Electrical.PowerConverters.Examples.DCAC.SinglePhaseTwoLevel.SinglePhaseTwoLevel_RL:
The DAE has 177 scalar unknowns and 177 scalar equations.
 
Statistics
 
Original Model
  Number of components: 43
  Variables: 305
  Constants: 8 (8 scalars)
  Parameters: 124 (124 scalars)
  Unknowns: 173 (177 scalars)
  Differentiated variables: 5 scalars
  Equations: 177
  Nontrivial: 154
Translated Model
  Constants: 56 scalars
  Free parameters: 45 scalars
  Parameter depending: 43 scalars
  Continuous time states: 5 scalars
  Time-varying variables: 60 scalars
  Alias variables: 105 scalars
  Number of mixed real/discrete systems of equations: 1
  Sizes of linear systems of equations: {11}
  Sizes after manipulation of the linear systems: {4}
  Sizes of nonlinear systems of equations: { }
  Sizes after manipulation of the nonlinear systems: { }
  Number of numerical Jacobians: 0
 
Settings
Advanced.StoreProtectedVariables = true
Selected continuous time states
Statically selected continuous time states
  fundamentalWaveCurrent.mean1.x
  fundamentalWaveCurrent.mean2.x
  fundamentalWaveVoltage.mean1.x
  fundamentalWaveVoltage.mean2.x
  inductor.i
 