Log-file of program ./dymosim
(generated: Tue May  5 02:07:50 2020)

dymosim started
... "dsin.txt" loading (dymosim input file)
... "ElasticBearing.mat" creating (simulation result file)

Integration started at T = 0 using integration method DASSL
(DAE multi-step solver (dassl/dasslrt of Petzold modified by Dassault Systemes))
Integration terminated successfully at T = 10
   CPU-time for integration                : 0.038 seconds
   CPU-time for one grid interval          : 0.019 milliseconds
   CPU-time for initialization             : 0 seconds
   Number of result points                 : 2002
   Number of grid points                   : 2001
   Number of accepted steps                : 3962
   Number of f-evaluations (dynamics)      : 8129
   Number of Jacobian-evaluations          : 189
   Number of model time events             : 1
   Number of input time events             : 0
   Number of state events                  : 0
   Number of step events                   : 0
   Minimum integration stepsize            : 8.79e-08
   Maximum integration stepsize            : 0.00486
   Maximum integration order               : 5
Calling terminal section
... "dsfinal.txt" creating (final states)
