Log-file of program ./dymosim
(generated: Tue May  5 00:43:49 2020)

dymosim started
... "dsin.txt" loading (dymosim input file)
... "ShowSaturatingInductor.mat" creating (simulation result file)

Integration started at T = 0 using integration method DASSL
(DAE multi-step solver (dassl/dasslrt of Petzold modified by Dassault Systemes))
Integration terminated successfully at T = 6.2832
   CPU-time for integration                : 0.02 seconds
   CPU-time for one grid interval          : 0.0159 milliseconds
   CPU-time for initialization             : 0 seconds
   Number of result points                 : 1259
   Number of grid points                   : 1258
   Number of accepted steps                : 78
   Number of f-evaluations (dynamics)      : 140
   Number of Jacobian-evaluations          : 20
   Number of model time events             : 0
   Number of input time events             : 0
   Number of state events                  : 0
   Number of step events                   : 0
   Minimum integration stepsize            : 4e-07
   Maximum integration stepsize            : 0.117
   Maximum integration order               : 5
Calling terminal section
... "dsfinal.txt" creating (final states)
