Log-file of program ./dymosim
(generated: Tue May  5 01:33:09 2020)

dymosim started
... "dsin.txt" loading (dymosim input file)
... "QuadraticCoreAirgap.mat" creating (simulation result file)

Integration started at T = 0 using integration method DASSL
(DAE multi-step solver (dassl/dasslrt of Petzold modified by Dassault Systemes))
Integration terminated successfully at T = 0.05
   CPU-time for integration                : 0.014 seconds
   CPU-time for one grid interval          : 0.014 milliseconds
   CPU-time for initialization             : 0.001 seconds
   Number of result points                 : 1004
   Number of grid points                   : 1001
   Number of accepted steps                : 56
   Number of f-evaluations (dynamics)      : 56
   Number of Jacobian-evaluations          : 52
   Number of model time events             : 2
   Number of input time events             : 0
   Number of state events                  : 0
   Number of step events                   : 0
   Minimum integration stepsize            : 5e-08
   Maximum integration stepsize            : 0.0119
   Maximum integration order               : 1
Calling terminal section
... "dsfinal.txt" creating (final states)
