 = true
Translation of Modelica.Clocked.Examples.Elementary.BooleanSignals.BackSample:
The DAE has 16 scalar unknowns and 16 scalar equations.
 
Statistics
 
Original Model
  Number of components: 10
  Variables: 55
  Constants: 1 (8 scalars)
  Parameters: 38 (44 scalars)
  Unknowns: 13 (13 scalars)
  Equations: 18
  Nontrivial: 18
Translated Model
  Constants: 27 scalars
  Free parameters: 10 scalars
  Parameter depending: 15 scalars
  Time-varying variables: 11 scalars
  Alias variables: 2 scalars
  Number of mixed real/discrete systems of equations: 0
  Sizes of linear systems of equations: { }
  Sizes after manipulation of the linear systems: { }
  Sizes of nonlinear systems of equations: { }
  Sizes after manipulation of the nonlinear systems: { }
  Number of numerical Jacobians: 0
 
Settings
Advanced.StoreProtectedVariables = true
Selected continuous time states