Log-file of program ./dymosim
(generated: Tue May  5 01:12:14 2020)

dymosim started
... "dsin.txt" loading (dymosim input file)
... "DiodeCenterTap2Pulse.mat" creating (simulation result file)

Integration started at T = 0 using integration method DASSL
(DAE multi-step solver (dassl/dasslrt of Petzold modified by Dassault Systemes))
Integration terminated successfully at T = 0.1
   CPU-time for integration                : 0.018 seconds
   CPU-time for one grid interval          : 0.018 milliseconds
   CPU-time for initialization             : 0 seconds
   Number of result points                 : 1021
   Number of grid points                   : 1001
   Number of accepted steps                : 1055
   Number of f-evaluations (dynamics)      : 2095
   Number of crossing function evaluations : 2100
   Number of Jacobian-evaluations          : 115
   Number of model time events             : 10
   Number of input time events             : 0
   Number of state events                  : 5
   Number of step events                   : 0
   Minimum integration stepsize            : 1e-07
   Maximum integration stepsize            : 0.000283
   Maximum integration order               : 5
Calling terminal section
... "dsfinal.txt" creating (final states)
