Log-file of program ./dymosim
(generated: Thu May 28 11:08:20 2026)

dymosim started
... "Modelica.Electrical.Machines.Examples.InductionMachines.IMC_YDarc" simulating
... "dsin.txt" loading (dymosim input file)
... "result.mat" creating (simulation result file)

Integration started at T = 0 using integration method DASSL
(DAE multi-step solver (dassl/dasslrt of Petzold modified by Dassault Systemes))

Integration terminated successfully at T = 2.5
   CPU-time for integration                : 0.526 seconds
   CPU-time for one grid interval          : 0.021 milliseconds
   CPU-time for initialization             : 0 seconds
   Number of result points                 : 25011
   Number of grid points                   : 25001
   Number of accepted steps                : 10548
   Number of f-evaluations (dynamics)      : 41160
   Number of crossing function evaluations : 35565
   Number of Jacobian-evaluations          : 10237
   Number of model time events             : 3
   Number of input time events             : 0
   Number of state events                  : 3
   Number of step events                   : 0
   Minimum integration stepsize            : 2.78e-15
   Maximum integration stepsize            : 0.00113
   Maximum integration order               : 5
Calling terminal section
... "dsfinal.txt" creating (final states)

SUCCESSFUL simulation of Modelica.Electrical.Machines.Examples.InductionMachines.IMC_YDarc
