Log-file of program ./dymosim
(generated: Tue May  5 02:26:13 2020)

dymosim started
... "dsin.txt" loading (dymosim input file)
... "WaterPump.mat" creating (simulation result file)

Integration started at T = 0 using integration method DASSL
(DAE multi-step solver (dassl/dasslrt of Petzold modified by Dassault Systemes))
Integration terminated successfully at T = 2
   CPU-time for integration                : 0.084 seconds
   CPU-time for one grid interval          : 0.021 milliseconds
   CPU-time for initialization             : 0.001 seconds
   Number of result points                 : 4012
   Number of grid points                   : 4001
   Number of accepted steps                : 196
   Number of f-evaluations (dynamics)      : 197
   Number of crossing function evaluations : 4227
   Number of Jacobian-evaluations          : 183
   Number of model time events             : 4
   Number of input time events             : 0
   Number of state events                  : 4
   Number of step events                   : 0
   Minimum integration stepsize            : 9.42e-09
   Maximum integration stepsize            : 0.262
   Maximum integration order               : 2
Calling terminal section
... "dsfinal.txt" creating (final states)
