Log-file of program ./dymosim
(generated: Tue May  5 02:06:11 2020)

dymosim started
... "dsin.txt" loading (dymosim input file)
... "UniversalConstraint.mat" creating (simulation result file)

Integration started at T = 0 using integration method DASSL
(DAE multi-step solver (dassl/dasslrt of Petzold modified by Dassault Systemes))
Integration terminated successfully at T = 10
   CPU-time for integration                : 0.242 seconds
   CPU-time for one grid interval          : 0.0484 milliseconds
   CPU-time for initialization             : 0.001 seconds
   Number of result points                 : 5028
   Number of grid points                   : 5001
   Number of accepted steps                : 1005
   Number of f-evaluations (dynamics)      : 1627
   Number of Jacobian-evaluations          : 450
   Number of model time events             : 0
   Number of input time events             : 0
   Number of state events                  : 0
   Number of step events                   : 35
   Minimum integration stepsize            : 1.68e-07
   Maximum integration stepsize            : 0.0444
   Maximum integration order               : 5
Calling terminal section
... "dsfinal.txt" creating (final states)
