Log-file of program ./dymosim
(generated: Tue May  5 00:48:32 2020)

dymosim started
... "dsin.txt" loading (dymosim input file)
... "SignalGenerator.mat" creating (simulation result file)

Integration started at T = 0 using integration method DASSL
(DAE multi-step solver (dassl/dasslrt of Petzold modified by Dassault Systemes))
Integration terminated successfully at T = 1
   CPU-time for integration                : 0.04 seconds
   CPU-time for one grid interval          : 0.02 milliseconds
   CPU-time for initialization             : 0.001 seconds
   Number of result points                 : 2042
   Number of grid points                   : 2001
   Number of accepted steps                : 547
   Number of f-evaluations (dynamics)      : 586
   Number of crossing function evaluations : 2670
   Number of Jacobian-evaluations          : 525
   Number of model time events             : 0
   Number of input time events             : 0
   Number of state events                  : 20
   Number of step events                   : 0
   Minimum integration stepsize            : 1.25e-10
   Maximum integration stepsize            : 0.0461
   Maximum integration order               : 2
Calling terminal section
... "dsfinal.txt" creating (final states)
