 = true
Translation of Modelica.Electrical.Analog.Examples.OpAmps.SignalGenerator:
The DAE has 75 scalar unknowns and 75 scalar equations.
 
Statistics
 
Original Model
  Number of components: 10
  Variables: 111
  Parameters: 36 (36 scalars)
  Unknowns: 75 (75 scalars)
  Differentiated variables: 1 scalars
  Equations: 71
  Nontrivial: 56
Translated Model
  Constants: 26 scalars
  Free parameters: 13 scalars
  Parameter depending: 17 scalars
  Continuous time states: 1 scalars
  Time-varying variables: 19 scalars
  Alias variables: 36 scalars
  Number of mixed real/discrete systems of equations: 0
  Sizes of linear systems of equations: { }
  Sizes after manipulation of the linear systems: { }
  Sizes of nonlinear systems of equations: {2, 5}
  Sizes after manipulation of the nonlinear systems: {1, 1}
  Number of numerical Jacobians: 0
  Initialization problem
    Sizes of nonlinear systems of equations: {2, 5}
    Sizes after manipulation of the nonlinear systems: {1, 1}
    Number of numerical Jacobians: 0
 
Settings
Advanced.StoreProtectedVariables = true
Selected continuous time states
Statically selected continuous time states
  c.v
 