Log-file of program ./dymosim
(generated: Wed May 20 10:35:34 2026)

dymosim started
... "Modelica.Electrical.PowerConverters.Examples.ACDC.RectifierCenterTap2Pulse.ThyristorCenterTap2Pulse_RLV_Characteristic" simulating
... "dsin.txt" loading (dymosim input file)
... "result.mat" creating (simulation result file)

Integration started at T = 0 using integration method DASSL
(DAE multi-step solver (dassl/dasslrt of Petzold modified by Dassault Systemes))

Integration terminated successfully at T = 10
   CPU-time for integration                : 0.359 seconds
   CPU-time for one grid interval          : 0.00718 milliseconds
   CPU-time for initialization             : 0 seconds
   Number of result points                 : 53486
   Number of grid points                   : 50001
   Number of accepted steps                : 103556
   Number of f-evaluations (dynamics)      : 195497
   Number of crossing function evaluations : 170711
   Number of Jacobian-evaluations          : 28798
   Number of model time events             : 1000
   Number of input time events             : 0
   Number of state events                  : 2024
   Number of step events                   : 0
   Minimum integration stepsize            : 7.7e-15
   Maximum integration stepsize            : 0.000461
   Maximum integration order               : 5
Calling terminal section
... "dsfinal.txt" creating (final states)

SUCCESSFUL simulation of Modelica.Electrical.PowerConverters.Examples.ACDC.RectifierCenterTap2Pulse.ThyristorCenterTap2Pulse_RLV_Characteristic
