Log-file of program ./dymosim
(generated: Fri May 15 18:16:16 2020)

dymosim started
... "dsin.txt" loading (dymosim input file)
... "RoomCO2WithControls.mat" creating (simulation result file)

Integration started at T = 0 using integration method DASSL
(DAE multi-step solver (dassl/dasslrt of Petzold modified by Dassault Systemes))
Integration terminated successfully at T = 86400
   CPU-time for integration                : 4.61 seconds
   CPU-time for one grid interval          : 0.922 milliseconds
   CPU-time for initialization             : 0.011 seconds
   Number of result points                 : 5017
   Number of grid points                   : 5001
   Number of accepted steps                : 1731
   Number of f-evaluations (dynamics)      : 3837
   Number of crossing function evaluations : 6761
   Number of Jacobian-evaluations          : 550
   Number of model time events             : 6
   Number of input time events             : 0
   Number of state events                  : 4
   Number of step events                   : 0
   Minimum integration stepsize            : 0.000254
   Maximum integration stepsize            : 9.06e+03
   Maximum integration order               : 5
Calling terminal section
... "dsfinal.txt" creating (final states)
