Log-file of program ./dymosim
(generated: Tue May  5 01:24:02 2020)

dymosim started
... "dsin.txt" loading (dymosim input file)
... "Rectifier.mat" creating (simulation result file)

Integration started at T = 0 using integration method DASSL
(DAE multi-step solver (dassl/dasslrt of Petzold modified by Dassault Systemes))
Integration terminated successfully at T = 1
   CPU-time for integration                : 0.554 seconds
   CPU-time for one grid interval          : 0.0277 milliseconds
   CPU-time for initialization             : 0.001 seconds
   Number of result points                 : 20212
   Number of grid points                   : 20001
   Number of accepted steps                : 7655
   Number of f-evaluations (dynamics)      : 13976
   Number of crossing function evaluations : 28688
   Number of Jacobian-evaluations          : 2109
   Number of model time events             : 50
   Number of input time events             : 0
   Number of state events                  : 100
   Number of step events                   : 0
   Minimum integration stepsize            : 5.51e-11
   Maximum integration stepsize            : 0.00167
   Maximum integration order               : 5
Calling terminal section
... "dsfinal.txt" creating (final states)
