Log-file of program ./dymosim
(generated: Tue May  5 01:57:58 2020)

dymosim started
... "dsin.txt" loading (dymosim input file)
... "DoublePendulum.mat" creating (simulation result file)

Integration started at T = 0 using integration method DASSL
(DAE multi-step solver (dassl/dasslrt of Petzold modified by Dassault Systemes))
Integration terminated successfully at T = 3
   CPU-time for integration                : 0.089 seconds
   CPU-time for one grid interval          : 0.0178 milliseconds
   CPU-time for initialization             : 0 seconds
   Number of result points                 : 5002
   Number of grid points                   : 5001
   Number of accepted steps                : 665
   Number of f-evaluations (dynamics)      : 1344
   Number of Jacobian-evaluations          : 35
   Number of model time events             : 0
   Number of input time events             : 0
   Number of state events                  : 0
   Number of step events                   : 0
   Minimum integration stepsize            : 2.39e-08
   Maximum integration stepsize            : 0.0121
   Maximum integration order               : 5
Calling terminal section
... "dsfinal.txt" creating (final states)
