 = true
Translation of Modelica.Mechanics.MultiBody.Examples.Elementary.DoublePendulum:
The DAE has 1777 scalar unknowns and 1777 scalar equations.
 
Statistics
 
Original Model
  Number of components: 81
  Variables: 883
  Parameters: 237 (413 scalars)
  Unknowns: 646 (1777 scalars)
  Differentiated variables: 37 scalars
  Equations: 582
  Nontrivial: 385
Translated Model
  Constants: 1488 scalars
  Free parameters: 43 scalars
  Parameter depending: 220 scalars
  Continuous time states: 4 scalars
  Time-varying variables: 68 scalars
  Alias variables: 371 scalars
  Number of mixed real/discrete systems of equations: 0
  Sizes of linear systems of equations: {11}
  Sizes after manipulation of the linear systems: {2}
  Sizes of nonlinear systems of equations: { }
  Sizes after manipulation of the nonlinear systems: { }
  Number of numerical Jacobians: 0
 
Settings
Advanced.StoreProtectedVariables = true
Selected continuous time states
Statically selected continuous time states
  revolute1.phi
  revolute1.w
  revolute2.phi
  revolute2.w
 