Log-file of program ./dymosim
(generated: Thu May 28 11:08:45 2026)

dymosim started
... "Modelica.Electrical.Machines.Examples.InductionMachines.IMC_Conveyor" simulating
... "dsin.txt" loading (dymosim input file)
... "result.mat" creating (simulation result file)

Integration started at T = 0 using integration method DASSL
(DAE multi-step solver (dassl/dasslrt of Petzold modified by Dassault Systemes))

Integration terminated successfully at T = 20
   CPU-time for integration                : 0.132 seconds
   CPU-time for one grid interval          : 0.0066 milliseconds
   CPU-time for initialization             : 0.001 seconds
   Number of result points                 : 20013
   Number of grid points                   : 20001
   Number of accepted steps                : 4229
   Number of f-evaluations (dynamics)      : 9024
   Number of crossing function evaluations : 24240
   Number of Jacobian-evaluations          : 414
   Number of model time events             : 8
   Number of input time events             : 0
   Number of state events                  : 2
   Number of step events                   : 0
   Minimum integration stepsize            : 8.95e-09
   Maximum integration stepsize            : 0.135
   Maximum integration order               : 5
Calling terminal section
... "dsfinal.txt" creating (final states)

SUCCESSFUL simulation of Modelica.Electrical.Machines.Examples.InductionMachines.IMC_Conveyor
