 = true
Translation of Modelica.Math.Random.Examples.GenerateRandomNumbers:
The DAE has 44 scalar unknowns and 44 scalar equations.
 
Statistics
 
Original Model
  Number of components: 1
  Variables: 12
  Parameters: 4 (4 scalars)
  Unknowns: 8 (44 scalars)
  Equations: 2
  Nontrivial: 2
Translated Model
  Free parameters: 3 scalars
  Parameter depending: 1 scalars
  Outputs: 3 scalars
  Time-varying variables: 44 scalars
  Number of mixed real/discrete systems of equations: 0
  Sizes of linear systems of equations: { }
  Sizes after manipulation of the linear systems: { }
  Sizes of nonlinear systems of equations: { }
  Sizes after manipulation of the nonlinear systems: { }
  Number of numerical Jacobians: 0
 
Settings
Advanced.StoreProtectedVariables = true
Selected continuous time states