Log-file of program ./dymosim
(generated: Tue May  5 00:51:26 2020)

dymosim started
... "dsin.txt" loading (dymosim input file)
... "BatteryDischargeCharge.mat" creating (simulation result file)

Integration started at T = 0 using integration method DASSL
(DAE multi-step solver (dassl/dasslrt of Petzold modified by Dassault Systemes))
Integration terminated successfully at T = 3600
   CPU-time for integration                : 1.05 seconds
   CPU-time for one grid interval          : 0.0147 milliseconds
   CPU-time for initialization             : 0 seconds
   Number of result points                 : 72030
   Number of grid points                   : 72001
   Number of accepted steps                : 2085
   Number of f-evaluations (dynamics)      : 3809
   Number of crossing function evaluations : 74085
   Number of Jacobian-evaluations          : 549
   Number of model time events             : 28
   Number of input time events             : 0
   Number of state events                  : 0
   Number of step events                   : 0
   Minimum integration stepsize            : 2.88e-11
   Maximum integration stepsize            : 296
   Maximum integration order               : 5
Calling terminal section
... "dsfinal.txt" creating (final states)
