 = true
Translation of Modelica.Electrical.Batteries.Examples.BatteryDischargeCharge:
The DAE has 215 scalar unknowns and 215 scalar equations.
 
Statistics
 
Original Model
  Number of components: 49
  Variables: 411
  Constants: 8 (8 scalars)
  Parameters: 188 (500 scalars)
  Unknowns: 215 (215 scalars)
  Differentiated variables: 6 scalars
  Equations: 213
  Nontrivial: 173
Translated Model
  Constants: 99 scalars
  Free parameters: 105 scalars
  Parameter depending: 347 scalars
  Continuous time states: 6 scalars
  Time-varying variables: 43 scalars
  Alias variables: 129 scalars
  Number of mixed real/discrete systems of equations: 0
  Sizes of linear systems of equations: { }
  Sizes after manipulation of the linear systems: { }
  Sizes of nonlinear systems of equations: { }
  Sizes after manipulation of the nonlinear systems: { }
  Number of numerical Jacobians: 0
 
Settings
Advanced.StoreProtectedVariables = true
Selected continuous time states
Statically selected continuous time states
  battery1.limIntegrator.y
  battery2.capacitor[1].v
  battery2.capacitor[2].v
  battery2.limIntegrator.y
  energy1.y
  energy2.y
 