Log-file of program ./dymosim
(generated: Tue May  5 01:54:47 2020)

dymosim started
... "dsin.txt" loading (dymosim input file)
... "IMS_Characteristics.mat" creating (simulation result file)

Integration started at T = 0 using integration method DASSL
(DAE multi-step solver (dassl/dasslrt of Petzold modified by Dassault Systemes))
Integration terminated successfully at T = 1
   CPU-time for integration                : 0.119 seconds
   CPU-time for one grid interval          : 0.0595 milliseconds
   CPU-time for initialization             : 0.001 seconds
   Number of result points                 : 2002
   Number of grid points                   : 2001
   Number of accepted steps                : 32
   Number of f-evaluations (dynamics)      : 32
   Number of Jacobian-evaluations          : 31
   Number of model time events             : 1
   Number of input time events             : 0
   Number of state events                  : 0
   Number of step events                   : 0
   Minimum integration stepsize            : 2.43e-10
   Maximum integration stepsize            : 0.477
   Maximum integration order               : 2
Calling terminal section
... "dsfinal.txt" creating (final states)
