Log-file of program ./dymosim
(generated: Tue May  5 00:57:23 2020)

dymosim started
... "dsin.txt" loading (dymosim input file)
... "IMS_Start.mat" creating (simulation result file)

Integration started at T = 0 using integration method DASSL
(DAE multi-step solver (dassl/dasslrt of Petzold modified by Dassault Systemes))
Integration terminated successfully at T = 1.5
   CPU-time for integration                : 0.784 seconds
   CPU-time for one grid interval          : 0.0261 milliseconds
   CPU-time for initialization             : 0 seconds
   Number of result points                 : 30004
   Number of grid points                   : 30001
   Number of accepted steps                : 2855
   Number of f-evaluations (dynamics)      : 5822
   Number of crossing function evaluations : 32855
   Number of Jacobian-evaluations          : 168
   Number of model time events             : 2
   Number of input time events             : 0
   Number of state events                  : 0
   Number of step events                   : 0
   Minimum integration stepsize            : 4.58e-13
   Maximum integration stepsize            : 0.0044
   Maximum integration order               : 5
Calling terminal section
... "dsfinal.txt" creating (final states)
