Log-file of program ./dymosim
(generated: Tue May  5 01:07:05 2020)

dymosim started
... "dsin.txt" loading (dymosim input file)
... "DCPM_withLosses.mat" creating (simulation result file)

Integration started at T = 0 using integration method DASSL
(DAE multi-step solver (dassl/dasslrt of Petzold modified by Dassault Systemes))
Integration terminated successfully at T = 2
   CPU-time for integration                : 0.659 seconds
   CPU-time for one grid interval          : 0.0165 milliseconds
   CPU-time for initialization             : 0 seconds
   Number of result points                 : 40004
   Number of grid points                   : 40001
   Number of accepted steps                : 423
   Number of f-evaluations (dynamics)      : 804
   Number of crossing function evaluations : 40430
   Number of Jacobian-evaluations          : 83
   Number of model time events             : 2
   Number of input time events             : 0
   Number of state events                  : 1
   Number of step events                   : 0
   Minimum integration stepsize            : 5.89e-10
   Maximum integration stepsize            : 0.0951
   Maximum integration order               : 5
Calling terminal section
... "dsfinal.txt" creating (final states)
