Log-file of program ./dymosim
(generated: Tue May  5 01:35:25 2020)

dymosim started
... "dsin.txt" loading (dymosim input file)
... "ThreePhaseTransformerWithRectifier.mat" creating (simulation result file)

Integration started at T = 0 using integration method DASSL
(DAE multi-step solver (dassl/dasslrt of Petzold modified by Dassault Systemes))
Integration terminated successfully at T = 0.2
   CPU-time for integration                : 1.33 seconds
   CPU-time for one grid interval          : 0.332 milliseconds
   CPU-time for initialization             : 0 seconds
   Number of result points                 : 4658
   Number of grid points                   : 4001
   Number of accepted steps                : 65044
   Number of f-evaluations (dynamics)      : 129883
   Number of crossing function evaluations : 71879
   Number of Jacobian-evaluations          : 6083
   Number of model time events             : 0
   Number of input time events             : 0
   Number of state events                  : 328
   Number of step events                   : 0
   Minimum integration stepsize            : 1.97e-13
   Maximum integration stepsize            : 8.2e-06
   Maximum integration order               : 5
Calling terminal section
... "dsfinal.txt" creating (final states)
