Log-file of program ./dymosim
(generated: Tue May  5 01:39:03 2020)

dymosim started
... "dsin.txt" loading (dymosim input file)
... "IMC_Steinmetz.mat" creating (simulation result file)

Integration started at T = 0 using integration method DASSL
(DAE multi-step solver (dassl/dasslrt of Petzold modified by Dassault Systemes))
Integration terminated successfully at T = 1
   CPU-time for integration                : 0.506 seconds
   CPU-time for one grid interval          : 0.0253 milliseconds
   CPU-time for initialization             : 0.001 seconds
   Number of result points                 : 20005
   Number of grid points                   : 20001
   Number of accepted steps                : 5141
   Number of f-evaluations (dynamics)      : 10713
   Number of crossing function evaluations : 25147
   Number of Jacobian-evaluations          : 197
   Number of model time events             : 1
   Number of input time events             : 0
   Number of state events                  : 1
   Number of step events                   : 0
   Minimum integration stepsize            : 1.89e-11
   Maximum integration stepsize            : 0.00119
   Maximum integration order               : 5
Calling terminal section
... "dsfinal.txt" creating (final states)
