 = true
Translation of Modelica.Clocked.Examples.CascadeControlledDrive.SuperSampled:
The DAE has 69 scalar unknowns and 69 scalar equations.
 
Statistics
 
Original Model
  Number of components: 16
  Variables: 93
  Constants: 1 (1 scalars)
  Parameters: 23 (23 scalars)
  Unknowns: 67 (67 scalars)
  Differentiated variables: 5 scalars
  Equations: 50
  Nontrivial: 44
Translated Model
  Constants: 14 scalars
  Free parameters: 9 scalars
  Parameter depending: 24 scalars
  Continuous time states: 2 scalars
  Time-varying variables: 25 scalars
  Alias variables: 19 scalars
  Number of mixed real/discrete systems of equations: 0
  Sizes of linear systems of equations: { }
  Sizes after manipulation of the linear systems: { }
  Sizes of nonlinear systems of equations: { }
  Sizes after manipulation of the nonlinear systems: { }
  Number of numerical Jacobians: 0
 
Settings
Advanced.StoreProtectedVariables = true
Selected continuous time states
Statically selected continuous time states
  load.phi
  load.w
 