 = true
Translation of Modelica.Electrical.Analog.Examples.Rectifier:
The DAE has 128 scalar unknowns and 128 scalar equations.
 
Statistics
 
Original Model
  Number of components: 21
  Variables: 210
  Constants: 12 (12 scalars)
  Parameters: 74 (74 scalars)
  Unknowns: 124 (128 scalars)
  Differentiated variables: 5 scalars
  Equations: 116
  Nontrivial: 96
Translated Model
  Constants: 21 scalars
  Free parameters: 23 scalars
  Parameter depending: 45 scalars
  Outputs: 8 scalars
  Continuous time states: 4 scalars
  Time-varying variables: 59 scalars
  Alias variables: 66 scalars
  Number of mixed real/discrete systems of equations: 3
  Sizes of linear systems of equations: {6, 6, 6, 6}
  Sizes after manipulation of the linear systems: {2, 2, 2, 2}
  Sizes of nonlinear systems of equations: { }
  Sizes after manipulation of the nonlinear systems: { }
  Number of numerical Jacobians: 0
 
Settings
Advanced.StoreProtectedVariables = true
Selected continuous time states
Statically selected continuous time states
  Capacitor1.v
  Capacitor2.v
  Inductor2.i
  Inductor3.i
 