Log-file of program ./dymosim
(generated: Tue May  5 02:21:38 2020)

dymosim started
... "dsin.txt" loading (dymosim input file)
... "PsychrometricData.mat" creating (simulation result file)

Integration started at T = 0 using integration method DASSL
(DAE multi-step solver (dassl/dasslrt of Petzold modified by Dassault Systemes))
Integration terminated successfully at T = 1
   CPU-time for integration                : 0.371 seconds
   CPU-time for one grid interval          : 0.185 milliseconds
   CPU-time for initialization             : 0.001 seconds
   Number of result points                 : 2016
   Number of grid points                   : 2001
   Number of accepted steps                : 145
   Number of f-evaluations (dynamics)      : 145
   Number of crossing function evaluations : 2197
   Number of Jacobian-evaluations          : 136
   Number of model time events             : 0
   Number of input time events             : 0
   Number of state events                  : 7
   Number of step events                   : 0
   Minimum integration stepsize            : 9.44e-09
   Maximum integration stepsize            : 0.231
   Maximum integration order               : 1
Calling terminal section
... "dsfinal.txt" creating (final states)
