 = true
Translation of Modelica.Magnetic.FluxTubes.Examples.BasicExamples.ToroidalCoreQuadraticCrossSection:
The DAE has 79 scalar unknowns and 79 scalar equations.
 
Statistics
 
Original Model
  Number of components: 14
  Variables: 119
  Parameters: 40 (40 scalars)
  Unknowns: 79 (79 scalars)
  Differentiated variables: 3 scalars
  Equations: 70
  Nontrivial: 53
Translated Model
  Constants: 24 scalars
  Free parameters: 22 scalars
  Parameter depending: 22 scalars
  Time-varying variables: 17 scalars
  Alias variables: 34 scalars
  Number of mixed real/discrete systems of equations: 0
  Sizes of linear systems of equations: {3, 3}
  Sizes after manipulation of the linear systems: {0, 0}
  Sizes of nonlinear systems of equations: { }
  Sizes after manipulation of the nonlinear systems: { }
  Number of numerical Jacobians: 0
 
Settings
Advanced.StoreProtectedVariables = true
Selected continuous time states