Log-file of program ./dymosim
(generated: Tue May  5 02:26:30 2020)

dymosim started
... "dsin.txt" loading (dymosim input file)
... "TwoTanks.mat" creating (simulation result file)

Integration started at T = 0 using integration method DASSL
(DAE multi-step solver (dassl/dasslrt of Petzold modified by Dassault Systemes))
Integration terminated successfully at T = 1.5
   CPU-time for integration                : 0.121 seconds
   CPU-time for one grid interval          : 0.0242 milliseconds
   CPU-time for initialization             : 0 seconds
   Number of result points                 : 5002
   Number of grid points                   : 5001
   Number of accepted steps                : 75
   Number of f-evaluations (dynamics)      : 139
   Number of crossing function evaluations : 5075
   Number of Jacobian-evaluations          : 21
   Number of model time events             : 0
   Number of input time events             : 0
   Number of state events                  : 0
   Number of step events                   : 0
   Minimum integration stepsize            : 5.99e-08
   Maximum integration stepsize            : 0.0537
   Maximum integration order               : 5
Calling terminal section
... "dsfinal.txt" creating (final states)
