Log-file of program ./dymosim
(generated: Tue May  5 01:01:21 2020)

dymosim started
... "dsin.txt" loading (dymosim input file)
... "SMR_DOL.mat" creating (simulation result file)

Integration started at T = 0 using integration method DASSL
(DAE multi-step solver (dassl/dasslrt of Petzold modified by Dassault Systemes))
Integration terminated successfully at T = 2.5
   CPU-time for integration                : 0.12 seconds
   CPU-time for one grid interval          : 0.024 milliseconds
   CPU-time for initialization             : 0.001 seconds
   Number of result points                 : 5004
   Number of grid points                   : 5001
   Number of accepted steps                : 2477
   Number of f-evaluations (dynamics)      : 4992
   Number of Jacobian-evaluations          : 112
   Number of model time events             : 2
   Number of input time events             : 0
   Number of state events                  : 0
   Number of step events                   : 0
   Minimum integration stepsize            : 5.11e-12
   Maximum integration stepsize            : 0.0139
   Maximum integration order               : 5
Calling terminal section
... "dsfinal.txt" creating (final states)
