 = true
Translation of Modelica.Electrical.Machines.Examples.SynchronousMachines.SMR_DOL:
The DAE has 606 scalar unknowns and 606 scalar equations.
 
Statistics
 
Original Model
  Number of components: 80
  Variables: 839
  Constants: 13 (13 scalars)
  Parameters: 299 (361 scalars)
  Unknowns: 527 (606 scalars)
  Differentiated variables: 25 scalars
  Equations: 338
  Nontrivial: 264
Translated Model
  Constants: 289 scalars
  Free parameters: 43 scalars
  Parameter depending: 163 scalars
  Continuous time states: 6 scalars
  Time-varying variables: 114 scalars
  Alias variables: 371 scalars
  Number of mixed real/discrete systems of equations: 0
  Sizes of linear systems of equations: {3, 14, 2}
  Sizes after manipulation of the linear systems: {2, 4, 0}
  Sizes of nonlinear systems of equations: { }
  Sizes after manipulation of the nonlinear systems: { }
  Number of numerical Jacobians: 0
  Initialization problem
    Sizes of linear systems of equations: {2}
    Sizes after manipulation of the linear systems: {2}
 
Settings
Advanced.StoreProtectedVariables = true
Selected continuous time states
Statically selected continuous time states
  loadInertia.phi
  loadInertia.w
  smr.idq_rr[]
  smr.idq_sr[]
 