Log-file of program ./dymosim
(generated: Tue May  5 01:46:26 2020)

dymosim started
... "dsin.txt" loading (dymosim input file)
... "ToroidalCoreQuadraticCrossSection.mat" creating (simulation result file)

Integration started at T = 0 using integration method DASSL
(DAE multi-step solver (dassl/dasslrt of Petzold modified by Dassault Systemes))
Integration terminated successfully at T = 0.05
   CPU-time for integration                : 0.016 seconds
   CPU-time for one grid interval          : 0.016 milliseconds
   CPU-time for initialization             : 0 seconds
   Number of result points                 : 1004
   Number of grid points                   : 1001
   Number of accepted steps                : 66
   Number of f-evaluations (dynamics)      : 66
   Number of Jacobian-evaluations          : 61
   Number of model time events             : 2
   Number of input time events             : 0
   Number of state events                  : 0
   Number of step events                   : 0
   Minimum integration stepsize            : 1.59e-09
   Maximum integration stepsize            : 0.0102
   Maximum integration order               : 1
Calling terminal section
... "dsfinal.txt" creating (final states)
