Log-file of program ./dymosim
(generated: Tue May  5 00:30:00 2020)

dymosim started
... "dsin.txt" loading (dymosim input file)
... "Modulation.mat" creating (simulation result file)

Integration started at T = 0 using integration method DASSL
(DAE multi-step solver (dassl/dasslrt of Petzold modified by Dassault Systemes))
Integration terminated successfully at T = 1
   CPU-time for integration                : 0.259 seconds
   CPU-time for one grid interval          : 0.0129 milliseconds
   CPU-time for initialization             : 0.001 seconds
   Number of result points                 : 20002
   Number of grid points                   : 20001
   Number of accepted steps                : 107
   Number of f-evaluations (dynamics)      : 202
   Number of Jacobian-evaluations          : 25
   Number of model time events             : 0
   Number of input time events             : 0
   Number of state events                  : 0
   Number of step events                   : 0
   Minimum integration stepsize            : 7.96e-10
   Maximum integration stepsize            : 0.0187
   Maximum integration order               : 5
Calling terminal section
... "dsfinal.txt" creating (final states)
