 = true
Translation of Modelica.Blocks.Examples.Modulation:
The DAE has 32 scalar unknowns and 32 scalar equations.
 
Statistics
 
Original Model
  Number of components: 14
  Variables: 73
  Parameters: 41 (41 scalars)
  Unknowns: 32 (32 scalars)
  Differentiated variables: 5 scalars
  Equations: 42
  Nontrivial: 36
Translated Model
  Constants: 10 scalars
  Free parameters: 25 scalars
  Parameter depending: 6 scalars
  Continuous time states: 5 scalars
  Time-varying variables: 12 scalars
  Alias variables: 20 scalars
  Number of mixed real/discrete systems of equations: 0
  Sizes of linear systems of equations: { }
  Sizes after manipulation of the linear systems: { }
  Sizes of nonlinear systems of equations: { }
  Sizes after manipulation of the nonlinear systems: { }
  Number of numerical Jacobians: 0
 
Settings
Advanced.StoreProtectedVariables = true
Selected continuous time states
Statically selected continuous time states
  cosAM.phi
  cosFM.phi
  sinAM.phi
  sine.phi
  sinFM.phi
 