Log-file of program ./dymosim
(generated: Mon Oct 28 23:55:02 2024)

dymosim started
... "Modelica.Electrical.PowerConverters.Examples.DCDC.ChopperBuckBoost.ChopperBuckBoost_DutyCycle" simulating
... "dsin.txt" loading (dymosim input file)
... "result.mat" creating (simulation result file)

Integration started at T = 0 using integration method DASSL
(DAE multi-step solver (dassl/dasslrt of Petzold modified by Dassault Systemes))

Integration terminated successfully at T = 0.1
   CPU-time for integration                : 1.85 seconds
   CPU-time for one grid interval          : 0.0185 milliseconds
   CPU-time for initialization             : 0 seconds
   Number of result points                 : 111363
   Number of grid points                   : 100001
   Number of accepted steps                : 343437
   Number of f-evaluations (dynamics)      : 618422
   Number of crossing function evaluations : 480614
   Number of Jacobian-evaluations          : 106204
   Number of model time events             : 4000
   Number of input time events             : 0
   Number of state events                  : 4008
   Number of step events                   : 0
   Minimum integration stepsize            : 1.1e-12
   Maximum integration stepsize            : 1.92e-06
   Maximum integration order               : 5
Calling terminal section
... "dsfinal.txt" creating (final states)

SUCCESSFUL simulation of Modelica.Electrical.PowerConverters.Examples.DCDC.ChopperBuckBoost.ChopperBuckBoost_DutyCycle
