Translation of <a href="Modelica://Modelica.Electrical.PowerConverters.Examples.DCDC.ChopperBuckBoost.ChopperBuckBoost_DutyCycle">Modelica.Electrical.PowerConverters.Examples.DCDC.ChopperBuckBoost.ChopperBuckBoost_DutyCycle</a>
The DAE has 174 scalar unknowns and 174 scalar equations.

Statistics

Original Model
  Number of components: 36
  Variables: 288
  Constants: 8 (8 scalars)
  Parameters: 106 (106 scalars)
  Unknowns: 174 (174 scalars)
  Differentiated variables: 7 scalars
  Equations: 180
  Nontrivial: 152
Translated Model
  Constants: 46 scalars
  Free parameters: 40 scalars
  Parameter depending: 43 scalars
  Continuous time states: 7 scalars
  Time-varying variables: 61 scalars
  Alias variables: 98 scalars
  Number of mixed real/discrete systems of equations: 1
  Sizes of linear systems of equations: {11}
  Sizes after manipulation of the linear systems: {4}
  Sizes of nonlinear systems of equations: { }
  Sizes after manipulation of the nonlinear systems: { }
  Number of numerical Jacobians: 0

Settings
Advanced.StoreProtectedVariables = true
Selected continuous time states
Statically selected continuous time states
<a href="Modelica://Modelica.Electrical.PowerConverters.Examples.DCDC.ChopperBuckBoost.ChopperBuckBoost_DutyCycle#text$capacitorHV:v">capacitorHV.v</a>
<a href="Modelica://Modelica.Electrical.PowerConverters.Examples.DCDC.ChopperBuckBoost.ChopperBuckBoost_DutyCycle#text$capacitorLV:v">capacitorLV.v</a>
<a href="Modelica://Modelica.Electrical.PowerConverters.Examples.DCDC.ChopperBuckBoost.ChopperBuckBoost_DutyCycle#text$inductor:i">inductor.i</a>
<a href="Modelica://Modelica.Electrical.PowerConverters.Examples.DCDC.ChopperBuckBoost.ChopperBuckBoost_DutyCycle#text$mean_iHV:x">mean_iHV.x</a>
<a href="Modelica://Modelica.Electrical.PowerConverters.Examples.DCDC.ChopperBuckBoost.ChopperBuckBoost_DutyCycle#text$mean_iLV:x">mean_iLV.x</a>
<a href="Modelica://Modelica.Electrical.PowerConverters.Examples.DCDC.ChopperBuckBoost.ChopperBuckBoost_DutyCycle#text$mean_vHV:x">mean_vHV.x</a>
<a href="Modelica://Modelica.Electrical.PowerConverters.Examples.DCDC.ChopperBuckBoost.ChopperBuckBoost_DutyCycle#text$mean_vLV:x">mean_vLV.x</a>
Finished
