Log-file of program ./dymosim
(generated: Tue May  5 00:41:54 2020)

dymosim started
... "dsin.txt" loading (dymosim input file)
... "CharacteristicIdealDiodes.mat" creating (simulation result file)

Integration started at T = 0 using integration method DASSL
(DAE multi-step solver (dassl/dasslrt of Petzold modified by Dassault Systemes))
Integration terminated successfully at T = 1
   CPU-time for integration                : 0.071 seconds
   CPU-time for one grid interval          : 0.0142 milliseconds
   CPU-time for initialization             : 0 seconds
   Number of result points                 : 5012
   Number of grid points                   : 5001
   Number of accepted steps                : 125
   Number of f-evaluations (dynamics)      : 125
   Number of crossing function evaluations : 5159
   Number of Jacobian-evaluations          : 119
   Number of model time events             : 0
   Number of input time events             : 0
   Number of state events                  : 5
   Number of step events                   : 0
   Minimum integration stepsize            : 1.69e-08
   Maximum integration stepsize            : 0.21
   Maximum integration order               : 1
Calling terminal section
... "dsfinal.txt" creating (final states)
