Log-file of program ./dymosim
(generated: Tue May  5 02:25:47 2020)

dymosim started
... "dsin.txt" loading (dymosim input file)
... "ParallelPumpDropOut.mat" creating (simulation result file)

Integration started at T = 0 using integration method DASSL
(DAE multi-step solver (dassl/dasslrt of Petzold modified by Dassault Systemes))
Integration terminated successfully at T = 2
   CPU-time for integration                : 0.069 seconds
   CPU-time for one grid interval          : 0.0173 milliseconds
   CPU-time for initialization             : 0.001 seconds
   Number of result points                 : 4012
   Number of grid points                   : 4001
   Number of accepted steps                : 241
   Number of f-evaluations (dynamics)      : 379
   Number of crossing function evaluations : 4283
   Number of Jacobian-evaluations          : 134
   Number of model time events             : 4
   Number of input time events             : 0
   Number of state events                  : 4
   Number of step events                   : 0
   Minimum integration stepsize            : 5e-07
   Maximum integration stepsize            : 0.114
   Maximum integration order               : 5
Calling terminal section
... "dsfinal.txt" creating (final states)
