 = true
Translation of Modelica.Thermal.FluidHeatFlow.Examples.ParallelPumpDropOut:
The DAE has 149 scalar unknowns and 149 scalar equations.
 
Statistics
 
Original Model
  Number of components: 38
  Variables: 324
  Constants: 2 (2 scalars)
  Parameters: 173 (173 scalars)
  Unknowns: 149 (149 scalars)
  Differentiated variables: 5 scalars
  Equations: 134
  Nontrivial: 110
Translated Model
  Constants: 29 scalars
  Free parameters: 49 scalars
  Parameter depending: 101 scalars
  Outputs: 7 scalars
  Continuous time states: 5 scalars
  Time-varying variables: 74 scalars
  Alias variables: 71 scalars
  Number of mixed real/discrete systems of equations: 1
  Sizes of linear systems of equations: {4, 4}
  Sizes after manipulation of the linear systems: {0, 0}
  Sizes of nonlinear systems of equations: {7}
  Sizes after manipulation of the nonlinear systems: {1}
  Number of numerical Jacobians: 0
 
Settings
Advanced.StoreProtectedVariables = true
Selected continuous time states
Statically selected continuous time states
  heatCapacitor1.T
  heatCapacitor2.T
  pipe1.T
  pipe2.T
  pipe3.T
 