 = true
Translation of Modelica.Electrical.Analog.Examples.HeatingRectifier:
The DAE has 49 scalar unknowns and 49 scalar equations.
 
Statistics
 
Original Model
  Number of components: 9
  Variables: 78
  Parameters: 29 (29 scalars)
  Unknowns: 49 (49 scalars)
  Differentiated variables: 2 scalars
  Equations: 46
  Nontrivial: 36
Translated Model
  Constants: 7 scalars
  Free parameters: 20 scalars
  Parameter depending: 7 scalars
  Continuous time states: 2 scalars
  Time-varying variables: 16 scalars
  Alias variables: 28 scalars
  Number of mixed real/discrete systems of equations: 0
  Sizes of linear systems of equations: { }
  Sizes after manipulation of the linear systems: { }
  Sizes of nonlinear systems of equations: {8}
  Sizes after manipulation of the nonlinear systems: {1}
  Number of numerical Jacobians: 0
 
Settings
Advanced.StoreProtectedVariables = true
Selected continuous time states
Statically selected continuous time states
  Capacitor1.v
  HeatCapacitor1.T
 