 = true
Translation of Modelica.Clocked.Examples.Elementary.RealSignals.UpSample2:
The DAE has 43 scalar unknowns and 43 scalar equations.
 
Statistics
 
Original Model
  Number of components: 9
  Variables: 50
  Constants: 1 (8 scalars)
  Parameters: 18 (22 scalars)
  Unknowns: 28 (40 scalars)
  Equations: 19
  Nontrivial: 19
Translated Model
  Constants: 28 scalars
  Free parameters: 11 scalars
  Time-varying variables: 29 scalars
  Alias variables: 2 scalars
  Number of mixed real/discrete systems of equations: 0
  Sizes of linear systems of equations: { }
  Sizes after manipulation of the linear systems: { }
  Sizes of nonlinear systems of equations: { }
  Sizes after manipulation of the nonlinear systems: { }
  Number of numerical Jacobians: 0
 
Settings
Advanced.StoreProtectedVariables = true
Selected continuous time states