Log-file of program ./dymosim
(generated: Tue May  5 02:29:25 2020)

dymosim started
... "dsin.txt" loading (dymosim input file)
... loading "Matrix_A" from "C:/Projekte/MSL/Modelica/Resources/Data/Utilities/Test_RealMatrix_v4.mat"
... loading "Matrix_A" from "C:/Projekte/MSL/Modelica/Resources/Data/Utilities/Test_RealMatrix_v4.mat"
... loading "Matrix_A" from "C:/Projekte/MSL/Modelica/Resources/Data/Utilities/Test_RealMatrix_v6.mat"
... loading "Matrix_A" from "C:/Projekte/MSL/Modelica/Resources/Data/Utilities/Test_RealMatrix_v7.mat"
... Matrix Matrix_A[3,2] read from file C:/Projekte/MSL/Modelica/Resources/Data/Utilities/Test_RealMatrix_v4.mat
...    Matrix_A[1,1] = 11
... "ReadRealMatrixFromFile.mat" creating (simulation result file)

Integration started at T = 0 using integration method DASSL
(DAE multi-step solver (dassl/dasslrt of Petzold modified by Dassault Systemes))
Integration terminated successfully at T = 0.1
   CPU-time for integration                : 0.07 seconds
   CPU-time for one grid interval          : 0.014 milliseconds
   CPU-time for initialization             : 0.002 seconds
   Number of result points                 : 5002
   Number of grid points                   : 5001
   Number of accepted steps                : 40
   Number of f-evaluations (dynamics)      : 66
   Number of Jacobian-evaluations          : 19
   Number of model time events             : 0
   Number of input time events             : 0
   Number of state events                  : 0
   Number of step events                   : 0
   Minimum integration stepsize            : 2e-08
   Maximum integration stepsize            : 0.00849
   Maximum integration order               : 4
Calling terminal section
... "dsfinal.txt" creating (final states)
