 = true
Translation of Modelica.Utilities.Examples.ReadRealMatrixFromFile:
Must translate function Modelica.Utilities.Streams.readMatrixSize.
Compilation of function Modelica.Utilities.Streams.readMatrixSize successful.
Finished 
The DAE has 1 scalar unknowns and 1 scalar equations.
 
Statistics
 
Original Model
  Number of components: 1
  Variables: 16
  Constants: 1 (1 scalars)
  Parameters: 14 (38 scalars)
  Unknowns: 1 (1 scalars)
  Differentiated variables: 1 scalars
  Equations: 5
  Nontrivial: 5
Translated Model
  Constants: 13 scalars
  Parameter depending: 26 scalars
  Continuous time states: 1 scalars
  Time-varying variables: 1 scalars
  Number of mixed real/discrete systems of equations: 0
  Sizes of linear systems of equations: { }
  Sizes after manipulation of the linear systems: { }
  Sizes of nonlinear systems of equations: { }
  Sizes after manipulation of the nonlinear systems: { }
  Number of numerical Jacobians: 0
 
Settings
Advanced.StoreProtectedVariables = true
Selected continuous time states
Statically selected continuous time states
  x
 