 = true
Translation of Modelica.Electrical.Analog.Examples.HeatingNPN_NORGate:
The DAE has 158 scalar unknowns and 158 scalar equations.
 
Statistics
 
Original Model
  Number of components: 26
  Variables: 287
  Parameters: 129 (129 scalars)
  Unknowns: 158 (158 scalars)
  Differentiated variables: 1 scalars
  Equations: 146
  Nontrivial: 121
Translated Model
  Constants: 66 scalars
  Free parameters: 74 scalars
  Parameter depending: 32 scalars
  Continuous time states: 1 scalars
  Time-varying variables: 51 scalars
  Alias variables: 64 scalars
  Number of mixed real/discrete systems of equations: 0
  Sizes of linear systems of equations: { }
  Sizes after manipulation of the linear systems: { }
  Sizes of nonlinear systems of equations: {37}
  Sizes after manipulation of the nonlinear systems: {6}
  Number of numerical Jacobians: 0
 
Settings
Advanced.StoreProtectedVariables = true
Selected continuous time states
Statically selected continuous time states
  HeatCapacitor1.T
 