Log-file of program ./dymosim
(generated: Tue May  5 02:10:20 2020)

dymosim started
... "dsin.txt" loading (dymosim input file)
... "PreLoad.mat" creating (simulation result file)

Integration started at T = 0 using integration method DASSL
(DAE multi-step solver (dassl/dasslrt of Petzold modified by Dassault Systemes))
Integration terminated successfully at T = 100
   CPU-time for integration                : 0.04 seconds
   CPU-time for one grid interval          : 0.02 milliseconds
   CPU-time for initialization             : 0.001 seconds
   Number of result points                 : 2016
   Number of grid points                   : 2001
   Number of accepted steps                : 708
   Number of f-evaluations (dynamics)      : 1465
   Number of crossing function evaluations : 2781
   Number of Jacobian-evaluations          : 217
   Number of model time events             : 0
   Number of input time events             : 0
   Number of state events                  : 7
   Number of step events                   : 0
   Minimum integration stepsize            : 1.33e-10
   Maximum integration stepsize            : 2.31
   Maximum integration order               : 5
Calling terminal section
... "dsfinal.txt" creating (final states)
