Log-file of program ./dymosim
(generated: Tue May  5 00:27:23 2020)

dymosim started
... "dsin.txt" loading (dymosim input file)
... "PID_Controller.mat" creating (simulation result file)

Integration started at T = 0 using integration method DASSL
(DAE multi-step solver (dassl/dasslrt of Petzold modified by Dassault Systemes))
Integration terminated successfully at T = 4
   CPU-time for integration                : 0.078 seconds
   CPU-time for one grid interval          : 0.0156 milliseconds
   CPU-time for initialization             : 0.001 seconds
   Number of result points                 : 5012
   Number of grid points                   : 5001
   Number of accepted steps                : 469
   Number of f-evaluations (dynamics)      : 879
   Number of crossing function evaluations : 5479
   Number of Jacobian-evaluations          : 117
   Number of model time events             : 4
   Number of input time events             : 0
   Number of state events                  : 2
   Number of step events                   : 0
   Minimum integration stepsize            : 4.51e-08
   Maximum integration stepsize            : 0.21
   Maximum integration order               : 5
Calling terminal section
... "dsfinal.txt" creating (final states)
