 = true
Translation of Modelica.Blocks.Examples.PID_Controller:
The DAE has 89 scalar unknowns and 89 scalar equations.
 
Statistics
 
Original Model
  Number of components: 22
  Variables: 163
  Constants: 1 (1 scalars)
  Parameters: 73 (73 scalars)
  Unknowns: 89 (89 scalars)
  Differentiated variables: 10 scalars
  Equations: 90
  Nontrivial: 81
Translated Model
  Constants: 31 scalars
  Free parameters: 37 scalars
  Parameter depending: 22 scalars
  Continuous time states: 6 scalars
  Time-varying variables: 25 scalars
  Alias variables: 48 scalars
  Number of mixed real/discrete systems of equations: 0
  Sizes of linear systems of equations: { }
  Sizes after manipulation of the linear systems: { }
  Sizes of nonlinear systems of equations: { }
  Sizes after manipulation of the nonlinear systems: { }
  Number of numerical Jacobians: 0
  Initialization problem
    Sizes of nonlinear systems of equations: {1}
    Sizes after manipulation of the nonlinear systems: {1}
    Number of numerical Jacobians: 0
 
Settings
Advanced.StoreProtectedVariables = true
Selected continuous time states
Statically selected continuous time states
  inertia1.phi
  inertia1.w
  integrator.y
  PI.I.y
  spring.phi_rel
  spring.w_rel
 