Log-file of program ./dymosim
(generated: Tue May  5 02:25:21 2020)

dymosim started
... "dsin.txt" loading (dymosim input file)
... "IndirectCooling.mat" creating (simulation result file)

Integration started at T = 0 using integration method DASSL
(DAE multi-step solver (dassl/dasslrt of Petzold modified by Dassault Systemes))
Integration terminated successfully at T = 1.5
   CPU-time for integration                : 0.046 seconds
   CPU-time for one grid interval          : 0.0153 milliseconds
   CPU-time for initialization             : 0 seconds
   Number of result points                 : 3002
   Number of grid points                   : 3001
   Number of accepted steps                : 67
   Number of f-evaluations (dynamics)      : 123
   Number of Jacobian-evaluations          : 17
   Number of model time events             : 0
   Number of input time events             : 0
   Number of state events                  : 0
   Number of step events                   : 0
   Minimum integration stepsize            : 5e-07
   Maximum integration stepsize            : 0.0956
   Maximum integration order               : 5
Calling terminal section
... "dsfinal.txt" creating (final states)
