 = true
Translation of Modelica.Thermal.FluidHeatFlow.Examples.IndirectCooling:
The DAE has 169 scalar unknowns and 169 scalar equations.
 
Statistics
 
Original Model
  Number of components: 42
  Variables: 366
  Constants: 3 (3 scalars)
  Parameters: 194 (194 scalars)
  Unknowns: 169 (169 scalars)
  Differentiated variables: 4 scalars
  Equations: 150
  Nontrivial: 118
Translated Model
  Constants: 37 scalars
  Free parameters: 46 scalars
  Parameter depending: 139 scalars
  Outputs: 5 scalars
  Continuous time states: 4 scalars
  Time-varying variables: 53 scalars
  Alias variables: 91 scalars
  Number of mixed real/discrete systems of equations: 0
  Sizes of linear systems of equations: {4}
  Sizes after manipulation of the linear systems: {0}
  Sizes of nonlinear systems of equations: { }
  Sizes after manipulation of the nonlinear systems: { }
  Number of numerical Jacobians: 0
 
Settings
Advanced.StoreProtectedVariables = true
Selected continuous time states
Statically selected continuous time states
  heatCapacitor.T
  innerPipe.T
  outerPipe.T
  pipe1.T
 