Log-file of program ./dymosim
(generated: Tue Jun  2 12:07:27 2026)

dymosim started
... "Modelica.Magnetic.FundamentalWave.Examples.BasicMachines.InductionMachines.IMC_Transformer" simulating
... "dsin.txt" loading (dymosim input file)
... "result.mat" creating (simulation result file)

Integration started at T = 0 using integration method DASSL
(DAE multi-step solver (dassl/dasslrt of Petzold modified by Dassault Systemes))

Integration terminated successfully at T = 2.5
   CPU-time for integration                : 0.288 seconds
   CPU-time for one grid interval          : 0.0115 milliseconds
   CPU-time for initialization             : 0 seconds
   Number of result points                 : 25004
   Number of grid points                   : 25001
   Number of accepted steps                : 9514
   Number of f-evaluations (dynamics)      : 19140
   Number of crossing function evaluations : 34514
   Number of Jacobian-evaluations          : 114
   Number of model time events             : 2
   Number of input time events             : 0
   Number of state events                  : 0
   Number of step events                   : 0
   Minimum integration stepsize            : 6.7e-15
   Maximum integration stepsize            : 0.000948
   Maximum integration order               : 5
Calling terminal section
... "dsfinal.txt" creating (final states)

SUCCESSFUL simulation of Modelica.Magnetic.FundamentalWave.Examples.BasicMachines.InductionMachines.IMC_Transformer
