Translation of <a href="Modelica://Modelica.Electrical.Spice3.Examples.Spice3BenchmarkFourBitBinaryAdder">Modelica.Electrical.Spice3.Examples.Spice3BenchmarkFourBitBinaryAdder</a>
The DAE has 10307 scalar unknowns and 10307 scalar equations.
The translated model contains large nonlinear systems of equations. The simulation may run faster in DAE mode. Enable DAE mode by setting the flag Advanced.Define.DAEsolver and use one of the solvers Dassl, Radau IIa, Esdirk*, or Sdirk34hw.

Statistics

Original Model
  Number of components: 2739
  Variables: 63101
  Constants: 3004 (3004 scalars)
  Parameters: 49790 (49790 scalars)
  Unknowns: 10307 (10307 scalars)
  Differentiated variables: 434 scalars
  Equations: 7205
  Nontrivial: 6348
Translated Model
  Constants: 53979 scalars
  Free parameters: 662 scalars
  Parameter depending: 24 scalars
  Outputs: 13 scalars
  Continuous time states: 324 scalars
  Time-varying variables: 5313 scalars
  Alias variables: 3123 scalars
  Number of mixed real/discrete systems of equations: 0
  Sizes of linear systems of equations: {5, 16, 5, 11, 5, 5, 5, 5, 5, 5, 63, 5, 16, 5, 11, 5, 5, 5, 5, 5, 5, 67, 5, 16, 5,   16, 5, 11, 5, 5, 5, 5, 5, 5, 67, 5, 16, 5, 16, 5, 11, 5, 5, 5, 5, 5, 5, 67, 5,   16, 5, 16}
  Sizes after manipulation of the linear systems: {0, 7, 0, 3, 0, 0, 0, 0, 0, 0, 24, 0, 7, 0, 3, 0, 0, 0, 0, 0, 0, 26, 0, 7, 0, 7,   0, 3, 0, 0, 0, 0, 0, 0, 26, 0, 7, 0, 7, 0, 3, 0, 0, 0, 0, 0, 0, 26, 0, 7, 0, 7}
  Sizes of nonlinear systems of equations: {49, 49, 49, 49, 49, 49, 49, 49, 49, 49, 49, 49, 49, 49, 49, 49, 49, 49, 49, 49,   49, 49, 49, 49, 49, 49, 49, 49, 49, 49, 49, 49, 49, 49, 49, 49}
  Sizes after manipulation of the nonlinear systems: {4, 4, 4, 4, 4, 4, 4, 4, 4, 4, 4, 4, 4, 4, 4, 4, 4, 4, 4, 4, 4, 4, 4, 4, 4, 4, 4,   4, 4, 4, 4, 4, 4, 4, 4, 4}
  Number of numerical Jacobians: 36
  Initialization problem
    Sizes of linear systems of equations: {3, 3, 3}
    Sizes after manipulation of the linear systems: {0, 0, 0}

Settings
Advanced.StoreProtectedVariables = true
Selected continuous time states
Statically selected continuous time states
<a href="Modelica://Modelica.Electrical.Spice3.Examples.Spice3BenchmarkFourBitBinaryAdder#text$X1.X1.X1.X1.Q1:vbc">X1.X1.X1.X1.Q1.vbc</a>
<a href="Modelica://Modelica.Electrical.Spice3.Examples.Spice3BenchmarkFourBitBinaryAdder#text$X1.X1.X1.X1.Q1:vbe">X1.X1.X1.X1.Q1.vbe</a>
<a href="Modelica://Modelica.Electrical.Spice3.Examples.Spice3BenchmarkFourBitBinaryAdder#text$X1.X1.X1.X1.Q2:vbe">X1.X1.X1.X1.Q2.vbe</a>
<a href="Modelica://Modelica.Electrical.Spice3.Examples.Spice3BenchmarkFourBitBinaryAdder#text$X1.X1.X1.X1.Q3:vbc">X1.X1.X1.X1.Q3.vbc</a>
<a href="Modelica://Modelica.Electrical.Spice3.Examples.Spice3BenchmarkFourBitBinaryAdder#text$X1.X1.X1.X1.Q3:vbe">X1.X1.X1.X1.Q3.vbe</a>
<a href="Modelica://Modelica.Electrical.Spice3.Examples.Spice3BenchmarkFourBitBinaryAdder#text$X1.X1.X1.X1.Q4:vbc">X1.X1.X1.X1.Q4.vbc</a>
<a href="Modelica://Modelica.Electrical.Spice3.Examples.Spice3BenchmarkFourBitBinaryAdder#text$X1.X1.X1.X1.Q4:vbe">X1.X1.X1.X1.Q4.vbe</a>
<a href="Modelica://Modelica.Electrical.Spice3.Examples.Spice3BenchmarkFourBitBinaryAdder#text$X1.X1.X1.X1.Q5:vbc">X1.X1.X1.X1.Q5.vbc</a>
<a href="Modelica://Modelica.Electrical.Spice3.Examples.Spice3BenchmarkFourBitBinaryAdder#text$X1.X1.X1.X1.Q5:vbe">X1.X1.X1.X1.Q5.vbe</a>
<a href="Modelica://Modelica.Electrical.Spice3.Examples.Spice3BenchmarkFourBitBinaryAdder#text$X1.X1.X1.X2.Q1:vbe">X1.X1.X1.X2.Q1.vbe</a>
<a href="Modelica://Modelica.Electrical.Spice3.Examples.Spice3BenchmarkFourBitBinaryAdder#text$X1.X1.X1.X2.Q2:vbc">X1.X1.X1.X2.Q2.vbc</a>
<a href="Modelica://Modelica.Electrical.Spice3.Examples.Spice3BenchmarkFourBitBinaryAdder#text$X1.X1.X1.X2.Q2:vbe">X1.X1.X1.X2.Q2.vbe</a>
<a href="Modelica://Modelica.Electrical.Spice3.Examples.Spice3BenchmarkFourBitBinaryAdder#text$X1.X1.X1.X2.Q3:vbc">X1.X1.X1.X2.Q3.vbc</a>
<a href="Modelica://Modelica.Electrical.Spice3.Examples.Spice3BenchmarkFourBitBinaryAdder#text$X1.X1.X1.X2.Q3:vbe">X1.X1.X1.X2.Q3.vbe</a>
<a href="Modelica://Modelica.Electrical.Spice3.Examples.Spice3BenchmarkFourBitBinaryAdder#text$X1.X1.X1.X2.Q4:vbc">X1.X1.X1.X2.Q4.vbc</a>
<a href="Modelica://Modelica.Electrical.Spice3.Examples.Spice3BenchmarkFourBitBinaryAdder#text$X1.X1.X1.X2.Q4:vbe">X1.X1.X1.X2.Q4.vbe</a>
<a href="Modelica://Modelica.Electrical.Spice3.Examples.Spice3BenchmarkFourBitBinaryAdder#text$X1.X1.X1.X2.Q5:vbc">X1.X1.X1.X2.Q5.vbc</a>
<a href="Modelica://Modelica.Electrical.Spice3.Examples.Spice3BenchmarkFourBitBinaryAdder#text$X1.X1.X1.X2.Q5:vbe">X1.X1.X1.X2.Q5.vbe</a>
<a href="Modelica://Modelica.Electrical.Spice3.Examples.Spice3BenchmarkFourBitBinaryAdder#text$X1.X1.X1.X3.Q1:vbe">X1.X1.X1.X3.Q1.vbe</a>
<a href="Modelica://Modelica.Electrical.Spice3.Examples.Spice3BenchmarkFourBitBinaryAdder#text$X1.X1.X1.X3.Q2:vbc">X1.X1.X1.X3.Q2.vbc</a>
<a href="Modelica://Modelica.Electrical.Spice3.Examples.Spice3BenchmarkFourBitBinaryAdder#text$X1.X1.X1.X3.Q2:vbe">X1.X1.X1.X3.Q2.vbe</a>
<a href="Modelica://Modelica.Electrical.Spice3.Examples.Spice3BenchmarkFourBitBinaryAdder#text$X1.X1.X1.X3.Q3:vbc">X1.X1.X1.X3.Q3.vbc</a>
<a href="Modelica://Modelica.Electrical.Spice3.Examples.Spice3BenchmarkFourBitBinaryAdder#text$X1.X1.X1.X3.Q3:vbe">X1.X1.X1.X3.Q3.vbe</a>
<a href="Modelica://Modelica.Electrical.Spice3.Examples.Spice3BenchmarkFourBitBinaryAdder#text$X1.X1.X1.X3.Q4:vbc">X1.X1.X1.X3.Q4.vbc</a>
<a href="Modelica://Modelica.Electrical.Spice3.Examples.Spice3BenchmarkFourBitBinaryAdder#text$X1.X1.X1.X3.Q4:vbe">X1.X1.X1.X3.Q4.vbe</a>
<a href="Modelica://Modelica.Electrical.Spice3.Examples.Spice3BenchmarkFourBitBinaryAdder#text$X1.X1.X1.X3.Q5:vbe">X1.X1.X1.X3.Q5.vbe</a>
<a href="Modelica://Modelica.Electrical.Spice3.Examples.Spice3BenchmarkFourBitBinaryAdder#text$X1.X1.X1.X4.Q1:vbc">X1.X1.X1.X4.Q1.vbc</a>
<a href="Modelica://Modelica.Electrical.Spice3.Examples.Spice3BenchmarkFourBitBinaryAdder#text$X1.X1.X1.X4.Q1:vbe">X1.X1.X1.X4.Q1.vbe</a>
<a href="Modelica://Modelica.Electrical.Spice3.Examples.Spice3BenchmarkFourBitBinaryAdder#text$X1.X1.X1.X4.Q2:vbc">X1.X1.X1.X4.Q2.vbc</a>
<a href="Modelica://Modelica.Electrical.Spice3.Examples.Spice3BenchmarkFourBitBinaryAdder#text$X1.X1.X1.X4.Q2:vbe">X1.X1.X1.X4.Q2.vbe</a>
<a href="Modelica://Modelica.Electrical.Spice3.Examples.Spice3BenchmarkFourBitBinaryAdder#text$X1.X1.X1.X4.Q3:vbc">X1.X1.X1.X4.Q3.vbc</a>
<a href="Modelica://Modelica.Electrical.Spice3.Examples.Spice3BenchmarkFourBitBinaryAdder#text$X1.X1.X1.X4.Q3:vbe">X1.X1.X1.X4.Q3.vbe</a>
<a href="Modelica://Modelica.Electrical.Spice3.Examples.Spice3BenchmarkFourBitBinaryAdder#text$X1.X1.X1.X4.Q4:vbc">X1.X1.X1.X4.Q4.vbc</a>
<a href="Modelica://Modelica.Electrical.Spice3.Examples.Spice3BenchmarkFourBitBinaryAdder#text$X1.X1.X1.X4.Q4:vbe">X1.X1.X1.X4.Q4.vbe</a>
<a href="Modelica://Modelica.Electrical.Spice3.Examples.Spice3BenchmarkFourBitBinaryAdder#text$X1.X1.X1.X4.Q5:vbe">X1.X1.X1.X4.Q5.vbe</a>
<a href="Modelica://Modelica.Electrical.Spice3.Examples.Spice3BenchmarkFourBitBinaryAdder#text$X1.X1.X1.X5.Q1:vbe">X1.X1.X1.X5.Q1.vbe</a>
<a href="Modelica://Modelica.Electrical.Spice3.Examples.Spice3BenchmarkFourBitBinaryAdder#text$X1.X1.X1.X5.Q2:vbc">X1.X1.X1.X5.Q2.vbc</a>
<a href="Modelica://Modelica.Electrical.Spice3.Examples.Spice3BenchmarkFourBitBinaryAdder#text$X1.X1.X1.X5.Q2:vbe">X1.X1.X1.X5.Q2.vbe</a>
<a href="Modelica://Modelica.Electrical.Spice3.Examples.Spice3BenchmarkFourBitBinaryAdder#text$X1.X1.X1.X5.Q3:vbc">X1.X1.X1.X5.Q3.vbc</a>
<a href="Modelica://Modelica.Electrical.Spice3.Examples.Spice3BenchmarkFourBitBinaryAdder#text$X1.X1.X1.X5.Q3:vbe">X1.X1.X1.X5.Q3.vbe</a>
<a href="Modelica://Modelica.Electrical.Spice3.Examples.Spice3BenchmarkFourBitBinaryAdder#text$X1.X1.X1.X5.Q4:vbc">X1.X1.X1.X5.Q4.vbc</a>
<a href="Modelica://Modelica.Electrical.Spice3.Examples.Spice3BenchmarkFourBitBinaryAdder#text$X1.X1.X1.X5.Q4:vbe">X1.X1.X1.X5.Q4.vbe</a>
<a href="Modelica://Modelica.Electrical.Spice3.Examples.Spice3BenchmarkFourBitBinaryAdder#text$X1.X1.X1.X5.Q5:vbe">X1.X1.X1.X5.Q5.vbe</a>
<a href="Modelica://Modelica.Electrical.Spice3.Examples.Spice3BenchmarkFourBitBinaryAdder#text$X1.X1.X1.X6.Q1:vbe">X1.X1.X1.X6.Q1.vbe</a>
<a href="Modelica://Modelica.Electrical.Spice3.Examples.Spice3BenchmarkFourBitBinaryAdder#text$X1.X1.X1.X6.Q2:vbc">X1.X1.X1.X6.Q2.vbc</a>
<a href="Modelica://Modelica.Electrical.Spice3.Examples.Spice3BenchmarkFourBitBinaryAdder#text$X1.X1.X1.X6.Q2:vbe">X1.X1.X1.X6.Q2.vbe</a>
<a href="Modelica://Modelica.Electrical.Spice3.Examples.Spice3BenchmarkFourBitBinaryAdder#text$X1.X1.X1.X6.Q3:vbc">X1.X1.X1.X6.Q3.vbc</a>
<a href="Modelica://Modelica.Electrical.Spice3.Examples.Spice3BenchmarkFourBitBinaryAdder#text$X1.X1.X1.X6.Q3:vbe">X1.X1.X1.X6.Q3.vbe</a>
<a href="Modelica://Modelica.Electrical.Spice3.Examples.Spice3BenchmarkFourBitBinaryAdder#text$X1.X1.X1.X6.Q4:vbc">X1.X1.X1.X6.Q4.vbc</a>
<a href="Modelica://Modelica.Electrical.Spice3.Examples.Spice3BenchmarkFourBitBinaryAdder#text$X1.X1.X1.X6.Q4:vbe">X1.X1.X1.X6.Q4.vbe</a>
<a href="Modelica://Modelica.Electrical.Spice3.Examples.Spice3BenchmarkFourBitBinaryAdder#text$X1.X1.X1.X6.Q5:vbc">X1.X1.X1.X6.Q5.vbc</a>
<a href="Modelica://Modelica.Electrical.Spice3.Examples.Spice3BenchmarkFourBitBinaryAdder#text$X1.X1.X1.X6.Q5:vbe">X1.X1.X1.X6.Q5.vbe</a>
<a href="Modelica://Modelica.Electrical.Spice3.Examples.Spice3BenchmarkFourBitBinaryAdder#text$X1.X1.X1.X7.Q1:vbc">X1.X1.X1.X7.Q1.vbc</a>
<a href="Modelica://Modelica.Electrical.Spice3.Examples.Spice3BenchmarkFourBitBinaryAdder#text$X1.X1.X1.X7.Q1:vbe">X1.X1.X1.X7.Q1.vbe</a>
<a href="Modelica://Modelica.Electrical.Spice3.Examples.Spice3BenchmarkFourBitBinaryAdder#text$X1.X1.X1.X7.Q2:vbc">X1.X1.X1.X7.Q2.vbc</a>
<a href="Modelica://Modelica.Electrical.Spice3.Examples.Spice3BenchmarkFourBitBinaryAdder#text$X1.X1.X1.X7.Q2:vbe">X1.X1.X1.X7.Q2.vbe</a>
<a href="Modelica://Modelica.Electrical.Spice3.Examples.Spice3BenchmarkFourBitBinaryAdder#text$X1.X1.X1.X7.Q3:vbc">X1.X1.X1.X7.Q3.vbc</a>
<a href="Modelica://Modelica.Electrical.Spice3.Examples.Spice3BenchmarkFourBitBinaryAdder#text$X1.X1.X1.X7.Q3:vbe">X1.X1.X1.X7.Q3.vbe</a>
<a href="Modelica://Modelica.Electrical.Spice3.Examples.Spice3BenchmarkFourBitBinaryAdder#text$X1.X1.X1.X7.Q4:vbc">X1.X1.X1.X7.Q4.vbc</a>
<a href="Modelica://Modelica.Electrical.Spice3.Examples.Spice3BenchmarkFourBitBinaryAdder#text$X1.X1.X1.X7.Q4:vbe">X1.X1.X1.X7.Q4.vbe</a>
<a href="Modelica://Modelica.Electrical.Spice3.Examples.Spice3BenchmarkFourBitBinaryAdder#text$X1.X1.X1.X7.Q5:vbe">X1.X1.X1.X7.Q5.vbe</a>
<a href="Modelica://Modelica.Electrical.Spice3.Examples.Spice3BenchmarkFourBitBinaryAdder#text$X1.X1.X1.X8.Q1:vbc">X1.X1.X1.X8.Q1.vbc</a>
<a href="Modelica://Modelica.Electrical.Spice3.Examples.Spice3BenchmarkFourBitBinaryAdder#text$X1.X1.X1.X8.Q1:vbe">X1.X1.X1.X8.Q1.vbe</a>
<a href="Modelica://Modelica.Electrical.Spice3.Examples.Spice3BenchmarkFourBitBinaryAdder#text$X1.X1.X1.X8.Q2:vbc">X1.X1.X1.X8.Q2.vbc</a>
<a href="Modelica://Modelica.Electrical.Spice3.Examples.Spice3BenchmarkFourBitBinaryAdder#text$X1.X1.X1.X8.Q2:vbe">X1.X1.X1.X8.Q2.vbe</a>
<a href="Modelica://Modelica.Electrical.Spice3.Examples.Spice3BenchmarkFourBitBinaryAdder#text$X1.X1.X1.X8.Q3:vbc">X1.X1.X1.X8.Q3.vbc</a>
<a href="Modelica://Modelica.Electrical.Spice3.Examples.Spice3BenchmarkFourBitBinaryAdder#text$X1.X1.X1.X8.Q3:vbe">X1.X1.X1.X8.Q3.vbe</a>
<a href="Modelica://Modelica.Electrical.Spice3.Examples.Spice3BenchmarkFourBitBinaryAdder#text$X1.X1.X1.X8.Q4:vbc">X1.X1.X1.X8.Q4.vbc</a>
<a href="Modelica://Modelica.Electrical.Spice3.Examples.Spice3BenchmarkFourBitBinaryAdder#text$X1.X1.X1.X8.Q4:vbe">X1.X1.X1.X8.Q4.vbe</a>
<a href="Modelica://Modelica.Electrical.Spice3.Examples.Spice3BenchmarkFourBitBinaryAdder#text$X1.X1.X1.X8.Q5:vbc">X1.X1.X1.X8.Q5.vbc</a>
<a href="Modelica://Modelica.Electrical.Spice3.Examples.Spice3BenchmarkFourBitBinaryAdder#text$X1.X1.X1.X8.Q5:vbe">X1.X1.X1.X8.Q5.vbe</a>
<a href="Modelica://Modelica.Electrical.Spice3.Examples.Spice3BenchmarkFourBitBinaryAdder#text$X1.X1.X1.X9.Q1:vbc">X1.X1.X1.X9.Q1.vbc</a>
<a href="Modelica://Modelica.Electrical.Spice3.Examples.Spice3BenchmarkFourBitBinaryAdder#text$X1.X1.X1.X9.Q1:vbe">X1.X1.X1.X9.Q1.vbe</a>
<a href="Modelica://Modelica.Electrical.Spice3.Examples.Spice3BenchmarkFourBitBinaryAdder#text$X1.X1.X1.X9.Q2:vbc">X1.X1.X1.X9.Q2.vbc</a>
<a href="Modelica://Modelica.Electrical.Spice3.Examples.Spice3BenchmarkFourBitBinaryAdder#text$X1.X1.X1.X9.Q2:vbe">X1.X1.X1.X9.Q2.vbe</a>
<a href="Modelica://Modelica.Electrical.Spice3.Examples.Spice3BenchmarkFourBitBinaryAdder#text$X1.X1.X1.X9.Q3:vbc">X1.X1.X1.X9.Q3.vbc</a>
<a href="Modelica://Modelica.Electrical.Spice3.Examples.Spice3BenchmarkFourBitBinaryAdder#text$X1.X1.X1.X9.Q3:vbe">X1.X1.X1.X9.Q3.vbe</a>
<a href="Modelica://Modelica.Electrical.Spice3.Examples.Spice3BenchmarkFourBitBinaryAdder#text$X1.X1.X1.X9.Q4:vbc">X1.X1.X1.X9.Q4.vbc</a>
<a href="Modelica://Modelica.Electrical.Spice3.Examples.Spice3BenchmarkFourBitBinaryAdder#text$X1.X1.X1.X9.Q4:vbe">X1.X1.X1.X9.Q4.vbe</a>
<a href="Modelica://Modelica.Electrical.Spice3.Examples.Spice3BenchmarkFourBitBinaryAdder#text$X1.X1.X1.X9.Q5:vbe">X1.X1.X1.X9.Q5.vbe</a>
<a href="Modelica://Modelica.Electrical.Spice3.Examples.Spice3BenchmarkFourBitBinaryAdder#text$X1.X1.X2.X1.Q1:vbc">X1.X1.X2.X1.Q1.vbc</a>
<a href="Modelica://Modelica.Electrical.Spice3.Examples.Spice3BenchmarkFourBitBinaryAdder#text$X1.X1.X2.X1.Q1:vbe">X1.X1.X2.X1.Q1.vbe</a>
<a href="Modelica://Modelica.Electrical.Spice3.Examples.Spice3BenchmarkFourBitBinaryAdder#text$X1.X1.X2.X1.Q2:vbe">X1.X1.X2.X1.Q2.vbe</a>
<a href="Modelica://Modelica.Electrical.Spice3.Examples.Spice3BenchmarkFourBitBinaryAdder#text$X1.X1.X2.X1.Q3:vbc">X1.X1.X2.X1.Q3.vbc</a>
<a href="Modelica://Modelica.Electrical.Spice3.Examples.Spice3BenchmarkFourBitBinaryAdder#text$X1.X1.X2.X1.Q3:vbe">X1.X1.X2.X1.Q3.vbe</a>
<a href="Modelica://Modelica.Electrical.Spice3.Examples.Spice3BenchmarkFourBitBinaryAdder#text$X1.X1.X2.X1.Q4:vbc">X1.X1.X2.X1.Q4.vbc</a>
<a href="Modelica://Modelica.Electrical.Spice3.Examples.Spice3BenchmarkFourBitBinaryAdder#text$X1.X1.X2.X1.Q4:vbe">X1.X1.X2.X1.Q4.vbe</a>
<a href="Modelica://Modelica.Electrical.Spice3.Examples.Spice3BenchmarkFourBitBinaryAdder#text$X1.X1.X2.X1.Q5:vbc">X1.X1.X2.X1.Q5.vbc</a>
<a href="Modelica://Modelica.Electrical.Spice3.Examples.Spice3BenchmarkFourBitBinaryAdder#text$X1.X1.X2.X1.Q5:vbe">X1.X1.X2.X1.Q5.vbe</a>
<a href="Modelica://Modelica.Electrical.Spice3.Examples.Spice3BenchmarkFourBitBinaryAdder#text$X1.X1.X2.X2.Q1:vbe">X1.X1.X2.X2.Q1.vbe</a>
<a href="Modelica://Modelica.Electrical.Spice3.Examples.Spice3BenchmarkFourBitBinaryAdder#text$X1.X1.X2.X2.Q2:vbc">X1.X1.X2.X2.Q2.vbc</a>
<a href="Modelica://Modelica.Electrical.Spice3.Examples.Spice3BenchmarkFourBitBinaryAdder#text$X1.X1.X2.X2.Q2:vbe">X1.X1.X2.X2.Q2.vbe</a>
<a href="Modelica://Modelica.Electrical.Spice3.Examples.Spice3BenchmarkFourBitBinaryAdder#text$X1.X1.X2.X2.Q3:vbc">X1.X1.X2.X2.Q3.vbc</a>
<a href="Modelica://Modelica.Electrical.Spice3.Examples.Spice3BenchmarkFourBitBinaryAdder#text$X1.X1.X2.X2.Q3:vbe">X1.X1.X2.X2.Q3.vbe</a>
<a href="Modelica://Modelica.Electrical.Spice3.Examples.Spice3BenchmarkFourBitBinaryAdder#text$X1.X1.X2.X2.Q4:vbc">X1.X1.X2.X2.Q4.vbc</a>
<a href="Modelica://Modelica.Electrical.Spice3.Examples.Spice3BenchmarkFourBitBinaryAdder#text$X1.X1.X2.X2.Q4:vbe">X1.X1.X2.X2.Q4.vbe</a>
<a href="Modelica://Modelica.Electrical.Spice3.Examples.Spice3BenchmarkFourBitBinaryAdder#text$X1.X1.X2.X2.Q5:vbc">X1.X1.X2.X2.Q5.vbc</a>
<a href="Modelica://Modelica.Electrical.Spice3.Examples.Spice3BenchmarkFourBitBinaryAdder#text$X1.X1.X2.X2.Q5:vbe">X1.X1.X2.X2.Q5.vbe</a>
<a href="Modelica://Modelica.Electrical.Spice3.Examples.Spice3BenchmarkFourBitBinaryAdder#text$X1.X1.X2.X3.Q1:vbc">X1.X1.X2.X3.Q1.vbc</a>
<a href="Modelica://Modelica.Electrical.Spice3.Examples.Spice3BenchmarkFourBitBinaryAdder#text$X1.X1.X2.X3.Q2:vbc">X1.X1.X2.X3.Q2.vbc</a>
<a href="Modelica://Modelica.Electrical.Spice3.Examples.Spice3BenchmarkFourBitBinaryAdder#text$X1.X1.X2.X3.Q2:vbe">X1.X1.X2.X3.Q2.vbe</a>
<a href="Modelica://Modelica.Electrical.Spice3.Examples.Spice3BenchmarkFourBitBinaryAdder#text$X1.X1.X2.X3.Q3:vbc">X1.X1.X2.X3.Q3.vbc</a>
<a href="Modelica://Modelica.Electrical.Spice3.Examples.Spice3BenchmarkFourBitBinaryAdder#text$X1.X1.X2.X3.Q3:vbe">X1.X1.X2.X3.Q3.vbe</a>
<a href="Modelica://Modelica.Electrical.Spice3.Examples.Spice3BenchmarkFourBitBinaryAdder#text$X1.X1.X2.X3.Q4:vbc">X1.X1.X2.X3.Q4.vbc</a>
<a href="Modelica://Modelica.Electrical.Spice3.Examples.Spice3BenchmarkFourBitBinaryAdder#text$X1.X1.X2.X3.Q4:vbe">X1.X1.X2.X3.Q4.vbe</a>
<a href="Modelica://Modelica.Electrical.Spice3.Examples.Spice3BenchmarkFourBitBinaryAdder#text$X1.X1.X2.X3.Q5:vbe">X1.X1.X2.X3.Q5.vbe</a>
<a href="Modelica://Modelica.Electrical.Spice3.Examples.Spice3BenchmarkFourBitBinaryAdder#text$X1.X1.X2.X4.Q1:vbc">X1.X1.X2.X4.Q1.vbc</a>
<a href="Modelica://Modelica.Electrical.Spice3.Examples.Spice3BenchmarkFourBitBinaryAdder#text$X1.X1.X2.X4.Q1:vbe">X1.X1.X2.X4.Q1.vbe</a>
<a href="Modelica://Modelica.Electrical.Spice3.Examples.Spice3BenchmarkFourBitBinaryAdder#text$X1.X1.X2.X4.Q2:vbc">X1.X1.X2.X4.Q2.vbc</a>
<a href="Modelica://Modelica.Electrical.Spice3.Examples.Spice3BenchmarkFourBitBinaryAdder#text$X1.X1.X2.X4.Q2:vbe">X1.X1.X2.X4.Q2.vbe</a>
<a href="Modelica://Modelica.Electrical.Spice3.Examples.Spice3BenchmarkFourBitBinaryAdder#text$X1.X1.X2.X4.Q3:vbc">X1.X1.X2.X4.Q3.vbc</a>
<a href="Modelica://Modelica.Electrical.Spice3.Examples.Spice3BenchmarkFourBitBinaryAdder#text$X1.X1.X2.X4.Q3:vbe">X1.X1.X2.X4.Q3.vbe</a>
<a href="Modelica://Modelica.Electrical.Spice3.Examples.Spice3BenchmarkFourBitBinaryAdder#text$X1.X1.X2.X4.Q4:vbc">X1.X1.X2.X4.Q4.vbc</a>
<a href="Modelica://Modelica.Electrical.Spice3.Examples.Spice3BenchmarkFourBitBinaryAdder#text$X1.X1.X2.X4.Q4:vbe">X1.X1.X2.X4.Q4.vbe</a>
<a href="Modelica://Modelica.Electrical.Spice3.Examples.Spice3BenchmarkFourBitBinaryAdder#text$X1.X1.X2.X4.Q5:vbe">X1.X1.X2.X4.Q5.vbe</a>
<a href="Modelica://Modelica.Electrical.Spice3.Examples.Spice3BenchmarkFourBitBinaryAdder#text$X1.X1.X2.X5.Q1:vbc">X1.X1.X2.X5.Q1.vbc</a>
<a href="Modelica://Modelica.Electrical.Spice3.Examples.Spice3BenchmarkFourBitBinaryAdder#text$X1.X1.X2.X5.Q1:vbe">X1.X1.X2.X5.Q1.vbe</a>
<a href="Modelica://Modelica.Electrical.Spice3.Examples.Spice3BenchmarkFourBitBinaryAdder#text$X1.X1.X2.X5.Q2:vbc">X1.X1.X2.X5.Q2.vbc</a>
<a href="Modelica://Modelica.Electrical.Spice3.Examples.Spice3BenchmarkFourBitBinaryAdder#text$X1.X1.X2.X5.Q2:vbe">X1.X1.X2.X5.Q2.vbe</a>
<a href="Modelica://Modelica.Electrical.Spice3.Examples.Spice3BenchmarkFourBitBinaryAdder#text$X1.X1.X2.X5.Q3:vbc">X1.X1.X2.X5.Q3.vbc</a>
<a href="Modelica://Modelica.Electrical.Spice3.Examples.Spice3BenchmarkFourBitBinaryAdder#text$X1.X1.X2.X5.Q3:vbe">X1.X1.X2.X5.Q3.vbe</a>
<a href="Modelica://Modelica.Electrical.Spice3.Examples.Spice3BenchmarkFourBitBinaryAdder#text$X1.X1.X2.X5.Q4:vbc">X1.X1.X2.X5.Q4.vbc</a>
<a href="Modelica://Modelica.Electrical.Spice3.Examples.Spice3BenchmarkFourBitBinaryAdder#text$X1.X1.X2.X5.Q4:vbe">X1.X1.X2.X5.Q4.vbe</a>
<a href="Modelica://Modelica.Electrical.Spice3.Examples.Spice3BenchmarkFourBitBinaryAdder#text$X1.X1.X2.X5.Q5:vbc">X1.X1.X2.X5.Q5.vbc</a>
<a href="Modelica://Modelica.Electrical.Spice3.Examples.Spice3BenchmarkFourBitBinaryAdder#text$X1.X1.X2.X5.Q5:vbe">X1.X1.X2.X5.Q5.vbe</a>
<a href="Modelica://Modelica.Electrical.Spice3.Examples.Spice3BenchmarkFourBitBinaryAdder#text$X1.X1.X2.X6.Q1:vbe">X1.X1.X2.X6.Q1.vbe</a>
<a href="Modelica://Modelica.Electrical.Spice3.Examples.Spice3BenchmarkFourBitBinaryAdder#text$X1.X1.X2.X6.Q2:vbc">X1.X1.X2.X6.Q2.vbc</a>
<a href="Modelica://Modelica.Electrical.Spice3.Examples.Spice3BenchmarkFourBitBinaryAdder#text$X1.X1.X2.X6.Q2:vbe">X1.X1.X2.X6.Q2.vbe</a>
<a href="Modelica://Modelica.Electrical.Spice3.Examples.Spice3BenchmarkFourBitBinaryAdder#text$X1.X1.X2.X6.Q3:vbc">X1.X1.X2.X6.Q3.vbc</a>
<a href="Modelica://Modelica.Electrical.Spice3.Examples.Spice3BenchmarkFourBitBinaryAdder#text$X1.X1.X2.X6.Q3:vbe">X1.X1.X2.X6.Q3.vbe</a>
<a href="Modelica://Modelica.Electrical.Spice3.Examples.Spice3BenchmarkFourBitBinaryAdder#text$X1.X1.X2.X6.Q4:vbc">X1.X1.X2.X6.Q4.vbc</a>
<a href="Modelica://Modelica.Electrical.Spice3.Examples.Spice3BenchmarkFourBitBinaryAdder#text$X1.X1.X2.X6.Q4:vbe">X1.X1.X2.X6.Q4.vbe</a>
<a href="Modelica://Modelica.Electrical.Spice3.Examples.Spice3BenchmarkFourBitBinaryAdder#text$X1.X1.X2.X6.Q5:vbe">X1.X1.X2.X6.Q5.vbe</a>
<a href="Modelica://Modelica.Electrical.Spice3.Examples.Spice3BenchmarkFourBitBinaryAdder#text$X1.X1.X2.X7.Q1:vbc">X1.X1.X2.X7.Q1.vbc</a>
<a href="Modelica://Modelica.Electrical.Spice3.Examples.Spice3BenchmarkFourBitBinaryAdder#text$X1.X1.X2.X7.Q1:vbe">X1.X1.X2.X7.Q1.vbe</a>
<a href="Modelica://Modelica.Electrical.Spice3.Examples.Spice3BenchmarkFourBitBinaryAdder#text$X1.X1.X2.X7.Q2:vbc">X1.X1.X2.X7.Q2.vbc</a>
<a href="Modelica://Modelica.Electrical.Spice3.Examples.Spice3BenchmarkFourBitBinaryAdder#text$X1.X1.X2.X7.Q2:vbe">X1.X1.X2.X7.Q2.vbe</a>
<a href="Modelica://Modelica.Electrical.Spice3.Examples.Spice3BenchmarkFourBitBinaryAdder#text$X1.X1.X2.X7.Q3:vbc">X1.X1.X2.X7.Q3.vbc</a>
<a href="Modelica://Modelica.Electrical.Spice3.Examples.Spice3BenchmarkFourBitBinaryAdder#text$X1.X1.X2.X7.Q3:vbe">X1.X1.X2.X7.Q3.vbe</a>
<a href="Modelica://Modelica.Electrical.Spice3.Examples.Spice3BenchmarkFourBitBinaryAdder#text$X1.X1.X2.X7.Q4:vbc">X1.X1.X2.X7.Q4.vbc</a>
<a href="Modelica://Modelica.Electrical.Spice3.Examples.Spice3BenchmarkFourBitBinaryAdder#text$X1.X1.X2.X7.Q4:vbe">X1.X1.X2.X7.Q4.vbe</a>
<a href="Modelica://Modelica.Electrical.Spice3.Examples.Spice3BenchmarkFourBitBinaryAdder#text$X1.X1.X2.X7.Q5:vbc">X1.X1.X2.X7.Q5.vbc</a>
<a href="Modelica://Modelica.Electrical.Spice3.Examples.Spice3BenchmarkFourBitBinaryAdder#text$X1.X1.X2.X7.Q5:vbe">X1.X1.X2.X7.Q5.vbe</a>
<a href="Modelica://Modelica.Electrical.Spice3.Examples.Spice3BenchmarkFourBitBinaryAdder#text$X1.X1.X2.X8.Q1:vbc">X1.X1.X2.X8.Q1.vbc</a>
<a href="Modelica://Modelica.Electrical.Spice3.Examples.Spice3BenchmarkFourBitBinaryAdder#text$X1.X1.X2.X8.Q1:vbe">X1.X1.X2.X8.Q1.vbe</a>
<a href="Modelica://Modelica.Electrical.Spice3.Examples.Spice3BenchmarkFourBitBinaryAdder#text$X1.X1.X2.X8.Q2:vbc">X1.X1.X2.X8.Q2.vbc</a>
<a href="Modelica://Modelica.Electrical.Spice3.Examples.Spice3BenchmarkFourBitBinaryAdder#text$X1.X1.X2.X8.Q2:vbe">X1.X1.X2.X8.Q2.vbe</a>
<a href="Modelica://Modelica.Electrical.Spice3.Examples.Spice3BenchmarkFourBitBinaryAdder#text$X1.X1.X2.X8.Q3:vbc">X1.X1.X2.X8.Q3.vbc</a>
<a href="Modelica://Modelica.Electrical.Spice3.Examples.Spice3BenchmarkFourBitBinaryAdder#text$X1.X1.X2.X8.Q3:vbe">X1.X1.X2.X8.Q3.vbe</a>
<a href="Modelica://Modelica.Electrical.Spice3.Examples.Spice3BenchmarkFourBitBinaryAdder#text$X1.X1.X2.X8.Q4:vbc">X1.X1.X2.X8.Q4.vbc</a>
<a href="Modelica://Modelica.Electrical.Spice3.Examples.Spice3BenchmarkFourBitBinaryAdder#text$X1.X1.X2.X8.Q4:vbe">X1.X1.X2.X8.Q4.vbe</a>
<a href="Modelica://Modelica.Electrical.Spice3.Examples.Spice3BenchmarkFourBitBinaryAdder#text$X1.X1.X2.X8.Q5:vbc">X1.X1.X2.X8.Q5.vbc</a>
<a href="Modelica://Modelica.Electrical.Spice3.Examples.Spice3BenchmarkFourBitBinaryAdder#text$X1.X1.X2.X8.Q5:vbe">X1.X1.X2.X8.Q5.vbe</a>
<a href="Modelica://Modelica.Electrical.Spice3.Examples.Spice3BenchmarkFourBitBinaryAdder#text$X1.X1.X2.X9.Q1:vbe">X1.X1.X2.X9.Q1.vbe</a>
<a href="Modelica://Modelica.Electrical.Spice3.Examples.Spice3BenchmarkFourBitBinaryAdder#text$X1.X1.X2.X9.Q2:vbc">X1.X1.X2.X9.Q2.vbc</a>
<a href="Modelica://Modelica.Electrical.Spice3.Examples.Spice3BenchmarkFourBitBinaryAdder#text$X1.X1.X2.X9.Q2:vbe">X1.X1.X2.X9.Q2.vbe</a>
<a href="Modelica://Modelica.Electrical.Spice3.Examples.Spice3BenchmarkFourBitBinaryAdder#text$X1.X1.X2.X9.Q3:vbc">X1.X1.X2.X9.Q3.vbc</a>
<a href="Modelica://Modelica.Electrical.Spice3.Examples.Spice3BenchmarkFourBitBinaryAdder#text$X1.X1.X2.X9.Q3:vbe">X1.X1.X2.X9.Q3.vbe</a>
<a href="Modelica://Modelica.Electrical.Spice3.Examples.Spice3BenchmarkFourBitBinaryAdder#text$X1.X1.X2.X9.Q4:vbc">X1.X1.X2.X9.Q4.vbc</a>
<a href="Modelica://Modelica.Electrical.Spice3.Examples.Spice3BenchmarkFourBitBinaryAdder#text$X1.X1.X2.X9.Q4:vbe">X1.X1.X2.X9.Q4.vbe</a>
<a href="Modelica://Modelica.Electrical.Spice3.Examples.Spice3BenchmarkFourBitBinaryAdder#text$X1.X1.X2.X9.Q5:vbe">X1.X1.X2.X9.Q5.vbe</a>
<a href="Modelica://Modelica.Electrical.Spice3.Examples.Spice3BenchmarkFourBitBinaryAdder#text$X1.X2.X1.X1.Q1:vbc">X1.X2.X1.X1.Q1.vbc</a>
<a href="Modelica://Modelica.Electrical.Spice3.Examples.Spice3BenchmarkFourBitBinaryAdder#text$X1.X2.X1.X1.Q2:vbc">X1.X2.X1.X1.Q2.vbc</a>
<a href="Modelica://Modelica.Electrical.Spice3.Examples.Spice3BenchmarkFourBitBinaryAdder#text$X1.X2.X1.X1.Q2:vbe">X1.X2.X1.X1.Q2.vbe</a>
<a href="Modelica://Modelica.Electrical.Spice3.Examples.Spice3BenchmarkFourBitBinaryAdder#text$X1.X2.X1.X1.Q3:vbc">X1.X2.X1.X1.Q3.vbc</a>
<a href="Modelica://Modelica.Electrical.Spice3.Examples.Spice3BenchmarkFourBitBinaryAdder#text$X1.X2.X1.X1.Q3:vbe">X1.X2.X1.X1.Q3.vbe</a>
<a href="Modelica://Modelica.Electrical.Spice3.Examples.Spice3BenchmarkFourBitBinaryAdder#text$X1.X2.X1.X1.Q4:vbc">X1.X2.X1.X1.Q4.vbc</a>
<a href="Modelica://Modelica.Electrical.Spice3.Examples.Spice3BenchmarkFourBitBinaryAdder#text$X1.X2.X1.X1.Q4:vbe">X1.X2.X1.X1.Q4.vbe</a>
<a href="Modelica://Modelica.Electrical.Spice3.Examples.Spice3BenchmarkFourBitBinaryAdder#text$X1.X2.X1.X1.Q5:vbc">X1.X2.X1.X1.Q5.vbc</a>
<a href="Modelica://Modelica.Electrical.Spice3.Examples.Spice3BenchmarkFourBitBinaryAdder#text$X1.X2.X1.X1.Q5:vbe">X1.X2.X1.X1.Q5.vbe</a>
<a href="Modelica://Modelica.Electrical.Spice3.Examples.Spice3BenchmarkFourBitBinaryAdder#text$X1.X2.X1.X2.Q1:vbe">X1.X2.X1.X2.Q1.vbe</a>
<a href="Modelica://Modelica.Electrical.Spice3.Examples.Spice3BenchmarkFourBitBinaryAdder#text$X1.X2.X1.X2.Q2:vbc">X1.X2.X1.X2.Q2.vbc</a>
<a href="Modelica://Modelica.Electrical.Spice3.Examples.Spice3BenchmarkFourBitBinaryAdder#text$X1.X2.X1.X2.Q2:vbe">X1.X2.X1.X2.Q2.vbe</a>
<a href="Modelica://Modelica.Electrical.Spice3.Examples.Spice3BenchmarkFourBitBinaryAdder#text$X1.X2.X1.X2.Q3:vbc">X1.X2.X1.X2.Q3.vbc</a>
<a href="Modelica://Modelica.Electrical.Spice3.Examples.Spice3BenchmarkFourBitBinaryAdder#text$X1.X2.X1.X2.Q3:vbe">X1.X2.X1.X2.Q3.vbe</a>
<a href="Modelica://Modelica.Electrical.Spice3.Examples.Spice3BenchmarkFourBitBinaryAdder#text$X1.X2.X1.X2.Q4:vbc">X1.X2.X1.X2.Q4.vbc</a>
<a href="Modelica://Modelica.Electrical.Spice3.Examples.Spice3BenchmarkFourBitBinaryAdder#text$X1.X2.X1.X2.Q4:vbe">X1.X2.X1.X2.Q4.vbe</a>
<a href="Modelica://Modelica.Electrical.Spice3.Examples.Spice3BenchmarkFourBitBinaryAdder#text$X1.X2.X1.X2.Q5:vbc">X1.X2.X1.X2.Q5.vbc</a>
<a href="Modelica://Modelica.Electrical.Spice3.Examples.Spice3BenchmarkFourBitBinaryAdder#text$X1.X2.X1.X2.Q5:vbe">X1.X2.X1.X2.Q5.vbe</a>
<a href="Modelica://Modelica.Electrical.Spice3.Examples.Spice3BenchmarkFourBitBinaryAdder#text$X1.X2.X1.X3.Q1:vbc">X1.X2.X1.X3.Q1.vbc</a>
<a href="Modelica://Modelica.Electrical.Spice3.Examples.Spice3BenchmarkFourBitBinaryAdder#text$X1.X2.X1.X3.Q2:vbc">X1.X2.X1.X3.Q2.vbc</a>
<a href="Modelica://Modelica.Electrical.Spice3.Examples.Spice3BenchmarkFourBitBinaryAdder#text$X1.X2.X1.X3.Q2:vbe">X1.X2.X1.X3.Q2.vbe</a>
<a href="Modelica://Modelica.Electrical.Spice3.Examples.Spice3BenchmarkFourBitBinaryAdder#text$X1.X2.X1.X3.Q3:vbc">X1.X2.X1.X3.Q3.vbc</a>
<a href="Modelica://Modelica.Electrical.Spice3.Examples.Spice3BenchmarkFourBitBinaryAdder#text$X1.X2.X1.X3.Q3:vbe">X1.X2.X1.X3.Q3.vbe</a>
<a href="Modelica://Modelica.Electrical.Spice3.Examples.Spice3BenchmarkFourBitBinaryAdder#text$X1.X2.X1.X3.Q4:vbc">X1.X2.X1.X3.Q4.vbc</a>
<a href="Modelica://Modelica.Electrical.Spice3.Examples.Spice3BenchmarkFourBitBinaryAdder#text$X1.X2.X1.X3.Q4:vbe">X1.X2.X1.X3.Q4.vbe</a>
<a href="Modelica://Modelica.Electrical.Spice3.Examples.Spice3BenchmarkFourBitBinaryAdder#text$X1.X2.X1.X3.Q5:vbe">X1.X2.X1.X3.Q5.vbe</a>
<a href="Modelica://Modelica.Electrical.Spice3.Examples.Spice3BenchmarkFourBitBinaryAdder#text$X1.X2.X1.X4.Q1:vbc">X1.X2.X1.X4.Q1.vbc</a>
<a href="Modelica://Modelica.Electrical.Spice3.Examples.Spice3BenchmarkFourBitBinaryAdder#text$X1.X2.X1.X4.Q1:vbe">X1.X2.X1.X4.Q1.vbe</a>
<a href="Modelica://Modelica.Electrical.Spice3.Examples.Spice3BenchmarkFourBitBinaryAdder#text$X1.X2.X1.X4.Q2:vbc">X1.X2.X1.X4.Q2.vbc</a>
<a href="Modelica://Modelica.Electrical.Spice3.Examples.Spice3BenchmarkFourBitBinaryAdder#text$X1.X2.X1.X4.Q2:vbe">X1.X2.X1.X4.Q2.vbe</a>
<a href="Modelica://Modelica.Electrical.Spice3.Examples.Spice3BenchmarkFourBitBinaryAdder#text$X1.X2.X1.X4.Q3:vbc">X1.X2.X1.X4.Q3.vbc</a>
<a href="Modelica://Modelica.Electrical.Spice3.Examples.Spice3BenchmarkFourBitBinaryAdder#text$X1.X2.X1.X4.Q3:vbe">X1.X2.X1.X4.Q3.vbe</a>
<a href="Modelica://Modelica.Electrical.Spice3.Examples.Spice3BenchmarkFourBitBinaryAdder#text$X1.X2.X1.X4.Q4:vbc">X1.X2.X1.X4.Q4.vbc</a>
<a href="Modelica://Modelica.Electrical.Spice3.Examples.Spice3BenchmarkFourBitBinaryAdder#text$X1.X2.X1.X4.Q4:vbe">X1.X2.X1.X4.Q4.vbe</a>
<a href="Modelica://Modelica.Electrical.Spice3.Examples.Spice3BenchmarkFourBitBinaryAdder#text$X1.X2.X1.X4.Q5:vbe">X1.X2.X1.X4.Q5.vbe</a>
<a href="Modelica://Modelica.Electrical.Spice3.Examples.Spice3BenchmarkFourBitBinaryAdder#text$X1.X2.X1.X5.Q1:vbc">X1.X2.X1.X5.Q1.vbc</a>
<a href="Modelica://Modelica.Electrical.Spice3.Examples.Spice3BenchmarkFourBitBinaryAdder#text$X1.X2.X1.X5.Q1:vbe">X1.X2.X1.X5.Q1.vbe</a>
<a href="Modelica://Modelica.Electrical.Spice3.Examples.Spice3BenchmarkFourBitBinaryAdder#text$X1.X2.X1.X5.Q2:vbc">X1.X2.X1.X5.Q2.vbc</a>
<a href="Modelica://Modelica.Electrical.Spice3.Examples.Spice3BenchmarkFourBitBinaryAdder#text$X1.X2.X1.X5.Q2:vbe">X1.X2.X1.X5.Q2.vbe</a>
<a href="Modelica://Modelica.Electrical.Spice3.Examples.Spice3BenchmarkFourBitBinaryAdder#text$X1.X2.X1.X5.Q3:vbc">X1.X2.X1.X5.Q3.vbc</a>
<a href="Modelica://Modelica.Electrical.Spice3.Examples.Spice3BenchmarkFourBitBinaryAdder#text$X1.X2.X1.X5.Q3:vbe">X1.X2.X1.X5.Q3.vbe</a>
<a href="Modelica://Modelica.Electrical.Spice3.Examples.Spice3BenchmarkFourBitBinaryAdder#text$X1.X2.X1.X5.Q4:vbc">X1.X2.X1.X5.Q4.vbc</a>
<a href="Modelica://Modelica.Electrical.Spice3.Examples.Spice3BenchmarkFourBitBinaryAdder#text$X1.X2.X1.X5.Q4:vbe">X1.X2.X1.X5.Q4.vbe</a>
<a href="Modelica://Modelica.Electrical.Spice3.Examples.Spice3BenchmarkFourBitBinaryAdder#text$X1.X2.X1.X5.Q5:vbc">X1.X2.X1.X5.Q5.vbc</a>
<a href="Modelica://Modelica.Electrical.Spice3.Examples.Spice3BenchmarkFourBitBinaryAdder#text$X1.X2.X1.X5.Q5:vbe">X1.X2.X1.X5.Q5.vbe</a>
<a href="Modelica://Modelica.Electrical.Spice3.Examples.Spice3BenchmarkFourBitBinaryAdder#text$X1.X2.X1.X6.Q1:vbe">X1.X2.X1.X6.Q1.vbe</a>
<a href="Modelica://Modelica.Electrical.Spice3.Examples.Spice3BenchmarkFourBitBinaryAdder#text$X1.X2.X1.X6.Q2:vbc">X1.X2.X1.X6.Q2.vbc</a>
<a href="Modelica://Modelica.Electrical.Spice3.Examples.Spice3BenchmarkFourBitBinaryAdder#text$X1.X2.X1.X6.Q2:vbe">X1.X2.X1.X6.Q2.vbe</a>
<a href="Modelica://Modelica.Electrical.Spice3.Examples.Spice3BenchmarkFourBitBinaryAdder#text$X1.X2.X1.X6.Q3:vbc">X1.X2.X1.X6.Q3.vbc</a>
<a href="Modelica://Modelica.Electrical.Spice3.Examples.Spice3BenchmarkFourBitBinaryAdder#text$X1.X2.X1.X6.Q3:vbe">X1.X2.X1.X6.Q3.vbe</a>
<a href="Modelica://Modelica.Electrical.Spice3.Examples.Spice3BenchmarkFourBitBinaryAdder#text$X1.X2.X1.X6.Q4:vbc">X1.X2.X1.X6.Q4.vbc</a>
<a href="Modelica://Modelica.Electrical.Spice3.Examples.Spice3BenchmarkFourBitBinaryAdder#text$X1.X2.X1.X6.Q4:vbe">X1.X2.X1.X6.Q4.vbe</a>
<a href="Modelica://Modelica.Electrical.Spice3.Examples.Spice3BenchmarkFourBitBinaryAdder#text$X1.X2.X1.X6.Q5:vbe">X1.X2.X1.X6.Q5.vbe</a>
<a href="Modelica://Modelica.Electrical.Spice3.Examples.Spice3BenchmarkFourBitBinaryAdder#text$X1.X2.X1.X7.Q1:vbc">X1.X2.X1.X7.Q1.vbc</a>
<a href="Modelica://Modelica.Electrical.Spice3.Examples.Spice3BenchmarkFourBitBinaryAdder#text$X1.X2.X1.X7.Q1:vbe">X1.X2.X1.X7.Q1.vbe</a>
<a href="Modelica://Modelica.Electrical.Spice3.Examples.Spice3BenchmarkFourBitBinaryAdder#text$X1.X2.X1.X7.Q2:vbc">X1.X2.X1.X7.Q2.vbc</a>
<a href="Modelica://Modelica.Electrical.Spice3.Examples.Spice3BenchmarkFourBitBinaryAdder#text$X1.X2.X1.X7.Q2:vbe">X1.X2.X1.X7.Q2.vbe</a>
<a href="Modelica://Modelica.Electrical.Spice3.Examples.Spice3BenchmarkFourBitBinaryAdder#text$X1.X2.X1.X7.Q3:vbc">X1.X2.X1.X7.Q3.vbc</a>
<a href="Modelica://Modelica.Electrical.Spice3.Examples.Spice3BenchmarkFourBitBinaryAdder#text$X1.X2.X1.X7.Q3:vbe">X1.X2.X1.X7.Q3.vbe</a>
<a href="Modelica://Modelica.Electrical.Spice3.Examples.Spice3BenchmarkFourBitBinaryAdder#text$X1.X2.X1.X7.Q4:vbc">X1.X2.X1.X7.Q4.vbc</a>
<a href="Modelica://Modelica.Electrical.Spice3.Examples.Spice3BenchmarkFourBitBinaryAdder#text$X1.X2.X1.X7.Q4:vbe">X1.X2.X1.X7.Q4.vbe</a>
<a href="Modelica://Modelica.Electrical.Spice3.Examples.Spice3BenchmarkFourBitBinaryAdder#text$X1.X2.X1.X7.Q5:vbc">X1.X2.X1.X7.Q5.vbc</a>
<a href="Modelica://Modelica.Electrical.Spice3.Examples.Spice3BenchmarkFourBitBinaryAdder#text$X1.X2.X1.X7.Q5:vbe">X1.X2.X1.X7.Q5.vbe</a>
<a href="Modelica://Modelica.Electrical.Spice3.Examples.Spice3BenchmarkFourBitBinaryAdder#text$X1.X2.X1.X8.Q1:vbc">X1.X2.X1.X8.Q1.vbc</a>
<a href="Modelica://Modelica.Electrical.Spice3.Examples.Spice3BenchmarkFourBitBinaryAdder#text$X1.X2.X1.X8.Q1:vbe">X1.X2.X1.X8.Q1.vbe</a>
<a href="Modelica://Modelica.Electrical.Spice3.Examples.Spice3BenchmarkFourBitBinaryAdder#text$X1.X2.X1.X8.Q2:vbc">X1.X2.X1.X8.Q2.vbc</a>
<a href="Modelica://Modelica.Electrical.Spice3.Examples.Spice3BenchmarkFourBitBinaryAdder#text$X1.X2.X1.X8.Q2:vbe">X1.X2.X1.X8.Q2.vbe</a>
<a href="Modelica://Modelica.Electrical.Spice3.Examples.Spice3BenchmarkFourBitBinaryAdder#text$X1.X2.X1.X8.Q3:vbc">X1.X2.X1.X8.Q3.vbc</a>
<a href="Modelica://Modelica.Electrical.Spice3.Examples.Spice3BenchmarkFourBitBinaryAdder#text$X1.X2.X1.X8.Q3:vbe">X1.X2.X1.X8.Q3.vbe</a>
<a href="Modelica://Modelica.Electrical.Spice3.Examples.Spice3BenchmarkFourBitBinaryAdder#text$X1.X2.X1.X8.Q4:vbc">X1.X2.X1.X8.Q4.vbc</a>
<a href="Modelica://Modelica.Electrical.Spice3.Examples.Spice3BenchmarkFourBitBinaryAdder#text$X1.X2.X1.X8.Q4:vbe">X1.X2.X1.X8.Q4.vbe</a>
<a href="Modelica://Modelica.Electrical.Spice3.Examples.Spice3BenchmarkFourBitBinaryAdder#text$X1.X2.X1.X8.Q5:vbc">X1.X2.X1.X8.Q5.vbc</a>
<a href="Modelica://Modelica.Electrical.Spice3.Examples.Spice3BenchmarkFourBitBinaryAdder#text$X1.X2.X1.X8.Q5:vbe">X1.X2.X1.X8.Q5.vbe</a>
<a href="Modelica://Modelica.Electrical.Spice3.Examples.Spice3BenchmarkFourBitBinaryAdder#text$X1.X2.X1.X9.Q1:vbe">X1.X2.X1.X9.Q1.vbe</a>
<a href="Modelica://Modelica.Electrical.Spice3.Examples.Spice3BenchmarkFourBitBinaryAdder#text$X1.X2.X1.X9.Q2:vbc">X1.X2.X1.X9.Q2.vbc</a>
<a href="Modelica://Modelica.Electrical.Spice3.Examples.Spice3BenchmarkFourBitBinaryAdder#text$X1.X2.X1.X9.Q2:vbe">X1.X2.X1.X9.Q2.vbe</a>
<a href="Modelica://Modelica.Electrical.Spice3.Examples.Spice3BenchmarkFourBitBinaryAdder#text$X1.X2.X1.X9.Q3:vbc">X1.X2.X1.X9.Q3.vbc</a>
<a href="Modelica://Modelica.Electrical.Spice3.Examples.Spice3BenchmarkFourBitBinaryAdder#text$X1.X2.X1.X9.Q3:vbe">X1.X2.X1.X9.Q3.vbe</a>
<a href="Modelica://Modelica.Electrical.Spice3.Examples.Spice3BenchmarkFourBitBinaryAdder#text$X1.X2.X1.X9.Q4:vbc">X1.X2.X1.X9.Q4.vbc</a>
<a href="Modelica://Modelica.Electrical.Spice3.Examples.Spice3BenchmarkFourBitBinaryAdder#text$X1.X2.X1.X9.Q4:vbe">X1.X2.X1.X9.Q4.vbe</a>
<a href="Modelica://Modelica.Electrical.Spice3.Examples.Spice3BenchmarkFourBitBinaryAdder#text$X1.X2.X1.X9.Q5:vbe">X1.X2.X1.X9.Q5.vbe</a>
<a href="Modelica://Modelica.Electrical.Spice3.Examples.Spice3BenchmarkFourBitBinaryAdder#text$X1.X2.X2.X1.Q1:vbc">X1.X2.X2.X1.Q1.vbc</a>
<a href="Modelica://Modelica.Electrical.Spice3.Examples.Spice3BenchmarkFourBitBinaryAdder#text$X1.X2.X2.X1.Q2:vbc">X1.X2.X2.X1.Q2.vbc</a>
<a href="Modelica://Modelica.Electrical.Spice3.Examples.Spice3BenchmarkFourBitBinaryAdder#text$X1.X2.X2.X1.Q2:vbe">X1.X2.X2.X1.Q2.vbe</a>
<a href="Modelica://Modelica.Electrical.Spice3.Examples.Spice3BenchmarkFourBitBinaryAdder#text$X1.X2.X2.X1.Q3:vbc">X1.X2.X2.X1.Q3.vbc</a>
<a href="Modelica://Modelica.Electrical.Spice3.Examples.Spice3BenchmarkFourBitBinaryAdder#text$X1.X2.X2.X1.Q3:vbe">X1.X2.X2.X1.Q3.vbe</a>
<a href="Modelica://Modelica.Electrical.Spice3.Examples.Spice3BenchmarkFourBitBinaryAdder#text$X1.X2.X2.X1.Q4:vbc">X1.X2.X2.X1.Q4.vbc</a>
<a href="Modelica://Modelica.Electrical.Spice3.Examples.Spice3BenchmarkFourBitBinaryAdder#text$X1.X2.X2.X1.Q4:vbe">X1.X2.X2.X1.Q4.vbe</a>
<a href="Modelica://Modelica.Electrical.Spice3.Examples.Spice3BenchmarkFourBitBinaryAdder#text$X1.X2.X2.X1.Q5:vbc">X1.X2.X2.X1.Q5.vbc</a>
<a href="Modelica://Modelica.Electrical.Spice3.Examples.Spice3BenchmarkFourBitBinaryAdder#text$X1.X2.X2.X1.Q5:vbe">X1.X2.X2.X1.Q5.vbe</a>
<a href="Modelica://Modelica.Electrical.Spice3.Examples.Spice3BenchmarkFourBitBinaryAdder#text$X1.X2.X2.X2.Q1:vbe">X1.X2.X2.X2.Q1.vbe</a>
<a href="Modelica://Modelica.Electrical.Spice3.Examples.Spice3BenchmarkFourBitBinaryAdder#text$X1.X2.X2.X2.Q2:vbc">X1.X2.X2.X2.Q2.vbc</a>
<a href="Modelica://Modelica.Electrical.Spice3.Examples.Spice3BenchmarkFourBitBinaryAdder#text$X1.X2.X2.X2.Q2:vbe">X1.X2.X2.X2.Q2.vbe</a>
<a href="Modelica://Modelica.Electrical.Spice3.Examples.Spice3BenchmarkFourBitBinaryAdder#text$X1.X2.X2.X2.Q3:vbc">X1.X2.X2.X2.Q3.vbc</a>
<a href="Modelica://Modelica.Electrical.Spice3.Examples.Spice3BenchmarkFourBitBinaryAdder#text$X1.X2.X2.X2.Q3:vbe">X1.X2.X2.X2.Q3.vbe</a>
<a href="Modelica://Modelica.Electrical.Spice3.Examples.Spice3BenchmarkFourBitBinaryAdder#text$X1.X2.X2.X2.Q4:vbc">X1.X2.X2.X2.Q4.vbc</a>
<a href="Modelica://Modelica.Electrical.Spice3.Examples.Spice3BenchmarkFourBitBinaryAdder#text$X1.X2.X2.X2.Q4:vbe">X1.X2.X2.X2.Q4.vbe</a>
<a href="Modelica://Modelica.Electrical.Spice3.Examples.Spice3BenchmarkFourBitBinaryAdder#text$X1.X2.X2.X2.Q5:vbc">X1.X2.X2.X2.Q5.vbc</a>
<a href="Modelica://Modelica.Electrical.Spice3.Examples.Spice3BenchmarkFourBitBinaryAdder#text$X1.X2.X2.X2.Q5:vbe">X1.X2.X2.X2.Q5.vbe</a>
<a href="Modelica://Modelica.Electrical.Spice3.Examples.Spice3BenchmarkFourBitBinaryAdder#text$X1.X2.X2.X3.Q1:vbc">X1.X2.X2.X3.Q1.vbc</a>
<a href="Modelica://Modelica.Electrical.Spice3.Examples.Spice3BenchmarkFourBitBinaryAdder#text$X1.X2.X2.X3.Q2:vbc">X1.X2.X2.X3.Q2.vbc</a>
<a href="Modelica://Modelica.Electrical.Spice3.Examples.Spice3BenchmarkFourBitBinaryAdder#text$X1.X2.X2.X3.Q2:vbe">X1.X2.X2.X3.Q2.vbe</a>
<a href="Modelica://Modelica.Electrical.Spice3.Examples.Spice3BenchmarkFourBitBinaryAdder#text$X1.X2.X2.X3.Q3:vbc">X1.X2.X2.X3.Q3.vbc</a>
<a href="Modelica://Modelica.Electrical.Spice3.Examples.Spice3BenchmarkFourBitBinaryAdder#text$X1.X2.X2.X3.Q3:vbe">X1.X2.X2.X3.Q3.vbe</a>
<a href="Modelica://Modelica.Electrical.Spice3.Examples.Spice3BenchmarkFourBitBinaryAdder#text$X1.X2.X2.X3.Q4:vbc">X1.X2.X2.X3.Q4.vbc</a>
<a href="Modelica://Modelica.Electrical.Spice3.Examples.Spice3BenchmarkFourBitBinaryAdder#text$X1.X2.X2.X3.Q4:vbe">X1.X2.X2.X3.Q4.vbe</a>
<a href="Modelica://Modelica.Electrical.Spice3.Examples.Spice3BenchmarkFourBitBinaryAdder#text$X1.X2.X2.X3.Q5:vbe">X1.X2.X2.X3.Q5.vbe</a>
<a href="Modelica://Modelica.Electrical.Spice3.Examples.Spice3BenchmarkFourBitBinaryAdder#text$X1.X2.X2.X4.Q1:vbc">X1.X2.X2.X4.Q1.vbc</a>
<a href="Modelica://Modelica.Electrical.Spice3.Examples.Spice3BenchmarkFourBitBinaryAdder#text$X1.X2.X2.X4.Q1:vbe">X1.X2.X2.X4.Q1.vbe</a>
<a href="Modelica://Modelica.Electrical.Spice3.Examples.Spice3BenchmarkFourBitBinaryAdder#text$X1.X2.X2.X4.Q2:vbc">X1.X2.X2.X4.Q2.vbc</a>
<a href="Modelica://Modelica.Electrical.Spice3.Examples.Spice3BenchmarkFourBitBinaryAdder#text$X1.X2.X2.X4.Q2:vbe">X1.X2.X2.X4.Q2.vbe</a>
<a href="Modelica://Modelica.Electrical.Spice3.Examples.Spice3BenchmarkFourBitBinaryAdder#text$X1.X2.X2.X4.Q3:vbc">X1.X2.X2.X4.Q3.vbc</a>
<a href="Modelica://Modelica.Electrical.Spice3.Examples.Spice3BenchmarkFourBitBinaryAdder#text$X1.X2.X2.X4.Q3:vbe">X1.X2.X2.X4.Q3.vbe</a>
<a href="Modelica://Modelica.Electrical.Spice3.Examples.Spice3BenchmarkFourBitBinaryAdder#text$X1.X2.X2.X4.Q4:vbc">X1.X2.X2.X4.Q4.vbc</a>
<a href="Modelica://Modelica.Electrical.Spice3.Examples.Spice3BenchmarkFourBitBinaryAdder#text$X1.X2.X2.X4.Q4:vbe">X1.X2.X2.X4.Q4.vbe</a>
<a href="Modelica://Modelica.Electrical.Spice3.Examples.Spice3BenchmarkFourBitBinaryAdder#text$X1.X2.X2.X4.Q5:vbe">X1.X2.X2.X4.Q5.vbe</a>
<a href="Modelica://Modelica.Electrical.Spice3.Examples.Spice3BenchmarkFourBitBinaryAdder#text$X1.X2.X2.X5.Q1:vbc">X1.X2.X2.X5.Q1.vbc</a>
<a href="Modelica://Modelica.Electrical.Spice3.Examples.Spice3BenchmarkFourBitBinaryAdder#text$X1.X2.X2.X5.Q1:vbe">X1.X2.X2.X5.Q1.vbe</a>
<a href="Modelica://Modelica.Electrical.Spice3.Examples.Spice3BenchmarkFourBitBinaryAdder#text$X1.X2.X2.X5.Q2:vbc">X1.X2.X2.X5.Q2.vbc</a>
<a href="Modelica://Modelica.Electrical.Spice3.Examples.Spice3BenchmarkFourBitBinaryAdder#text$X1.X2.X2.X5.Q2:vbe">X1.X2.X2.X5.Q2.vbe</a>
<a href="Modelica://Modelica.Electrical.Spice3.Examples.Spice3BenchmarkFourBitBinaryAdder#text$X1.X2.X2.X5.Q3:vbc">X1.X2.X2.X5.Q3.vbc</a>
<a href="Modelica://Modelica.Electrical.Spice3.Examples.Spice3BenchmarkFourBitBinaryAdder#text$X1.X2.X2.X5.Q3:vbe">X1.X2.X2.X5.Q3.vbe</a>
<a href="Modelica://Modelica.Electrical.Spice3.Examples.Spice3BenchmarkFourBitBinaryAdder#text$X1.X2.X2.X5.Q4:vbc">X1.X2.X2.X5.Q4.vbc</a>
<a href="Modelica://Modelica.Electrical.Spice3.Examples.Spice3BenchmarkFourBitBinaryAdder#text$X1.X2.X2.X5.Q4:vbe">X1.X2.X2.X5.Q4.vbe</a>
<a href="Modelica://Modelica.Electrical.Spice3.Examples.Spice3BenchmarkFourBitBinaryAdder#text$X1.X2.X2.X5.Q5:vbc">X1.X2.X2.X5.Q5.vbc</a>
<a href="Modelica://Modelica.Electrical.Spice3.Examples.Spice3BenchmarkFourBitBinaryAdder#text$X1.X2.X2.X5.Q5:vbe">X1.X2.X2.X5.Q5.vbe</a>
<a href="Modelica://Modelica.Electrical.Spice3.Examples.Spice3BenchmarkFourBitBinaryAdder#text$X1.X2.X2.X6.Q1:vbe">X1.X2.X2.X6.Q1.vbe</a>
<a href="Modelica://Modelica.Electrical.Spice3.Examples.Spice3BenchmarkFourBitBinaryAdder#text$X1.X2.X2.X6.Q2:vbc">X1.X2.X2.X6.Q2.vbc</a>
<a href="Modelica://Modelica.Electrical.Spice3.Examples.Spice3BenchmarkFourBitBinaryAdder#text$X1.X2.X2.X6.Q2:vbe">X1.X2.X2.X6.Q2.vbe</a>
<a href="Modelica://Modelica.Electrical.Spice3.Examples.Spice3BenchmarkFourBitBinaryAdder#text$X1.X2.X2.X6.Q3:vbc">X1.X2.X2.X6.Q3.vbc</a>
<a href="Modelica://Modelica.Electrical.Spice3.Examples.Spice3BenchmarkFourBitBinaryAdder#text$X1.X2.X2.X6.Q3:vbe">X1.X2.X2.X6.Q3.vbe</a>
<a href="Modelica://Modelica.Electrical.Spice3.Examples.Spice3BenchmarkFourBitBinaryAdder#text$X1.X2.X2.X6.Q4:vbc">X1.X2.X2.X6.Q4.vbc</a>
<a href="Modelica://Modelica.Electrical.Spice3.Examples.Spice3BenchmarkFourBitBinaryAdder#text$X1.X2.X2.X6.Q4:vbe">X1.X2.X2.X6.Q4.vbe</a>
<a href="Modelica://Modelica.Electrical.Spice3.Examples.Spice3BenchmarkFourBitBinaryAdder#text$X1.X2.X2.X6.Q5:vbe">X1.X2.X2.X6.Q5.vbe</a>
<a href="Modelica://Modelica.Electrical.Spice3.Examples.Spice3BenchmarkFourBitBinaryAdder#text$X1.X2.X2.X7.Q1:vbc">X1.X2.X2.X7.Q1.vbc</a>
<a href="Modelica://Modelica.Electrical.Spice3.Examples.Spice3BenchmarkFourBitBinaryAdder#text$X1.X2.X2.X7.Q1:vbe">X1.X2.X2.X7.Q1.vbe</a>
<a href="Modelica://Modelica.Electrical.Spice3.Examples.Spice3BenchmarkFourBitBinaryAdder#text$X1.X2.X2.X7.Q2:vbc">X1.X2.X2.X7.Q2.vbc</a>
<a href="Modelica://Modelica.Electrical.Spice3.Examples.Spice3BenchmarkFourBitBinaryAdder#text$X1.X2.X2.X7.Q2:vbe">X1.X2.X2.X7.Q2.vbe</a>
<a href="Modelica://Modelica.Electrical.Spice3.Examples.Spice3BenchmarkFourBitBinaryAdder#text$X1.X2.X2.X7.Q3:vbc">X1.X2.X2.X7.Q3.vbc</a>
<a href="Modelica://Modelica.Electrical.Spice3.Examples.Spice3BenchmarkFourBitBinaryAdder#text$X1.X2.X2.X7.Q3:vbe">X1.X2.X2.X7.Q3.vbe</a>
<a href="Modelica://Modelica.Electrical.Spice3.Examples.Spice3BenchmarkFourBitBinaryAdder#text$X1.X2.X2.X7.Q4:vbc">X1.X2.X2.X7.Q4.vbc</a>
<a href="Modelica://Modelica.Electrical.Spice3.Examples.Spice3BenchmarkFourBitBinaryAdder#text$X1.X2.X2.X7.Q4:vbe">X1.X2.X2.X7.Q4.vbe</a>
<a href="Modelica://Modelica.Electrical.Spice3.Examples.Spice3BenchmarkFourBitBinaryAdder#text$X1.X2.X2.X7.Q5:vbc">X1.X2.X2.X7.Q5.vbc</a>
<a href="Modelica://Modelica.Electrical.Spice3.Examples.Spice3BenchmarkFourBitBinaryAdder#text$X1.X2.X2.X7.Q5:vbe">X1.X2.X2.X7.Q5.vbe</a>
<a href="Modelica://Modelica.Electrical.Spice3.Examples.Spice3BenchmarkFourBitBinaryAdder#text$X1.X2.X2.X8.Q1:vbc">X1.X2.X2.X8.Q1.vbc</a>
<a href="Modelica://Modelica.Electrical.Spice3.Examples.Spice3BenchmarkFourBitBinaryAdder#text$X1.X2.X2.X8.Q1:vbe">X1.X2.X2.X8.Q1.vbe</a>
<a href="Modelica://Modelica.Electrical.Spice3.Examples.Spice3BenchmarkFourBitBinaryAdder#text$X1.X2.X2.X8.Q2:vbc">X1.X2.X2.X8.Q2.vbc</a>
<a href="Modelica://Modelica.Electrical.Spice3.Examples.Spice3BenchmarkFourBitBinaryAdder#text$X1.X2.X2.X8.Q2:vbe">X1.X2.X2.X8.Q2.vbe</a>
<a href="Modelica://Modelica.Electrical.Spice3.Examples.Spice3BenchmarkFourBitBinaryAdder#text$X1.X2.X2.X8.Q3:vbc">X1.X2.X2.X8.Q3.vbc</a>
<a href="Modelica://Modelica.Electrical.Spice3.Examples.Spice3BenchmarkFourBitBinaryAdder#text$X1.X2.X2.X8.Q3:vbe">X1.X2.X2.X8.Q3.vbe</a>
<a href="Modelica://Modelica.Electrical.Spice3.Examples.Spice3BenchmarkFourBitBinaryAdder#text$X1.X2.X2.X8.Q4:vbc">X1.X2.X2.X8.Q4.vbc</a>
<a href="Modelica://Modelica.Electrical.Spice3.Examples.Spice3BenchmarkFourBitBinaryAdder#text$X1.X2.X2.X8.Q4:vbe">X1.X2.X2.X8.Q4.vbe</a>
<a href="Modelica://Modelica.Electrical.Spice3.Examples.Spice3BenchmarkFourBitBinaryAdder#text$X1.X2.X2.X8.Q5:vbc">X1.X2.X2.X8.Q5.vbc</a>
<a href="Modelica://Modelica.Electrical.Spice3.Examples.Spice3BenchmarkFourBitBinaryAdder#text$X1.X2.X2.X8.Q5:vbe">X1.X2.X2.X8.Q5.vbe</a>
<a href="Modelica://Modelica.Electrical.Spice3.Examples.Spice3BenchmarkFourBitBinaryAdder#text$X1.X2.X2.X9.Q1:vbe">X1.X2.X2.X9.Q1.vbe</a>
<a href="Modelica://Modelica.Electrical.Spice3.Examples.Spice3BenchmarkFourBitBinaryAdder#text$X1.X2.X2.X9.Q2:vbc">X1.X2.X2.X9.Q2.vbc</a>
<a href="Modelica://Modelica.Electrical.Spice3.Examples.Spice3BenchmarkFourBitBinaryAdder#text$X1.X2.X2.X9.Q2:vbe">X1.X2.X2.X9.Q2.vbe</a>
<a href="Modelica://Modelica.Electrical.Spice3.Examples.Spice3BenchmarkFourBitBinaryAdder#text$X1.X2.X2.X9.Q3:vbc">X1.X2.X2.X9.Q3.vbc</a>
<a href="Modelica://Modelica.Electrical.Spice3.Examples.Spice3BenchmarkFourBitBinaryAdder#text$X1.X2.X2.X9.Q3:vbe">X1.X2.X2.X9.Q3.vbe</a>
<a href="Modelica://Modelica.Electrical.Spice3.Examples.Spice3BenchmarkFourBitBinaryAdder#text$X1.X2.X2.X9.Q4:vbc">X1.X2.X2.X9.Q4.vbc</a>
<a href="Modelica://Modelica.Electrical.Spice3.Examples.Spice3BenchmarkFourBitBinaryAdder#text$X1.X2.X2.X9.Q4:vbe">X1.X2.X2.X9.Q4.vbe</a>
<a href="Modelica://Modelica.Electrical.Spice3.Examples.Spice3BenchmarkFourBitBinaryAdder#text$X1.X2.X2.X9.Q5:vbc">X1.X2.X2.X9.Q5.vbc</a>
<a href="Modelica://Modelica.Electrical.Spice3.Examples.Spice3BenchmarkFourBitBinaryAdder#text$X1.X2.X2.X9.Q5:vbe">X1.X2.X2.X9.Q5.vbe</a>
Finished
