Log-file of program ./dymosim
(generated: Tue May  5 02:09:53 2020)

dymosim started
... "dsin.txt" loading (dymosim input file)
... "Oscillator.mat" creating (simulation result file)

Integration started at T = 0 using integration method DASSL
(DAE multi-step solver (dassl/dasslrt of Petzold modified by Dassault Systemes))
Integration terminated successfully at T = 1
   CPU-time for integration                : 0.033 seconds
   CPU-time for one grid interval          : 0.0165 milliseconds
   CPU-time for initialization             : 0.001 seconds
   Number of result points                 : 2002
   Number of grid points                   : 2001
   Number of accepted steps                : 600
   Number of f-evaluations (dynamics)      : 1203
   Number of Jacobian-evaluations          : 17
   Number of model time events             : 0
   Number of input time events             : 0
   Number of state events                  : 0
   Number of step events                   : 0
   Minimum integration stepsize            : 5e-07
   Maximum integration stepsize            : 0.00285
   Maximum integration order               : 5
Calling terminal section
... "dsfinal.txt" creating (final states)
