Log-file of program ./dymosim
(generated: Tue May  5 02:11:30 2020)

dymosim started
... "dsin.txt" loading (dymosim input file)
... "PumpingSystem.mat" creating (simulation result file)

Integration started at T = 0 using integration method DASSL
(DAE multi-step solver (dassl/dasslrt of Petzold modified by Dassault Systemes))
Integration terminated successfully at T = 2000
   CPU-time for integration                : 1.93 seconds
   CPU-time for one grid interval          : 0.193 milliseconds
   CPU-time for initialization             : 0.001 seconds
   Number of result points                 : 10035
   Number of grid points                   : 10001
   Number of accepted steps                : 1714
   Number of f-evaluations (dynamics)      : 3657
   Number of crossing function evaluations : 11822
   Number of Jacobian-evaluations          : 477
   Number of model time events             : 6
   Number of input time events             : 0
   Number of state events                  : 12
   Number of step events                   : 0
   Minimum integration stepsize            : 1.26e-11
   Maximum integration stepsize            : 124
   Maximum integration order               : 5
Calling terminal section
... "dsfinal.txt" creating (final states)
