 = true
Translation of Modelica.Fluid.Examples.PumpingSystem:
The DAE has 307 scalar unknowns and 307 scalar equations.
 
Statistics
 
Original Model
  Number of components: 45
  Variables: 559
  Constants: 61 (61 scalars)
  Parameters: 187 (183 scalars)
  Unknowns: 311 (307 scalars)
  Differentiated variables: 10 scalars
  Equations: 229
  Nontrivial: 185
Translated Model
  Constants: 192 scalars
  Free parameters: 56 scalars
  Parameter depending: 76 scalars
  Continuous time states: 5 scalars
  Time-varying variables: 91 scalars
  Alias variables: 136 scalars
  Number of mixed real/discrete systems of equations: 4
  Sizes of linear systems of equations: {3, 7}
  Sizes after manipulation of the linear systems: {2, 2}
  Sizes of nonlinear systems of equations: {2, 7, 3}
  Sizes after manipulation of the nonlinear systems: {1, 1, 1}
  Number of numerical Jacobians: 2
  Initialization problem
    Number of mixed real/discrete systems of equations: 2
    Sizes of linear systems of equations: {2, 2}
    Sizes after manipulation of the linear systems: {0, 0}
    Sizes of nonlinear systems of equations: {2, 7}
    Sizes after manipulation of the nonlinear systems: {1, 1}
    Number of numerical Jacobians: 2
 
Settings
Advanced.StoreProtectedVariables = true
Selected continuous time states
Statically selected continuous time states
  PT1.y
  pumps.medium.p
  pumps.medium.T
  reservoir.level
  reservoir.medium.T
 