 = true
Translation of Modelica.Electrical.PowerConverters.Examples.ACDC.RectifierCenterTap2Pulse.ThyristorCenterTap2Pulse_RL:
The DAE has 152 scalar unknowns and 152 scalar equations.
 
Statistics
 
Original Model
  Number of components: 40
  Variables: 254
  Constants: 4 (4 scalars)
  Parameters: 99 (99 scalars)
  Unknowns: 151 (152 scalars)
  Differentiated variables: 4 scalars
  Equations: 154
  Nontrivial: 130
Translated Model
  Constants: 43 scalars
  Free parameters: 29 scalars
  Parameter depending: 48 scalars
  Continuous time states: 4 scalars
  Time-varying variables: 40 scalars
  Alias variables: 95 scalars
  Number of mixed real/discrete systems of equations: 1
  Sizes of linear systems of equations: {6}
  Sizes after manipulation of the linear systems: {2}
  Sizes of nonlinear systems of equations: { }
  Sizes after manipulation of the nonlinear systems: { }
  Number of numerical Jacobians: 0
 
Settings
Advanced.StoreProtectedVariables = true
Selected continuous time states
Statically selected continuous time states
  inductor.i
  meanCurrent.x
  meanVoltage.x
  rootMeanSquareVoltage.mean.x
 