 = true
Translation of Modelica.Mechanics.MultiBody.Examples.Elementary.UserDefinedGravityField:
The DAE has 1376 scalar unknowns and 1376 scalar equations.
 
Statistics
 
Original Model
  Number of components: 56
  Variables: 643
  Parameters: 133 (186 scalars)
  Unknowns: 510 (1376 scalars)
  Differentiated variables: 13 scalars
  Equations: 473
  Nontrivial: 317
Translated Model
  Constants: 1104 scalars
  Free parameters: 39 scalars
  Parameter depending: 113 scalars
  Continuous time states: 2 scalars
  Time-varying variables: 35 scalars
  Alias variables: 271 scalars
  Number of mixed real/discrete systems of equations: 0
  Sizes of linear systems of equations: {3}
  Sizes after manipulation of the linear systems: {0}
  Sizes of nonlinear systems of equations: { }
  Sizes after manipulation of the nonlinear systems: { }
  Number of numerical Jacobians: 0
 
Settings
Advanced.StoreProtectedVariables = true
Selected continuous time states
Statically selected continuous time states
  rev.phi
  rev.w
 