 = true
Translation of Modelica.Mechanics.MultiBody.Examples.Elementary.Surfaces:
The DAE has 17535 scalar unknowns and 17535 scalar equations.
 
Statistics
 
Original Model
  Number of components: 75
  Variables: 820
  Constants: 2 (2 scalars)
  Parameters: 206 (361 scalars)
  Unknowns: 612 (17535 scalars)
  Differentiated variables: 4 scalars
  Equations: 552
  Nontrivial: 374
Translated Model
  Constants: 1524 scalars
  Free parameters: 68 scalars
  Parameter depending: 4940 scalars
  Continuous time states: 2 scalars
  Time-varying variables: 11116 scalars
  Alias variables: 250 scalars
  Number of mixed real/discrete systems of equations: 0
  Sizes of linear systems of equations: { }
  Sizes after manipulation of the linear systems: { }
  Sizes of nonlinear systems of equations: { }
  Sizes after manipulation of the nonlinear systems: { }
  Number of numerical Jacobians: 0
 
Settings
Advanced.StoreProtectedVariables = true
Selected continuous time states
Statically selected continuous time states
  prismatic.s
  prismatic.v
 