Log-file of program ./dymosim
(generated: Tue May  5 01:14:21 2020)

dymosim started
... "dsin.txt" loading (dymosim input file)
... "HalfControlledBridge2mPulse.mat" creating (simulation result file)

Integration started at T = 0 using integration method DASSL
(DAE multi-step solver (dassl/dasslrt of Petzold modified by Dassault Systemes))
Integration terminated successfully at T = 0.1
   CPU-time for integration                : 0.052 seconds
   CPU-time for one grid interval          : 0.052 milliseconds
   CPU-time for initialization             : 0.001 seconds
   Number of result points                 : 1223
   Number of grid points                   : 1001
   Number of accepted steps                : 3148
   Number of f-evaluations (dynamics)      : 5109
   Number of crossing function evaluations : 4816
   Number of Jacobian-evaluations          : 1513
   Number of model time events             : 30
   Number of input time events             : 0
   Number of state events                  : 102
   Number of step events                   : 0
   Minimum integration stepsize            : 1.19e-12
   Maximum integration stepsize            : 0.00041
   Maximum integration order               : 5
Calling terminal section
... "dsfinal.txt" creating (final states)
