 = true
Translation of Modelica.Blocks.Examples.Noise.Densities:
The DAE has 14 scalar unknowns and 14 scalar equations.
 
Statistics
 
Original Model
  Number of components: 7
  Variables: 25
  Parameters: 11 (11 scalars)
  Unknowns: 14 (14 scalars)
  Equations: 14
  Nontrivial: 10
Translated Model
  Free parameters: 11 scalars
  Outputs: 3 scalars
  Time-varying variables: 5 scalars
  Alias variables: 9 scalars
  Number of mixed real/discrete systems of equations: 0
  Sizes of linear systems of equations: { }
  Sizes after manipulation of the linear systems: { }
  Sizes of nonlinear systems of equations: { }
  Sizes after manipulation of the nonlinear systems: { }
  Number of numerical Jacobians: 0
 
Settings
Advanced.StoreProtectedVariables = true
Selected continuous time states