 = true
Translation of Modelica.Electrical.PowerConverters.Examples.ACDC.RectifierBridge2Pulse.ThyristorBridge2Pulse_R:
The DAE has 163 scalar unknowns and 163 scalar equations.
 
Statistics
 
Original Model
  Number of components: 39
  Variables: 269
  Constants: 8 (8 scalars)
  Parameters: 99 (99 scalars)
  Unknowns: 162 (163 scalars)
  Differentiated variables: 3 scalars
  Equations: 167
  Nontrivial: 145
Translated Model
  Constants: 47 scalars
  Free parameters: 30 scalars
  Parameter depending: 47 scalars
  Continuous time states: 3 scalars
  Time-varying variables: 49 scalars
  Alias variables: 97 scalars
  Number of mixed real/discrete systems of equations: 1
  Sizes of linear systems of equations: {14}
  Sizes after manipulation of the linear systems: {4}
  Sizes of nonlinear systems of equations: { }
  Sizes after manipulation of the nonlinear systems: { }
  Number of numerical Jacobians: 0
 
Settings
Advanced.StoreProtectedVariables = true
Selected continuous time states
Statically selected continuous time states
  meanCurrent.x
  meanVoltage.x
  rootMeanSquareVoltage.mean.x
 