 = true
Translation of Modelica.Electrical.PowerConverters.Examples.ACDC.RectifierCenterTapmPulse.ThyristorCenterTapmPulse_RL:
The DAE has 340 scalar unknowns and 340 scalar equations.
 
Statistics
 
Original Model
  Number of components: 70
  Variables: 463
  Constants: 6 (6 scalars)
  Parameters: 156 (180 scalars)
  Unknowns: 301 (340 scalars)
  Differentiated variables: 4 scalars
  Equations: 208
  Nontrivial: 176
Translated Model
  Constants: 109 scalars
  Free parameters: 37 scalars
  Parameter depending: 82 scalars
  Continuous time states: 4 scalars
  Time-varying variables: 75 scalars
  Alias variables: 223 scalars
  Number of mixed real/discrete systems of equations: 1
  Sizes of linear systems of equations: {9}
  Sizes after manipulation of the linear systems: {3}
  Sizes of nonlinear systems of equations: { }
  Sizes after manipulation of the nonlinear systems: { }
  Number of numerical Jacobians: 0
 
Settings
Advanced.StoreProtectedVariables = true
Selected continuous time states
Statically selected continuous time states
  inductor.i
  meanCurrent.x
  meanVoltage.x
  rootMeanSquareVoltage.mean.x
 