 = true
Translation of Modelica.Electrical.Machines.Examples.InductionMachines.IMC_Initialize:
The DAE has 466 scalar unknowns and 466 scalar equations.
 
Statistics
 
Original Model
  Number of components: 59
  Variables: 648
  Constants: 6 (6 scalars)
  Parameters: 235 (279 scalars)
  Unknowns: 407 (466 scalars)
  Differentiated variables: 23 scalars
  Equations: 255
  Nontrivial: 193
Translated Model
  Constants: 196 scalars
  Free parameters: 30 scalars
  Parameter depending: 141 scalars
  Continuous time states: 7 scalars
  Time-varying variables: 76 scalars
  Alias variables: 308 scalars
  Number of mixed real/discrete systems of equations: 0
  Sizes of linear systems of equations: {3, 14, 2, 2}
  Sizes after manipulation of the linear systems: {0, 4, 0, 2}
  Sizes of nonlinear systems of equations: { }
  Sizes after manipulation of the nonlinear systems: { }
  Number of numerical Jacobians: 0
  Initialization problem
    Sizes of linear systems of equations: {38}
    Sizes after manipulation of the linear systems: {6}
 
Settings
Advanced.StoreProtectedVariables = true
Selected continuous time states
Statically selected continuous time states
  aimc.i_0_s
  aimc.idq_rr[]
  aimc.idq_sr[]
  loadInertia.phi
  loadInertia.w
 