 = true
Translation of Modelica.Electrical.Digital.Examples.WiredX:
The DAE has 33 scalar unknowns and 33 scalar equations.
 
Statistics
 
Original Model
  Number of components: 10
  Variables: 65
  Constants: 5 (412 scalars)
  Parameters: 29 (43 scalars)
  Unknowns: 31 (33 scalars)
  Equations: 21
  Nontrivial: 21
Translated Model
  Constants: 417 scalars
  Free parameters: 34 scalars
  Parameter depending: 4 scalars
  Time-varying variables: 29 scalars
  Alias variables: 4 scalars
  Number of mixed real/discrete systems of equations: 0
  Sizes of linear systems of equations: { }
  Sizes after manipulation of the linear systems: { }
  Sizes of nonlinear systems of equations: { }
  Sizes after manipulation of the nonlinear systems: { }
  Number of numerical Jacobians: 0
 
Settings
Advanced.StoreProtectedVariables = true
Selected continuous time states