Log-file of program ./dymosim
(generated: Fri Sep 27 08:40:53 2024)

dymosim started
... "Modelica.Mechanics.Translational.Examples.EddyCurrentBrake" simulating
... "dsin.txt" loading (dymosim input file)
... "result.mat" creating (simulation result file)

Integration started at T = 0 using integration method DASSL
(DAE multi-step solver (dassl/dasslrt of Petzold modified by Dassault Systemes))

Integration terminated successfully at T = 1
   CPU-time for integration                : 0.002 seconds
   CPU-time for one grid interval          : 0.001 milliseconds
   CPU-time for initialization             : 0 seconds
   Number of result points                 : 2002
   Number of grid points                   : 2001
   Number of accepted steps                : 159
   Number of f-evaluations (dynamics)      : 270
   Number of Jacobian-evaluations          : 52
   Number of model time events             : 2
   Number of input time events             : 0
   Number of state events                  : 0
   Number of step events                   : 0
   Minimum integration stepsize            : 4.33e-08
   Maximum integration stepsize            : 0.0454
   Maximum integration order               : 5
Calling terminal section
... "dsfinal.txt" creating (final states)

SUCCESSFUL simulation of Modelica.Mechanics.Translational.Examples.EddyCurrentBrake
