Translation of <a href="Modelica://Modelica.Mechanics.Translational.Examples.EddyCurrentBrake">Modelica.Mechanics.Translational.Examples.EddyCurrentBrake</a>
The DAE has 25 scalar unknowns and 25 scalar equations.

Statistics

Original Model
  Number of components: 5
  Variables: 42
  Parameters: 17 (17 scalars)
  Unknowns: 25 (25 scalars)
  Differentiated variables: 4 scalars
  Equations: 24
  Nontrivial: 20
Translated Model
  Constants: 6 scalars
  Free parameters: 13 scalars
  Continuous time states: 3 scalars
  Time-varying variables: 9 scalars
  Alias variables: 14 scalars
  Number of mixed real/discrete systems of equations: 0
  Sizes of linear systems of equations: { }
  Sizes after manipulation of the linear systems: { }
  Sizes of nonlinear systems of equations: { }
  Sizes after manipulation of the nonlinear systems: { }
  Number of numerical Jacobians: 0

Settings
Advanced.StoreProtectedVariables = true
Selected continuous time states
Statically selected continuous time states
<a href="Modelica://Modelica.Mechanics.Translational.Examples.EddyCurrentBrake#text$heatCapacitor:T">heatCapacitor.T</a>
<a href="Modelica://Modelica.Mechanics.Translational.Examples.EddyCurrentBrake#text$mass:s">mass.s</a>
<a href="Modelica://Modelica.Mechanics.Translational.Examples.EddyCurrentBrake#text$mass:v">mass.v</a>
Finished
