Log-file of program ./dymosim
(generated: Tue May  5 00:57:40 2020)

dymosim started
... "dsin.txt" loading (dymosim input file)
... "IMC_Inverter.mat" creating (simulation result file)

Integration started at T = 0 using integration method DASSL
(DAE multi-step solver (dassl/dasslrt of Petzold modified by Dassault Systemes))
Integration terminated successfully at T = 1.5
   CPU-time for integration                : 0.613 seconds
   CPU-time for one grid interval          : 0.0204 milliseconds
   CPU-time for initialization             : 0.001 seconds
   Number of result points                 : 30003
   Number of grid points                   : 30001
   Number of accepted steps                : 1424
   Number of f-evaluations (dynamics)      : 2863
   Number of crossing function evaluations : 31424
   Number of Jacobian-evaluations          : 65
   Number of model time events             : 2
   Number of input time events             : 0
   Number of state events                  : 0
   Number of step events                   : 0
   Minimum integration stepsize            : 2.06e-09
   Maximum integration stepsize            : 0.00528
   Maximum integration order               : 5
Calling terminal section
... "dsfinal.txt" creating (final states)
