 = true
Translation of Modelica.Mechanics.Rotational.Examples.LossyGearDemo2:
The DAE has 98 scalar unknowns and 98 scalar equations.
 
Statistics
 
Original Model
  Number of components: 10
  Variables: 139
  Constants: 14 (14 scalars)
  Parameters: 30 (37 scalars)
  Unknowns: 95 (98 scalars)
  Differentiated variables: 10 scalars
  Equations: 90
  Nontrivial: 76
Translated Model
  Constants: 23 scalars
  Free parameters: 24 scalars
  Parameter depending: 8 scalars
  Continuous time states: 2 scalars
  Time-varying variables: 55 scalars
  Alias variables: 39 scalars
  Number of mixed real/discrete systems of equations: 1
  Sizes of linear systems of equations: {15}
  Sizes after manipulation of the linear systems: {3}
  Sizes of nonlinear systems of equations: { }
  Sizes after manipulation of the nonlinear systems: { }
  Number of numerical Jacobians: 0
 
Settings
Advanced.StoreProtectedVariables = true
Selected continuous time states
Statically selected continuous time states
  Inertia2.phi
  Inertia2.w
 