Log-file of program ./dymosim
(generated: Mon Oct 28 23:55:55 2024)

dymosim started
... "Modelica.Magnetic.QuasiStatic.FundamentalWave.Examples.BasicMachines.InductionMachines.IMC_Inverter" simulating
... "dsin.txt" loading (dymosim input file)
... "result.mat" creating (simulation result file)

Integration started at T = 0 using integration method DASSL
(DAE multi-step solver (dassl/dasslrt of Petzold modified by Dassault Systemes))

Integration terminated successfully at T = 1.5
   CPU-time for integration                : 0.325 seconds
   CPU-time for one grid interval          : 0.0217 milliseconds
   CPU-time for initialization             : 0 seconds
   Number of result points                 : 15003
   Number of grid points                   : 15001
   Number of accepted steps                : 243
   Number of f-evaluations (dynamics)      : 460
   Number of crossing function evaluations : 15243
   Number of Jacobian-evaluations          : 57
   Number of model time events             : 2
   Number of input time events             : 0
   Number of state events                  : 0
   Number of step events                   : 0
   Minimum integration stepsize            : 1e-07
   Maximum integration stepsize            : 0.0569
   Maximum integration order               : 5
Calling terminal section
... "dsfinal.txt" creating (final states)

SUCCESSFUL simulation of Modelica.Magnetic.QuasiStatic.FundamentalWave.Examples.BasicMachines.InductionMachines.IMC_Inverter
