 = true
Translation of Modelica.Magnetic.FundamentalWave.Examples.BasicMachines.InductionMachines.IMC_Inverter:
The DAE has 822 scalar unknowns and 822 scalar equations.
 
Statistics
 
Original Model
  Number of components: 184
  Variables: 1072
  Constants: 5 (5 scalars)
  Parameters: 294 (332 scalars)
  Unknowns: 773 (822 scalars)
  Differentiated variables: 21 scalars
  Equations: 436
  Nontrivial: 358
Translated Model
  Constants: 307 scalars
  Free parameters: 25 scalars
  Parameter depending: 151 scalars
  Continuous time states: 7 scalars
  Time-varying variables: 162 scalars
  Alias variables: 514 scalars
  Number of mixed real/discrete systems of equations: 0
  Sizes of linear systems of equations: {14, 8, 4, 12, 2}
  Sizes after manipulation of the linear systems: {2, 2, 0, 3, 0}
  Sizes of nonlinear systems of equations: { }
  Sizes after manipulation of the nonlinear systems: { }
  Number of numerical Jacobians: 0
  Initialization problem
    Sizes of linear systems of equations: {2}
    Sizes after manipulation of the linear systems: {2}
 
Settings
Advanced.StoreProtectedVariables = true
Selected continuous time states
Statically selected continuous time states
  aimc.rotorCage.electroMagneticConverter.singlePhaseElectroMagneticConverter[1].Phi.re
  aimc.rotorCage.electroMagneticConverter.singlePhaseElectroMagneticConverter[2].Phi.im
  aimc.stator.electroMagneticConverter.singlePhaseElectroMagneticConverter[1].Phi.re
  aimc.stator.electroMagneticConverter.singlePhaseElectroMagneticConverter[2].Phi.im
  loadInertia.phi
  loadInertia.w
  vfController.x
 