 = true
Translation of Modelica.Clocked.Examples.Elementary.BooleanSignals.UpSample:
The DAE has 27 scalar unknowns and 27 scalar equations.
 
Statistics
 
Original Model
  Number of components: 11
  Variables: 65
  Constants: 1 (8 scalars)
  Parameters: 37 (43 scalars)
  Unknowns: 24 (24 scalars)
  Equations: 23
  Nontrivial: 23
Translated Model
  Constants: 27 scalars
  Free parameters: 9 scalars
  Parameter depending: 15 scalars
  Time-varying variables: 20 scalars
  Alias variables: 4 scalars
  Number of mixed real/discrete systems of equations: 0
  Sizes of linear systems of equations: { }
  Sizes after manipulation of the linear systems: { }
  Sizes of nonlinear systems of equations: { }
  Sizes after manipulation of the nonlinear systems: { }
  Number of numerical Jacobians: 0
 
Settings
Advanced.StoreProtectedVariables = true
Selected continuous time states