 = true
Translation of Modelica.Electrical.Machines.Examples.SynchronousMachines.SMEE_Generator:
The DAE has 656 scalar unknowns and 656 scalar equations.
 
Statistics
 
Original Model
  Number of components: 87
  Variables: 900
  Constants: 8 (8 scalars)
  Parameters: 313 (369 scalars)
  Unknowns: 579 (656 scalars)
  Differentiated variables: 26 scalars
  Equations: 379
  Nontrivial: 290
Translated Model
  Constants: 295 scalars
  Free parameters: 54 scalars
  Parameter depending: 173 scalars
  Continuous time states: 5 scalars
  Time-varying variables: 107 scalars
  Alias variables: 404 scalars
  Number of mixed real/discrete systems of equations: 0
  Sizes of linear systems of equations: {3, 15}
  Sizes after manipulation of the linear systems: {2, 4}
  Sizes of nonlinear systems of equations: { }
  Sizes after manipulation of the nonlinear systems: { }
  Number of numerical Jacobians: 0
  Initialization problem
    Sizes of linear systems of equations: {2}
    Sizes after manipulation of the linear systems: {2}
 
Settings
Advanced.StoreProtectedVariables = true
Selected continuous time states
Statically selected continuous time states
  constantSpeed.phi
  smee.idq_dr[1]
  smee.idq_rr[2]
  smee.idq_sr[]
 