Log-file of program ./dymosim
(generated: Tue May  5 00:44:33 2020)

dymosim started
... "dsin.txt" loading (dymosim input file)
... "CompareTransformers.mat" creating (simulation result file)

Integration started at T = 0 using integration method DASSL
(DAE multi-step solver (dassl/dasslrt of Petzold modified by Dassault Systemes))
Integration terminated successfully at T = 50
   CPU-time for integration                : 1.38 seconds
   CPU-time for one grid interval          : 0.0138 milliseconds
   CPU-time for initialization             : 0 seconds
   Number of result points                 : 100002
   Number of grid points                   : 100001
   Number of accepted steps                : 19798
   Number of f-evaluations (dynamics)      : 39888
   Number of Jacobian-evaluations          : 22
   Number of model time events             : 0
   Number of input time events             : 0
   Number of state events                  : 0
   Number of step events                   : 0
   Minimum integration stepsize            : 2.3e-09
   Maximum integration stepsize            : 0.0033
   Maximum integration order               : 5
Calling terminal section
... "dsfinal.txt" creating (final states)
