 = true
Translation of Modelica.Electrical.Machines.Examples.DCMachines.DCPM_Start:
The DAE has 200 scalar unknowns and 200 scalar equations.
 
Statistics
 
Original Model
  Number of components: 42
  Variables: 341
  Constants: 5 (5 scalars)
  Parameters: 136 (136 scalars)
  Unknowns: 200 (200 scalars)
  Differentiated variables: 13 scalars
  Equations: 166
  Nontrivial: 119
Translated Model
  Constants: 139 scalars
  Free parameters: 21 scalars
  Parameter depending: 79 scalars
  Continuous time states: 3 scalars
  Time-varying variables: 21 scalars
  Alias variables: 81 scalars
  Number of mixed real/discrete systems of equations: 0
  Sizes of linear systems of equations: {2}
  Sizes after manipulation of the linear systems: {0}
  Sizes of nonlinear systems of equations: { }
  Sizes after manipulation of the nonlinear systems: { }
  Number of numerical Jacobians: 0
 
Settings
Advanced.StoreProtectedVariables = true
Selected continuous time states
Statically selected continuous time states
  dcpm.la.i
  loadInertia.phi
  loadInertia.w
 