Log-file of program ./dymosim
(generated: Tue May  5 02:26:47 2020)

dymosim started
... "dsin.txt" loading (dymosim input file)
... "TwoMasses.mat" creating (simulation result file)

Integration started at T = 0 using integration method DASSL
(DAE multi-step solver (dassl/dasslrt of Petzold modified by Dassault Systemes))
Integration terminated successfully at T = 1
   CPU-time for integration                : 0.028 seconds
   CPU-time for one grid interval          : 0.014 milliseconds
   CPU-time for initialization             : 0 seconds
   Number of result points                 : 2002
   Number of grid points                   : 2001
   Number of accepted steps                : 34
   Number of f-evaluations (dynamics)      : 57
   Number of Jacobian-evaluations          : 18
   Number of model time events             : 0
   Number of input time events             : 0
   Number of state events                  : 0
   Number of step events                   : 0
   Minimum integration stepsize            : 5e-07
   Maximum integration stepsize            : 0.13
   Maximum integration order               : 5
Calling terminal section
... "dsfinal.txt" creating (final states)
