 = true
Translation of Modelica.Thermal.HeatTransfer.Examples.TwoMasses:
The DAE has 20 scalar unknowns and 20 scalar equations.
 
Statistics
 
Original Model
  Number of components: 6
  Variables: 24
  Parameters: 4 (4 scalars)
  Unknowns: 20 (20 scalars)
  Differentiated variables: 2 scalars
  Equations: 18
  Nontrivial: 13
Translated Model
  Constants: 2 scalars
  Free parameters: 3 scalars
  Parameter depending: 1 scalars
  Continuous time states: 2 scalars
  Time-varying variables: 6 scalars
  Alias variables: 12 scalars
  Number of mixed real/discrete systems of equations: 0
  Sizes of linear systems of equations: { }
  Sizes after manipulation of the linear systems: { }
  Sizes of nonlinear systems of equations: { }
  Sizes after manipulation of the nonlinear systems: { }
  Number of numerical Jacobians: 0
 
Settings
Advanced.StoreProtectedVariables = true
Selected continuous time states
Statically selected continuous time states
  mass1.T
  mass2.T
 