Log-file of program ./dymosim
(generated: Tue May  5 02:07:58 2020)

dymosim started
... "dsin.txt" loading (dymosim input file)
... "Backlash.mat" creating (simulation result file)

Integration started at T = 0 using integration method DASSL
(DAE multi-step solver (dassl/dasslrt of Petzold modified by Dassault Systemes))
Integration terminated successfully at T = 1
   CPU-time for integration                : 0.042 seconds
   CPU-time for one grid interval          : 0.021 milliseconds
   CPU-time for initialization             : 0 seconds
   Number of result points                 : 2108
   Number of grid points                   : 2001
   Number of accepted steps                : 2060
   Number of f-evaluations (dynamics)      : 3712
   Number of crossing function evaluations : 4413
   Number of Jacobian-evaluations          : 923
   Number of model time events             : 0
   Number of input time events             : 0
   Number of state events                  : 53
   Number of step events                   : 0
   Minimum integration stepsize            : 1.34e-10
   Maximum integration stepsize            : 0.00265
   Maximum integration order               : 5
Calling terminal section
... "dsfinal.txt" creating (final states)
