 = true
Translation of Modelica.Mechanics.Rotational.Examples.Backlash:
The DAE has 62 scalar unknowns and 62 scalar equations.
 
Statistics
 
Original Model
  Number of components: 10
  Variables: 97
  Constants: 2 (2 scalars)
  Parameters: 33 (33 scalars)
  Unknowns: 62 (62 scalars)
  Differentiated variables: 12 scalars
  Equations: 47
  Nontrivial: 35
Translated Model
  Constants: 17 scalars
  Free parameters: 17 scalars
  Parameter depending: 4 scalars
  Continuous time states: 6 scalars
  Time-varying variables: 26 scalars
  Alias variables: 33 scalars
  Number of mixed real/discrete systems of equations: 0
  Sizes of linear systems of equations: { }
  Sizes after manipulation of the linear systems: { }
  Sizes of nonlinear systems of equations: { }
  Sizes after manipulation of the nonlinear systems: { }
  Number of numerical Jacobians: 0
 
Settings
Advanced.StoreProtectedVariables = true
Selected continuous time states
Statically selected continuous time states
  elastoBacklash.phi_rel
  elastoBacklash.w_rel
  elastoBacklash2.phi_rel
  elastoBacklash2.w_rel
  springDamper.phi_rel
  springDamper.w_rel
 