 = true
Translation of Modelica.Electrical.Analog.Examples.ControlledSwitchWithArc:
The DAE has 80 scalar unknowns and 80 scalar equations.
 
Statistics
 
Original Model
  Number of components: 14
  Variables: 119
  Constants: 2 (2 scalars)
  Parameters: 37 (37 scalars)
  Unknowns: 80 (80 scalars)
  Differentiated variables: 2 scalars
  Equations: 72
  Nontrivial: 55
Translated Model
  Constants: 26 scalars
  Free parameters: 24 scalars
  Parameter depending: 9 scalars
  Continuous time states: 2 scalars
  Time-varying variables: 20 scalars
  Alias variables: 40 scalars
  Number of mixed real/discrete systems of equations: 1
  Sizes of linear systems of equations: { }
  Sizes after manipulation of the linear systems: { }
  Sizes of nonlinear systems of equations: { }
  Sizes after manipulation of the nonlinear systems: { }
  Number of numerical Jacobians: 0
 
Settings
Advanced.StoreProtectedVariables = true
Selected continuous time states
Statically selected continuous time states
  inductor1.i
  inductor2.i
 