Log-file of program ./dymosim
(generated: Thu May 28 11:08:22 2026)

dymosim started
... "Modelica.Electrical.Machines.Examples.InductionMachines.IMC_DCBraking" simulating
... "dsin.txt" loading (dymosim input file)
... "result.mat" creating (simulation result file)

Integration started at T = 0 using integration method DASSL
(DAE multi-step solver (dassl/dasslrt of Petzold modified by Dassault Systemes))

Integration terminated successfully at T = 25
   CPU-time for integration                : 0.931 seconds
   CPU-time for one grid interval          : 0.0372 milliseconds
   CPU-time for initialization             : 0.001 seconds
   Number of result points                 : 25002
   Number of grid points                   : 25001
   Number of accepted steps                : 49800
   Number of f-evaluations (dynamics)      : 137066
   Number of Jacobian-evaluations          : 18626
   Number of model time events             : 0
   Number of input time events             : 0
   Number of state events                  : 0
   Number of step events                   : 0
   Minimum integration stepsize            : 2.04e-09
   Maximum integration stepsize            : 1.79
   Maximum integration order               : 5
Calling terminal section
... "dsfinal.txt" creating (final states)

SUCCESSFUL simulation of Modelica.Electrical.Machines.Examples.InductionMachines.IMC_DCBraking
