Log-file of program ./dymosim
(generated: Wed May 20 10:36:00 2026)

dymosim started
... "Modelica.Electrical.PowerConverters.Examples.ACDC.RectifierBridge2Pulse.ThyristorBridge2Pulse_RLV_Characteristic" simulating
... "dsin.txt" loading (dymosim input file)
... "result.mat" creating (simulation result file)

Integration started at T = 0 using integration method DASSL
(DAE multi-step solver (dassl/dasslrt of Petzold modified by Dassault Systemes))

Integration terminated successfully at T = 10
   CPU-time for integration                : 0.364 seconds
   CPU-time for one grid interval          : 0.00728 milliseconds
   CPU-time for initialization             : 0.001 seconds
   Number of result points                 : 53510
   Number of grid points                   : 50001
   Number of accepted steps                : 103796
   Number of f-evaluations (dynamics)      : 195737
   Number of crossing function evaluations : 171085
   Number of Jacobian-evaluations          : 29014
   Number of model time events             : 1000
   Number of input time events             : 0
   Number of state events                  : 2048
   Number of step events                   : 0
   Minimum integration stepsize            : 1.56e-14
   Maximum integration stepsize            : 0.000461
   Maximum integration order               : 5
Calling terminal section
... "dsfinal.txt" creating (final states)

SUCCESSFUL simulation of Modelica.Electrical.PowerConverters.Examples.ACDC.RectifierBridge2Pulse.ThyristorBridge2Pulse_RLV_Characteristic
