Log-file of program ./dymosim
(generated: Wed May 20 10:17:35 2026)

dymosim started
... "Modelica.Magnetic.QuasiStatic.FundamentalWave.Examples.BasicMachines.SynchronousMachines.SMPM_CurrentSource" simulating
... "dsin.txt" loading (dymosim input file)
... "result.mat" creating (simulation result file)

Integration started at T = 0 using integration method DASSL
(DAE multi-step solver (dassl/dasslrt of Petzold modified by Dassault Systemes))

Integration terminated successfully at T = 2
   CPU-time for integration                : 0.338 seconds
   CPU-time for one grid interval          : 0.0169 milliseconds
   CPU-time for initialization             : 0.001 seconds
   Number of result points                 : 20002
   Number of grid points                   : 20001
   Number of accepted steps                : 89
   Number of f-evaluations (dynamics)      : 161
   Number of Jacobian-evaluations          : 24
   Number of model time events             : 0
   Number of input time events             : 0
   Number of state events                  : 0
   Number of step events                   : 0
   Minimum integration stepsize            : 2.26e-09
   Maximum integration stepsize            : 0.0683
   Maximum integration order               : 5
Calling terminal section
... "dsfinal.txt" creating (final states)

SUCCESSFUL simulation of Modelica.Magnetic.QuasiStatic.FundamentalWave.Examples.BasicMachines.SynchronousMachines.SMPM_CurrentSource
