Log-file of program ./dymosim
(generated: Tue May  5 01:27:04 2020)

dymosim started
... "dsin.txt" loading (dymosim input file)
... "Spice3BenchmarkRtlInverter.mat" creating (simulation result file)

Integration started at T = 0 using integration method DASSL
(DAE multi-step solver (dassl/dasslrt of Petzold modified by Dassault Systemes))

... Warning message from dymosim
At time T = 1.354789e-17 in current integration interval
T_interval = 0.000000e+00 ... 5.000000e-11
a large amount of work has been expended
(about 500 steps) in the integrator. Probably the communication
interval is too large or the system is stiff.

Integration terminated successfully at T = 1e-07
   CPU-time for integration                : 0.041 seconds
   CPU-time for one grid interval          : 0.0205 milliseconds
   CPU-time for initialization             : 0.001 seconds
   Number of result points                 : 2004
   Number of grid points                   : 2001
   Number of accepted steps                : 2272
   Number of f-evaluations (dynamics)      : 4764
   Number of Jacobian-evaluations          : 325
   Number of model time events             : 4
   Number of input time events             : 0
   Number of state events                  : 0
   Number of step events                   : 0
   Minimum integration stepsize            : 7.33e-18
   Maximum integration stepsize            : 1.31e-09
   Maximum integration order               : 5
Calling terminal section
... "dsfinal.txt" creating (final states)
