 = true
Translation of Modelica.Electrical.Spice3.Examples.Spice3BenchmarkRtlInverter:
The DAE has 76 scalar unknowns and 76 scalar equations.
 
Statistics
 
Original Model
  Number of components: 15
  Variables: 364
  Constants: 5 (5 scalars)
  Parameters: 283 (283 scalars)
  Unknowns: 76 (76 scalars)
  Differentiated variables: 2 scalars
  Equations: 53
  Nontrivial: 44
Translated Model
  Constants: 291 scalars
  Free parameters: 10 scalars
  Parameter depending: 3 scalars
  Continuous time states: 2 scalars
  Time-varying variables: 31 scalars
  Alias variables: 29 scalars
  Number of mixed real/discrete systems of equations: 0
  Sizes of linear systems of equations: {3}
  Sizes after manipulation of the linear systems: {0}
  Sizes of nonlinear systems of equations: { }
  Sizes after manipulation of the nonlinear systems: { }
  Number of numerical Jacobians: 0
 
Settings
Advanced.StoreProtectedVariables = true
Selected continuous time states
Statically selected continuous time states
  Q1.vbc
  Q1.vbe
 