Log-file of program ./dymosim
(generated: Tue May  5 02:03:37 2020)

dymosim started
... "dsin.txt" loading (dymosim input file)
... "Fourbar1.mat" creating (simulation result file)

Integration started at T = 0 using integration method DASSL
(DAE multi-step solver (dassl/dasslrt of Petzold modified by Dassault Systemes))
Integration terminated successfully at T = 5
   CPU-time for integration                : 0.235 seconds
   CPU-time for one grid interval          : 0.047 milliseconds
   CPU-time for initialization             : 0.001 seconds
   Number of result points                 : 5002
   Number of grid points                   : 5001
   Number of accepted steps                : 462
   Number of f-evaluations (dynamics)      : 960
   Number of Jacobian-evaluations          : 34
   Number of model time events             : 0
   Number of input time events             : 0
   Number of state events                  : 0
   Number of step events                   : 0
   Minimum integration stepsize            : 1.33e-07
   Maximum integration stepsize            : 0.021
   Maximum integration order               : 5
Calling terminal section
... "dsfinal.txt" creating (final states)
