 = true
Translation of Modelica.Clocked.Examples.Elementary.BooleanSignals.TimeBasedPulse:
The DAE has 8 scalar unknowns and 8 scalar equations.
 
Statistics
 
Original Model
  Number of components: 4
  Variables: 15
  Parameters: 7 (7 scalars)
  Unknowns: 6 (6 scalars)
  Equations: 8
  Nontrivial: 8
Translated Model
  Constants: 3 scalars
  Free parameters: 3 scalars
  Parameter depending: 1 scalars
  Time-varying variables: 5 scalars
  Alias variables: 1 scalars
  Number of mixed real/discrete systems of equations: 0
  Sizes of linear systems of equations: { }
  Sizes after manipulation of the linear systems: { }
  Sizes of nonlinear systems of equations: { }
  Sizes after manipulation of the nonlinear systems: { }
  Number of numerical Jacobians: 0
 
Settings
Advanced.StoreProtectedVariables = true
Selected continuous time states