Translation of <a href="Modelica://Modelica.Mechanics.Rotational.Examples.CompareBrakingTorque">Modelica.Mechanics.Rotational.Examples.CompareBrakingTorque</a>
The DAE has 52 scalar unknowns and 52 scalar equations.

Statistics

Original Model
  Number of components: 9
  Variables: 82
  Parameters: 30 (30 scalars)
  Unknowns: 52 (52 scalars)
  Differentiated variables: 12 scalars
  Equations: 44
  Nontrivial: 36
Translated Model
  Constants: 20 scalars
  Free parameters: 4 scalars
  Parameter depending: 14 scalars
  Continuous time states: 8 scalars
  Time-varying variables: 12 scalars
  Alias variables: 32 scalars
  Number of mixed real/discrete systems of equations: 0
  Sizes of linear systems of equations: { }
  Sizes after manipulation of the linear systems: { }
  Sizes of nonlinear systems of equations: { }
  Sizes after manipulation of the nonlinear systems: { }
  Number of numerical Jacobians: 0

Settings
Advanced.StoreProtectedVariables = true
Selected continuous time states
Statically selected continuous time states
<a href="Modelica://Modelica.Mechanics.Rotational.Examples.CompareBrakingTorque#text$inertia1:phi">inertia1.phi</a>
<a href="Modelica://Modelica.Mechanics.Rotational.Examples.CompareBrakingTorque#text$inertia1:w">inertia1.w</a>
<a href="Modelica://Modelica.Mechanics.Rotational.Examples.CompareBrakingTorque#text$inertia2:phi">inertia2.phi</a>
<a href="Modelica://Modelica.Mechanics.Rotational.Examples.CompareBrakingTorque#text$inertia2:w">inertia2.w</a>
<a href="Modelica://Modelica.Mechanics.Rotational.Examples.CompareBrakingTorque#text$inertia3:phi">inertia3.phi</a>
<a href="Modelica://Modelica.Mechanics.Rotational.Examples.CompareBrakingTorque#text$inertia3:w">inertia3.w</a>
<a href="Modelica://Modelica.Mechanics.Rotational.Examples.CompareBrakingTorque#text$inertia4:phi">inertia4.phi</a>
<a href="Modelica://Modelica.Mechanics.Rotational.Examples.CompareBrakingTorque#text$inertia4:w">inertia4.w</a>
Finished
