 = true
Translation of Modelica.Electrical.PowerConverters.Examples.ACDC.RectifierBridge2Pulse.ThyristorBridge2Pulse_RL:
The DAE has 169 scalar unknowns and 169 scalar equations.
 
Statistics
 
Original Model
  Number of components: 40
  Variables: 277
  Constants: 8 (8 scalars)
  Parameters: 101 (101 scalars)
  Unknowns: 168 (169 scalars)
  Differentiated variables: 4 scalars
  Equations: 172
  Nontrivial: 149
Translated Model
  Constants: 49 scalars
  Free parameters: 30 scalars
  Parameter depending: 47 scalars
  Continuous time states: 4 scalars
  Time-varying variables: 51 scalars
  Alias variables: 101 scalars
  Number of mixed real/discrete systems of equations: 2
  Sizes of linear systems of equations: {6, 6}
  Sizes after manipulation of the linear systems: {2, 2}
  Sizes of nonlinear systems of equations: { }
  Sizes after manipulation of the nonlinear systems: { }
  Number of numerical Jacobians: 0
 
Settings
Advanced.StoreProtectedVariables = true
Selected continuous time states
Statically selected continuous time states
  inductor.i
  meanCurrent.x
  meanVoltage.x
  rootMeanSquareVoltage.mean.x
 