Log-file of program ./dymosim
(generated: Tue May  5 02:28:44 2020)

dymosim started
... "dsin.txt" loading (dymosim input file)
... "RealFFT1.mat" creating (simulation result file)

Integration started at T = 0 using integration method DASSL
(DAE multi-step solver (dassl/dasslrt of Petzold modified by Dassault Systemes))
... FFT result computed at time = 4.975 s stored on file: C:/Users/tbeu/Documents/Dymola/RealFFT1_resultFFT.mat
Integration terminated successfully at T = 6
   CPU-time for integration                : 0.102 seconds
   CPU-time for one grid interval          : 0.0204 milliseconds
   CPU-time for initialization             : 0.001 seconds
   Number of result points                 : 5441
   Number of grid points                   : 5001
   Number of accepted steps                : 3760
   Number of f-evaluations (dynamics)      : 3760
   Number of Jacobian-evaluations          : 3480
   Number of model time events             : 240
   Number of input time events             : 0
   Number of state events                  : 0
   Number of step events                   : 0
   Minimum integration stepsize            : 2e-07
   Maximum integration stepsize            : 0.0119
   Maximum integration order               : 1
Calling terminal section
... "dsfinal.txt" creating (final states)
