Log-file of program ./dymosim
(generated: Tue May  5 02:06:22 2020)

dymosim started
... "dsin.txt" loading (dymosim input file)
... "OneAxis.mat" creating (simulation result file)

Integration started at T = 0 using integration method DASSL
(DAE multi-step solver (dassl/dasslrt of Petzold modified by Dassault Systemes))
Simulation successfully terminated
... End condition reached
Integration terminated successfully at T = 1.498131701
   CPU-time for integration                : 0.09 seconds
   CPU-time for one grid interval          : 0.0192 milliseconds
   CPU-time for initialization             : 0.001 seconds
   Number of result points                 : 4704
   Number of grid points                   : 4683
   Number of accepted steps                : 3720
   Number of f-evaluations (dynamics)      : 7400
   Number of crossing function evaluations : 8457
   Number of Jacobian-evaluations          : 160
   Number of model time events             : 4
   Number of input time events             : 0
   Number of state events                  : 7
   Number of step events                   : 0
   Minimum integration stepsize            : 6.39e-10
   Maximum integration stepsize            : 0.00167
   Maximum integration order               : 5
Calling terminal section
... "dsfinal.txt" creating (final states)
