 = true
Translation of Modelica.StateGraph.Examples.FirstExample:
The DAE has 55 scalar unknowns and 55 scalar equations.
 
Statistics
 
Original Model
  Number of components: 8
  Variables: 63
  Parameters: 8 (8 scalars)
  Unknowns: 55 (55 scalars)
  Equations: 52
  Nontrivial: 35
Translated Model
  Constants: 21 scalars
  Free parameters: 2 scalars
  Time-varying variables: 20 scalars
  Alias variables: 20 scalars
  Number of mixed real/discrete systems of equations: 0
  Sizes of linear systems of equations: { }
  Sizes after manipulation of the linear systems: { }
  Sizes of nonlinear systems of equations: { }
  Sizes after manipulation of the nonlinear systems: { }
  Number of numerical Jacobians: 0
 
Settings
Advanced.StoreProtectedVariables = true
Selected continuous time states