 = true
Translation of Modelica.Utilities.Examples.WriteRealMatrixToFile:
The DAE has 4 scalar unknowns and 4 scalar equations.
 
Statistics
 
Original Model
  Number of components: 1
  Variables: 5
  Parameters: 1 (6 scalars)
  Unknowns: 4 (4 scalars)
  Equations: 1
  Nontrivial: 1
Translated Model
  Free parameters: 6 scalars
  Outputs: 4 scalars
  Time-varying variables: 4 scalars
  Number of mixed real/discrete systems of equations: 0
  Sizes of linear systems of equations: { }
  Sizes after manipulation of the linear systems: { }
  Sizes of nonlinear systems of equations: { }
  Sizes after manipulation of the nonlinear systems: { }
  Number of numerical Jacobians: 0
 
Settings
Advanced.StoreProtectedVariables = true
Selected continuous time states