Log-file of program ./dymosim
(generated: Tue May  5 00:51:16 2020)

dymosim started
... "dsin.txt" loading (dymosim input file)
... "RAM.mat" creating (simulation result file)

Integration started at T = 0 using integration method DASSL
(DAE multi-step solver (dassl/dasslrt of Petzold modified by Dassault Systemes))
Integration terminated successfully at T = 400
   CPU-time for integration                : 0.082 seconds
   CPU-time for one grid interval          : 0.0164 milliseconds
   CPU-time for initialization             : 0 seconds
   Number of result points                 : 5121
   Number of grid points                   : 5001
   Number of accepted steps                : 1320
   Number of f-evaluations (dynamics)      : 1320
   Number of crossing function evaluations : 6360
   Number of Jacobian-evaluations          : 1240
   Number of model time events             : 80
   Number of input time events             : 0
   Number of state events                  : 0
   Number of step events                   : 0
   Minimum integration stepsize            : 4e-05
   Maximum integration stepsize            : 2.38
   Maximum integration order               : 1
Calling terminal section
... "dsfinal.txt" creating (final states)
