 = true
Translation of Modelica.Electrical.Digital.Examples.RAM:
The DAE has 43 scalar unknowns and 43 scalar equations.
 
Statistics
 
Original Model
  Number of components: 10
  Variables: 58
  Constants: 4 (261 scalars)
  Parameters: 24 (196 scalars)
  Unknowns: 30 (43 scalars)
  Equations: 16
  Nontrivial: 16
Translated Model
  Constants: 266 scalars
  Free parameters: 187 scalars
  Parameter depending: 12 scalars
  Time-varying variables: 33 scalars
  Alias variables: 2 scalars
  Number of mixed real/discrete systems of equations: 0
  Sizes of linear systems of equations: { }
  Sizes after manipulation of the linear systems: { }
  Sizes of nonlinear systems of equations: { }
  Sizes after manipulation of the nonlinear systems: { }
  Number of numerical Jacobians: 0
 
Settings
Advanced.StoreProtectedVariables = true
Selected continuous time states