Log-file of program ./dymosim
(generated: Tue May  5 02:08:16 2020)

dymosim started
... "dsin.txt" loading (dymosim input file)
... "HeatLosses.mat" creating (simulation result file)

Integration started at T = 0 using integration method DASSL
(DAE multi-step solver (dassl/dasslrt of Petzold modified by Dassault Systemes))
Integration terminated successfully at T = 1
   CPU-time for integration                : 0.565 seconds
   CPU-time for one grid interval          : 0.0283 milliseconds
   CPU-time for initialization             : 0.001 seconds
   Number of result points                 : 20250
   Number of grid points                   : 20001
   Number of accepted steps                : 4132
   Number of f-evaluations (dynamics)      : 7219
   Number of crossing function evaluations : 25053
   Number of Jacobian-evaluations          : 1655
   Number of model time events             : 0
   Number of input time events             : 0
   Number of state events                  : 126
   Number of step events                   : 0
   Minimum integration stepsize            : 6.29e-10
   Maximum integration stepsize            : 0.00191
   Maximum integration order               : 5
Calling terminal section
... "dsfinal.txt" creating (final states)
