Log-file of program ./dymosim
(generated: Tue May  5 02:27:06 2020)

dymosim started
... "dsin.txt" loading (dymosim input file)
... "Motor.mat" creating (simulation result file)

Integration started at T = 0 using integration method DASSL
(DAE multi-step solver (dassl/dasslrt of Petzold modified by Dassault Systemes))
Integration terminated successfully at T = 7200
   CPU-time for integration                : 19.1 seconds
   CPU-time for one grid interval          : 0.0133 milliseconds
   CPU-time for initialization             : 0 seconds
   Number of result points                 : 1440025
   Number of grid points                   : 1440001
   Number of accepted steps                : 882
   Number of f-evaluations (dynamics)      : 1329
   Number of crossing function evaluations : 1440882
   Number of Jacobian-evaluations          : 517
   Number of model time events             : 24
   Number of input time events             : 0
   Number of state events                  : 0
   Number of step events                   : 0
   Minimum integration stepsize            : 5e-06
   Maximum integration stepsize            : 41.9
   Maximum integration order               : 5
Calling terminal section
... "dsfinal.txt" creating (final states)
