 = true
Translation of Modelica.Thermal.HeatTransfer.Examples.Motor:
The DAE has 41 scalar unknowns and 41 scalar equations.
 
Statistics
 
Original Model
  Number of components: 13
  Variables: 71
  Parameters: 31 (41 scalars)
  Unknowns: 40 (41 scalars)
  Differentiated variables: 2 scalars
  Equations: 38
  Nontrivial: 30
Translated Model
  Constants: 12 scalars
  Free parameters: 22 scalars
  Parameter depending: 9 scalars
  Continuous time states: 2 scalars
  Time-varying variables: 17 scalars
  Alias variables: 22 scalars
  Number of mixed real/discrete systems of equations: 0
  Sizes of linear systems of equations: { }
  Sizes after manipulation of the linear systems: { }
  Sizes of nonlinear systems of equations: { }
  Sizes after manipulation of the nonlinear systems: { }
  Number of numerical Jacobians: 0
 
Settings
Advanced.StoreProtectedVariables = true
Selected continuous time states
Statically selected continuous time states
  core.T
  winding.T
 