Log-file of program ./dymosim
(generated: Tue May  5 00:51:40 2020)

dymosim started
... "dsin.txt" loading (dymosim input file)
... "SuperCapDischargeCharge.mat" creating (simulation result file)

Integration started at T = 0 using integration method DASSL
(DAE multi-step solver (dassl/dasslrt of Petzold modified by Dassault Systemes))
Integration terminated successfully at T = 720
   CPU-time for integration                : 1.83 seconds
   CPU-time for one grid interval          : 0.0127 milliseconds
   CPU-time for initialization             : 0 seconds
   Number of result points                 : 144022
   Number of grid points                   : 144001
   Number of accepted steps                : 493
   Number of f-evaluations (dynamics)      : 534
   Number of Jacobian-evaluations          : 464
   Number of model time events             : 20
   Number of input time events             : 0
   Number of state events                  : 0
   Number of step events                   : 0
   Minimum integration stepsize            : 4.97e-12
   Maximum integration stepsize            : 174
   Maximum integration order               : 2
Calling terminal section
... "dsfinal.txt" creating (final states)
