 = true
Translation of Modelica.Electrical.Batteries.Examples.SuperCapDischargeCharge:
The DAE has 77 scalar unknowns and 77 scalar equations.
 
Statistics
 
Original Model
  Number of components: 15
  Variables: 118
  Parameters: 41 (49 scalars)
  Unknowns: 77 (77 scalars)
  Differentiated variables: 2 scalars
  Equations: 69
  Nontrivial: 56
Translated Model
  Constants: 23 scalars
  Free parameters: 17 scalars
  Parameter depending: 25 scalars
  Continuous time states: 2 scalars
  Time-varying variables: 16 scalars
  Alias variables: 45 scalars
  Number of mixed real/discrete systems of equations: 0
  Sizes of linear systems of equations: { }
  Sizes after manipulation of the linear systems: { }
  Sizes of nonlinear systems of equations: { }
  Sizes after manipulation of the nonlinear systems: { }
  Number of numerical Jacobians: 0
 
Settings
Advanced.StoreProtectedVariables = true
Selected continuous time states
Statically selected continuous time states
  energy.y
  superCap.capacitor.v
 