Translation of <a href="Modelica://Modelica.Electrical.PowerConverters.Examples.DCDC.HBridge.HBridge_RL">Modelica.Electrical.PowerConverters.Examples.DCDC.HBridge.HBridge_RL</a>
The DAE has 228 scalar unknowns and 228 scalar equations.

Statistics

Original Model
  Number of components: 44
  Variables: 370
  Constants: 16 (16 scalars)
  Parameters: 126 (126 scalars)
  Unknowns: 228 (228 scalars)
  Differentiated variables: 3 scalars
  Equations: 240
  Nontrivial: 209
Translated Model
  Constants: 70 scalars
  Free parameters: 31 scalars
  Parameter depending: 57 scalars
  Continuous time states: 3 scalars
  Time-varying variables: 81 scalars
  Alias variables: 131 scalars
  Number of mixed real/discrete systems of equations: 2
  Sizes of linear systems of equations: {11, 11}
  Sizes after manipulation of the linear systems: {4, 4}
  Sizes of nonlinear systems of equations: { }
  Sizes after manipulation of the nonlinear systems: { }
  Number of numerical Jacobians: 0

Settings
Advanced.StoreProtectedVariables = true
Selected continuous time states
Statically selected continuous time states
<a href="Modelica://Modelica.Electrical.PowerConverters.Examples.DCDC.HBridge.HBridge_RL#text$inductor:i">inductor.i</a>
<a href="Modelica://Modelica.Electrical.PowerConverters.Examples.DCDC.HBridge.HBridge_RL#text$meanCurrent:x">meanCurrent.x</a>
<a href="Modelica://Modelica.Electrical.PowerConverters.Examples.DCDC.HBridge.HBridge_RL#text$meanVoltage:x">meanVoltage.x</a>
Finished
