Log-file of program ./dymosim
(generated: Tue May  5 01:45:01 2020)

dymosim started
... "dsin.txt" loading (dymosim input file)
... "SMEE_Rectifier.mat" creating (simulation result file)

Integration started at T = 0 using integration method DASSL
(DAE multi-step solver (dassl/dasslrt of Petzold modified by Dassault Systemes))
Integration terminated successfully at T = 1.1
   CPU-time for integration                : 1.76 seconds
   CPU-time for one grid interval          : 0.08 milliseconds
   CPU-time for initialization             : 0 seconds
   Number of result points                 : 23386
   Number of grid points                   : 22001
   Number of accepted steps                : 56535
   Number of f-evaluations (dynamics)      : 111129
   Number of crossing function evaluations : 83905
   Number of Jacobian-evaluations          : 10779
   Number of model time events             : 0
   Number of input time events             : 0
   Number of state events                  : 692
   Number of step events                   : 0
   Minimum integration stepsize            : 1.36e-11
   Maximum integration stepsize            : 9.95e-05
   Maximum integration order               : 5
Calling terminal section
... "dsfinal.txt" creating (final states)
