 = true
Translation of Modelica.Media.Examples.SolveOneNonlinearEquation.Inverse_sine:
The DAE has 1 scalar unknowns and 1 scalar equations.
 
Statistics
 
Original Model
  Number of components: 1
  Variables: 6
  Parameters: 5 (5 scalars)
  Unknowns: 1 (1 scalars)
  Equations: 2
  Nontrivial: 2
Translated Model
  Free parameters: 5 scalars
  Parameter depending: 1 scalars
  Number of mixed real/discrete systems of equations: 0
  Sizes of linear systems of equations: { }
  Sizes after manipulation of the linear systems: { }
  Sizes of nonlinear systems of equations: { }
  Sizes after manipulation of the nonlinear systems: { }
  Number of numerical Jacobians: 0
 
Settings
Advanced.StoreProtectedVariables = true
Selected continuous time states