Translation of <a href="Modelica://Modelica.Magnetic.FundamentalWave.Examples.BasicMachines.SynchronousMachines.SMPM_Braking">Modelica.Magnetic.FundamentalWave.Examples.BasicMachines.SynchronousMachines.SMPM_Braking</a>
The DAE has 818 scalar unknowns and 818 scalar equations.

Statistics

Original Model
  Number of components: 165
  Variables: 1129
  Constants: 20 (20 scalars)
  Parameters: 345 (397 scalars)
  Unknowns: 764 (818 scalars)
  Differentiated variables: 17 scalars
  Equations: 464
  Nontrivial: 384
Translated Model
  Constants: 360 scalars
  Free parameters: 41 scalars
  Parameter depending: 175 scalars
  Continuous time states: 5 scalars
  Time-varying variables: 166 scalars
  Alias variables: 493 scalars
  Number of mixed real/discrete systems of equations: 1
  Sizes of linear systems of equations: {10, 8, 20, 4, 2}
  Sizes after manipulation of the linear systems: {2, 0, 6, 2, 0}
  Sizes of nonlinear systems of equations: { }
  Sizes after manipulation of the nonlinear systems: { }
  Number of numerical Jacobians: 0
  Initialization problem
    Sizes of linear systems of equations: {2}
    Sizes after manipulation of the linear systems: {2}

Settings
Advanced.StoreProtectedVariables = true
Selected continuous time states
Statically selected continuous time states
<a href="Modelica://Modelica.Magnetic.FundamentalWave.Examples.BasicMachines.SynchronousMachines.SMPM_Braking#text$inertiaLoad:phi">inertiaLoad.phi</a>
<a href="Modelica://Modelica.Magnetic.FundamentalWave.Examples.BasicMachines.SynchronousMachines.SMPM_Braking#text$inertiaLoad:w">inertiaLoad.w</a>
<a href="Modelica://Modelica.Magnetic.FundamentalWave.Examples.BasicMachines.SynchronousMachines.SMPM_Braking#text$smpm.stator.electroMagneticConverter.singlePhaseElectroMagneticConverter.Phi:re">smpm.stator.electroMagneticConverter.singlePhaseElectroMagneticConverter[1].Phi.re</a>
<a href="Modelica://Modelica.Magnetic.FundamentalWave.Examples.BasicMachines.SynchronousMachines.SMPM_Braking#text$smpm.stator.electroMagneticConverter.singlePhaseElectroMagneticConverter.Phi:im">smpm.stator.electroMagneticConverter.singlePhaseElectroMagneticConverter[2].Phi.im</a>
<a href="Modelica://Modelica.Magnetic.FundamentalWave.Examples.BasicMachines.SynchronousMachines.SMPM_Braking#text$smpm.stator.zeroInductor:i0">smpm.stator.zeroInductor.i0</a>
Finished
