Log-file of program ./dymosim
(generated: Tue May  5 00:36:08 2020)

dymosim started
... "dsin.txt" loading (dymosim input file)
... "AssignClockToSquareWaveHold.mat" creating (simulation result file)

Integration started at T = 0 using integration method DASSL
(DAE multi-step solver (dassl/dasslrt of Petzold modified by Dassault Systemes))
Integration terminated successfully at T = 0.09
   CPU-time for integration                : 0.062 seconds
   CPU-time for one grid interval          : 0.0124 milliseconds
   CPU-time for initialization             : 0.001 seconds
   Number of result points                 : 5010
   Number of grid points                   : 5001
   Number of accepted steps                : 104
   Number of f-evaluations (dynamics)      : 104
   Number of Jacobian-evaluations          : 97
   Number of model time events             : 4
   Number of input time events             : 0
   Number of state events                  : 0
   Number of step events                   : 0
   Minimum integration stepsize            : 1e-08
   Maximum integration stepsize            : 0.00944
   Maximum integration order               : 1
Calling terminal section
... "dsfinal.txt" creating (final states)
