 = true
Translation of Modelica.Clocked.Examples.Elementary.RealSignals.AssignClockToSquareWaveHold:
The DAE has 10 scalar unknowns and 10 scalar equations.
 
Statistics
 
Original Model
  Number of components: 6
  Variables: 22
  Constants: 1 (8 scalars)
  Parameters: 11 (11 scalars)
  Unknowns: 7 (7 scalars)
  Equations: 9
  Nontrivial: 9
Translated Model
  Constants: 13 scalars
  Free parameters: 6 scalars
  Time-varying variables: 6 scalars
  Alias variables: 1 scalars
  Number of mixed real/discrete systems of equations: 0
  Sizes of linear systems of equations: { }
  Sizes after manipulation of the linear systems: { }
  Sizes of nonlinear systems of equations: { }
  Sizes after manipulation of the nonlinear systems: { }
  Number of numerical Jacobians: 0
 
Settings
Advanced.StoreProtectedVariables = true
Selected continuous time states