 = true
Translation of Modelica.Mechanics.Translational.Examples.GenerationOfFMUs:
The DAE has 201 scalar unknowns and 201 scalar equations.
 
Statistics
 
Original Model
  Number of components: 27
  Variables: 340
  Parameters: 139 (139 scalars)
  Unknowns: 201 (201 scalars)
  Differentiated variables: 17 scalars
  Equations: 201
  Nontrivial: 174
Translated Model
  Constants: 148 scalars
  Free parameters: 22 scalars
  Parameter depending: 7 scalars
  Continuous time states: 10 scalars
  Time-varying variables: 31 scalars
  Alias variables: 132 scalars
  Number of mixed real/discrete systems of equations: 0
  Sizes of linear systems of equations: {2}
  Sizes after manipulation of the linear systems: {0}
  Sizes of nonlinear systems of equations: { }
  Sizes after manipulation of the nonlinear systems: { }
  Number of numerical Jacobians: 0
 
Settings
Advanced.StoreProtectedVariables = true
Selected continuous time states
Statically selected continuous time states
  directMass.mass.s
  directMass.mass.v
  mass2a.s
  mass2a.v
  mass2b.s
  mass2b.v
  mass3a.s
  mass3a.v
  mass3b.s
  mass3b.v
 