 = true
Translation of Modelica.Magnetic.QuasiStatic.FundamentalWave.Examples.BasicMachines.InductionMachines.IMC_Characteristics:
The DAE has 2620 scalar unknowns and 2620 scalar equations.
 
Statistics
 
Original Model
  Number of components: 1302
  Variables: 2969
  Constants: 11 (11 scalars)
  Parameters: 470 (494 scalars)
  Unknowns: 2488 (2620 scalars)
  Differentiated variables: 29 scalars
  Equations: 860
  Nontrivial: 722
Translated Model
  Constants: 1035 scalars
  Free parameters: 66 scalars
  Parameter depending: 175 scalars
  Outputs: 1 scalars
  Continuous time states: 2 scalars
  Time-varying variables: 434 scalars
  Alias variables: 1415 scalars
  Number of mixed real/discrete systems of equations: 0
  Sizes of linear systems of equations: {57}
  Sizes after manipulation of the linear systems: {16}
  Sizes of nonlinear systems of equations: { }
  Sizes after manipulation of the nonlinear systems: { }
  Number of numerical Jacobians: 0
 
Settings
Advanced.StoreProtectedVariables = true
Selected continuous time states
Statically selected continuous time states
  imcQS.rotorCage.port_p.reference.gamma
  speed.phi
 