 = true
Translation of Modelica.Blocks.Examples.CompareSincExpSine:
The DAE has 4 scalar unknowns and 4 scalar equations.
 
Statistics
 
Original Model
  Number of components: 4
  Variables: 20
  Parameters: 16 (16 scalars)
  Unknowns: 4 (4 scalars)
  Equations: 4
  Nontrivial: 4
Translated Model
  Free parameters: 16 scalars
  Time-varying variables: 4 scalars
  Number of mixed real/discrete systems of equations: 0
  Sizes of linear systems of equations: { }
  Sizes after manipulation of the linear systems: { }
  Sizes of nonlinear systems of equations: { }
  Sizes after manipulation of the nonlinear systems: { }
  Number of numerical Jacobians: 0
 
Settings
Advanced.StoreProtectedVariables = true
Selected continuous time states