Log-file of program ./dymosim
(generated: Tue May  5 01:33:58 2020)

dymosim started
... "dsin.txt" loading (dymosim input file)
... "ForceStrokeBehaviour.mat" creating (simulation result file)

Integration started at T = -4 using integration method DASSL
(DAE multi-step solver (dassl/dasslrt of Petzold modified by Dassault Systemes))
Integration terminated successfully at T = 4
   CPU-time for integration                : 0.072 seconds
   CPU-time for one grid interval          : 0.0144 milliseconds
   CPU-time for initialization             : 0 seconds
   Number of result points                 : 5002
   Number of grid points                   : 5001
   Number of accepted steps                : 23
   Number of f-evaluations (dynamics)      : 23
   Number of crossing function evaluations : 5023
   Number of Jacobian-evaluations          : 22
   Number of model time events             : 1
   Number of input time events             : 0
   Number of state events                  : 0
   Number of step events                   : 0
   Minimum integration stepsize            : 1.6e-06
   Maximum integration stepsize            : 3.36
   Maximum integration order               : 1
Calling terminal section
... "dsfinal.txt" creating (final states)
