Log-file of program ./dymosim
(generated: Tue Sep 17 23:24:42 2024)

dymosim started
... "Modelica.Electrical.Machines.Examples.ControlledDCDrives.SpeedControlledDCPM" simulating
... "dsin.txt" loading (dymosim input file)
... "result.mat" creating (simulation result file)

Integration started at T = 0 using integration method DASSL
(DAE multi-step solver (dassl/dasslrt of Petzold modified by Dassault Systemes))

Integration terminated successfully at T = 1
   CPU-time for integration                : 0.045 seconds
   CPU-time for one grid interval          : 0.00225 milliseconds
   CPU-time for initialization             : 0 seconds
   Number of result points                 : 20018
   Number of grid points                   : 20001
   Number of accepted steps                : 968
   Number of f-evaluations (dynamics)      : 1873
   Number of crossing function evaluations : 21009
   Number of Jacobian-evaluations          : 167
   Number of model time events             : 2
   Number of input time events             : 0
   Number of state events                  : 7
   Number of step events                   : 0
   Minimum integration stepsize            : 8.12e-11
   Maximum integration stepsize            : 0.0951
   Maximum integration order               : 5
Calling terminal section
... "dsfinal.txt" creating (final states)

SUCCESSFUL simulation of Modelica.Electrical.Machines.Examples.ControlledDCDrives.SpeedControlledDCPM
