Log-file of program ./dymosim
(generated: Tue May  5 02:23:48 2020)

dymosim started
... "dsin.txt" loading (dymosim input file)
... "R134a1.mat" creating (simulation result file)

Integration started at T = 0 using integration method DASSL
(DAE multi-step solver (dassl/dasslrt of Petzold modified by Dassault Systemes))
Integration terminated successfully at T = 1.01
   CPU-time for integration                : 2.97 seconds
   CPU-time for one grid interval          : 0.593 milliseconds
   CPU-time for initialization             : 0.002 seconds
   Number of result points                 : 5002
   Number of grid points                   : 5001
   Number of accepted steps                : 70
   Number of f-evaluations (dynamics)      : 129
   Number of crossing function evaluations : 5070
   Number of Jacobian-evaluations          : 23
   Number of model time events             : 0
   Number of input time events             : 0
   Number of state events                  : 0
   Number of step events                   : 0
   Minimum integration stepsize            : 1.47e-08
   Maximum integration stepsize            : 0.36
   Maximum integration order               : 5
Calling terminal section
... "dsfinal.txt" creating (final states)
