Translation of <a href="Modelica://Modelica.Magnetic.FundamentalWave.Examples.BasicMachines.SynchronousMachines.SMEE_LoadDump">Modelica.Magnetic.FundamentalWave.Examples.BasicMachines.SynchronousMachines.SMEE_LoadDump</a>
The DAE has 1079 scalar unknowns and 1079 scalar equations.

Statistics

Original Model
  Number of components: 236
  Variables: 1486
  Constants: 9 (9 scalars)
  Parameters: 460 (524 scalars)
  Unknowns: 1017 (1079 scalars)
  Differentiated variables: 24 scalars
  Equations: 640
  Nontrivial: 536
Translated Model
  Constants: 439 scalars
  Free parameters: 82 scalars
  Parameter depending: 203 scalars
  Outputs: 1 scalars
  Continuous time states: 8 scalars
  Time-varying variables: 232 scalars
  Alias variables: 656 scalars
  Number of mixed real/discrete systems of equations: 3
  Sizes of linear systems of equations: {32}
  Sizes after manipulation of the linear systems: {5}
  Sizes of nonlinear systems of equations: {50}
  Sizes after manipulation of the nonlinear systems: {4}
  Number of numerical Jacobians: 0
  Initialization problem
    Number of mixed real/discrete systems of equations: 3
    Sizes of linear systems of equations: {2, 9, 16, 24}
    Sizes after manipulation of the linear systems: {2, 2, 4, 5}

Settings
Advanced.StoreProtectedVariables = true
Selected continuous time states
Statically selected continuous time states
<a href="Modelica://Modelica.Magnetic.FundamentalWave.Examples.BasicMachines.SynchronousMachines.SMEE_LoadDump#text$smee.rotorCage.electroMagneticConverter.singlePhaseElectroMagneticConverter.Phi:re">smee.rotorCage.electroMagneticConverter.singlePhaseElectroMagneticConverter[1].Phi.re</a>
<a href="Modelica://Modelica.Magnetic.FundamentalWave.Examples.BasicMachines.SynchronousMachines.SMEE_LoadDump#text$speed:phi">speed.phi</a>
<a href="Modelica://Modelica.Magnetic.FundamentalWave.Examples.BasicMachines.SynchronousMachines.SMEE_LoadDump#text$speed:w">speed.w</a>
<a href="Modelica://Modelica.Magnetic.FundamentalWave.Examples.BasicMachines.SynchronousMachines.SMEE_LoadDump#diagram$voltageController:I.y">voltageController.I.y</a>
Dynamically selected continuous time states
There is one set of dynamic state selection.
There are 4 states to be selected from:
<a href="Modelica://Modelica.Magnetic.FundamentalWave.Examples.BasicMachines.SynchronousMachines.SMEE_LoadDump#text$loadInductor.inductor:i">loadInductor.inductor[2].i</a>
<a href="Modelica://Modelica.Magnetic.FundamentalWave.Examples.BasicMachines.SynchronousMachines.SMEE_LoadDump#text$loadInductor.inductor:i">loadInductor.inductor[3].i</a>
<a href="Modelica://Modelica.Magnetic.FundamentalWave.Examples.BasicMachines.SynchronousMachines.SMEE_LoadDump#text$smee.rotorCage.electroMagneticConverter.singlePhaseElectroMagneticConverter.Phi:im">smee.rotorCage.electroMagneticConverter.singlePhaseElectroMagneticConverter[2].Phi.im</a>
<a href="Modelica://Modelica.Magnetic.FundamentalWave.Examples.BasicMachines.SynchronousMachines.SMEE_LoadDump#text$smee.stator.electroMagneticConverter.singlePhaseElectroMagneticConverter.Phi:re">smee.stator.electroMagneticConverter.singlePhaseElectroMagneticConverter[1].Phi.re</a>
<a href="Modelica://Modelica.Magnetic.FundamentalWave.Examples.BasicMachines.SynchronousMachines.SMEE_LoadDump#text$smee.stator.electroMagneticConverter.singlePhaseElectroMagneticConverter.Phi:im">smee.stator.electroMagneticConverter.singlePhaseElectroMagneticConverter[2].Phi.im</a>
Finished
