Log-file of program ./dymosim
(generated: Tue May  5 02:10:45 2020)

dymosim started
... "dsin.txt" loading (dymosim input file)
... "HeatLosses.mat" creating (simulation result file)

Integration started at T = 0 using integration method DASSL
(DAE multi-step solver (dassl/dasslrt of Petzold modified by Dassault Systemes))
Integration terminated successfully at T = 2
   CPU-time for integration                : 0.077 seconds
   CPU-time for one grid interval          : 0.0192 milliseconds
   CPU-time for initialization             : 0.001 seconds
   Number of result points                 : 4083
   Number of grid points                   : 4001
   Number of accepted steps                : 1308
   Number of f-evaluations (dynamics)      : 2303
   Number of crossing function evaluations : 5650
   Number of Jacobian-evaluations          : 572
   Number of model time events             : 0
   Number of input time events             : 0
   Number of state events                  : 41
   Number of step events                   : 0
   Minimum integration stepsize            : 3.04e-09
   Maximum integration stepsize            : 0.0141
   Maximum integration order               : 5
Calling terminal section
... "dsfinal.txt" creating (final states)
