 = true
Translation of Modelica.Electrical.PowerConverters.Examples.ACDC.RectifierCenterTap2Pulse.ThyristorCenterTap2Pulse_R:
The DAE has 146 scalar unknowns and 146 scalar equations.
 
Statistics
 
Original Model
  Number of components: 39
  Variables: 246
  Constants: 4 (4 scalars)
  Parameters: 97 (97 scalars)
  Unknowns: 145 (146 scalars)
  Differentiated variables: 3 scalars
  Equations: 149
  Nontrivial: 126
Translated Model
  Constants: 41 scalars
  Free parameters: 29 scalars
  Parameter depending: 48 scalars
  Continuous time states: 3 scalars
  Time-varying variables: 38 scalars
  Alias variables: 91 scalars
  Number of mixed real/discrete systems of equations: 1
  Sizes of linear systems of equations: {8}
  Sizes after manipulation of the linear systems: {2}
  Sizes of nonlinear systems of equations: { }
  Sizes after manipulation of the nonlinear systems: { }
  Number of numerical Jacobians: 0
 
Settings
Advanced.StoreProtectedVariables = true
Selected continuous time states
Statically selected continuous time states
  meanCurrent.x
  meanVoltage.x
  rootMeanSquareVoltage.mean.x
 