Log-file of program ./dymosim
(generated: Mon Oct 28 23:53:54 2024)

dymosim started
... "Modelica.Electrical.Analog.Examples.Lines.SmoothStep" simulating
... "dsin.txt" loading (dymosim input file)
... "result.mat" creating (simulation result file)

Integration started at T = 0 using integration method DASSL
(DAE multi-step solver (dassl/dasslrt of Petzold modified by Dassault Systemes))

Integration terminated successfully at T = 0.003
   CPU-time for integration                : 0.104 seconds
   CPU-time for one grid interval          : 0.0347 milliseconds
   CPU-time for initialization             : 0.001 seconds
   Number of result points                 : 3003
   Number of grid points                   : 3001
   Number of accepted steps                : 3943
   Number of f-evaluations (dynamics)      : 7859
   Number of Jacobian-evaluations          : 42
   Number of model time events             : 1
   Number of input time events             : 0
   Number of state events                  : 0
   Number of step events                   : 0
   Minimum integration stepsize            : 5.39e-15
   Maximum integration stepsize            : 6.89e-05
   Maximum integration order               : 5
Calling terminal section
... "dsfinal.txt" creating (final states)

SUCCESSFUL simulation of Modelica.Electrical.Analog.Examples.Lines.SmoothStep
