 = true
Translation of Modelica.Clocked.Examples.CascadeControlledDrive.Continuous:
The DAE has 56 scalar unknowns and 56 scalar equations.
 
Statistics
 
Original Model
  Number of components: 10
  Variables: 77
  Constants: 1 (1 scalars)
  Parameters: 20 (20 scalars)
  Unknowns: 56 (56 scalars)
  Differentiated variables: 6 scalars
  Equations: 38
  Nontrivial: 32
Translated Model
  Constants: 10 scalars
  Free parameters: 10 scalars
  Parameter depending: 24 scalars
  Continuous time states: 3 scalars
  Time-varying variables: 14 scalars
  Alias variables: 19 scalars
  Number of mixed real/discrete systems of equations: 0
  Sizes of linear systems of equations: { }
  Sizes after manipulation of the linear systems: { }
  Sizes of nonlinear systems of equations: { }
  Sizes after manipulation of the nonlinear systems: { }
  Number of numerical Jacobians: 0
 
Settings
Advanced.StoreProtectedVariables = true
Selected continuous time states
Statically selected continuous time states
  load.phi
  load.w
  PI.x
 