 = true
Translation of Modelica.Mechanics.MultiBody.Examples.Elementary.DoublePendulumInitTip:
The DAE has 2014 scalar unknowns and 2014 scalar equations.
 
Statistics
 
Original Model
  Number of components: 100
  Variables: 993
  Constants: 1 (1 scalars)
  Parameters: 269 (452 scalars)
  Unknowns: 723 (2014 scalars)
  Differentiated variables: 40 scalars
  Equations: 667
  Nontrivial: 445
Translated Model
  Constants: 1700 scalars
  Free parameters: 60 scalars
  Parameter depending: 225 scalars
  Continuous time states: 4 scalars
  Time-varying variables: 70 scalars
  Alias variables: 412 scalars
  Number of mixed real/discrete systems of equations: 0
  Sizes of linear systems of equations: {11}
  Sizes after manipulation of the linear systems: {2}
  Sizes of nonlinear systems of equations: { }
  Sizes after manipulation of the nonlinear systems: { }
  Number of numerical Jacobians: 0
  Initialization problem
    Sizes of linear systems of equations: {4}
    Sizes after manipulation of the linear systems: {2}
    Sizes of nonlinear systems of equations: {12}
    Sizes after manipulation of the nonlinear systems: {2}
    Number of numerical Jacobians: 0
 
Settings
Advanced.StoreProtectedVariables = true
Selected continuous time states
Statically selected continuous time states
  revolute1.phi
  revolute1.w
  revolute2.phi
  revolute2.w
 