Log-file of program ./dymosim
(generated: Tue May  5 01:34:30 2020)

dymosim started
... "dsin.txt" loading (dymosim input file)
... "ComparisonPullInStroke.mat" creating (simulation result file)

Integration started at T = 0 using integration method DASSL
(DAE multi-step solver (dassl/dasslrt of Petzold modified by Dassault Systemes))
Integration terminated successfully at T = 0.05
   CPU-time for integration                : 2.27 seconds
   CPU-time for one grid interval          : 0.454 milliseconds
   CPU-time for initialization             : 0.001 seconds
   Number of result points                 : 5545
   Number of grid points                   : 5001
   Number of accepted steps                : 11496
   Number of f-evaluations (dynamics)      : 16038
   Number of crossing function evaluations : 16569
   Number of Jacobian-evaluations          : 8464
   Number of model time events             : 514
   Number of input time events             : 0
   Number of state events                  : 8
   Number of step events                   : 0
   Minimum integration stepsize            : 1.74e-13
   Maximum integration stepsize            : 6.58e-05
   Maximum integration order               : 5
Calling terminal section
... "dsfinal.txt" creating (final states)
