 = true
Translation of Modelica.Clocked.Examples.Elementary.IntegerSignals.AssignClock:
The DAE has 11 scalar unknowns and 11 scalar equations.
 
Statistics
 
Original Model
  Number of components: 7
  Variables: 20
  Constants: 1 (8 scalars)
  Parameters: 9 (10 scalars)
  Unknowns: 7 (8 scalars)
  Equations: 11
  Nontrivial: 10
Translated Model
  Constants: 14 scalars
  Free parameters: 4 scalars
  Time-varying variables: 4 scalars
  Alias variables: 4 scalars
  Number of mixed real/discrete systems of equations: 0
  Sizes of linear systems of equations: { }
  Sizes after manipulation of the linear systems: { }
  Sizes of nonlinear systems of equations: { }
  Sizes after manipulation of the nonlinear systems: { }
  Number of numerical Jacobians: 0
 
Settings
Advanced.StoreProtectedVariables = true
Selected continuous time states