Log-file of program ./dymosim
(generated: Tue May  5 00:52:22 2020)

dymosim started
... "dsin.txt" loading (dymosim input file)
... "CCCV_CellRC.mat" creating (simulation result file)

Integration started at T = 0 using integration method DASSL
(DAE multi-step solver (dassl/dasslrt of Petzold modified by Dassault Systemes))
Integration terminated successfully at T = 1200
   CPU-time for integration                : 0.338 seconds
   CPU-time for one grid interval          : 0.0141 milliseconds
   CPU-time for initialization             : 0.001 seconds
   Number of result points                 : 24006
   Number of grid points                   : 24001
   Number of accepted steps                : 320
   Number of f-evaluations (dynamics)      : 659
   Number of crossing function evaluations : 24337
   Number of Jacobian-evaluations          : 97
   Number of model time events             : 0
   Number of input time events             : 0
   Number of state events                  : 2
   Number of step events                   : 0
   Minimum integration stepsize            : 3.02e-06
   Maximum integration stepsize            : 21.7
   Maximum integration order               : 5
Calling terminal section
... "dsfinal.txt" creating (final states)
