 = true
Translation of Modelica.Electrical.Batteries.Examples.CCCV_CellRC:
The DAE has 154 scalar unknowns and 154 scalar equations.
 
Statistics
 
Original Model
  Number of components: 33
  Variables: 305
  Constants: 9 (9 scalars)
  Parameters: 142 (541 scalars)
  Unknowns: 154 (154 scalars)
  Differentiated variables: 5 scalars
  Equations: 150
  Nontrivial: 118
Translated Model
  Constants: 66 scalars
  Free parameters: 84 scalars
  Parameter depending: 425 scalars
  Continuous time states: 5 scalars
  Time-varying variables: 33 scalars
  Alias variables: 96 scalars
  Number of mixed real/discrete systems of equations: 1
  Sizes of linear systems of equations: {5}
  Sizes after manipulation of the linear systems: {0}
  Sizes of nonlinear systems of equations: { }
  Sizes after manipulation of the nonlinear systems: { }
  Number of numerical Jacobians: 0
 
Settings
Advanced.StoreProtectedVariables = true
Selected continuous time states
Statically selected continuous time states
  cell.cell.capacitor[1].v
  cell.cell.capacitor[2].v
  cell.cell.limIntegrator.y
  cell.limIntegrator.y
  energy.y
 