Log-file of program ./dymosim
(generated: Tue May  5 00:49:07 2020)

dymosim started
... "dsin.txt" loading (dymosim input file)
... "FullAdder.mat" creating (simulation result file)

Integration started at T = 0 using integration method DASSL
(DAE multi-step solver (dassl/dasslrt of Petzold modified by Dassault Systemes))
Integration terminated successfully at T = 10
   CPU-time for integration                : 0.097 seconds
   CPU-time for one grid interval          : 0.0194 milliseconds
   CPU-time for initialization             : 0.002 seconds
   Number of result points                 : 5065
   Number of grid points                   : 5001
   Number of accepted steps                : 607
   Number of f-evaluations (dynamics)      : 607
   Number of crossing function evaluations : 5712
   Number of Jacobian-evaluations          : 563
   Number of model time events             : 35
   Number of input time events             : 0
   Number of state events                  : 9
   Number of step events                   : 0
   Minimum integration stepsize            : 1e-06
   Maximum integration stepsize            : 0.237
   Maximum integration order               : 1
Calling terminal section
... "dsfinal.txt" creating (final states)
