 = true
Translation of Modelica.Electrical.Digital.Examples.FullAdder:
The DAE has 324 scalar unknowns and 324 scalar equations.
 
Statistics
 
Original Model
  Number of components: 64
  Variables: 377
  Constants: 14 (630 scalars)
  Parameters: 113 (113 scalars)
  Unknowns: 250 (324 scalars)
  Equations: 294
  Nontrivial: 294
Translated Model
  Constants: 668 scalars
  Free parameters: 31 scalars
  Parameter depending: 46 scalars
  Time-varying variables: 128 scalars
  Alias variables: 194 scalars
  Number of mixed real/discrete systems of equations: 0
  Sizes of linear systems of equations: { }
  Sizes after manipulation of the linear systems: { }
  Sizes of nonlinear systems of equations: { }
  Sizes after manipulation of the nonlinear systems: { }
  Number of numerical Jacobians: 0
 
Settings
Advanced.StoreProtectedVariables = true
Selected continuous time states