 = true
Translation of Modelica.Magnetic.QuasiStatic.FundamentalWave.Examples.BasicMachines.InductionMachines.IMC_DOL:
The DAE has 3921 scalar unknowns and 3921 scalar equations.
 
Statistics
 
Original Model
  Number of components: 1662
  Variables: 4577
  Constants: 31 (31 scalars)
  Parameters: 835 (907 scalars)
  Unknowns: 3711 (3921 scalars)
  Differentiated variables: 56 scalars
  Equations: 1479
  Nontrivial: 1230
Translated Model
  Constants: 1462 scalars
  Free parameters: 82 scalars
  Parameter depending: 324 scalars
  Outputs: 2 scalars
  Continuous time states: 10 scalars
  Time-varying variables: 702 scalars
  Alias variables: 2289 scalars
  Number of mixed real/discrete systems of equations: 0
  Sizes of linear systems of equations: {14, 8, 70, 5, 12, 2, 2}
  Sizes after manipulation of the linear systems: {2, 2, 16, 2, 3, 0, 0}
  Sizes of nonlinear systems of equations: { }
  Sizes after manipulation of the nonlinear systems: { }
  Number of numerical Jacobians: 0
  Initialization problem
    Sizes of linear systems of equations: {2}
    Sizes after manipulation of the linear systems: {2}
 
Settings
Advanced.StoreProtectedVariables = true
Selected continuous time states
Statically selected continuous time states
  imc.rotorCage.electroMagneticConverter.singlePhaseElectroMagneticConverter[1].Phi.re
  imc.rotorCage.electroMagneticConverter.singlePhaseElectroMagneticConverter[2].Phi.im
  imc.stator.electroMagneticConverter.singlePhaseElectroMagneticConverter[1].Phi.re
  imc.stator.electroMagneticConverter.singlePhaseElectroMagneticConverter[2].Phi.im
  imc.stator.zeroInductor.i0
  imcQS.rotorCage.port_p.reference.gamma
  loadInertia.phi
  loadInertia.w
  loadInertiaQS.phi
  loadInertiaQS.w
 