 = true
Translation of Modelica.Media.Examples.SimpleLiquidWater:
The DAE has 34 scalar unknowns and 34 scalar equations.
 
Statistics
 
Original Model
  Number of components: 6
  Variables: 42
  Parameters: 6 (6 scalars)
  Unknowns: 36 (34 scalars)
  Differentiated variables: 4 scalars
  Equations: 37
  Nontrivial: 25
Translated Model
  Constants: 23 scalars
  Free parameters: 2 scalars
  Parameter depending: 1 scalars
  Continuous time states: 1 scalars
  Time-varying variables: 10 scalars
  Alias variables: 4 scalars
  Number of mixed real/discrete systems of equations: 0
  Sizes of linear systems of equations: { }
  Sizes after manipulation of the linear systems: { }
  Sizes of nonlinear systems of equations: { }
  Sizes after manipulation of the nonlinear systems: { }
  Number of numerical Jacobians: 0
 
Settings
Advanced.StoreProtectedVariables = true
Selected continuous time states
Statically selected continuous time states
  medium.T
 