Log-file of program ./dymosim
(generated: Tue May  5 00:41:11 2020)

dymosim started
... "dsin.txt" loading (dymosim input file)
... "ControlledTanks.mat" creating (simulation result file)

Integration started at T = 0 using integration method DASSL
(DAE multi-step solver (dassl/dasslrt of Petzold modified by Dassault Systemes))
Integration terminated successfully at T = 100
   CPU-time for integration                : 0.096 seconds
   CPU-time for one grid interval          : 0.0192 milliseconds
   CPU-time for initialization             : 0.001 seconds
   Number of result points                 : 5035
   Number of grid points                   : 5001
   Number of accepted steps                : 355
   Number of f-evaluations (dynamics)      : 453
   Number of crossing function evaluations : 5438
   Number of Jacobian-evaluations          : 303
   Number of model time events             : 9
   Number of input time events             : 0
   Number of state events                  : 11
   Number of step events                   : 0
   Minimum integration stepsize            : 7.07e-07
   Maximum integration stepsize            : 25.7
   Maximum integration order               : 3
Calling terminal section
... "dsfinal.txt" creating (final states)
