 = true
Translation of Modelica.StateGraph.Examples.ControlledTanks:
The DAE has 319 scalar unknowns and 319 scalar equations.
 
Statistics
 
Original Model
  Number of components: 57
  Variables: 454
  Constants: 2 (2 scalars)
  Parameters: 139 (176 scalars)
  Unknowns: 313 (319 scalars)
  Differentiated variables: 2 scalars
  Equations: 297
  Nontrivial: 227
Translated Model
  Constants: 106 scalars
  Free parameters: 48 scalars
  Parameter depending: 67 scalars
  Continuous time states: 2 scalars
  Time-varying variables: 110 scalars
  Alias variables: 166 scalars
  Number of mixed real/discrete systems of equations: 0
  Sizes of linear systems of equations: { }
  Sizes after manipulation of the linear systems: { }
  Sizes of nonlinear systems of equations: { }
  Sizes after manipulation of the nonlinear systems: { }
  Number of numerical Jacobians: 0
 
Settings
Advanced.StoreProtectedVariables = true
Selected continuous time states
Statically selected continuous time states
  tank1.level
  tank2.level
 