Log-file of program ./dymosim
(generated: Tue May  5 02:10:10 2020)

dymosim started
... "dsin.txt" loading (dymosim input file)
... "Friction.mat" creating (simulation result file)

Integration started at T = 0 using integration method DASSL
(DAE multi-step solver (dassl/dasslrt of Petzold modified by Dassault Systemes))
Integration terminated successfully at T = 5
   CPU-time for integration                : 0.169 seconds
   CPU-time for one grid interval          : 0.0169 milliseconds
   CPU-time for initialization             : 0 seconds
   Number of result points                 : 10038
   Number of grid points                   : 10001
   Number of accepted steps                : 1079
   Number of f-evaluations (dynamics)      : 2255
   Number of crossing function evaluations : 11215
   Number of Jacobian-evaluations          : 396
   Number of model time events             : 0
   Number of input time events             : 0
   Number of state events                  : 18
   Number of step events                   : 0
   Minimum integration stepsize            : 1.83e-08
   Maximum integration stepsize            : 0.0829
   Maximum integration order               : 5
Calling terminal section
... "dsfinal.txt" creating (final states)
