Log-file of program ./dymosim
(generated: Wed Feb  5 23:23:33 2025)

dymosim started
... "Modelica.Electrical.Analog.Examples.DifferenceAmplifier" simulating
... "dsin.txt" loading (dymosim input file)
... "result.mat" creating (simulation result file)

Integration started at T = 0 using integration method DASSL
(DAE multi-step solver (dassl/dasslrt of Petzold modified by Dassault Systemes))

Integration terminated successfully at T = 1e-08
   CPU-time for integration                : 0.022 seconds
   CPU-time for one grid interval          : 0.0044 milliseconds
   CPU-time for initialization             : 0.001 seconds
   Number of result points                 : 5003
   Number of grid points                   : 5001
   Number of accepted steps                : 340
   Number of f-evaluations (dynamics)      : 735
   Number of Jacobian-evaluations          : 49
   Number of model time events             : 1
   Number of input time events             : 0
   Number of state events                  : 0
   Number of step events                   : 0
   Minimum integration stepsize            : 1.11e-15
   Maximum integration stepsize            : 1.05e-10
   Maximum integration order               : 5
Calling terminal section
... "dsfinal.txt" creating (final states)

SUCCESSFUL simulation of Modelica.Electrical.Analog.Examples.DifferenceAmplifier
