 = true
Translation of Modelica.Clocked.Examples.Elementary.RealSignals.AssignClockToTriggerHold:
The DAE has 14 scalar unknowns and 14 scalar equations.
 
Statistics
 
Original Model
  Number of components: 7
  Variables: 27
  Constants: 1 (8 scalars)
  Parameters: 12 (12 scalars)
  Unknowns: 11 (11 scalars)
  Equations: 13
  Nontrivial: 13
Translated Model
  Constants: 13 scalars
  Free parameters: 7 scalars
  Time-varying variables: 9 scalars
  Alias variables: 2 scalars
  Number of mixed real/discrete systems of equations: 0
  Sizes of linear systems of equations: { }
  Sizes after manipulation of the linear systems: { }
  Sizes of nonlinear systems of equations: { }
  Sizes after manipulation of the nonlinear systems: { }
  Number of numerical Jacobians: 0
 
Settings
Advanced.StoreProtectedVariables = true
Selected continuous time states