 = true
Translation of Modelica.Electrical.Polyphase.Examples.TransformerYY:
The DAE has 281 scalar unknowns and 281 scalar equations.
 
Statistics
 
Original Model
  Number of components: 31
  Variables: 383
  Parameters: 126 (158 scalars)
  Unknowns: 257 (281 scalars)
  Differentiated variables: 3 scalars
  Equations: 146
  Nontrivial: 122
Translated Model
  Constants: 86 scalars
  Free parameters: 25 scalars
  Parameter depending: 93 scalars
  Continuous time states: 2 scalars
  Time-varying variables: 46 scalars
  Alias variables: 189 scalars
  Number of mixed real/discrete systems of equations: 0
  Sizes of linear systems of equations: {6}
  Sizes after manipulation of the linear systems: {2}
  Sizes of nonlinear systems of equations: { }
  Sizes after manipulation of the nonlinear systems: { }
  Number of numerical Jacobians: 0
 
Settings
Advanced.StoreProtectedVariables = true
Selected continuous time states
Statically selected continuous time states
  transformerL.inductor[2].i
  transformerL.inductor[3].i
 