Log-file of program ./dymosim
(generated: Tue May  5 00:29:27 2020)

dymosim started
... "dsin.txt" loading (dymosim input file)
... "Rectifier12pulseFFT.mat" creating (simulation result file)

Integration started at T = 0 using integration method DASSL
(DAE multi-step solver (dassl/dasslrt of Petzold modified by Dassault Systemes))
Integration terminated successfully at T = 0.25
   CPU-time for integration                : 7.75 seconds
   CPU-time for one grid interval          : 1.55 milliseconds
   CPU-time for initialization             : 0.004 seconds
   Number of result points                 : 9806
   Number of grid points                   : 5001
   Number of accepted steps                : 84214
   Number of f-evaluations (dynamics)      : 115695
   Number of crossing function evaluations : 91440
   Number of Jacobian-evaluations          : 64013
   Number of model time events             : 4201
   Number of input time events             : 0
   Number of state events                  : 302
   Number of step events                   : 0
   Minimum integration stepsize            : 6.37e-13
   Maximum integration stepsize            : 0.000115
   Maximum integration order               : 5
Calling terminal section
... FFT result computed at time = 0.23995 s stored on file: C:/Users/tbeu/Documents/Dymola/rectifier12pulseFFTresult.mat
... "dsfinal.txt" creating (final states)
