Log-file of program ./dymosim
(generated: Fri Sep 27 08:38:31 2024)

dymosim started
... "Modelica.Electrical.PowerConverters.Examples.DCAC.PolyphaseTwoLevel.ThreePhaseTwoLevel_PWM" simulating
... "dsin.txt" loading (dymosim input file)
... "result.mat" creating (simulation result file)

Integration started at T = 0 using integration method DASSL
(DAE multi-step solver (dassl/dasslrt of Petzold modified by Dassault Systemes))

Integration terminated successfully at T = 2
   CPU-time for integration                : 0.203 seconds
   CPU-time for one grid interval          : 0.0508 milliseconds
   CPU-time for initialization             : 0 seconds
   Number of result points                 : 6569
   Number of grid points                   : 4001
   Number of accepted steps                : 18136
   Number of f-evaluations (dynamics)      : 21293
   Number of crossing function evaluations : 23320
   Number of Jacobian-evaluations          : 15541
   Number of model time events             : 1384
   Number of input time events             : 0
   Number of state events                  : 0
   Number of step events                   : 0
   Minimum integration stepsize            : 5.48e-10
   Maximum integration stepsize            : 0.00124
   Maximum integration order               : 3
Calling terminal section
... "dsfinal.txt" creating (final states)

SUCCESSFUL simulation of Modelica.Electrical.PowerConverters.Examples.DCAC.PolyphaseTwoLevel.ThreePhaseTwoLevel_PWM
