Log-file of program ./dymosim
(generated: Wed May 20 10:35:51 2026)

dymosim started
... "Modelica.Electrical.PowerConverters.Examples.ACDC.RectifierCenterTap2mPulse.ThyristorCenterTap2mPulse_RLV_Characteristic" simulating
... "dsin.txt" loading (dymosim input file)
... "result.mat" creating (simulation result file)

Integration started at T = 0 using integration method DASSL
(DAE multi-step solver (dassl/dasslrt of Petzold modified by Dassault Systemes))

Integration terminated successfully at T = 10
   CPU-time for integration                : 2.18 seconds
   CPU-time for one grid interval          : 0.0437 milliseconds
   CPU-time for initialization             : 0 seconds
   Number of result points                 : 67045
   Number of grid points                   : 50001
   Number of accepted steps                : 296473
   Number of f-evaluations (dynamics)      : 471910
   Number of crossing function evaluations : 422176
   Number of Jacobian-evaluations          : 158736
   Number of model time events             : 3000
   Number of input time events             : 0
   Number of state events                  : 10564
   Number of step events                   : 0
   Minimum integration stepsize            : 1.11e-14
   Maximum integration stepsize            : 0.000417
   Maximum integration order               : 5
Calling terminal section
... "dsfinal.txt" creating (final states)

SUCCESSFUL simulation of Modelica.Electrical.PowerConverters.Examples.ACDC.RectifierCenterTap2mPulse.ThyristorCenterTap2mPulse_RLV_Characteristic
