Log-file of program ./dymosim
(generated: Mon Oct 28 23:53:54 2024)

dymosim started
... "Modelica.Electrical.Analog.Examples.Lines.LightningLosslessTransmissionLine" simulating
... "dsin.txt" loading (dymosim input file)
... "result.mat" creating (simulation result file)

Integration started at T = 0 using integration method DASSL
(DAE multi-step solver (dassl/dasslrt of Petzold modified by Dassault Systemes))

Integration terminated successfully at T = 0.025
   CPU-time for integration                : 0.11 seconds
   CPU-time for one grid interval          : 0.0044 milliseconds
   CPU-time for initialization             : 0.001 seconds
   Number of result points                 : 25002
   Number of grid points                   : 25001
   Number of accepted steps                : 48
   Number of f-evaluations (dynamics)      : 48
   Number of Jacobian-evaluations          : 46
   Number of model time events             : 1
   Number of input time events             : 0
   Number of state events                  : 0
   Number of step events                   : 0
   Minimum integration stepsize            : 1e-09
   Maximum integration stepsize            : 0.00839
   Maximum integration order               : 1
Calling terminal section
... "dsfinal.txt" creating (final states)

SUCCESSFUL simulation of Modelica.Electrical.Analog.Examples.Lines.LightningLosslessTransmissionLine
