Log-file of program ./dymosim
(generated: Thu May 28 11:08:41 2026)

dymosim started
... "Modelica.Electrical.Machines.Examples.DCMachines.DCPM_Cooling" simulating
... "dsin.txt" loading (dymosim input file)
... "result.mat" creating (simulation result file)

Integration started at T = 0 using integration method DASSL
(DAE multi-step solver (dassl/dasslrt of Petzold modified by Dassault Systemes))

Integration terminated successfully at T = 25
   CPU-time for integration                : 0.065 seconds
   CPU-time for one grid interval          : 0.0026 milliseconds
   CPU-time for initialization             : 0 seconds
   Number of result points                 : 25051
   Number of grid points                   : 25001
   Number of accepted steps                : 6442
   Number of f-evaluations (dynamics)      : 13094
   Number of crossing function evaluations : 31442
   Number of Jacobian-evaluations          : 815
   Number of model time events             : 50
   Number of input time events             : 0
   Number of state events                  : 0
   Number of step events                   : 0
   Minimum integration stepsize            : 7.12e-09
   Maximum integration stepsize            : 0.0206
   Maximum integration order               : 5
Calling terminal section
... "dsfinal.txt" creating (final states)

SUCCESSFUL simulation of Modelica.Electrical.Machines.Examples.DCMachines.DCPM_Cooling
