Log-file of program ./dymosim
(generated: Tue May  5 01:19:10 2020)

dymosim started
... "dsin.txt" loading (dymosim input file)
... "ChopperStepUp_R.mat" creating (simulation result file)

Integration started at T = 0 using integration method DASSL
(DAE multi-step solver (dassl/dasslrt of Petzold modified by Dassault Systemes))
Integration terminated successfully at T = 0.1
   CPU-time for integration                : 0.328 seconds
   CPU-time for one grid interval          : 0.0164 milliseconds
   CPU-time for initialization             : 0 seconds
   Number of result points                 : 20236
   Number of grid points                   : 20001
   Number of accepted steps                : 5927
   Number of f-evaluations (dynamics)      : 9515
   Number of crossing function evaluations : 26553
   Number of Jacobian-evaluations          : 3008
   Number of model time events             : 100
   Number of input time events             : 0
   Number of state events                  : 75
   Number of step events                   : 0
   Minimum integration stepsize            : 2.49e-11
   Maximum integration stepsize            : 0.000218
   Maximum integration order               : 5
Calling terminal section
... "dsfinal.txt" creating (final states)
