 = true
Translation of Modelica.Fluid.Examples.Tanks.ThreeTanks:
The DAE has 261 scalar unknowns and 261 scalar equations.
 
Statistics
 
Original Model
  Number of components: 32
  Variables: 539
  Constants: 3 (3 scalars)
  Parameters: 242 (239 scalars)
  Unknowns: 294 (264 scalars)
  Differentiated variables: 12 scalars
  Equations: 263
  Nontrivial: 227
Translated Model
  Constants: 158 scalars
  Free parameters: 60 scalars
  Parameter depending: 96 scalars
  Continuous time states: 6 scalars
  Time-varying variables: 85 scalars
  Alias variables: 107 scalars
  Number of mixed real/discrete systems of equations: 1
  Sizes of linear systems of equations: { }
  Sizes after manipulation of the linear systems: { }
  Sizes of nonlinear systems of equations: {13}
  Sizes after manipulation of the nonlinear systems: {4}
  Number of numerical Jacobians: 0
  Initialization problem
    Number of mixed real/discrete systems of equations: 1
    Sizes of linear systems of equations: {2, 2, 2, 2, 2, 2, 2, 2, 2, 2, 2, 2}
    Sizes after manipulation of the linear systems: {0, 0, 0, 0, 0, 0, 0, 0, 0, 0, 0, 0}
    Sizes of nonlinear systems of equations: {13}
    Sizes after manipulation of the nonlinear systems: {4}
    Number of numerical Jacobians: 0
 
Settings
Advanced.StoreProtectedVariables = true
Selected continuous time states
Statically selected continuous time states
  tank1.level
  tank1.medium.T
  tank2.level
  tank2.medium.T
  tank3.level
  tank3.medium.T
 