Log-file of program ./dymosim
(generated: Tue May  5 01:42:41 2020)

dymosim started
... "dsin.txt" loading (dymosim input file)
... "SMPM_VoltageSource.mat" creating (simulation result file)

Integration started at T = 0 using integration method DASSL
(DAE multi-step solver (dassl/dasslrt of Petzold modified by Dassault Systemes))
Integration terminated successfully at T = 2
   CPU-time for integration                : 0.805 seconds
   CPU-time for one grid interval          : 0.0201 milliseconds
   CPU-time for initialization             : 0.001 seconds
   Number of result points                 : 40002
   Number of grid points                   : 40001
   Number of accepted steps                : 4756
   Number of f-evaluations (dynamics)      : 13759
   Number of Jacobian-evaluations          : 336
   Number of model time events             : 0
   Number of input time events             : 0
   Number of state events                  : 0
   Number of step events                   : 0
   Minimum integration stepsize            : 3.72e-09
   Maximum integration stepsize            : 0.0019
   Maximum integration order               : 5
Calling terminal section
... "dsfinal.txt" creating (final states)
