 = true
Translation of Modelica.Magnetic.FundamentalWave.Examples.BasicMachines.SynchronousMachines.SMPM_VoltageSource:
The DAE has 911 scalar unknowns and 911 scalar equations.
 
Statistics
 
Original Model
  Number of components: 198
  Variables: 1192
  Constants: 10 (10 scalars)
  Parameters: 356 (429 scalars)
  Unknowns: 826 (911 scalars)
  Differentiated variables: 21 scalars
  Equations: 500
  Nontrivial: 400
Translated Model
  Constants: 451 scalars
  Free parameters: 34 scalars
  Parameter depending: 164 scalars
  Continuous time states: 6 scalars
  Time-varying variables: 161 scalars
  Alias variables: 540 scalars
  Number of mixed real/discrete systems of equations: 0
  Sizes of linear systems of equations: {10, 8, 4, 2}
  Sizes after manipulation of the linear systems: {2, 2, 2, 0}
  Sizes of nonlinear systems of equations: { }
  Sizes after manipulation of the nonlinear systems: { }
  Number of numerical Jacobians: 0
  Initialization problem
    Sizes of linear systems of equations: {2}
    Sizes after manipulation of the linear systems: {2}
 
Settings
Advanced.StoreProtectedVariables = true
Selected continuous time states
Statically selected continuous time states
  currentController.PI_d.x
  currentController.PI_q.x
  inertiaLoad.phi
  inertiaLoad.w
  smpm.stator.electroMagneticConverter.singlePhaseElectroMagneticConverter[1].Phi.re
  smpm.stator.electroMagneticConverter.singlePhaseElectroMagneticConverter[2].Phi.im
 