Log-file of program ./dymosim
(generated: Tue May  5 02:25:38 2020)

dymosim started
... "dsin.txt" loading (dymosim input file)
... "PumpDropOut.mat" creating (simulation result file)

Integration started at T = 0 using integration method DASSL
(DAE multi-step solver (dassl/dasslrt of Petzold modified by Dassault Systemes))
Integration terminated successfully at T = 2
   CPU-time for integration                : 0.064 seconds
   CPU-time for one grid interval          : 0.016 milliseconds
   CPU-time for initialization             : 0 seconds
   Number of result points                 : 4006
   Number of grid points                   : 4001
   Number of accepted steps                : 218
   Number of f-evaluations (dynamics)      : 363
   Number of crossing function evaluations : 4239
   Number of Jacobian-evaluations          : 107
   Number of model time events             : 4
   Number of input time events             : 0
   Number of state events                  : 2
   Number of step events                   : 0
   Minimum integration stepsize            : 5e-07
   Maximum integration stepsize            : 0.0949
   Maximum integration order               : 5
Calling terminal section
... "dsfinal.txt" creating (final states)
