 = true
Translation of Modelica.Thermal.FluidHeatFlow.Examples.PumpDropOut:
The DAE has 85 scalar unknowns and 85 scalar equations.
 
Statistics
 
Original Model
  Number of components: 25
  Variables: 197
  Constants: 2 (2 scalars)
  Parameters: 110 (110 scalars)
  Unknowns: 85 (85 scalars)
  Differentiated variables: 2 scalars
  Equations: 76
  Nontrivial: 61
Translated Model
  Constants: 20 scalars
  Free parameters: 30 scalars
  Parameter depending: 65 scalars
  Outputs: 3 scalars
  Continuous time states: 2 scalars
  Time-varying variables: 34 scalars
  Alias variables: 48 scalars
  Number of mixed real/discrete systems of equations: 0
  Sizes of linear systems of equations: { }
  Sizes after manipulation of the linear systems: { }
  Sizes of nonlinear systems of equations: { }
  Sizes after manipulation of the nonlinear systems: { }
  Number of numerical Jacobians: 0
 
Settings
Advanced.StoreProtectedVariables = true
Selected continuous time states
Statically selected continuous time states
  heatCapacitor.T
  pipe.T
 