 = true
Translation of Modelica.Electrical.Analog.Examples.OpAmps.ControlCircuit:
The DAE has 311 scalar unknowns and 311 scalar equations.
 
Statistics
 
Original Model
  Number of components: 39
  Variables: 484
  Parameters: 173 (173 scalars)
  Unknowns: 311 (311 scalars)
  Differentiated variables: 6 scalars
  Equations: 282
  Nontrivial: 232
Translated Model
  Constants: 78 scalars
  Free parameters: 73 scalars
  Parameter depending: 82 scalars
  Continuous time states: 6 scalars
  Time-varying variables: 79 scalars
  Alias variables: 172 scalars
  Number of mixed real/discrete systems of equations: 0
  Sizes of linear systems of equations: {3}
  Sizes after manipulation of the linear systems: {0}
  Sizes of nonlinear systems of equations: {2, 5, 5, 2, 8}
  Sizes after manipulation of the nonlinear systems: {1, 1, 1, 1, 2}
  Number of numerical Jacobians: 0
  Initialization problem
    Sizes of linear systems of equations: {3}
    Sizes after manipulation of the linear systems: {0}
    Sizes of nonlinear systems of equations: {1, 1, 1, 5}
    Sizes after manipulation of the nonlinear systems: {1, 1, 1, 1}
    Number of numerical Jacobians: 0
 
Settings
Advanced.StoreProtectedVariables = true
Selected continuous time states
Statically selected continuous time states
  firstOrder1A.c.v
  firstOrder1B.y
  firstOrder2A.c.v
  firstOrder2B.y
  PIA.c.v
  PIB.x
 