 = true
Translation of Modelica.Electrical.Machines.Examples.Transformers.Rectifier12pulse:
The DAE has 1046 scalar unknowns and 1046 scalar equations.
 
Statistics
 
Original Model
  Number of components: 99
  Variables: 1388
  Constants: 33 (33 scalars)
  Parameters: 407 (489 scalars)
  Unknowns: 948 (1046 scalars)
  Differentiated variables: 14 scalars
  Equations: 525
  Nontrivial: 442
Translated Model
  Constants: 251 scalars
  Free parameters: 84 scalars
  Parameter depending: 250 scalars
  Continuous time states: 7 scalars
  Time-varying variables: 243 scalars
  Alias variables: 740 scalars
  Number of mixed real/discrete systems of equations: 6
  Sizes of linear systems of equations: {6, 6, 6, 21, 6, 6, 7, 6, 7, 7}
  Sizes after manipulation of the linear systems: {2, 2, 2, 6, 2, 2, 2, 2, 2, 2}
  Sizes of nonlinear systems of equations: { }
  Sizes after manipulation of the nonlinear systems: { }
  Number of numerical Jacobians: 0
 
Settings
Advanced.StoreProtectedVariables = true
Selected continuous time states
Statically selected continuous time states
  cDC1.v
  cDC2.v
  transformer1.l2sigma.inductor[1].i
  transformer1.l2sigma.inductor[3].i
  transformer2.l2sigma.inductor[1].i
  transformer2.l2sigma.inductor[2].i
  transformer2.l2sigma.inductor[3].i
 