Log-file of program ./dymosim
(generated: Wed May 20 10:35:25 2026)

dymosim started
... "Modelica.Electrical.PowerConverters.Examples.ACDC.RectifierBridge2Pulse.ThyristorBridge2Pulse_DC_Drive" simulating
... "dsin.txt" loading (dymosim input file)
... "result.mat" creating (simulation result file)

Integration started at T = 0 using integration method DASSL
(DAE multi-step solver (dassl/dasslrt of Petzold modified by Dassault Systemes))

Integration terminated successfully at T = 15
   CPU-time for integration                : 1.36 seconds
   CPU-time for one grid interval          : 0.0181 milliseconds
   CPU-time for initialization             : 0.001 seconds
   Number of result points                 : 87550
   Number of grid points                   : 75001
   Number of accepted steps                : 219591
   Number of f-evaluations (dynamics)      : 392716
   Number of crossing function evaluations : 330058
   Number of Jacobian-evaluations          : 86674
   Number of model time events             : 1500
   Number of input time events             : 0
   Number of state events                  : 6196
   Number of step events                   : 0
   Minimum integration stepsize            : 4.8e-11
   Maximum integration stepsize            : 0.000417
   Maximum integration order               : 5
Calling terminal section
... "dsfinal.txt" creating (final states)

SUCCESSFUL simulation of Modelica.Electrical.PowerConverters.Examples.ACDC.RectifierBridge2Pulse.ThyristorBridge2Pulse_DC_Drive
