Log-file of program ./dymosim
(generated: Tue May  5 02:14:09 2020)

dymosim started
... "dsin.txt" loading (dymosim input file)
... "ControlledTanks.mat" creating (simulation result file)

Integration started at T = 0 using integration method DASSL
(DAE multi-step solver (dassl/dasslrt of Petzold modified by Dassault Systemes))
Integration terminated successfully at T = 900
   CPU-time for integration                : 0.135 seconds
   CPU-time for one grid interval          : 0.027 milliseconds
   CPU-time for initialization             : 0.001 seconds
   Number of result points                 : 5036
   Number of grid points                   : 5001
   Number of accepted steps                : 488
   Number of f-evaluations (dynamics)      : 815
   Number of crossing function evaluations : 5554
   Number of Jacobian-evaluations          : 316
   Number of model time events             : 8
   Number of input time events             : 0
   Number of state events                  : 9
   Number of step events                   : 0
   Minimum integration stepsize            : 6.29e-06
   Maximum integration stepsize            : 24.9
   Maximum integration order               : 5
Calling terminal section
... "dsfinal.txt" creating (final states)
