 = true
Translation of Modelica.Fluid.Examples.ControlledTankSystem.ControlledTanks:
The DAE has 527 scalar unknowns and 527 scalar equations.
 
Statistics
 
Original Model
  Number of components: 83
  Variables: 827
  Constants: 2 (2 scalars)
  Parameters: 292 (305 scalars)
  Unknowns: 533 (527 scalars)
  Differentiated variables: 8 scalars
  Equations: 497
  Nontrivial: 396
Translated Model
  Constants: 202 scalars
  Free parameters: 82 scalars
  Parameter depending: 114 scalars
  Continuous time states: 4 scalars
  Time-varying variables: 178 scalars
  Alias variables: 258 scalars
  Number of mixed real/discrete systems of equations: 3
  Sizes of linear systems of equations: { }
  Sizes after manipulation of the linear systems: { }
  Sizes of nonlinear systems of equations: {4, 3, 3}
  Sizes after manipulation of the nonlinear systems: {2, 1, 1}
  Number of numerical Jacobians: 0
  Initialization problem
    Sizes of linear systems of equations: {2, 2}
    Sizes after manipulation of the linear systems: {0, 0}
 
Settings
Advanced.StoreProtectedVariables = true
Selected continuous time states
Statically selected continuous time states
  tank1.level
  tank1.medium.T
  tank2.level
  tank2.medium.T
 