Log-file of program ./dymosim
(generated: Tue May  5 01:25:53 2020)

dymosim started
... "dsin.txt" loading (dymosim input file)
... "Nand.mat" creating (simulation result file)

Integration started at T = 0 using integration method DASSL
(DAE multi-step solver (dassl/dasslrt of Petzold modified by Dassault Systemes))
Integration terminated successfully at T = 2e-07
   CPU-time for integration                : 0.189 seconds
   CPU-time for one grid interval          : 0.0378 milliseconds
   CPU-time for initialization             : 0 seconds
   Number of result points                 : 5016
   Number of grid points                   : 5001
   Number of accepted steps                : 357
   Number of f-evaluations (dynamics)      : 357
   Number of Jacobian-evaluations          : 316
   Number of model time events             : 20
   Number of input time events             : 0
   Number of state events                  : 0
   Number of step events                   : 0
   Minimum integration stepsize            : 4e-14
   Maximum integration stepsize            : 1.05e-08
   Maximum integration order               : 1
Calling terminal section
... "dsfinal.txt" creating (final states)
