Log-file of program ./dymosim
(generated: Tue May  5 00:33:53 2020)

dymosim started
... "dsin.txt" loading (dymosim input file)
... "RotationalSample.mat" creating (simulation result file)

Integration started at T = 0 using integration method DASSL
(DAE multi-step solver (dassl/dasslrt of Petzold modified by Dassault Systemes))
Integration terminated successfully at T = 2
   CPU-time for integration                : 0.067 seconds
   CPU-time for one grid interval          : 0.0134 milliseconds
   CPU-time for initialization             : 0.001 seconds
   Number of result points                 : 5095
   Number of grid points                   : 5001
   Number of accepted steps                : 865
   Number of f-evaluations (dynamics)      : 865
   Number of crossing function evaluations : 6182
   Number of Jacobian-evaluations          : 815
   Number of model time events             : 2
   Number of input time events             : 0
   Number of state events                  : 45
   Number of step events                   : 0
   Minimum integration stepsize            : 1.64e-08
   Maximum integration stepsize            : 0.137
   Maximum integration order               : 1
Calling terminal section
... "dsfinal.txt" creating (final states)
