Log-file of program ./dymosim
(generated: Tue May  5 02:25:30 2020)

dymosim started
... "dsin.txt" loading (dymosim input file)
... "PumpAndValve.mat" creating (simulation result file)

Integration started at T = 0 using integration method DASSL
(DAE multi-step solver (dassl/dasslrt of Petzold modified by Dassault Systemes))
Integration terminated successfully at T = 2
   CPU-time for integration                : 0.086 seconds
   CPU-time for one grid interval          : 0.0215 milliseconds
   CPU-time for initialization             : 0 seconds
   Number of result points                 : 4004
   Number of grid points                   : 4001
   Number of accepted steps                : 184
   Number of f-evaluations (dynamics)      : 313
   Number of crossing function evaluations : 4184
   Number of Jacobian-evaluations          : 76
   Number of model time events             : 4
   Number of input time events             : 0
   Number of state events                  : 0
   Number of step events                   : 0
   Minimum integration stepsize            : 5e-07
   Maximum integration stepsize            : 0.106
   Maximum integration order               : 5
Calling terminal section
... "dsfinal.txt" creating (final states)
