 = true
Translation of Modelica.Media.Examples.IdealGasH2O:
The DAE has 17 scalar unknowns and 17 scalar equations.
 
Statistics
 
Original Model
  Number of components: 6
  Variables: 37
  Constants: 20 (48 scalars)
  Unknowns: 17 (17 scalars)
  Differentiated variables: 2 scalars
  Equations: 16
  Nontrivial: 13
Translated Model
  Constants: 52 scalars
  Time-varying variables: 11 scalars
  Alias variables: 2 scalars
  Number of mixed real/discrete systems of equations: 0
  Sizes of linear systems of equations: { }
  Sizes after manipulation of the linear systems: { }
  Sizes of nonlinear systems of equations: { }
  Sizes after manipulation of the nonlinear systems: { }
  Number of numerical Jacobians: 0
 
Settings
Advanced.StoreProtectedVariables = true
Selected continuous time states