 = true
Translation of Modelica.Electrical.PowerConverters.Examples.ACDC.RectifierCenterTap2mPulse.ThyristorCenterTap2mPulse_RL:
The DAE has 456 scalar unknowns and 456 scalar equations.
 
Statistics
 
Original Model
  Number of components: 88
  Variables: 639
  Constants: 12 (12 scalars)
  Parameters: 224 (268 scalars)
  Unknowns: 403 (456 scalars)
  Differentiated variables: 4 scalars
  Equations: 270
  Nontrivial: 229
Translated Model
  Constants: 143 scalars
  Free parameters: 49 scalars
  Parameter depending: 130 scalars
  Continuous time states: 4 scalars
  Time-varying variables: 104 scalars
  Alias variables: 310 scalars
  Number of mixed real/discrete systems of equations: 1
  Sizes of linear systems of equations: {18}
  Sizes after manipulation of the linear systems: {6}
  Sizes of nonlinear systems of equations: { }
  Sizes after manipulation of the nonlinear systems: { }
  Number of numerical Jacobians: 0
 
Settings
Advanced.StoreProtectedVariables = true
Selected continuous time states
Statically selected continuous time states
  inductor.i
  meanCurrent.x
  meanVoltage.x
  rootMeanSquareVoltage.mean.x
 