 = true
Translation of Modelica.Electrical.Digital.Examples.VectorDelay:
The DAE has 30 scalar unknowns and 30 scalar equations.
 
Statistics
 
Original Model
  Number of components: 8
  Variables: 53
  Constants: 3 (243 scalars)
  Parameters: 24 (38 scalars)
  Unknowns: 26 (30 scalars)
  Equations: 10
  Nontrivial: 10
Translated Model
  Constants: 255 scalars
  Free parameters: 26 scalars
  Time-varying variables: 24 scalars
  Alias variables: 6 scalars
  Number of mixed real/discrete systems of equations: 0
  Sizes of linear systems of equations: { }
  Sizes after manipulation of the linear systems: { }
  Sizes of nonlinear systems of equations: { }
  Sizes after manipulation of the nonlinear systems: { }
  Number of numerical Jacobians: 0
 
Settings
Advanced.StoreProtectedVariables = true
Selected continuous time states