Log-file of program ./dymosim
(generated: Tue May  5 01:47:11 2020)

dymosim started
... "dsin.txt" loading (dymosim input file)
... "PolyphaseInductance.mat" creating (simulation result file)

Integration started at T = 0 using integration method DASSL
(DAE multi-step solver (dassl/dasslrt of Petzold modified by Dassault Systemes))
Integration terminated successfully at T = 100
   CPU-time for integration                : 1.08 seconds
   CPU-time for one grid interval          : 0.0542 milliseconds
   CPU-time for initialization             : 0.001 seconds
   Number of result points                 : 20002
   Number of grid points                   : 20001
   Number of accepted steps                : 31
   Number of f-evaluations (dynamics)      : 31
   Number of Jacobian-evaluations          : 30
   Number of model time events             : 0
   Number of input time events             : 0
   Number of state events                  : 0
   Number of step events                   : 0
   Minimum integration stepsize            : 7.96e-08
   Maximum integration stepsize            : 42.7
   Maximum integration order               : 1
Calling terminal section
... "dsfinal.txt" creating (final states)
