 = true
Translation of Modelica.Magnetic.QuasiStatic.FundamentalWave.Examples.Components.PolyphaseInductance:
The DAE has 2549 scalar unknowns and 2549 scalar equations.
 
Statistics
 
Original Model
  Number of components: 1249
  Variables: 2658
  Constants: 5 (5 scalars)
  Parameters: 296 (351 scalars)
  Unknowns: 2357 (2549 scalars)
  Differentiated variables: 22 scalars
  Equations: 605
  Nontrivial: 525
Translated Model
  Constants: 892 scalars
  Free parameters: 75 scalars
  Parameter depending: 133 scalars
  Outputs: 4 scalars
  Continuous time states: 2 scalars
  Time-varying variables: 505 scalars
  Alias variables: 1300 scalars
  Number of mixed real/discrete systems of equations: 0
  Sizes of linear systems of equations: {5, 37, 6, 6, 6, 6}
  Sizes after manipulation of the linear systems: {2, 12, 2, 2, 2, 2}
  Sizes of nonlinear systems of equations: { }
  Sizes after manipulation of the nonlinear systems: { }
  Number of numerical Jacobians: 0
 
Settings
Advanced.StoreProtectedVariables = true
Selected continuous time states
Statically selected continuous time states
  voltageSource_e.plug_p.reference.gamma
  voltageSource_m.plug_p.reference.gamma
 