Log-file of program ./dymosim
(generated: Tue May  5 02:22:45 2020)

dymosim started
... "dsin.txt" loading (dymosim input file)
... "MoistAir1.mat" creating (simulation result file)

Integration started at T = 0 using integration method DASSL
(DAE multi-step solver (dassl/dasslrt of Petzold modified by Dassault Systemes))
Integration terminated successfully at T = 1.01
   CPU-time for integration                : 4.87 seconds
   CPU-time for one grid interval          : 0.974 milliseconds
   CPU-time for initialization             : 0.003 seconds
   Number of result points                 : 5002
   Number of grid points                   : 5001
   Number of accepted steps                : 92
   Number of f-evaluations (dynamics)      : 178
   Number of crossing function evaluations : 5092
   Number of Jacobian-evaluations          : 21
   Number of model time events             : 0
   Number of input time events             : 0
   Number of state events                  : 0
   Number of step events                   : 0
   Minimum integration stepsize            : 1.14e-07
   Maximum integration stepsize            : 0.0664
   Maximum integration order               : 5
Calling terminal section
... "dsfinal.txt" creating (final states)
