Log-file of program ./dymosim
(generated: Tue May  5 01:09:20 2020)

dymosim started
... "dsin.txt" loading (dymosim input file)
... "TransformerYD.mat" creating (simulation result file)

Integration started at T = 0 using integration method DASSL
(DAE multi-step solver (dassl/dasslrt of Petzold modified by Dassault Systemes))
Integration terminated successfully at T = 1
   CPU-time for integration                : 0.027 seconds
   CPU-time for one grid interval          : 0.0135 milliseconds
   CPU-time for initialization             : 0 seconds
   Number of result points                 : 2002
   Number of grid points                   : 2001
   Number of accepted steps                : 425
   Number of f-evaluations (dynamics)      : 839
   Number of Jacobian-evaluations          : 19
   Number of model time events             : 0
   Number of input time events             : 0
   Number of state events                  : 0
   Number of step events                   : 0
   Minimum integration stepsize            : 3.67e-09
   Maximum integration stepsize            : 0.00312
   Maximum integration order               : 5
Calling terminal section
... "dsfinal.txt" creating (final states)
