 = true
Translation of Modelica.Electrical.Polyphase.Examples.TransformerYD:
The DAE has 285 scalar unknowns and 285 scalar equations.
 
Statistics
 
Original Model
  Number of components: 31
  Variables: 388
  Parameters: 127 (159 scalars)
  Unknowns: 261 (285 scalars)
  Differentiated variables: 3 scalars
  Equations: 148
  Nontrivial: 124
Translated Model
  Constants: 93 scalars
  Free parameters: 24 scalars
  Parameter depending: 87 scalars
  Continuous time states: 3 scalars
  Time-varying variables: 48 scalars
  Alias variables: 192 scalars
  Number of mixed real/discrete systems of equations: 0
  Sizes of linear systems of equations: { }
  Sizes after manipulation of the linear systems: { }
  Sizes of nonlinear systems of equations: { }
  Sizes after manipulation of the nonlinear systems: { }
  Number of numerical Jacobians: 0
 
Settings
Advanced.StoreProtectedVariables = true
Selected continuous time states
Statically selected continuous time states
  transformerL.inductor[1].i
  transformerL.inductor[2].i
  transformerL.inductor[3].i
 