Log-file of program ./dymosim
(generated: Tue May  5 02:13:04 2020)

dymosim started
... "dsin.txt" loading (dymosim input file)
... "HeatingSystem.mat" creating (simulation result file)

Integration started at T = 0 using integration method DASSL
(DAE multi-step solver (dassl/dasslrt of Petzold modified by Dassault Systemes))
Integration terminated successfully at T = 6000
   CPU-time for integration                : 0.608 seconds
   CPU-time for one grid interval          : 0.122 milliseconds
   CPU-time for initialization             : 0.011 seconds
   Number of result points                 : 5004
   Number of grid points                   : 5001
   Number of accepted steps                : 170
   Number of f-evaluations (dynamics)      : 323
   Number of crossing function evaluations : 5171
   Number of Jacobian-evaluations          : 54
   Number of model time events             : 1
   Number of input time events             : 0
   Number of state events                  : 0
   Number of step events                   : 0
   Minimum integration stepsize            : 4.57e-09
   Maximum integration stepsize            : 742
   Maximum integration order               : 5
Calling terminal section
... "dsfinal.txt" creating (final states)
