 = true
Translation of Modelica.Mechanics.Rotational.Examples.First:
The DAE has 54 scalar unknowns and 54 scalar equations.
 
Statistics
 
Original Model
  Number of components: 10
  Variables: 81
  Parameters: 27 (27 scalars)
  Unknowns: 54 (54 scalars)
  Differentiated variables: 8 scalars
  Equations: 49
  Nontrivial: 38
Translated Model
  Constants: 9 scalars
  Free parameters: 13 scalars
  Parameter depending: 6 scalars
  Continuous time states: 4 scalars
  Time-varying variables: 20 scalars
  Alias variables: 33 scalars
  Number of mixed real/discrete systems of equations: 0
  Sizes of linear systems of equations: {4}
  Sizes after manipulation of the linear systems: {0}
  Sizes of nonlinear systems of equations: { }
  Sizes after manipulation of the nonlinear systems: { }
  Number of numerical Jacobians: 0
 
Settings
Advanced.StoreProtectedVariables = true
Selected continuous time states
Statically selected continuous time states
  damper.phi_rel
  damper.w_rel
  inertia3.phi
  inertia3.w
 