Log-file of program ./dymosim
(generated: Tue May  5 02:07:42 2020)

dymosim started
... "dsin.txt" loading (dymosim input file)
... "LossyGearDemo3.mat" creating (simulation result file)

Integration started at T = 0 using integration method DASSL
(DAE multi-step solver (dassl/dasslrt of Petzold modified by Dassault Systemes))
Integration terminated successfully at T = 1
   CPU-time for integration                : 0.041 seconds
   CPU-time for one grid interval          : 0.0205 milliseconds
   CPU-time for initialization             : 0.001 seconds
   Number of result points                 : 2005
   Number of grid points                   : 2001
   Number of accepted steps                : 61
   Number of f-evaluations (dynamics)      : 61
   Number of crossing function evaluations : 2064
   Number of Jacobian-evaluations          : 57
   Number of model time events             : 1
   Number of input time events             : 0
   Number of state events                  : 1
   Number of step events                   : 0
   Minimum integration stepsize            : 1.52e-08
   Maximum integration stepsize            : 0.238
   Maximum integration order               : 2
Calling terminal section
... "dsfinal.txt" creating (final states)
