 = true
Translation of Modelica.Mechanics.Rotational.Examples.LossyGearDemo3:
The DAE has 67 scalar unknowns and 67 scalar equations.
 
Statistics
 
Original Model
  Number of components: 8
  Variables: 92
  Constants: 7 (7 scalars)
  Parameters: 21 (25 scalars)
  Unknowns: 64 (67 scalars)
  Differentiated variables: 6 scalars
  Equations: 57
  Nontrivial: 52
Translated Model
  Constants: 16 scalars
  Free parameters: 14 scalars
  Parameter depending: 6 scalars
  Continuous time states: 2 scalars
  Time-varying variables: 40 scalars
  Alias variables: 23 scalars
  Number of mixed real/discrete systems of equations: 1
  Sizes of linear systems of equations: {12}
  Sizes after manipulation of the linear systems: {3}
  Sizes of nonlinear systems of equations: { }
  Sizes after manipulation of the nonlinear systems: { }
  Number of numerical Jacobians: 0
 
Settings
Advanced.StoreProtectedVariables = true
Selected continuous time states
Statically selected continuous time states
  Inertia2.phi
  Inertia2.w
 