 = true
Translation of Modelica.Magnetic.FluxTubes.Examples.Hysteresis.InductorWithHysteresis:
The DAE has 63 scalar unknowns and 63 scalar equations.
 
Statistics
 
Original Model
  Number of components: 9
  Variables: 108
  Constants: 2 (2 scalars)
  Parameters: 43 (43 scalars)
  Unknowns: 63 (63 scalars)
  Differentiated variables: 7 scalars
  Equations: 58
  Nontrivial: 50
Translated Model
  Constants: 15 scalars
  Free parameters: 24 scalars
  Parameter depending: 16 scalars
  Continuous time states: 4 scalars
  Time-varying variables: 31 scalars
  Alias variables: 22 scalars
  Number of mixed real/discrete systems of equations: 1
  Sizes of linear systems of equations: {7}
  Sizes after manipulation of the linear systems: {0}
  Sizes of nonlinear systems of equations: { }
  Sizes after manipulation of the nonlinear systems: { }
  Number of numerical Jacobians: 0
 
Settings
Advanced.StoreProtectedVariables = true
Selected continuous time states
Statically selected continuous time states
  core.B
  core.Hstat
  core.MagRel
  winding.i
 