Log-file of program ./dymosim
(generated: Tue May  5 02:03:23 2020)

dymosim started
... "dsin.txt" loading (dymosim input file)
... "EngineV6_analytic.mat" creating (simulation result file)

Integration started at T = 0 using integration method DASSL
(DAE multi-step solver (dassl/dasslrt of Petzold modified by Dassault Systemes))
Integration terminated successfully at T = 1.01
   CPU-time for integration                : 0.531 seconds
   CPU-time for one grid interval          : 0.106 milliseconds
   CPU-time for initialization             : 0.004 seconds
   Number of result points                 : 5250
   Number of grid points                   : 5001
   Number of accepted steps                : 4491
   Number of f-evaluations (dynamics)      : 8015
   Number of crossing function evaluations : 10455
   Number of Jacobian-evaluations          : 1488
   Number of model time events             : 0
   Number of input time events             : 0
   Number of state events                  : 124
   Number of step events                   : 0
   Minimum integration stepsize            : 1.16e-09
   Maximum integration stepsize            : 0.00246
   Maximum integration order               : 5
Calling terminal section
... "dsfinal.txt" creating (final states)
