 = true
Translation of Modelica.Mechanics.MultiBody.Examples.Loops.EngineV6_analytic:
The DAE has 9482 scalar unknowns and 9482 scalar equations.
 
Statistics
 
Original Model
  Number of components: 554
  Variables: 4946
  Constants: 6 (6 scalars)
  Parameters: 2046 (3812 scalars)
  Unknowns: 2894 (9482 scalars)
  Differentiated variables: 226 scalars
  Equations: 2088
  Nontrivial: 1520
Translated Model
  Constants: 5709 scalars
  Free parameters: 442 scalars
  Parameter depending: 1638 scalars
  Outputs: 3 scalars
  Continuous time states: 4 scalars
  Time-varying variables: 1240 scalars
  Alias variables: 4271 scalars
  Number of mixed real/discrete systems of equations: 0
  Sizes of linear systems of equations: {371}
  Sizes after manipulation of the linear systems: {0}
  Sizes of nonlinear systems of equations: { }
  Sizes after manipulation of the nonlinear systems: { }
  Number of numerical Jacobians: 0
  Initialization problem
    Sizes of linear systems of equations: {371}
    Sizes after manipulation of the linear systems: {0}
 
Settings
Advanced.StoreProtectedVariables = true
Selected continuous time states
Statically selected continuous time states
  filter.x[]
  load.phi
  load.w
 