Log-file of program ./dymosim
(generated: Tue May  5 00:28:37 2020)

dymosim started
... "dsin.txt" loading (dymosim input file)
... "Interaction1.mat" creating (simulation result file)

Integration started at T = 0 using integration method DASSL
(DAE multi-step solver (dassl/dasslrt of Petzold modified by Dassault Systemes))
Integration terminated successfully at T = 10
   CPU-time for integration                : 0.072 seconds
   CPU-time for one grid interval          : 0.0144 milliseconds
   CPU-time for initialization             : 0 seconds
   Number of result points                 : 5011
   Number of grid points                   : 5001
   Number of accepted steps                : 190
   Number of f-evaluations (dynamics)      : 190
   Number of crossing function evaluations : 5190
   Number of Jacobian-evaluations          : 180
   Number of model time events             : 9
   Number of input time events             : 0
   Number of state events                  : 0
   Number of step events                   : 0
   Minimum integration stepsize            : 2e-06
   Maximum integration stepsize            : 0.476
   Maximum integration order               : 1
Calling terminal section
... "dsfinal.txt" creating (final states)
