 = true
Translation of Modelica.Blocks.Examples.Interaction1:
The DAE has 50 scalar unknowns and 50 scalar equations.
 
Statistics
 
Original Model
  Number of components: 23
  Variables: 173
  Parameters: 123 (199 scalars)
  Unknowns: 50 (50 scalars)
  Equations: 54
  Nontrivial: 51
Translated Model
  Constants: 49 scalars
  Free parameters: 68 scalars
  Parameter depending: 85 scalars
  Time-varying variables: 33 scalars
  Alias variables: 14 scalars
  Number of mixed real/discrete systems of equations: 0
  Sizes of linear systems of equations: { }
  Sizes after manipulation of the linear systems: { }
  Sizes of nonlinear systems of equations: { }
  Sizes after manipulation of the nonlinear systems: { }
  Number of numerical Jacobians: 0
 
Settings
Advanced.StoreProtectedVariables = true
Selected continuous time states