Log-file of program ./dymosim
(generated: Tue May  5 01:35:04 2020)

dymosim started
... "dsin.txt" loading (dymosim input file)
... "SinglePhaseTransformerWithHysteresis1.mat" creating (simulation result file)

Integration started at T = 0 using integration method DASSL
(DAE multi-step solver (dassl/dasslrt of Petzold modified by Dassault Systemes))
Integration terminated successfully at T = 0.02
   CPU-time for integration                : 0.22 seconds
   CPU-time for one grid interval          : 0.022 milliseconds
   CPU-time for initialization             : 0 seconds
   Number of result points                 : 10036
   Number of grid points                   : 10001
   Number of accepted steps                : 17772
   Number of f-evaluations (dynamics)      : 40597
   Number of crossing function evaluations : 27878
   Number of Jacobian-evaluations          : 5073
   Number of model time events             : 0
   Number of input time events             : 0
   Number of state events                  : 17
   Number of step events                   : 0
   Minimum integration stepsize            : 8.9e-12
   Maximum integration stepsize            : 2.79e-05
   Maximum integration order               : 5
Calling terminal section
... "dsfinal.txt" creating (final states)
