 = true
Translation of Modelica.Magnetic.FluxTubes.Examples.Hysteresis.SinglePhaseTransformerWithHysteresis1:
The DAE has 89 scalar unknowns and 89 scalar equations.
 
Statistics
 
Original Model
  Number of components: 16
  Variables: 163
  Constants: 3 (3 scalars)
  Parameters: 71 (875 scalars)
  Unknowns: 89 (89 scalars)
  Differentiated variables: 9 scalars
  Equations: 86
  Nontrivial: 74
Translated Model
  Constants: 37 scalars
  Free parameters: 430 scalars
  Parameter depending: 426 scalars
  Continuous time states: 5 scalars
  Time-varying variables: 36 scalars
  Alias variables: 38 scalars
  Number of mixed real/discrete systems of equations: 1
  Sizes of linear systems of equations: {6}
  Sizes after manipulation of the linear systems: {0}
  Sizes of nonlinear systems of equations: { }
  Sizes after manipulation of the nonlinear systems: { }
  Number of numerical Jacobians: 0
 
Settings
Advanced.StoreProtectedVariables = true
Selected continuous time states
Statically selected continuous time states
  core.B
  core.Hstat
  core.MagRel
  winding1.i
  winding2.i
 