Log-file of program ./dymosim
(generated: Tue May  5 00:45:38 2020)

dymosim started
... "dsin.txt" loading (dymosim input file)
... "ResonanceCircuits.mat" creating (simulation result file)

Integration started at T = 0 using integration method DASSL
(DAE multi-step solver (dassl/dasslrt of Petzold modified by Dassault Systemes))
Integration terminated successfully at T = 1
   CPU-time for integration                : 0.286 seconds
   CPU-time for one grid interval          : 0.0143 milliseconds
   CPU-time for initialization             : 0 seconds
   Number of result points                 : 20002
   Number of grid points                   : 20001
   Number of accepted steps                : 971
   Number of f-evaluations (dynamics)      : 1931
   Number of Jacobian-evaluations          : 16
   Number of model time events             : 0
   Number of input time events             : 0
   Number of state events                  : 0
   Number of step events                   : 0
   Minimum integration stepsize            : 1e-08
   Maximum integration stepsize            : 0.00118
   Maximum integration order               : 5
Calling terminal section
... "dsfinal.txt" creating (final states)
