 = true
Translation of Modelica.Electrical.Analog.Examples.ResonanceCircuits:
The DAE has 252 scalar unknowns and 252 scalar equations.
 
Statistics
 
Original Model
  Number of components: 31
  Variables: 411
  Parameters: 159 (159 scalars)
  Unknowns: 252 (252 scalars)
  Differentiated variables: 10 scalars
  Equations: 254
  Nontrivial: 194
Translated Model
  Constants: 190 scalars
  Free parameters: 17 scalars
  Parameter depending: 22 scalars
  Continuous time states: 4 scalars
  Time-varying variables: 16 scalars
  Alias variables: 166 scalars
  Number of mixed real/discrete systems of equations: 0
  Sizes of linear systems of equations: { }
  Sizes after manipulation of the linear systems: { }
  Sizes of nonlinear systems of equations: { }
  Sizes after manipulation of the nonlinear systems: { }
  Number of numerical Jacobians: 0
 
Settings
Advanced.StoreProtectedVariables = true
Selected continuous time states
Statically selected continuous time states
  capacitor1.v
  capacitor2.v
  inductor2.i
  voltageToCurrentAdaptor1c.y
 