Log-file of program ./dymosim
(generated: Tue May  5 00:53:17 2020)

dymosim started
... "dsin.txt" loading (dymosim input file)
... "IMC_DOL.mat" creating (simulation result file)

Integration started at T = 0 using integration method DASSL
(DAE multi-step solver (dassl/dasslrt of Petzold modified by Dassault Systemes))
Integration terminated successfully at T = 1.5
   CPU-time for integration                : 0.641 seconds
   CPU-time for one grid interval          : 0.0214 milliseconds
   CPU-time for initialization             : 0.001 seconds
   Number of result points                 : 30003
   Number of grid points                   : 30001
   Number of accepted steps                : 2169
   Number of f-evaluations (dynamics)      : 4485
   Number of crossing function evaluations : 32169
   Number of Jacobian-evaluations          : 171
   Number of model time events             : 1
   Number of input time events             : 0
   Number of state events                  : 0
   Number of step events                   : 0
   Minimum integration stepsize            : 4.29e-13
   Maximum integration stepsize            : 0.00665
   Maximum integration order               : 5
Calling terminal section
... "dsfinal.txt" creating (final states)
