 = true
Translation of Modelica.Electrical.Machines.Examples.InductionMachines.IMC_DOL:
The DAE has 524 scalar unknowns and 524 scalar equations.
 
Statistics
 
Original Model
  Number of components: 66
  Variables: 731
  Constants: 12 (12 scalars)
  Parameters: 260 (310 scalars)
  Unknowns: 459 (524 scalars)
  Differentiated variables: 24 scalars
  Equations: 291
  Nontrivial: 226
Translated Model
  Constants: 220 scalars
  Free parameters: 38 scalars
  Parameter depending: 149 scalars
  Continuous time states: 7 scalars
  Time-varying variables: 98 scalars
  Alias variables: 341 scalars
  Number of mixed real/discrete systems of equations: 0
  Sizes of linear systems of equations: {3, 14, 2, 2}
  Sizes after manipulation of the linear systems: {0, 4, 0, 2}
  Sizes of nonlinear systems of equations: { }
  Sizes after manipulation of the nonlinear systems: { }
  Number of numerical Jacobians: 0
  Initialization problem
    Sizes of linear systems of equations: {2}
    Sizes after manipulation of the linear systems: {2}
 
Settings
Advanced.StoreProtectedVariables = true
Selected continuous time states
Statically selected continuous time states
  aimc.i_0_s
  aimc.idq_rr[]
  aimc.idq_sr[]
  loadInertia.phi
  loadInertia.w
 