 = true
Translation of Modelica.Clocked.Examples.SimpleControlledDrive.ClockedWithDiscreteTextbookController:
The DAE has 29 scalar unknowns and 29 scalar equations.
 
Statistics
 
Original Model
  Number of components: 11
  Variables: 42
  Parameters: 13 (13 scalars)
  Unknowns: 27 (27 scalars)
  Differentiated variables: 3 scalars
  Equations: 26
  Nontrivial: 23
Translated Model
  Constants: 8 scalars
  Free parameters: 8 scalars
  Continuous time states: 2 scalars
  Time-varying variables: 12 scalars
  Alias variables: 12 scalars
  Number of mixed real/discrete systems of equations: 0
  Sizes of linear systems of equations: { }
  Sizes after manipulation of the linear systems: { }
  Sizes of nonlinear systems of equations: { }
  Sizes after manipulation of the nonlinear systems: { }
  Number of numerical Jacobians: 0
 
Settings
Advanced.StoreProtectedVariables = true
Selected continuous time states
Statically selected continuous time states
  load.phi
  load.w
 