Log-file of program ./dymosim
(generated: Tue May  5 00:30:25 2020)

dymosim started
... "dsin.txt" loading (dymosim input file)
... "UniformNoise.mat" creating (simulation result file)

Integration started at T = 0 using integration method DASSL
(DAE multi-step solver (dassl/dasslrt of Petzold modified by Dassault Systemes))
Integration terminated successfully at T = 2
   CPU-time for integration                : 0.072 seconds
   CPU-time for one grid interval          : 0.0144 milliseconds
   CPU-time for initialization             : 0 seconds
   Number of result points                 : 5101
   Number of grid points                   : 5001
   Number of accepted steps                : 1600
   Number of f-evaluations (dynamics)      : 1600
   Number of Jacobian-evaluations          : 1400
   Number of model time events             : 100
   Number of input time events             : 0
   Number of state events                  : 0
   Number of step events                   : 0
   Minimum integration stepsize            : 4e-07
   Maximum integration stepsize            : 0.00689
   Maximum integration order               : 1
Calling terminal section
... "dsfinal.txt" creating (final states)
