Translation of <a href="Modelica://Modelica.Mechanics.Rotational.Examples.EddyCurrentBrake">Modelica.Mechanics.Rotational.Examples.EddyCurrentBrake</a>
The DAE has 25 scalar unknowns and 25 scalar equations.

Statistics

Original Model
  Number of components: 5
  Variables: 41
  Parameters: 16 (16 scalars)
  Unknowns: 25 (25 scalars)
  Differentiated variables: 4 scalars
  Equations: 24
  Nontrivial: 18
Translated Model
  Constants: 6 scalars
  Free parameters: 12 scalars
  Continuous time states: 3 scalars
  Time-varying variables: 7 scalars
  Alias variables: 16 scalars
  Number of mixed real/discrete systems of equations: 0
  Sizes of linear systems of equations: { }
  Sizes after manipulation of the linear systems: { }
  Sizes of nonlinear systems of equations: { }
  Sizes after manipulation of the nonlinear systems: { }
  Number of numerical Jacobians: 0

Settings
Advanced.StoreProtectedVariables = true
Selected continuous time states
Statically selected continuous time states
<a href="Modelica://Modelica.Mechanics.Rotational.Examples.EddyCurrentBrake#text$heatCapacitor:T">heatCapacitor.T</a>
<a href="Modelica://Modelica.Mechanics.Rotational.Examples.EddyCurrentBrake#text$inertia:phi">inertia.phi</a>
<a href="Modelica://Modelica.Mechanics.Rotational.Examples.EddyCurrentBrake#text$inertia:w">inertia.w</a>
Finished
