Translation of <a href="Modelica://Modelica.ComplexBlocks.Examples.ShowTransferFunction">Modelica.ComplexBlocks.Examples.ShowTransferFunction</a>
The DAE has 29 scalar unknowns and 29 scalar equations.

Statistics

Original Model
  Number of components: 13
  Variables: 49
  Constants: 3 (3 scalars)
  Parameters: 17 (21 scalars)
  Unknowns: 29 (29 scalars)
  Equations: 16
  Nontrivial: 14
Translated Model
  Constants: 8 scalars
  Free parameters: 11 scalars
  Parameter depending: 11 scalars
  Time-varying variables: 10 scalars
  Alias variables: 13 scalars
  Number of mixed real/discrete systems of equations: 0
  Sizes of linear systems of equations: { }
  Sizes after manipulation of the linear systems: { }
  Sizes of nonlinear systems of equations: { }
  Sizes after manipulation of the nonlinear systems: { }
  Number of numerical Jacobians: 0

Settings
Advanced.StoreProtectedVariables = true
Selected continuous time states
Finished
