 = true
Translation of Modelica.Clocked.Examples.Elementary.BooleanSignals.ShiftSample:
The DAE has 14 scalar unknowns and 14 scalar equations.
 
Statistics
 
Original Model
  Number of components: 9
  Variables: 50
  Constants: 1 (8 scalars)
  Parameters: 35 (41 scalars)
  Unknowns: 11 (11 scalars)
  Equations: 16
  Nontrivial: 16
Translated Model
  Constants: 25 scalars
  Free parameters: 9 scalars
  Parameter depending: 15 scalars
  Time-varying variables: 9 scalars
  Alias variables: 2 scalars
  Number of mixed real/discrete systems of equations: 0
  Sizes of linear systems of equations: { }
  Sizes after manipulation of the linear systems: { }
  Sizes of nonlinear systems of equations: { }
  Sizes after manipulation of the nonlinear systems: { }
  Number of numerical Jacobians: 0
 
Settings
Advanced.StoreProtectedVariables = true
Selected continuous time states