 = true
Translation of Modelica.Clocked.Examples.Elementary.RealSignals.Sample3:
The DAE has 15 scalar unknowns and 15 scalar equations.
 
Statistics
 
Original Model
  Number of components: 9
  Variables: 26
  Constants: 1 (8 scalars)
  Parameters: 10 (10 scalars)
  Unknowns: 12 (12 scalars)
  Equations: 15
  Nontrivial: 15
Translated Model
  Constants: 13 scalars
  Free parameters: 5 scalars
  Time-varying variables: 9 scalars
  Alias variables: 3 scalars
  Number of mixed real/discrete systems of equations: 0
  Sizes of linear systems of equations: { }
  Sizes after manipulation of the linear systems: { }
  Sizes of nonlinear systems of equations: { }
  Sizes after manipulation of the nonlinear systems: { }
  Number of numerical Jacobians: 0
 
Settings
Advanced.StoreProtectedVariables = true
Selected continuous time states