Log-file of program ./dymosim
(generated: Tue May  5 01:04:19 2020)

dymosim started
... "dsin.txt" loading (dymosim input file)
... "SMEE_Rectifier.mat" creating (simulation result file)

Integration started at T = 0 using integration method DASSL
(DAE multi-step solver (dassl/dasslrt of Petzold modified by Dassault Systemes))
Integration terminated successfully at T = 1.1
   CPU-time for integration                : 3.45 seconds
   CPU-time for one grid interval          : 0.157 milliseconds
   CPU-time for initialization             : 0.001 seconds
   Number of result points                 : 23326
   Number of grid points                   : 22001
   Number of accepted steps                : 70540
   Number of f-evaluations (dynamics)      : 166654
   Number of crossing function evaluations : 97409
   Number of Jacobian-evaluations          : 26367
   Number of model time events             : 0
   Number of input time events             : 0
   Number of state events                  : 662
   Number of step events                   : 0
   Minimum integration stepsize            : 3.94e-12
   Maximum integration stepsize            : 9.21e-05
   Maximum integration order               : 5
Calling terminal section
... "dsfinal.txt" creating (final states)
