 = true
Translation of Modelica.Electrical.Machines.Examples.SynchronousMachines.SMEE_Rectifier:
The DAE has 617 scalar unknowns and 617 scalar equations.
 
Statistics
 
Original Model
  Number of components: 81
  Variables: 930
  Constants: 18 (18 scalars)
  Parameters: 357 (391 scalars)
  Unknowns: 555 (617 scalars)
  Differentiated variables: 32 scalars
  Equations: 412
  Nontrivial: 335
Translated Model
  Constants: 246 scalars
  Free parameters: 97 scalars
  Parameter depending: 177 scalars
  Continuous time states: 12 scalars
  Time-varying variables: 138 scalars
  Alias variables: 368 scalars
  Number of mixed real/discrete systems of equations: 3
  Sizes of linear systems of equations: {3, 6, 6, 6, 19}
  Sizes after manipulation of the linear systems: {2, 2, 2, 2, 5}
  Sizes of nonlinear systems of equations: { }
  Sizes after manipulation of the nonlinear systems: { }
  Number of numerical Jacobians: 0
  Initialization problem
    Sizes of linear systems of equations: {2}
    Sizes after manipulation of the linear systems: {2}
 
Settings
Advanced.StoreProtectedVariables = true
Selected continuous time states
Statically selected continuous time states
  capacitor1.v
  capacitor2.v
  filter.x[]
  smee.idq_dr[1]
  smee.idq_rr[2]
  smee.idq_sr[]
  smee.lesigma.i
  speed.phi
  speed.w
  voltageController.I.y
 