 = true
Translation of Modelica.Electrical.Analog.Examples.OpAmps.VoltageFollower:
The DAE has 49 scalar unknowns and 49 scalar equations.
 
Statistics
 
Original Model
  Number of components: 8
  Variables: 90
  Parameters: 41 (41 scalars)
  Unknowns: 49 (49 scalars)
  Equations: 45
  Nontrivial: 35
Translated Model
  Constants: 23 scalars
  Free parameters: 12 scalars
  Parameter depending: 26 scalars
  Time-varying variables: 9 scalars
  Alias variables: 20 scalars
  Number of mixed real/discrete systems of equations: 0
  Sizes of linear systems of equations: { }
  Sizes after manipulation of the linear systems: { }
  Sizes of nonlinear systems of equations: {2}
  Sizes after manipulation of the nonlinear systems: {1}
  Number of numerical Jacobians: 0
 
Settings
Advanced.StoreProtectedVariables = true
Selected continuous time states