 = true
Translation of Modelica.Clocked.Examples.Elementary.RealSignals.AssignClockVectorized:
The DAE has 19 scalar unknowns and 19 scalar equations.
 
Statistics
 
Original Model
  Number of components: 10
  Variables: 32
  Constants: 1 (8 scalars)
  Parameters: 14 (14 scalars)
  Unknowns: 14 (16 scalars)
  Equations: 18
  Nontrivial: 16
Translated Model
  Constants: 14 scalars
  Free parameters: 8 scalars
  Time-varying variables: 8 scalars
  Alias variables: 8 scalars
  Number of mixed real/discrete systems of equations: 0
  Sizes of linear systems of equations: { }
  Sizes after manipulation of the linear systems: { }
  Sizes of nonlinear systems of equations: { }
  Sizes after manipulation of the nonlinear systems: { }
  Number of numerical Jacobians: 0
 
Settings
Advanced.StoreProtectedVariables = true
Selected continuous time states