 = true
Translation of Modelica.Blocks.Examples.TotalHarmonicDistortion:
The DAE has 141 scalar unknowns and 141 scalar equations.
 
Statistics
 
Original Model
  Number of components: 49
  Variables: 248
  Parameters: 113 (113 scalars)
  Unknowns: 135 (141 scalars)
  Differentiated variables: 6 scalars
  Equations: 136
  Nontrivial: 123
Translated Model
  Constants: 56 scalars
  Free parameters: 31 scalars
  Parameter depending: 40 scalars
  Continuous time states: 6 scalars
  Time-varying variables: 41 scalars
  Alias variables: 86 scalars
  Number of mixed real/discrete systems of equations: 0
  Sizes of linear systems of equations: { }
  Sizes after manipulation of the linear systems: { }
  Sizes of nonlinear systems of equations: { }
  Sizes after manipulation of the nonlinear systems: { }
  Number of numerical Jacobians: 0
 
Settings
Advanced.StoreProtectedVariables = true
Selected continuous time states
Statically selected continuous time states
  thd1.harmonic.mean1.x
  thd1.harmonic.mean2.x
  thd1.rootMeanSquare.mean.x
  thdRMS.harmonic.mean1.x
  thdRMS.harmonic.mean2.x
  thdRMS.rootMeanSquare.mean.x
 