Log-file of program ./dymosim
(generated: Mon Oct 28 23:53:53 2024)

dymosim started
... "Modelica.Electrical.Analog.Examples.DemoPowerSupplyWithBuffer" simulating
... "dsin.txt" loading (dymosim input file)
... "result.mat" creating (simulation result file)

Integration started at T = 0 using integration method DASSL
(DAE multi-step solver (dassl/dasslrt of Petzold modified by Dassault Systemes))

Integration terminated successfully at T = 1
   CPU-time for integration                : 0.406 seconds
   CPU-time for one grid interval          : 0.00406 milliseconds
   CPU-time for initialization             : 0.001 seconds
   Number of result points                 : 105003
   Number of grid points                   : 100000
   Number of accepted steps                : 37717
   Number of f-evaluations (dynamics)      : 38227
   Number of crossing function evaluations : 143742
   Number of Jacobian-evaluations          : 34234
   Number of model time events             : 1500
   Number of input time events             : 0
   Number of state events                  : 1002
   Number of step events                   : 0
   Minimum integration stepsize            : 4.17e-12
   Maximum integration stepsize            : 0.000499
   Maximum integration order               : 4
Calling terminal section
... "dsfinal.txt" creating (final states)

SUCCESSFUL simulation of Modelica.Electrical.Analog.Examples.DemoPowerSupplyWithBuffer
