Translation of <a href="Modelica://Modelica.Electrical.Analog.Examples.DemoPowerSupplyWithBuffer">Modelica.Electrical.Analog.Examples.DemoPowerSupplyWithBuffer</a>
The DAE has 50 scalar unknowns and 50 scalar equations.

Statistics

Original Model
  Number of components: 10
  Variables: 87
  Constants: 2 (2 scalars)
  Parameters: 35 (35 scalars)
  Unknowns: 50 (50 scalars)
  Differentiated variables: 1 scalars
  Equations: 48
  Nontrivial: 42
Translated Model
  Constants: 8 scalars
  Free parameters: 25 scalars
  Parameter depending: 10 scalars
  Continuous time states: 1 scalars
  Time-varying variables: 20 scalars
  Alias variables: 24 scalars
  Number of mixed real/discrete systems of equations: 1
  Sizes of linear systems of equations: { }
  Sizes after manipulation of the linear systems: { }
  Sizes of nonlinear systems of equations: {5}
  Sizes after manipulation of the nonlinear systems: {1}
  Number of numerical Jacobians: 0

Settings
Advanced.StoreProtectedVariables = true
Selected continuous time states
Statically selected continuous time states
<a href="Modelica://Modelica.Electrical.Analog.Examples.DemoPowerSupplyWithBuffer#text$bufferCapacitor:v">bufferCapacitor.v</a>
Finished
