Log-file of program ./dymosim
(generated: Tue May  5 00:33:28 2020)

dymosim started
... "dsin.txt" loading (dymosim input file)
... "MixingUnitWithContinuousControl.mat" creating (simulation result file)

Integration started at T = 0 using integration method DASSL
(DAE multi-step solver (dassl/dasslrt of Petzold modified by Dassault Systemes))
Integration terminated successfully at T = 500
   CPU-time for integration                : 0.065 seconds
   CPU-time for one grid interval          : 0.013 milliseconds
   CPU-time for initialization             : 0 seconds
   Number of result points                 : 5002
   Number of grid points                   : 5001
   Number of accepted steps                : 85
   Number of f-evaluations (dynamics)      : 164
   Number of Jacobian-evaluations          : 19
   Number of model time events             : 0
   Number of input time events             : 0
   Number of state events                  : 0
   Number of step events                   : 0
   Minimum integration stepsize            : 0.0001
   Maximum integration stepsize            : 16.4
   Maximum integration order               : 5
Calling terminal section
... "dsfinal.txt" creating (final states)
