 = true
Translation of Modelica.Clocked.Examples.Systems.Utilities.ComponentsMixingUnit.MixingUnitWithContinuousControl:
The DAE has 26 scalar unknowns and 26 scalar equations.
 
Statistics
 
Original Model
  Number of components: 9
  Variables: 96
  Parameters: 72 (74 scalars)
  Unknowns: 24 (26 scalars)
  Differentiated variables: 7 scalars
  Equations: 25
  Nontrivial: 23
Translated Model
  Constants: 2 scalars
  Free parameters: 24 scalars
  Parameter depending: 48 scalars
  Continuous time states: 5 scalars
  Time-varying variables: 13 scalars
  Alias variables: 13 scalars
  Number of mixed real/discrete systems of equations: 0
  Sizes of linear systems of equations: { }
  Sizes after manipulation of the linear systems: { }
  Sizes of nonlinear systems of equations: { }
  Sizes after manipulation of the nonlinear systems: { }
  Number of numerical Jacobians: 0
 
Settings
Advanced.StoreProtectedVariables = true
Selected continuous time states
Statically selected continuous time states
  filter.x[1]
  invMixingUnit.c
  invMixingUnit.T
  mixingUnit.c
  mixingUnit.T
 