Log-file of program ./dymosim
(generated: Tue May  5 00:32:18 2020)

dymosim started
... "dsin.txt" loading (dymosim input file)
... "ExactlyClockedWithDiscreteController.mat" creating (simulation result file)

Integration started at T = 0 using integration method DASSL
(DAE multi-step solver (dassl/dasslrt of Petzold modified by Dassault Systemes))
Integration terminated successfully at T = 5
   CPU-time for integration                : 0.066 seconds
   CPU-time for one grid interval          : 0.0132 milliseconds
   CPU-time for initialization             : 0 seconds
   Number of result points                 : 5051
   Number of grid points                   : 5001
   Number of accepted steps                : 851
   Number of f-evaluations (dynamics)      : 851
   Number of Jacobian-evaluations          : 752
   Number of model time events             : 50
   Number of input time events             : 0
   Number of state events                  : 0
   Number of step events                   : 0
   Minimum integration stepsize            : 6.43e-07
   Maximum integration stepsize            : 0.0421
   Maximum integration order               : 2
Calling terminal section
... "dsfinal.txt" creating (final states)
