Log-file of program ./dymosim
(generated: Tue May  5 00:49:57 2020)

dymosim started
... "dsin.txt" loading (dymosim input file)
... "DFFREGSRH.mat" creating (simulation result file)

Integration started at T = 0 using integration method DASSL
(DAE multi-step solver (dassl/dasslrt of Petzold modified by Dassault Systemes))
Integration terminated successfully at T = 15
   CPU-time for integration                : 0.077 seconds
   CPU-time for one grid interval          : 0.0154 milliseconds
   CPU-time for initialization             : 0 seconds
   Number of result points                 : 5017
   Number of grid points                   : 5001
   Number of accepted steps                : 198
   Number of f-evaluations (dynamics)      : 198
   Number of crossing function evaluations : 5204
   Number of Jacobian-evaluations          : 188
   Number of model time events             : 9
   Number of input time events             : 0
   Number of state events                  : 0
   Number of step events                   : 0
   Minimum integration stepsize            : 1e-06
   Maximum integration stepsize            : 1.43
   Maximum integration order               : 1
Calling terminal section
... "dsfinal.txt" creating (final states)
