Log-file of program ./dymosim
(generated: Wed May 20 10:35:39 2026)

dymosim started
... "Modelica.Electrical.PowerConverters.Examples.ACDC.RectifierCenterTapmPulse.ThyristorCenterTapmPulse_RLV_Characteristic" simulating
... "dsin.txt" loading (dymosim input file)
... "result.mat" creating (simulation result file)

Integration started at T = 0 using integration method DASSL
(DAE multi-step solver (dassl/dasslrt of Petzold modified by Dassault Systemes))

Integration terminated successfully at T = 10
   CPU-time for integration                : 0.955 seconds
   CPU-time for one grid interval          : 0.0191 milliseconds
   CPU-time for initialization             : 0 seconds
   Number of result points                 : 66889
   Number of grid points                   : 50001
   Number of accepted steps                : 254710
   Number of f-evaluations (dynamics)      : 397303
   Number of crossing function evaluations : 361609
   Number of Jacobian-evaluations          : 140315
   Number of model time events             : 1500
   Number of input time events             : 0
   Number of state events                  : 8644
   Number of step events                   : 0
   Minimum integration stepsize            : 6.28e-16
   Maximum integration stepsize            : 0.00216
   Maximum integration order               : 5
Calling terminal section
... "dsfinal.txt" creating (final states)

SUCCESSFUL simulation of Modelica.Electrical.PowerConverters.Examples.ACDC.RectifierCenterTapmPulse.ThyristorCenterTapmPulse_RLV_Characteristic
