Log-file of program ./dymosim
(generated: Tue May  5 00:50:57 2020)

dymosim started
... "dsin.txt" loading (dymosim input file)
... "INV3S.mat" creating (simulation result file)

Integration started at T = 0 using integration method DASSL
(DAE multi-step solver (dassl/dasslrt of Petzold modified by Dassault Systemes))
Integration terminated successfully at T = 12
   CPU-time for integration                : 0.069 seconds
   CPU-time for one grid interval          : 0.0138 milliseconds
   CPU-time for initialization             : 0.001 seconds
   Number of result points                 : 5009
   Number of grid points                   : 5001
   Number of accepted steps                : 106
   Number of f-evaluations (dynamics)      : 106
   Number of crossing function evaluations : 5109
   Number of Jacobian-evaluations          : 100
   Number of model time events             : 4
   Number of input time events             : 0
   Number of state events                  : 0
   Number of step events                   : 0
   Minimum integration stepsize            : 8e-07
   Maximum integration stepsize            : 1.68
   Maximum integration order               : 1
Calling terminal section
... "dsfinal.txt" creating (final states)
