Log-file of program ./dymosim
(generated: Tue May  5 01:42:24 2020)

dymosim started
... "dsin.txt" loading (dymosim input file)
... "SMPM_CurrentSource.mat" creating (simulation result file)

Integration started at T = 0 using integration method DASSL
(DAE multi-step solver (dassl/dasslrt of Petzold modified by Dassault Systemes))
Integration terminated successfully at T = 2
   CPU-time for integration                : 0.793 seconds
   CPU-time for one grid interval          : 0.0198 milliseconds
   CPU-time for initialization             : 0.001 seconds
   Number of result points                 : 40002
   Number of grid points                   : 40001
   Number of accepted steps                : 131
   Number of f-evaluations (dynamics)      : 243
   Number of Jacobian-evaluations          : 27
   Number of model time events             : 0
   Number of input time events             : 0
   Number of state events                  : 0
   Number of step events                   : 0
   Minimum integration stepsize            : 2.26e-10
   Maximum integration stepsize            : 0.0375
   Maximum integration order               : 5
Calling terminal section
... "dsfinal.txt" creating (final states)
