 = true
Translation of Modelica.Magnetic.FundamentalWave.Examples.BasicMachines.SynchronousMachines.SMPM_CurrentSource:
The DAE has 826 scalar unknowns and 826 scalar equations.
 
Statistics
 
Original Model
  Number of components: 181
  Variables: 1084
  Constants: 8 (8 scalars)
  Parameters: 317 (378 scalars)
  Unknowns: 759 (826 scalars)
  Differentiated variables: 18 scalars
  Equations: 451
  Nontrivial: 359
Translated Model
  Constants: 436 scalars
  Free parameters: 30 scalars
  Parameter depending: 149 scalars
  Continuous time states: 2 scalars
  Time-varying variables: 128 scalars
  Alias variables: 469 scalars
  Number of mixed real/discrete systems of equations: 0
  Sizes of linear systems of equations: {2, 2, 2}
  Sizes after manipulation of the linear systems: {2, 0, 2}
  Sizes of nonlinear systems of equations: { }
  Sizes after manipulation of the nonlinear systems: { }
  Number of numerical Jacobians: 0
 
Settings
Advanced.StoreProtectedVariables = true
Selected continuous time states
Statically selected continuous time states
  inertiaLoad.w
  speedSensor.flange.phi
 