 = true
Translation of Modelica.Electrical.Batteries.Examples.CCCV_Cell:
The DAE has 120 scalar unknowns and 120 scalar equations.
 
Statistics
 
Original Model
  Number of components: 23
  Variables: 226
  Constants: 3 (3 scalars)
  Parameters: 103 (502 scalars)
  Unknowns: 120 (120 scalars)
  Differentiated variables: 3 scalars
  Equations: 118
  Nontrivial: 92
Translated Model
  Constants: 54 scalars
  Free parameters: 80 scalars
  Parameter depending: 393 scalars
  Continuous time states: 3 scalars
  Time-varying variables: 21 scalars
  Alias variables: 77 scalars
  Number of mixed real/discrete systems of equations: 1
  Sizes of linear systems of equations: {5}
  Sizes after manipulation of the linear systems: {0}
  Sizes of nonlinear systems of equations: { }
  Sizes after manipulation of the nonlinear systems: { }
  Number of numerical Jacobians: 0
 
Settings
Advanced.StoreProtectedVariables = true
Selected continuous time states
Statically selected continuous time states
  cell.cell.limIntegrator.y
  cell.limIntegrator.y
  energy.y
 