Log-file of program ./dymosim
(generated: Tue May  5 00:42:36 2020)

dymosim started
... "dsin.txt" loading (dymosim input file)
... "HeatingMOSInverter.mat" creating (simulation result file)

Integration started at T = 0 using integration method DASSL
(DAE multi-step solver (dassl/dasslrt of Petzold modified by Dassault Systemes))
Integration terminated successfully at T = 5
   CPU-time for integration                : 0.157 seconds
   CPU-time for one grid interval          : 0.0314 milliseconds
   CPU-time for initialization             : 0.001 seconds
   Number of result points                 : 5051
   Number of grid points                   : 5001
   Number of accepted steps                : 1770
   Number of f-evaluations (dynamics)      : 3140
   Number of crossing function evaluations : 7064
   Number of Jacobian-evaluations          : 651
   Number of model time events             : 1
   Number of input time events             : 0
   Number of state events                  : 40
   Number of step events                   : 0
   Minimum integration stepsize            : 3.24e-08
   Maximum integration stepsize            : 0.0516
   Maximum integration order               : 5
Calling terminal section
... "dsfinal.txt" creating (final states)
