Log-file of program ./dymosim
(generated: Tue May  5 02:09:45 2020)

dymosim started
... "dsin.txt" loading (dymosim input file)
... "Damper.mat" creating (simulation result file)

Integration started at T = 0 using integration method DASSL
(DAE multi-step solver (dassl/dasslrt of Petzold modified by Dassault Systemes))
Integration terminated successfully at T = 1
   CPU-time for integration                : 0.03 seconds
   CPU-time for one grid interval          : 0.015 milliseconds
   CPU-time for initialization             : 0 seconds
   Number of result points                 : 2002
   Number of grid points                   : 2001
   Number of accepted steps                : 122
   Number of f-evaluations (dynamics)      : 237
   Number of Jacobian-evaluations          : 23
   Number of model time events             : 0
   Number of input time events             : 0
   Number of state events                  : 0
   Number of step events                   : 0
   Minimum integration stepsize            : 2.85e-08
   Maximum integration stepsize            : 0.101
   Maximum integration order               : 5
Calling terminal section
... "dsfinal.txt" creating (final states)
