 = true
Translation of Modelica.Mechanics.Translational.Examples.Damper:
The DAE has 59 scalar unknowns and 59 scalar equations.
 
Statistics
 
Original Model
  Number of components: 11
  Variables: 87
  Parameters: 28 (28 scalars)
  Unknowns: 59 (59 scalars)
  Differentiated variables: 12 scalars
  Equations: 50
  Nontrivial: 43
Translated Model
  Constants: 15 scalars
  Free parameters: 16 scalars
  Continuous time states: 6 scalars
  Time-varying variables: 30 scalars
  Alias variables: 26 scalars
  Number of mixed real/discrete systems of equations: 0
  Sizes of linear systems of equations: { }
  Sizes after manipulation of the linear systems: { }
  Sizes of nonlinear systems of equations: { }
  Sizes after manipulation of the nonlinear systems: { }
  Number of numerical Jacobians: 0
 
Settings
Advanced.StoreProtectedVariables = true
Selected continuous time states
Statically selected continuous time states
  damper1.s_rel
  damper1.v_rel
  damper2.s_rel
  damper2.v_rel
  springDamper3.s_rel
  springDamper3.v_rel
 