 = true
Translation of Modelica.Media.Examples.ReferenceAir.DryAir2:
The DAE has 96 scalar unknowns and 96 scalar equations.
 
Statistics
 
Original Model
  Number of components: 15
  Variables: 178
  Parameters: 44 (44 scalars)
  Unknowns: 134 (96 scalars)
  Differentiated variables: 8 scalars
  Equations: 99
  Nontrivial: 65
Translated Model
  Constants: 27 scalars
  Free parameters: 14 scalars
  Parameter depending: 21 scalars
  Continuous time states: 4 scalars
  Time-varying variables: 30 scalars
  Alias variables: 48 scalars
  Number of mixed real/discrete systems of equations: 0
  Sizes of linear systems of equations: {3, 3}
  Sizes after manipulation of the linear systems: {0, 0}
  Sizes of nonlinear systems of equations: { }
  Sizes after manipulation of the nonlinear systems: { }
  Number of numerical Jacobians: 0
 
Settings
Advanced.StoreProtectedVariables = true
Selected continuous time states
Statically selected continuous time states
  volume.medium.p
  volume.medium.T
  volume1.medium.p
  volume1.medium.T
 