Log-file of program ./dymosim
(generated: Tue May  5 01:19:00 2020)

dymosim started
... "dsin.txt" loading (dymosim input file)
... "ChopperStepDown_RL.mat" creating (simulation result file)

Integration started at T = 0 using integration method DASSL
(DAE multi-step solver (dassl/dasslrt of Petzold modified by Dassault Systemes))
Integration terminated successfully at T = 0.1
   CPU-time for integration                : 0.338 seconds
   CPU-time for one grid interval          : 0.0169 milliseconds
   CPU-time for initialization             : 0 seconds
   Number of result points                 : 20260
   Number of grid points                   : 20001
   Number of accepted steps                : 7675
   Number of f-evaluations (dynamics)      : 12967
   Number of crossing function evaluations : 28384
   Number of Jacobian-evaluations          : 3246
   Number of model time events             : 100
   Number of input time events             : 0
   Number of state events                  : 89
   Number of step events                   : 0
   Minimum integration stepsize            : 8.48e-12
   Maximum integration stepsize            : 7.77e-05
   Maximum integration order               : 5
Calling terminal section
... "dsfinal.txt" creating (final states)
