 = true
Translation of Modelica.Electrical.PowerConverters.Examples.DCDC.ChopperStepDown.ChopperStepDown_RL:
The DAE has 122 scalar unknowns and 122 scalar equations.
 
Statistics
 
Original Model
  Number of components: 27
  Variables: 202
  Constants: 4 (4 scalars)
  Parameters: 76 (76 scalars)
  Unknowns: 122 (122 scalars)
  Differentiated variables: 5 scalars
  Equations: 120
  Nontrivial: 101
Translated Model
  Constants: 38 scalars
  Free parameters: 26 scalars
  Parameter depending: 30 scalars
  Continuous time states: 5 scalars
  Time-varying variables: 41 scalars
  Alias variables: 67 scalars
  Number of mixed real/discrete systems of equations: 1
  Sizes of linear systems of equations: {6}
  Sizes after manipulation of the linear systems: {2}
  Sizes of nonlinear systems of equations: { }
  Sizes after manipulation of the nonlinear systems: { }
  Number of numerical Jacobians: 0
 
Settings
Advanced.StoreProtectedVariables = true
Selected continuous time states
Statically selected continuous time states
  capacitor.v
  inductor.i
  loadInductor.i
  meanCurrent.x
  meanVoltage.x
 