Log-file of program ./dymosim
(generated: Tue May  5 02:07:25 2020)

dymosim started
... "dsin.txt" loading (dymosim input file)
... "LossyGearDemo1.mat" creating (simulation result file)

Integration started at T = 0 using integration method DASSL
(DAE multi-step solver (dassl/dasslrt of Petzold modified by Dassault Systemes))
Integration terminated successfully at T = 0.5
   CPU-time for integration                : 0.022 seconds
   CPU-time for one grid interval          : 0.022 milliseconds
   CPU-time for initialization             : 0.001 seconds
   Number of result points                 : 1012
   Number of grid points                   : 1001
   Number of accepted steps                : 169
   Number of f-evaluations (dynamics)      : 264
   Number of crossing function evaluations : 1210
   Number of Jacobian-evaluations          : 83
   Number of model time events             : 0
   Number of input time events             : 0
   Number of state events                  : 5
   Number of step events                   : 0
   Minimum integration stepsize            : 6.72e-09
   Maximum integration stepsize            : 0.0959
   Maximum integration order               : 5
Calling terminal section
... "dsfinal.txt" creating (final states)
