 = true
Translation of Modelica.Mechanics.Rotational.Examples.LossyGearDemo1:
The DAE has 76 scalar unknowns and 76 scalar equations.
 
Statistics
 
Original Model
  Number of components: 9
  Variables: 105
  Constants: 7 (7 scalars)
  Parameters: 25 (29 scalars)
  Unknowns: 73 (76 scalars)
  Differentiated variables: 8 scalars
  Equations: 68
  Nontrivial: 59
Translated Model
  Constants: 13 scalars
  Free parameters: 18 scalars
  Parameter depending: 6 scalars
  Continuous time states: 2 scalars
  Time-varying variables: 45 scalars
  Alias variables: 30 scalars
  Number of mixed real/discrete systems of equations: 1
  Sizes of linear systems of equations: {12}
  Sizes after manipulation of the linear systems: {3}
  Sizes of nonlinear systems of equations: { }
  Sizes after manipulation of the nonlinear systems: { }
  Number of numerical Jacobians: 0
 
Settings
Advanced.StoreProtectedVariables = true
Selected continuous time states
Statically selected continuous time states
  Inertia2.phi
  Inertia2.w
 