Log-file of program ./dymosim
(generated: Tue May  5 02:22:09 2020)

dymosim started
... "dsin.txt" loading (dymosim input file)
... "DryAir1.mat" creating (simulation result file)

Integration started at T = 0 using integration method DASSL
(DAE multi-step solver (dassl/dasslrt of Petzold modified by Dassault Systemes))
Integration terminated successfully at T = 1.01
   CPU-time for integration                : 0.608 seconds
   CPU-time for one grid interval          : 0.122 milliseconds
   CPU-time for initialization             : 0.001 seconds
   Number of result points                 : 5002
   Number of grid points                   : 5001
   Number of accepted steps                : 93
   Number of f-evaluations (dynamics)      : 176
   Number of crossing function evaluations : 5093
   Number of Jacobian-evaluations          : 18
   Number of model time events             : 0
   Number of input time events             : 0
   Number of state events                  : 0
   Number of step events                   : 0
   Minimum integration stepsize            : 9.35e-08
   Maximum integration stepsize            : 0.0613
   Maximum integration order               : 5
Calling terminal section
... "dsfinal.txt" creating (final states)
